******************************************************************************
                  TI ARM Linker PC v20.2.5                     
******************************************************************************
>> Linked Wed Nov 17 18:47:08 2021

OUTPUT FILE NAME:   <SCI_11.out>
ENTRY POINT SYMBOL: "_c_int00"  address: 000071c4


MEMORY CONFIGURATION

         name            origin    length      used     unused   attr    fill
----------------------  --------  ---------  --------  --------  ----  --------
  VECTORS               00000000   00000020  00000020  00000000     X
  FLASH0                00000020   0013ffe0  00008bc6  0013741a  R  X
  STACKS                08000000   00001500  00000000  00001500  RW  
  RAM                   08001500   0002eb00  00000be1  0002df1f  RW  


SEGMENT ALLOCATION MAP

run origin  load origin   length   init length attrs members
----------  ----------- ---------- ----------- ----- -------
00000000    00000000    00008be8   00008be8    r-x
  00000000    00000000    00000020   00000020    r-x .intvecs
  00000020    00000020    0000893c   0000893c    r-x .text
  0000895c    0000895c    00000202   00000202    r-- .const
  00008b60    00008b60    00000088   00000088    r-- .cinit
08001500    08001500    00000be4   00000000    rw-
  08001500    08001500    00000800   00000000    rw- .sysmem
  08001d00    08001d00    000001fd   00000000    rw- .bss
  08001f00    08001f00    000001e4   00000000    rw- .data


SECTION ALLOCATION MAP

 output                                  attributes/
section   page    origin      length       input sections
--------  ----  ----------  ----------   ----------------
.intvecs   0    00000000    00000020     
                  00000000    00000020     sys_intvecs.obj (.intvecs)

.text      0    00000020    0000893c     
                  00000020    00002cdc     sys_selftest.obj (.text)
                  00002cfc    00000b64     system.obj (.text)
                  00003860    00000a54     sys_vim.obj (.text)
                  000042b4    000008d8     i2c.obj (.text)
                  00004b8c    000008ac     pinmux.obj (.text)
                  00005438    000007b8     sci.obj (.text)
                  00005bf0    00000664     errata_SSWF021_45.obj (.text)
                  00006254    000005bc     esm.obj (.text)
                  00006810    0000039c     sys_main.obj (.text)
                  00006bac    0000034c     sys_core.obj (.text)
                  00006ef8    000002cc     sys_vim.obj (.text:retain)
                  000071c4    00000288     sys_startup.obj (.text:retain)
                  0000744c    00000226     rtsv7R4_T_be_v3D16_eabi.lib : _printfi_min.c.obj (.text:__TI_printfi_minimal)
                  00007672    00000002                                 : _lock.c.obj (.text:_nop)
                  00007674    00000118                                 : fputs.c.obj (.text:fputs)
                  0000778c    00000114     esm.obj (.text:retain)
                  000078a0    00000100     rtsv7R4_T_be_v3D16_eabi.lib : memory.c.obj (.text:aligned_alloc)
                  000079a0    000000e8     dabort.obj (.text)
                  00007a88    000000e4     rtsv7R4_T_be_v3D16_eabi.lib : memory.c.obj (.text:free)
                  00007b6c    000000e0                                 : s_floor.c.obj (.text:floor)
                  00007c4c    000000e0     sys_pmu.obj (.text)
                  00007d2c    000000dc     rtsv7R4_T_be_v3D16_eabi.lib : setvbuf.c.obj (.text:setvbuf)
                  00007e08    0000009c                                 : memcpy_t2.asm.obj (.text)
                  00007ea4    00000094     notification.obj (.text)
                  00007f38    00000090     rtsv7R4_T_be_v3D16_eabi.lib : fputc.c.obj (.text:fputc)
                  00007fc8    0000007a                                 : memset_t2.asm.obj (.text)
                  00008042    00000002     --HOLE-- [fill = 0]
                  00008044    00000074                                 : fclose.c.obj (.text:__TI_closefile)
                  000080b8    00000074                                 : memory.c.obj (.text:split)
                  0000812c    0000006c                                 : hostrename.c.obj (.text:HOSTrename)
                  00008198    0000006c                                 : copy_decompress_lzss.c.obj (.text:decompress:lzss:__TI_decompress_lzss)
                  00008204    00000068                                 : hostlseek.c.obj (.text:HOSTlseek)
                  0000826c    00000068                                 : printf.c.obj (.text:printf)
                  000082d4    00000064                                 : _io_perm.c.obj (.text:__TI_wrt_ok)
                  00008338    00000064                                 : fseek.c.obj (.text:fseek)
                  0000839c    0000005c                                 : hostopen.c.obj (.text:HOSTopen)
                  000083f8    0000005c                                 : hostread.c.obj (.text:HOSTread)
                  00008454    00000058                                 : hostwrite.c.obj (.text:HOSTwrite)
                  000084ac    00000058                                 : close.c.obj (.text:close)
                  00008504    0000004c                                 : fflush.c.obj (.text:__TI_doflush)
                  00008550    00000044                                 : hostclose.c.obj (.text:HOSTclose)
                  00008594    00000044                                 : hostunlink.c.obj (.text:HOSTunlink)
                  000085d8    00000044                                 : autoinit.c.obj (.text:__TI_auto_init_nobinit_nopinit:__TI_auto_init_nobinit_nopinit)
                  0000861c    00000044                                 : exit.c.obj (.text:exit)
                  00008660    00000044                                 : getdevice.c.obj (.text:getdevice)
                  000086a4    0000003c                                 : trgmsg.c.obj (.text:__TI_writemsg)
                  000086e0    00000036                                 : strncpy.c.obj (.text:strncpy)
                  00008716    00000002     --HOLE-- [fill = 0]
                  00008718    00000034                                 : fopen.c.obj (.text:__TI_cleanup)
                  0000874c    00000034                                 : trgmsg.c.obj (.text:__TI_readmsg)
                  00008780    00000034                                 : getdevice.c.obj (.text:finddevice)
                  000087b4    0000002c                                 : unlink.c.obj (.text:unlink)
                  000087e0    00000028                                 : memory.c.obj (.text:free_list_insert)
                  00008808    00000028                                 : lseek.c.obj (.text:lseek)
                  00008830    00000028                                 : write.c.obj (.text:write)
                  00008858    00000026                                 : memccpy.c.obj (.text:memccpy)
                  0000887e    00000020                                 : memchr.c.obj (.text:memchr)
                  0000889e    0000001c                                 : copy_zero_init.c.obj (.text:decompress:ZI:__TI_zero_init_nomemset:__TI_zero_init_nomemset)
                  000088ba    00000002     --HOLE-- [fill = 0]
                  000088bc    0000001c                                 : memory.c.obj (.text:free_list_remove)
                  000088d8    00000018                                 : strcmp.c.obj (.text:strcmp)
                  000088f0    00000016                                 : strchr.c.obj (.text:strchr)
                  00008906    00000016                                 : strlen.c.obj (.text:strlen)
                  0000891c    00000014                                 : strcpy.c.obj (.text:strcpy)
                  00008930    0000000e                                 : copy_decompress_none.c.obj (.text:decompress:none:__TI_decompress_none)
                  0000893e    00000008                                 : memory.c.obj (.text:malloc)
                  00008946    00000004                                 : printf.c.obj (.text:_outc)
                  0000894a    00000004                                 : printf.c.obj (.text:_outs)
                  0000894e    00000004                                 : exit.c.obj (.text:abort:abort)
                  00008952    00000002     --HOLE-- [fill = 0]
                  00008954    00000004     sys_phantom.obj (.text:retain)
                  00008958    00000004     sys_startup.obj (.text)

.const     0    0000895c    00000202     
                  0000895c    00000200     sys_vim.obj (.const:s_vim_init)
                  00008b5c    00000002     sys_main.obj (.const:.string:$P$T0$1)

.cinit     0    00008b60    00000088     
                  00008b60    00000064     (.cinit..data.load) [load image, compression = lzss]
                  00008bc4    0000000c     (__TI_handler_table)
                  00008bd0    00000008     (.cinit..bss.load) [load image, compression = zero_init]
                  00008bd8    00000010     (__TI_cinit_table)

.sysmem    0    08001500    00000800     UNINITIALIZED
                  08001500    00000010     rtsv7R4_T_be_v3D16_eabi.lib : memory.c.obj (.sysmem)
                  08001510    000007f0     --HOLE--

.bss       0    08001d00    000001fd     UNINITIALIZED
                  08001d00    00000120     rtsv7R4_T_be_v3D16_eabi.lib : trgmsg.c.obj (.bss:_CIOBUF_)
                  08001e20    000000a0     (.common:__TI_tmpnams)
                  08001ec0    00000028     sci.obj (.bss:g_sciTransfer_t)
                  08001ee8    0000000c     i2c.obj (.bss:g_i2cTransfer_t)
                  08001ef4    00000008     (.common:parmbuf)
                  08001efc    00000001     sys_main.obj (.bss)

.data      0    08001f00    000001e4     UNINITIALIZED
                  08001f00    000000f0     rtsv7R4_T_be_v3D16_eabi.lib : defs.c.obj (.data:_ftable)
                  08001ff0    00000078                                 : host_device.c.obj (.data:_device)
                  08002068    00000050                                 : host_device.c.obj (.data:_stream)
                  080020b8    00000010                                 : defs.c.obj (.data)
                  080020c8    0000000c                                 : exit.c.obj (.data:$O1$$)
                  080020d4    00000008                                 : _lock.c.obj (.data:$O1$$)
                  080020dc    00000008                                 : memory.c.obj (.data:$O1$$)

__llvm_prf_cnts 
*          0    08001500    00000000     UNINITIALIZED

MODULE SUMMARY

       Module                       code    ro data   rw data
       ------                       ----    -------   -------
    .\source\
       sys_selftest.obj             11484   0         0      
       sys_vim.obj                  3360    512       0      
       system.obj                   2916    0         0      
       i2c.obj                      2264    0         12     
       pinmux.obj                   2220    0         0      
       sci.obj                      1976    0         40     
       esm.obj                      1744    0         0      
       errata_SSWF021_45.obj        1636    0         0      
       sys_main.obj                 924     2         1      
       sys_core.obj                 844     0         0      
       sys_startup.obj              652     0         0      
       dabort.obj                   232     0         0      
       sys_pmu.obj                  224     0         0      
       notification.obj             148     0         0      
       sys_intvecs.obj              32      0         0      
       sys_phantom.obj              4       0         0      
    +--+----------------------------+-------+---------+---------+
       Total:                       30660   514       53     
                                                             
    C:/ti/ccsv8/tools/compiler/ti-cgt-arm_20.2.5.LTS/lib/rtsv7R4_T_be_v3D16_eabi.lib
       memory.c.obj                 676     0         8      
       _printfi_min.c.obj           550     0         0      
       defs.c.obj                   0       0         416    
       trgmsg.c.obj                 112     0         288    
       fputs.c.obj                  280     0         0      
       s_floor.c.obj                224     0         0      
       setvbuf.c.obj                220     0         0      
       host_device.c.obj            0       0         200    
       memcpy_t2.asm.obj            156     0         0      
       fputc.c.obj                  144     0         0      
       memset_t2.asm.obj            122     0         0      
       getdevice.c.obj              120     0         0      
       fclose.c.obj                 116     0         0      
       printf.c.obj                 112     0         0      
       copy_decompress_lzss.c.obj   108     0         0      
       hostrename.c.obj             108     0         0      
       hostlseek.c.obj              104     0         0      
       _io_perm.c.obj               100     0         0      
       fseek.c.obj                  100     0         0      
       hostopen.c.obj               92      0         8      
       hostread.c.obj               92      0         0      
       close.c.obj                  88      0         0      
       hostwrite.c.obj              88      0         0      
       exit.c.obj                   72      0         12     
       fflush.c.obj                 76      0         0      
       autoinit.c.obj               68      0         0      
       hostclose.c.obj              68      0         0      
       hostunlink.c.obj             68      0         0      
       strncpy.c.obj                54      0         0      
       fopen.c.obj                  52      0         0      
       unlink.c.obj                 44      0         0      
       lseek.c.obj                  40      0         0      
       write.c.obj                  40      0         0      
       memccpy.c.obj                38      0         0      
       memchr.c.obj                 32      0         0      
       copy_zero_init.c.obj         28      0         0      
       strcmp.c.obj                 24      0         0      
       strchr.c.obj                 22      0         0      
       strlen.c.obj                 22      0         0      
       strcpy.c.obj                 20      0         0      
       copy_decompress_none.c.obj   14      0         0      
       _lock.c.obj                  2       0         8      
    +--+----------------------------+-------+---------+---------+
       Total:                       4496    0         940    
                                                             
       Heap:                        0       0         2048   
       Linker Generated:            0       136       0      
    +--+----------------------------+-------+---------+---------+
       Grand Total:                 35156   650       3041   


LINKER GENERATED COPY TABLES

__TI_cinit_table @ 00008bd8 records: 2, size/record: 8, table size: 16
	.data: load addr=00008b60, load size=00000064 bytes, run addr=08001f00, run size=000001e4 bytes, compression=lzss
	.bss: load addr=00008bd0, load size=00000008 bytes, run addr=08001d00, run size=000001fd bytes, compression=zero_init


LINKER GENERATED HANDLER TABLE

__TI_handler_table @ 00008bc4 records: 3, size/record: 4, table size: 12
	index: 0, handler: __TI_zero_init
	index: 1, handler: __TI_decompress_lzss
	index: 2, handler: __TI_decompress_none


GLOBAL SYMBOLS: SORTED ALPHABETICALLY BY Name 

address   name                                
-------   ----                                
0000894f  C$$EXIT                             
000086d7  C$$IO$$                             
00008551  HOSTclose                           
00008205  HOSTlseek                           
0000839d  HOSTopen                            
000083f9  HOSTread                            
0000812d  HOSTrename                          
00008595  HOSTunlink                          
00008455  HOSTwrite                           
00006a08  INA226_ReceiveData2                 
00006918  INA226_SendData2                    
UNDEFED   SHT$$INIT_ARRAY$$Base               
UNDEFED   SHT$$INIT_ARRAY$$Limit              
08001d00  __CIOBUF_                           
00000800  __SYSMEM_SIZE                       
00008bd8  __TI_CINIT_Base                     
00008be8  __TI_CINIT_Limit                    
00008bc4  __TI_Handler_Table_Base             
00008bd0  __TI_Handler_Table_Limit            
00006ef0  __TI_PINIT_Base                     
00006ef4  __TI_PINIT_Limit                    
000085d9  __TI_auto_init_nobinit_nopinit      
00008719  __TI_cleanup                        
080020c8  __TI_cleanup_ptr                    
00008045  __TI_closefile                      
00008199  __TI_decompress_lzss                
00008931  __TI_decompress_none                
00008505  __TI_doflush                        
080020cc  __TI_dtors_ptr                      
080020d0  __TI_enable_exit_profile_output     
080020b8  __TI_ft_end                         
ffffffff  __TI_pprof_out_hndl                 
0000744d  __TI_printfi_minimal                
ffffffff  __TI_prof_data_size                 
ffffffff  __TI_prof_data_start                
0000874d  __TI_readmsg                        
00000000  __TI_static_base__                  
08001e20  __TI_tmpnams                        
000086a5  __TI_writemsg                       
000082d5  __TI_wrt_ok                         
0000889f  __TI_zero_init_nomemset             
00007fc9  __aeabi_memclr                      
00007fc9  __aeabi_memclr4                     
00007fc9  __aeabi_memclr8                     
00007e09  __aeabi_memcpy                      
00007e09  __aeabi_memcpy4                     
00007e09  __aeabi_memcpy8                     
00007fcb  __aeabi_memset                      
00007fcb  __aeabi_memset4                     
00007fcb  __aeabi_memset8                     
080020c4  __aeabi_stderr                      
080020bc  __aeabi_stdin                       
080020c0  __aeabi_stdout                      
ffffffff  __binit__                           
ffffffff  __c_args__                          
08001500  __start___llvm_prf_cnts             
08001500  __stop___llvm_prf_cnts              
000071c4  _c_int00                            
00006e08  _coreClearAuxiliaryDataFault_       
00006e1c  _coreClearAuxiliaryInstructionFault_
00006de0  _coreClearDataFaultAddress_         
00006db8  _coreClearDataFault_                
00006df4  _coreClearInstructionFaultAddress_  
00006dcc  _coreClearInstructionFault_         
00006d4c  _coreDisableEventBusExport_         
00006d90  _coreDisableFlashEcc_               
00006d6c  _coreDisableRamEcc_                 
00006d3c  _coreEnableEventBusExport_          
00006d7c  _coreEnableFlashEcc_                
00006da0  _coreEnableIrqVicOffset_            
00006d5c  _coreEnableRamEcc_                  
00006d24  _coreEnableVfp_                     
00006e00  _coreGetAuxiliaryDataFault_         
00006e14  _coreGetAuxiliaryInstructionFault_  
00006dd8  _coreGetDataFaultAddress_           
00006db0  _coreGetDataFault_                  
00006dec  _coreGetInstructionFaultAddress_    
00006dc4  _coreGetInstructionFault_           
00006bac  _coreInitRegisters_                 
00006cb8  _coreInitStackPointer_              
000079a0  _dabort                             
08001ff0  _device                             
00006e30  _disable_FIQ_interrupt_             
00006e38  _disable_IRQ_interrupt_             
00006e28  _disable_interrupt_                 
00006e40  _enable_interrupt_                  
00006ed0  _errata_CORTEXR4_57_                
00006ee0  _errata_CORTEXR4_66_                
00005bf0  _errata_SSWF021_45_both_plls        
00005de4  _errata_SSWF021_45_pll1             
00005f5c  _errata_SSWF021_45_pll2             
00006e48  _esmCcmErrorsClear_                 
08001f00  _ftable                             
00006d04  _getCPSRValue_                      
00006d0c  _gotoCPUIdle_                       
080020d4  _lock                               
00007673  _nop                                
00007ca8  _pmuDisableCountersGlobal_          
00007c98  _pmuEnableCountersGlobal_           
00007d04  _pmuGetCycleCount_                  
00007d0c  _pmuGetEventCount_                  
00007d18  _pmuGetOverflow_                    
00007c4c  _pmuInit_                           
00007cd8  _pmuResetCounters_                  
00007cb8  _pmuResetCycleCounter_              
00007cc8  _pmuResetEventCounters_             
00007cf8  _pmuSetCountEvent_                  
00007ce8  _pmuStartCounters_                  
00007cf0  _pmuStopCounters_                   
08002068  _stream                             
08001500  _sys_memory                         
UNDEFED   _system_post_cinit                  
080020d8  _unlock                             
0000894f  abort                               
0000126c  adc1ParityCheck                     
00001358  adc2ParityCheck                     
000078a1  aligned_alloc                       
ffffffff  binit                               
00001410  can1ParityCheck                     
000014e8  can2ParityCheck                     
000015b0  can3ParityCheck                     
00000030  ccmSelfCheck                        
000026fc  ccmr4GetConfigValue                 
00000938  checkB0RAMECC                       
00000b28  checkB1RAMECC                       
00001c18  checkClockMonitor                   
00000d18  checkFlashECC                       
00001cf4  checkFlashEEPROMECC                 
00001e8c  checkPLL1Slip                       
00001f8c  checkPLL2Slip                       
00002050  checkRAMAddrParity                  
000019d0  checkRAMECC                         
0000215c  checkRAMUERRTest                    
000007bc  checkefcSelfTest                    
000084ad  close                               
00000234  cpuSelfTest                         
00000dfc  cpuSelfTestFail                     
00003784  customTrimLPO                       
00000df4  custom_dabort                       
00002b58  disableParity                       
00007f24  dmaGroupANotification               
00000eac  dmaParityCheck                      
00000660  efcCheck                            
00002660  efcGetConfigValue                   
00000794  efcSelfTest                         
000006e8  efcStuckZeroTest                    
00002ad0  enableParity                        
0000276c  errata_PBIST_4                      
000063d8  esmActivateNormalOperation          
000064ac  esmClearStatus                      
000064ec  esmClearStatusBuffer                
000063a0  esmDisableError                     
00006410  esmDisableInterrupt                 
00006378  esmEnableError                      
000063e8  esmEnableInterrupt                  
000065e4  esmEnterSelfTest                    
0000635c  esmError                            
000066bc  esmGetConfigValue                   
00006528  esmGetStatus                        
000065ac  esmGetStatusBuffer                  
000068f8  esmGroup1Notification               
00006908  esmGroup2Notification               
0000778c  esmHighInterrupt                    
00006254  esmInit                             
0000666c  esmSelfTestStatus                   
00006508  esmSetCounterPreloadValue           
00006438  esmSetInterruptLevel                
000063c8  esmTriggerErrorPinReset             
0000861d  exit                                
00008781  finddevice                          
00007b6d  floor                               
00007b6d  floorl                              
000022c4  fmcBus1ParityCheck                  
0000085c  fmcBus2Check                        
00000898  fmcECCcheck                         
00007f39  fputc                               
00007675  fputs                               
00007a89  free                                
00008339  fseek                               
00008661  getdevice                           
00008958  handlePLLLockFail                   
00000f58  het1ParityCheck                     
000010c0  het2ParityCheck                     
00001004  htu1ParityCheck                     
000011bc  htu2ParityCheck                     
000046c0  i2cClearSCD                         
000047c4  i2cDisableLoopback                  
00004838  i2cDisableNotification              
000047a4  i2cEnableLoopback                   
000047fc  i2cEnableNotification               
000048c0  i2cGetConfigValue                   
000042b4  i2cInit                             
00004b00  i2cIsBusBusy                        
00004ac0  i2cIsMasterReady                    
00004658  i2cIsRxReady                        
00004674  i2cIsStopDetected                   
00004540  i2cIsTxReady                        
000068e4  i2cNotification                     
00004704  i2cReceive                          
000046dc  i2cReceiveByte                      
00004690  i2cRxError                          
0000458c  i2cSend                             
0000455c  i2cSendByte                         
000043e0  i2cSetBaudrate                      
00004520  i2cSetCount                         
00004a88  i2cSetDirection                     
00004888  i2cSetMode                          
000043a0  i2cSetOwnAdd                        
000043c0  i2cSetSlaveAdd                      
000044e0  i2cSetStart                         
00004500  i2cSetStop                          
00008809  lseek                               
00006810  main                                
0000893f  malloc                              
00002e64  mapClocks                           
000078a1  memalign                            
00008859  memccpy                             
0000887f  memchr                              
00007e09  memcpy                              
00000174  memoryInit                          
00007ec4  memoryPort0TestFailNotification     
00007ee0  memoryPort1TestFailNotification     
00007fd1  memset                              
00001684  mibspi1ParityCheck                  
0000178c  mibspi3ParityCheck                  
000018b0  mibspi5ParityCheck                  
00004b8c  muxInit                             
08001ef4  parmbuf                             
000023ec  pbistFail                           
00002470  pbistGetConfigValue                 
000005a8  pbistIsTestCompleted                
000005d4  pbistIsTestPassed                   
00000608  pbistPortTestStatus                 
000004ac  pbistRun                            
000002cc  pbistSelfCheck                      
00000578  pbistStop                           
00002e10  periphInit                          
00008954  phantomInterrupt                    
00005028  pinmuxGetConfigValue                
0000826d  printf                              
00007f39  putc                                
000087b5  remove                              
00000000  resetEntry                          
00005900  sciDisableLoopback                  
0000598c  sciDisableNotification              
000058cc  sciEnableLoopback                   
00005924  sciEnableNotification               
000059f4  sciEnterResetState                  
00005a14  sciExitResetState                   
00005438  sciInit                             
0000577c  sciIsIdleDetected                   
00005760  sciIsRxReady                        
000055e0  sciIsTxReady                        
000068b4  sciNotification                     
000057f4  sciReceive                          
000057c8  sciReceiveByte                      
00005798  sciRxError                          
0000562c  sciSend                             
000055fc  sciSendByte                         
00005544  sciSetBaudrate                      
00005524  sciSetFunctional                    
00005a34  scilinGetConfigValue                
00000020  selftestFailNotification            
00002dd0  setupFlash                          
00002cfc  setupPLL                            
00007d2d  setvbuf                             
00003648  sramGetConfigValue                  
000025bc  stcGetConfigValue                   
000001b8  stcSelfCheck                        
00000df8  stcSelfCheckFail                    
000088f1  strchr                              
000088d9  strcmp                              
0000891d  strcpy                              
00008907  strlen                              
000086e1  strncpy                             
00003088  systemGetConfigValue                
00002f8c  systemInit                          
00003058  systemPowerDown                     
0000349c  tcmflashGetConfigValue              
00002d5c  trimLPO                             
000087b5  unlink                              
00003934  vimChannelMap                       
00003ba0  vimDisableInterrupt                 
000039d8  vimEnableInterrupt                  
00003c4c  vimGetConfigValue                   
00003860  vimInit                             
00000e00  vimParityCheck                      
00006ef8  vimParityErrorHandler               
00008831  write                               


GLOBAL SYMBOLS: SORTED BY Symbol Address 

address   name                                
-------   ----                                
00000000  __TI_static_base__                  
00000000  resetEntry                          
00000020  selftestFailNotification            
00000030  ccmSelfCheck                        
00000174  memoryInit                          
000001b8  stcSelfCheck                        
00000234  cpuSelfTest                         
000002cc  pbistSelfCheck                      
000004ac  pbistRun                            
00000578  pbistStop                           
000005a8  pbistIsTestCompleted                
000005d4  pbistIsTestPassed                   
00000608  pbistPortTestStatus                 
00000660  efcCheck                            
000006e8  efcStuckZeroTest                    
00000794  efcSelfTest                         
000007bc  checkefcSelfTest                    
00000800  __SYSMEM_SIZE                       
0000085c  fmcBus2Check                        
00000898  fmcECCcheck                         
00000938  checkB0RAMECC                       
00000b28  checkB1RAMECC                       
00000d18  checkFlashECC                       
00000df4  custom_dabort                       
00000df8  stcSelfCheckFail                    
00000dfc  cpuSelfTestFail                     
00000e00  vimParityCheck                      
00000eac  dmaParityCheck                      
00000f58  het1ParityCheck                     
00001004  htu1ParityCheck                     
000010c0  het2ParityCheck                     
000011bc  htu2ParityCheck                     
0000126c  adc1ParityCheck                     
00001358  adc2ParityCheck                     
00001410  can1ParityCheck                     
000014e8  can2ParityCheck                     
000015b0  can3ParityCheck                     
00001684  mibspi1ParityCheck                  
0000178c  mibspi3ParityCheck                  
000018b0  mibspi5ParityCheck                  
000019d0  checkRAMECC                         
00001c18  checkClockMonitor                   
00001cf4  checkFlashEEPROMECC                 
00001e8c  checkPLL1Slip                       
00001f8c  checkPLL2Slip                       
00002050  checkRAMAddrParity                  
0000215c  checkRAMUERRTest                    
000022c4  fmcBus1ParityCheck                  
000023ec  pbistFail                           
00002470  pbistGetConfigValue                 
000025bc  stcGetConfigValue                   
00002660  efcGetConfigValue                   
000026fc  ccmr4GetConfigValue                 
0000276c  errata_PBIST_4                      
00002ad0  enableParity                        
00002b58  disableParity                       
00002cfc  setupPLL                            
00002d5c  trimLPO                             
00002dd0  setupFlash                          
00002e10  periphInit                          
00002e64  mapClocks                           
00002f8c  systemInit                          
00003058  systemPowerDown                     
00003088  systemGetConfigValue                
0000349c  tcmflashGetConfigValue              
00003648  sramGetConfigValue                  
00003784  customTrimLPO                       
00003860  vimInit                             
00003934  vimChannelMap                       
000039d8  vimEnableInterrupt                  
00003ba0  vimDisableInterrupt                 
00003c4c  vimGetConfigValue                   
000042b4  i2cInit                             
000043a0  i2cSetOwnAdd                        
000043c0  i2cSetSlaveAdd                      
000043e0  i2cSetBaudrate                      
000044e0  i2cSetStart                         
00004500  i2cSetStop                          
00004520  i2cSetCount                         
00004540  i2cIsTxReady                        
0000455c  i2cSendByte                         
0000458c  i2cSend                             
00004658  i2cIsRxReady                        
00004674  i2cIsStopDetected                   
00004690  i2cRxError                          
000046c0  i2cClearSCD                         
000046dc  i2cReceiveByte                      
00004704  i2cReceive                          
000047a4  i2cEnableLoopback                   
000047c4  i2cDisableLoopback                  
000047fc  i2cEnableNotification               
00004838  i2cDisableNotification              
00004888  i2cSetMode                          
000048c0  i2cGetConfigValue                   
00004a88  i2cSetDirection                     
00004ac0  i2cIsMasterReady                    
00004b00  i2cIsBusBusy                        
00004b8c  muxInit                             
00005028  pinmuxGetConfigValue                
00005438  sciInit                             
00005524  sciSetFunctional                    
00005544  sciSetBaudrate                      
000055e0  sciIsTxReady                        
000055fc  sciSendByte                         
0000562c  sciSend                             
00005760  sciIsRxReady                        
0000577c  sciIsIdleDetected                   
00005798  sciRxError                          
000057c8  sciReceiveByte                      
000057f4  sciReceive                          
000058cc  sciEnableLoopback                   
00005900  sciDisableLoopback                  
00005924  sciEnableNotification               
0000598c  sciDisableNotification              
000059f4  sciEnterResetState                  
00005a14  sciExitResetState                   
00005a34  scilinGetConfigValue                
00005bf0  _errata_SSWF021_45_both_plls        
00005de4  _errata_SSWF021_45_pll1             
00005f5c  _errata_SSWF021_45_pll2             
00006254  esmInit                             
0000635c  esmError                            
00006378  esmEnableError                      
000063a0  esmDisableError                     
000063c8  esmTriggerErrorPinReset             
000063d8  esmActivateNormalOperation          
000063e8  esmEnableInterrupt                  
00006410  esmDisableInterrupt                 
00006438  esmSetInterruptLevel                
000064ac  esmClearStatus                      
000064ec  esmClearStatusBuffer                
00006508  esmSetCounterPreloadValue           
00006528  esmGetStatus                        
000065ac  esmGetStatusBuffer                  
000065e4  esmEnterSelfTest                    
0000666c  esmSelfTestStatus                   
000066bc  esmGetConfigValue                   
00006810  main                                
000068b4  sciNotification                     
000068e4  i2cNotification                     
000068f8  esmGroup1Notification               
00006908  esmGroup2Notification               
00006918  INA226_SendData2                    
00006a08  INA226_ReceiveData2                 
00006bac  _coreInitRegisters_                 
00006cb8  _coreInitStackPointer_              
00006d04  _getCPSRValue_                      
00006d0c  _gotoCPUIdle_                       
00006d24  _coreEnableVfp_                     
00006d3c  _coreEnableEventBusExport_          
00006d4c  _coreDisableEventBusExport_         
00006d5c  _coreEnableRamEcc_                  
00006d6c  _coreDisableRamEcc_                 
00006d7c  _coreEnableFlashEcc_                
00006d90  _coreDisableFlashEcc_               
00006da0  _coreEnableIrqVicOffset_            
00006db0  _coreGetDataFault_                  
00006db8  _coreClearDataFault_                
00006dc4  _coreGetInstructionFault_           
00006dcc  _coreClearInstructionFault_         
00006dd8  _coreGetDataFaultAddress_           
00006de0  _coreClearDataFaultAddress_         
00006dec  _coreGetInstructionFaultAddress_    
00006df4  _coreClearInstructionFaultAddress_  
00006e00  _coreGetAuxiliaryDataFault_         
00006e08  _coreClearAuxiliaryDataFault_       
00006e14  _coreGetAuxiliaryInstructionFault_  
00006e1c  _coreClearAuxiliaryInstructionFault_
00006e28  _disable_interrupt_                 
00006e30  _disable_FIQ_interrupt_             
00006e38  _disable_IRQ_interrupt_             
00006e40  _enable_interrupt_                  
00006e48  _esmCcmErrorsClear_                 
00006ed0  _errata_CORTEXR4_57_                
00006ee0  _errata_CORTEXR4_66_                
00006ef0  __TI_PINIT_Base                     
00006ef4  __TI_PINIT_Limit                    
00006ef8  vimParityErrorHandler               
000071c4  _c_int00                            
0000744d  __TI_printfi_minimal                
00007673  _nop                                
00007675  fputs                               
0000778c  esmHighInterrupt                    
000078a1  aligned_alloc                       
000078a1  memalign                            
000079a0  _dabort                             
00007a89  free                                
00007b6d  floor                               
00007b6d  floorl                              
00007c4c  _pmuInit_                           
00007c98  _pmuEnableCountersGlobal_           
00007ca8  _pmuDisableCountersGlobal_          
00007cb8  _pmuResetCycleCounter_              
00007cc8  _pmuResetEventCounters_             
00007cd8  _pmuResetCounters_                  
00007ce8  _pmuStartCounters_                  
00007cf0  _pmuStopCounters_                   
00007cf8  _pmuSetCountEvent_                  
00007d04  _pmuGetCycleCount_                  
00007d0c  _pmuGetEventCount_                  
00007d18  _pmuGetOverflow_                    
00007d2d  setvbuf                             
00007e09  __aeabi_memcpy                      
00007e09  __aeabi_memcpy4                     
00007e09  __aeabi_memcpy8                     
00007e09  memcpy                              
00007ec4  memoryPort0TestFailNotification     
00007ee0  memoryPort1TestFailNotification     
00007f24  dmaGroupANotification               
00007f39  fputc                               
00007f39  putc                                
00007fc9  __aeabi_memclr                      
00007fc9  __aeabi_memclr4                     
00007fc9  __aeabi_memclr8                     
00007fcb  __aeabi_memset                      
00007fcb  __aeabi_memset4                     
00007fcb  __aeabi_memset8                     
00007fd1  memset                              
00008045  __TI_closefile                      
0000812d  HOSTrename                          
00008199  __TI_decompress_lzss                
00008205  HOSTlseek                           
0000826d  printf                              
000082d5  __TI_wrt_ok                         
00008339  fseek                               
0000839d  HOSTopen                            
000083f9  HOSTread                            
00008455  HOSTwrite                           
000084ad  close                               
00008505  __TI_doflush                        
00008551  HOSTclose                           
00008595  HOSTunlink                          
000085d9  __TI_auto_init_nobinit_nopinit      
0000861d  exit                                
00008661  getdevice                           
000086a5  __TI_writemsg                       
000086d7  C$$IO$$                             
000086e1  strncpy                             
00008719  __TI_cleanup                        
0000874d  __TI_readmsg                        
00008781  finddevice                          
000087b5  remove                              
000087b5  unlink                              
00008809  lseek                               
00008831  write                               
00008859  memccpy                             
0000887f  memchr                              
0000889f  __TI_zero_init_nomemset             
000088d9  strcmp                              
000088f1  strchr                              
00008907  strlen                              
0000891d  strcpy                              
00008931  __TI_decompress_none                
0000893f  malloc                              
0000894f  C$$EXIT                             
0000894f  abort                               
00008954  phantomInterrupt                    
00008958  handlePLLLockFail                   
00008bc4  __TI_Handler_Table_Base             
00008bd0  __TI_Handler_Table_Limit            
00008bd8  __TI_CINIT_Base                     
00008be8  __TI_CINIT_Limit                    
08001500  __start___llvm_prf_cnts             
08001500  __stop___llvm_prf_cnts              
08001500  _sys_memory                         
08001d00  __CIOBUF_                           
08001e20  __TI_tmpnams                        
08001ef4  parmbuf                             
08001f00  _ftable                             
08001ff0  _device                             
08002068  _stream                             
080020b8  __TI_ft_end                         
080020bc  __aeabi_stdin                       
080020c0  __aeabi_stdout                      
080020c4  __aeabi_stderr                      
080020c8  __TI_cleanup_ptr                    
080020cc  __TI_dtors_ptr                      
080020d0  __TI_enable_exit_profile_output     
080020d4  _lock                               
080020d8  _unlock                             
ffffffff  __TI_pprof_out_hndl                 
ffffffff  __TI_prof_data_size                 
ffffffff  __TI_prof_data_start                
ffffffff  __binit__                           
ffffffff  __c_args__                          
ffffffff  binit                               
UNDEFED   SHT$$INIT_ARRAY$$Base               
UNDEFED   SHT$$INIT_ARRAY$$Limit              
UNDEFED   _system_post_cinit                  

[289 symbols]
