******************************************************************************
                  TI ARM Linker PC v20.2.5                     
******************************************************************************
>> Linked Sun Oct  9 18:56:56 2022

OUTPUT FILE NAME:   <RM46_SkeletonTest.out>
ENTRY POINT SYMBOL: "_c_int00"  address: 00021018


MEMORY CONFIGURATION

         name            origin    length      used     unused   attr    fill
----------------------  --------  ---------  --------  --------  ----  --------
  VECTORS               00000000   00000020  00000020  00000000     X
  KERNEL                00000020   00008000  00005eec  00002114  R  X
  FLASH0                00008020   00137fe0  0001ccbd  0011b323  R  X
  STACKS                08000000   00000800  00000000  00000800  RW  
  KRAM                  08000800   00000800  0000026c  00000594  RW  
  RAM                   08001000   0002f000  000032af  0002bd51  RW  


SEGMENT ALLOCATION MAP

run origin  load origin   length   init length attrs members
----------  ----------- ---------- ----------- ----- -------
00000000    00000000    00005f10   00005f10    r-x
  00000000    00000000    00000020   00000020    r-x .intvecs
  00000020    00000020    00005d9c   00005d9c    r-x .kernelTEXT
  00005dc0    00005dc0    00000150   00000150    r-- .cinit
00008020    00008020    0001ccc0   0001ccc0    r-x
  00008020    00008020    0001c168   0001c168    r-x .text
  00024188    00024188    000007a4   000007a4    r-x FEE_TEXT_SECTION
  0002492c    0002492c    00000301   00000301    r-- .const
  00024c30    00024c30    000000b0   000000b0    r-- FEE_CONST_SECTION
08000800    08000800    0000026c   00000000    rw-
  08000800    08000800    0000026c   00000000    rw- .kernelBSS
08001000    08001000    000032b1   00000000    rw-
  08001000    08001000    00002000   00000000    rw- .kernelHEAP
  08003000    08003000    0000093a   00000000    rw- .bss
  0800393c    0800393c    00000844   00000000    rw- .data
  08004180    08004180    00000131   00000000    rw- FEE_DATA_SECTION


SECTION ALLOCATION MAP

 output                                  attributes/
section   page    origin      length       input sections
--------  ----  ----------  ----------   ----------------
.intvecs   0    00000000    00000020     
                  00000000    00000020     sys_intvecs.obj (.intvecs)

.kernelTEXT 
*          0    00000020    00005d9c     
                  00000020    00002c58     os_tasks.obj (.kernelTEXT)
                  00002c78    00001264     os_queue.obj (.kernelTEXT)
                  00003edc    00000ab0     os_timer.obj (.kernelTEXT)
                  0000498c    00000818     os_event_groups.obj (.kernelTEXT)
                  000051a4    000004bc     os_portasm.obj (.kernelTEXT)
                  00005660    000003e0     os_port.obj (.kernelTEXT)
                  00005a40    0000037c     os_heap.obj (.kernelTEXT)

.cinit     0    00005dc0    00000150     
                  00005dc0    000000f1     (.cinit..data.load) [load image, compression = lzss]
                  00005eb1    00000003     --HOLE-- [fill = 0]
                  00005eb4    0000000c     (__TI_handler_table)
                  00005ec0    00000009     (.cinit..kernelBSS.load) [load image, compression = lzss]
                  00005ec9    00000009     (.cinit.FEE_DATA_SECTION.load) [load image, compression = lzss]
                  00005ed2    00000006     --HOLE-- [fill = 0]
                  00005ed8    00000008     (.cinit..bss.load) [load image, compression = zero_init]
                  00005ee0    00000008     (.cinit..kernelHEAP.load) [load image, compression = zero_init]
                  00005ee8    00000028     (__TI_cinit_table)

.text      0    00008020    0001c168     
                  00008020    000057c8     ti_fee_util.obj (.text)
                  0000d7e8    00002cdc     sys_selftest.obj (.text)
                  000104c4    00002664     fee_function.obj (.text)
                  00012b28    00001ee4     skeleton_main.obj (.text)
                  00014a0c    00001764     ti_fee_ini.obj (.text)
                  00016170    000010e0     ti_fee_main.obj (.text)
                  00017250    0000109c     max6698.obj (.text)
                  000182ec    00000c14     os_mpu_wrappers.obj (.text)
                  00018f00    00000b64     system.obj (.text)
                  00019a64    00000a58     sys_vim.obj (.text)
                  0001a4bc    00000a2c     can.obj (.text)
                  0001aee8    00000a20     mibspi.obj (.text)
                  0001b908    00000a00     channel.obj (.text)
                  0001c308    000008d8     i2c.obj (.text)
                  0001cbe0    000008bc     pinmux.obj (.text)
                  0001d49c    000007b8     sci.obj (.text)
                  0001dc54    00000754     ina226.obj (.text)
                  0001e3a8    00000690     cmd_interface.obj (.text)
                  0001ea38    00000664     errata_SSWF021_45.obj (.text)
                  0001f09c    00000630     rti.obj (.text)
                  0001f6cc    000005c4     ina3221.obj (.text)
                  0001fc90    000005bc     esm.obj (.text)
                  0002024c    00000484     gio.obj (.text)
                  000206d0    0000034c     sys_core.obj (.text)
                  00020a1c    00000330     mppt.obj (.text)
                  00020d4c    000002cc     sys_vim.obj (.text:retain)
                  00021018    000002b8     sys_startup.obj (.text:retain)
                  000212d0    000002b8     rtsv7R4_T_le_v3D16_eabi.lib : ull_div32.asm.obj (.text)
                  00021588    00000280     battery.obj (.text)
                  00021808    00000278     os_heap.obj (.text)
                  00021a80    00000270     ad5324.obj (.text)
                  00021cf0    00000260     F021_API_CortexR4_LE_V3D16.lib : FlashStateMachine.InitializeFlashBanks.obj (.text:Fapi_initializeFlashBanks)
                  00021f50    0000025c     heater.obj (.text)
                  000221ac    00000238     os_list.obj (.text)
                  000223e4    00000226     rtsv7R4_T_le_v3D16_eabi.lib : _printfi_min.c.obj (.text:__TI_printfi_minimal)
                  0002260a    00000002                                 : _lock.c.obj (.text:_nop)
                  0002260c    00000204     sci.obj (.text:retain)
                  00022810    000001f0     realtimeClock.obj (.text)
                  00022a00    000001cc     uart_cmd.obj (.text)
                  00022bcc    000001b0     os_port.obj (.text)
                  00022d7c    000001a8     low_power_mode.obj (.text)
                  00022f24    0000017c     F021_API_CortexR4_LE_V3D16.lib : FlashStateMachine.SetActiveBank.obj (.text:Fapi_setActiveFlashBank)
                  000230a0    00000158     os_tasks.obj (.text)
                  000231f8    00000144     error_message.obj (.text)
                  0002333c    00000120     notification.obj (.text)
                  0002345c    00000114     esm.obj (.text:retain)
                  00023570    000000e8     dabort.obj (.text)
                  00023658    000000e0     rtsv7R4_T_le_v3D16_eabi.lib : s_floor.c.obj (.text:floor)
                  00023738    000000e0     sys_pmu.obj (.text)
                  00023818    000000b8     custom_crc.obj (.text)
                  000238d0    0000009c     rtsv7R4_T_le_v3D16_eabi.lib : memcpy_t2.asm.obj (.text)
                  0002396c    00000094     F021_API_CortexR4_LE_V3D16.lib : BlankCheck.obj (.text:Fapi_doBlankCheck)
                  00023a00    00000094     rti.obj (.text:retain)
                  00023a94    00000080     F021_API_CortexR4_LE_V3D16.lib : FlashStateMachine.EnableEepromSectors.obj (.text:Fapi_enableEepromBankSectors)
                  00023b14    0000007a     rtsv7R4_T_le_v3D16_eabi.lib : memset_t2.asm.obj (.text)
                  00023b8e    0000006c                                 : copy_decompress_lzss.c.obj (.text:decompress:lzss:__TI_decompress_lzss)
                  00023bfa    0000005e     F021_API_CortexR4_LE_V3D16.lib : Read.LoopDword.obj (.text:_Fapi_loopRegionForValue)
                  00023c58    00000054     rtsv7R4_T_le_v3D16_eabi.lib : i_div32.asm.obj (.text)
                  00023cac    00000050     F021_API_CortexR4_LE_V3D16.lib : FlashStateMachine.Hercules.IsEccAddress.obj (.text:Fapi_isAddressEcc)
                  00023cfc    00000050     rtsv7R4_T_le_v3D16_eabi.lib : atoi.c.obj (.text:atoi)
                  00023d4c    00000050                                 : u_div32.asm.obj (.text)
                  00023d9c    00000048                                 : hosttime.c.obj (.text:HOSTtime)
                  00023de4    00000044     F021_API_CortexR4_LE_V3D16.lib : FlashStateMachine.EnableEepromSectors.obj (.text:_Fapi_EnableSectors)
                  00023e28    00000044     rtsv7R4_T_le_v3D16_eabi.lib : autoinit.c.obj (.text:__TI_auto_init_nobinit_nopinit:__TI_auto_init_nobinit_nopinit)
                  00023e6c    00000040     F021_API_CortexR4_LE_V3D16.lib : Utilities.CalculateFletcher.obj (.text:Fapi_calculateFletcherChecksum)
                  00023eac    00000040     rtsv7R4_T_le_v3D16_eabi.lib : sprintf.c.obj (.text:sprintf)
                  00023eec    0000003c     F021_API_CortexR4_LE_V3D16.lib : FlashStateMachine.IssueFsmCommand.obj (.text:_Fapi_issueFsmCommand)
                  00023f28    0000003c     rtsv7R4_T_le_v3D16_eabi.lib : trgmsg.c.obj (.text:__TI_writemsg)
                  00023f64    00000034                                 : trgmsg.c.obj (.text:__TI_readmsg)
                  00023f98    00000030     F021_API_CortexR4_LE_V3D16.lib : Async.WithAddress.obj (.text:Fapi_issueAsyncCommandWithAddress)
                  00023fc8    00000030                                    : Utilities.WaitDelay.obj (.text:Fapi_waitDelay)
                  00023ff8    0000002c                                    : Read.Common.obj (.text:_Fapi_readDword)
                  00024024    0000002a                                    : Async.obj (.text:Fapi_issueAsyncCommand)
                  0002404e    00000026     rtsv7R4_T_le_v3D16_eabi.lib : memccpy.c.obj (.text:memccpy)
                  00024074    00000022     F021_API_CortexR4_LE_V3D16.lib : Read.FlushPipeline.obj (.text:Fapi_flushPipeline)
                  00024096    0000001c                                    : FlashStateMachine.InitializeFlashBanks.obj (.text:_Fapi_divideUnsignedLong)
                  000240b2    0000001a     rtsv7R4_T_le_v3D16_eabi.lib : sprintf.c.obj (.text:_outs)
                  000240cc    00000018                                 : strcmp.c.obj (.text:strcmp)
                  000240e4    00000016                                 : strlen.c.obj (.text:strlen)
                  000240fa    00000002                                 : div0.asm.obj (.text)
                  000240fc    00000010     F021_API_CortexR4_LE_V3D16.lib : Utilities.GetNumberOfSectors.obj (.text:Fapi_getNumberOfBankSectors)
                  0002410c    00000010                                    : FlashStateMachine.ScaleFclk.obj (.text:_scaleEEFclk)
                  0002411c    00000010                                    : FlashStateMachine.ScaleFclk.obj (.text:_scaleMainFclk)
                  0002412c    0000000e     rtsv7R4_T_le_v3D16_eabi.lib : time.c.obj (.text:__time32)
                  0002413a    0000000e                                 : copy_decompress_none.c.obj (.text:decompress:none:__TI_decompress_none)
                  00024148    0000000c     F021_API_CortexR4_LE_V3D16.lib : Read.WdService.obj (.text:_Fapi_checkWdService)
                  00024154    0000000c     rtsv7R4_T_le_v3D16_eabi.lib : copy_zero_init.c.obj (.text:decompress:ZI:__TI_zero_init)
                  00024160    0000000a                                 : sprintf.c.obj (.text:_outc)
                  0002416a    00000002     --HOLE-- [fill = 0]
                  0002416c    00000008     Fapi_UserDefinedFunctions.obj (.text)
                  00024174    00000004     rtsv7R4_T_le_v3D16_eabi.lib : exit.c.obj (.text:abort:abort)
                  00024178    00000004     sys_phantom.obj (.text:retain)
                  0002417c    00000004     sys_startup.obj (.text)
                  00024180    00000008     Fapi_UserDefinedFunctions.obj (.tramp.Fapi_serviceWatchdogTimer.1)

.const     0    0002492c    00000301     
                  0002492c    00000200     sys_vim.obj (.const:s_vim_init)
                  00024b2c    00000101     rtsv7R4_T_le_v3D16_eabi.lib : ctype.c.obj (.const:.string:_ctypes_)

.kernelBSS 
*          0    08000800    0000026c     UNINITIALIZED
                  08000800    000001fc     os_tasks.obj (.kernelBSS:uninit)
                  080009fc    00000034     os_tasks.obj (.kernelBSS:init)
                  08000a30    00000030     os_timer.obj (.kernelBSS:uninit)
                  08000a60    0000000c     os_timer.obj (.kernelBSS:init)

.kernelHEAP 
*          0    08001000    00002000     UNINITIALIZED
                  08001000    00002000     os_heap.obj (.kernelHEAP)

.bss       0    08003000    0000093a     UNINITIALIZED
                  08003000    00000240     skeleton_main.obj (.bss:global_channelD)
                  08003240    0000021c     skeleton_main.obj (.bss:global_ina226D)
                  0800345c    00000190     skeleton_main.obj (.bss:global_err_msg_timestamp_s_array)
                  080035ec    00000120     rtsv7R4_T_le_v3D16_eabi.lib : trgmsg.c.obj (.bss:_CIOBUF_)
                  0800370c    000000c8     skeleton_main.obj (.bss:global_err_msg_timestamp_ms_array)
                  080037d4    00000050     skeleton_main.obj (.bss:global_mpptD)
                  08003824    00000040     skeleton_main.obj (.bss:global_ina3221D)
                  08003864    00000028     sci.obj (.bss:g_sciTransfer_t)
                  0800388c    00000020     skeleton_main.obj (.bss:global_heaterD)
                  080038ac    00000018     skeleton_main.obj (.bss:global_battD)
                  080038c4    00000014     uart_cmd.obj (.bss:cmd1)
                  080038d8    00000010     skeleton_main.obj (.bss:global_realtimeClock)
                  080038e8    0000000c     i2c.obj (.bss:g_i2cTransfer_t)
                  080038f4    0000000c     skeleton_main.obj (.bss:global_max6698D)
                  08003900    00000008     uart_cmd.obj (.bss)
                  08003908    00000008     os_heap.obj (.bss:xStart)
                  08003910    00000008     (.common:parmbuf)
                  08003918    00000004     (.common:checkActiveTask_Handle)
                  0800391c    00000004     (.common:getHKTask_Handle)
                  08003920    00000004     (.common:heaterCtrlTask_Handle)
                  08003924    00000004     (.common:initTask_Handle)
                  08003928    00000004     (.common:outputchanCtrlTask_Handle)
                  0800392c    00000004     (.common:powerConversion_and_battCtrlTask_Handle)
                  08003930    00000004     (.common:receiveCMDTask_Handle)
                  08003934    00000004     (.common:sw_wdtTask_Handle)
                  08003938    00000002     fee_function.obj (.bss)

.data      0    0800393c    00000844     UNINITIALIZED
                  0800393c    000001fc     skeleton_main.obj (.data:global_RAM_copyD)
                  08003b38    000001c6     skeleton_main.obj (.data:global_RAM_copy_array)
                  08003cfe    00000002     heater.obj (.data:HEAT_num)
                  08003d00    00000190     skeleton_main.obj (.data:global_err_msg_timestamp_s_buffer)
                  08003e90    000000ca     skeleton_main.obj (.data:global_err_msg_buffer)
                  08003f5a    000000c8     skeleton_main.obj (.data:global_err_msg_timestamp_ms_buffer)
                  08004022    00000001     F021_API_CortexR4_LE_V3D16.lib : FlashStateMachine.SetActiveBank.obj (.data)
                  08004023    00000001     fee_function.obj (.data)
                  08004024    0000007a     skeleton_main.obj (.data)
                  0800409e    00000002     --HOLE--
                  080040a0    00000048     channel.obj (.data:CH)
                  080040e8    00000020     ad5324.obj (.data:binary)
                  08004108    00000014     skeleton_main.obj (.data:preTick$1)
                  0800411c    00000012     channel.obj (.data:CH_num)
                  0800412e    00000002     --HOLE--
                  08004130    00000010     battery.obj (.data:BSW)
                  08004140    00000010     battery.obj (.data:BSW_num)
                  08004150    00000010     os_heap.obj (.data)
                  08004160    00000008     rtsv7R4_T_le_v3D16_eabi.lib : _lock.c.obj (.data:$O1$$)
                  08004168    00000008     F021_API_CortexR4_LE_V3D16.lib : FlashStateMachine.ScaleFclk.obj (.data)
                  08004170    00000008     heater.obj (.data:HEAT)
                  08004178    00000008     os_port.obj (.data)

FEE_TEXT_SECTION 
*          0    00024188    000007a4     
                  00024188    000007a4     ti_fee_read.obj (FEE_TEXT_SECTION)

FEE_CONST_SECTION 
*          0    00024c30    000000b0     
                  00024c30    00000084     Device_RM46.obj (FEE_CONST_SECTION)
                  00024cb4    0000002c     ti_fee_cfg.obj (FEE_CONST_SECTION)

FEE_DATA_SECTION 
*          0    08004180    00000131     UNINITIALIZED
                  08004180    000000f5     ti_fee_ini.obj (FEE_DATA_SECTION)
                  08004275    00000001     ti_fee_main.obj (FEE_DATA_SECTION)
                  08004276    00000002     --HOLE--
                  08004278    0000002e     ti_fee_util.obj (FEE_DATA_SECTION:uninit)
                  080042a6    00000002     --HOLE--
                  080042a8    00000009     ti_fee_util.obj (FEE_DATA_SECTION:init)

__llvm_prf_cnts 
*          0    08001000    00000000     UNINITIALIZED

MODULE SUMMARY

       Module                                        code     ro data   rw data
       ------                                        ----     -------   -------
    .\source\
       ti_fee_util.obj                               22472    0         55     
       os_tasks.obj                                  11696    0         560    
       sys_selftest.obj                              11484    0         0      
       os_heap.obj                                   1524     0         8216   
       ti_fee_ini.obj                                5988     0         245    
       os_queue.obj                                  4708     0         0      
       ti_fee_main.obj                               4320     0         1      
       sys_vim.obj                                   3364     512       0      
       os_mpu_wrappers.obj                           3092     0         0      
       system.obj                                    2916     0         0      
       os_timer.obj                                  2736     0         60     
       can.obj                                       2604     0         0      
       mibspi.obj                                    2592     0         0      
       sci.obj                                       2492     0         40     
       i2c.obj                                       2264     0         12     
       pinmux.obj                                    2236     0         0      
       os_event_groups.obj                           2072     0         0      
       ti_fee_read.obj                               1956     0         0      
       esm.obj                                       1744     0         0      
       rti.obj                                       1732     0         0      
       errata_SSWF021_45.obj                         1636     0         0      
       os_port.obj                                   1424     0         8      
       os_portasm.obj                                1212     0         0      
       gio.obj                                       1156     0         0      
       sys_core.obj                                  844      0         0      
       sys_startup.obj                               700      0         0      
       os_list.obj                                   568      0         0      
       notification.obj                              288      0         0      
       dabort.obj                                    232      0         0      
       sys_pmu.obj                                   224      0         0      
       Device_RM46.obj                               0        132       0      
       ti_fee_cfg.obj                                0        44        0      
       sys_intvecs.obj                               32       0         0      
       Fapi_UserDefinedFunctions.obj                 16       0         0      
       sys_phantom.obj                               4        0         0      
    +--+---------------------------------------------+--------+---------+---------+
       Total:                                        102328   688       9197   
                                                                               
    .\source_custom\
       skeleton_main.obj                             7908     0         3882   
       fee_function.obj                              9828     0         3      
       max6698.obj                                   4252     0         0      
       channel.obj                                   2560     0         90     
       ina226.obj                                    1876     0         0      
       cmd_interface.obj                             1680     0         0      
       ina3221.obj                                   1476     0         0      
       mppt.obj                                      816      0         0      
       battery.obj                                   640      0         32     
       ad5324.obj                                    624      0         32     
       heater.obj                                    604      0         10     
       realtimeClock.obj                             496      0         0      
       uart_cmd.obj                                  460      0         28     
       low_power_mode.obj                            424      0         0      
       error_message.obj                             324      0         0      
       custom_crc.obj                                184      0         0      
    +--+---------------------------------------------+--------+---------+---------+
       Total:                                        34152    0         4077   
                                                                               
    C:/ti/Hercules/F021 Flash API/02.01.01/F021_API_CortexR4_LE_V3D16.lib
       FlashStateMachine.InitializeFlashBanks.obj    636      0         0      
       FlashStateMachine.SetActiveBank.obj           380      0         1      
       FlashStateMachine.EnableEepromSectors.obj     196      0         0      
       BlankCheck.obj                                148      0         0      
       Read.LoopDword.obj                            94       0         0      
       FlashStateMachine.Hercules.IsEccAddress.obj   80       0         0      
       Utilities.CalculateFletcher.obj               64       0         0      
       FlashStateMachine.IssueFsmCommand.obj         60       0         0      
       Async.WithAddress.obj                         48       0         0      
       Utilities.WaitDelay.obj                       48       0         0      
       Read.Common.obj                               44       0         0      
       Async.obj                                     42       0         0      
       FlashStateMachine.ScaleFclk.obj               32       0         8      
       Read.FlushPipeline.obj                        34       0         0      
       Utilities.GetNumberOfSectors.obj              16       0         0      
       Read.WdService.obj                            12       0         0      
    +--+---------------------------------------------+--------+---------+---------+
       Total:                                        1934     0         9      
                                                                               
    F:/Program Files/ti/ccs8/ccsv8/tools/compiler/ti-cgt-arm_20.2.5.LTS/lib/rtsv7R4_T_le_v3D16_eabi.lib
       ull_div32.asm.obj                             696      0         0      
       _printfi_min.c.obj                            550      0         0      
       trgmsg.c.obj                                  112      0         288    
       ctype.c.obj                                   0        257       0      
       s_floor.c.obj                                 224      0         0      
       memcpy_t2.asm.obj                             156      0         0      
       memset_t2.asm.obj                             122      0         0      
       copy_decompress_lzss.c.obj                    108      0         0      
       sprintf.c.obj                                 100      0         0      
       i_div32.asm.obj                               84       0         0      
       atoi.c.obj                                    80       0         0      
       u_div32.asm.obj                               80       0         0      
       hosttime.c.obj                                72       0         0      
       autoinit.c.obj                                68       0         0      
       memccpy.c.obj                                 38       0         0      
       strcmp.c.obj                                  24       0         0      
       strlen.c.obj                                  22       0         0      
       copy_decompress_none.c.obj                    14       0         0      
       time.c.obj                                    14       0         0      
       copy_zero_init.c.obj                          12       0         0      
       _lock.c.obj                                   2        0         8      
       hostopen.c.obj                                0        0         8      
       exit.c.obj                                    4        0         0      
       div0.asm.obj                                  2        0         0      
    +--+---------------------------------------------+--------+---------+---------+
       Total:                                        2584     257       304    
                                                                               
       Linker Generated:                             0        327       0      
    +--+---------------------------------------------+--------+---------+---------+
       Grand Total:                                  140998   1272      13587  


LINKER GENERATED COPY TABLES

__TI_cinit_table @ 00005ee8 records: 5, size/record: 8, table size: 40
	.data: load addr=00005dc0, load size=000000f1 bytes, run addr=0800393c, run size=00000844 bytes, compression=lzss
	.kernelBSS: load addr=00005ec0, load size=00000009 bytes, run addr=08000800, run size=0000026c bytes, compression=lzss
	FEE_DATA_SECTION: load addr=00005ec9, load size=00000009 bytes, run addr=08004180, run size=00000131 bytes, compression=lzss
	.bss: load addr=00005ed8, load size=00000008 bytes, run addr=08003000, run size=0000093a bytes, compression=zero_init
	.kernelHEAP: load addr=00005ee0, load size=00000008 bytes, run addr=08001000, run size=00002000 bytes, compression=zero_init


LINKER GENERATED HANDLER TABLE

__TI_handler_table @ 00005eb4 records: 3, size/record: 4, table size: 12
	index: 0, handler: __TI_decompress_lzss
	index: 1, handler: __TI_decompress_none
	index: 2, handler: __TI_zero_init

VENEERS

callee name               veneer name
   callee addr  veneer addr  call addr  call info
--------------  -----------  ---------  ----------------
Fapi_serviceWatchdogTimer  $Ven$TA$L$PI$$Fapi_serviceWatchdogTimer
   0002416c     00024180     0002414e   F021_API_CortexR4_LE_V3D16.lib : Read.WdService.obj (.text:_Fapi_checkWdService)

[1 trampolines]
[1 trampoline calls]


GLOBAL SYMBOLS: SORTED ALPHABETICALLY BY Name 

address   name                                            
-------   ----                                            
00024175  C$$EXIT                                         
00023f5b  C$$IO$$                                         
00024c30  Device_FlashDevice                              
00023e6d  Fapi_calculateFletcherChecksum                  
0002396d  Fapi_doBlankCheck                               
00023a95  Fapi_enableEepromBankSectors                    
00024075  Fapi_flushPipeline                              
000240fd  Fapi_getNumberOfBankSectors                     
00021cf1  Fapi_initializeFlashBanks                       
00023cad  Fapi_isAddressEcc                               
00024025  Fapi_issueAsyncCommand                          
00023f99  Fapi_issueAsyncCommandWithAddress               
0002416c  Fapi_serviceWatchdogTimer                       
00022f25  Fapi_setActiveFlashBank                         
00023fc9  Fapi_waitDelay                                  
00024cc0  Fee_BlockConfiguration                          
00024cb4  Fee_VirtualSectorConfiguration                  
00023d9d  HOSTtime                                        
0001e340  INA226_ConvToCurrent_mA                         
0001e384  INA226_ConvToPower_mW                           
0001e358  INA226_ConvToVoltage_mV                         
0001de7c  INA226_CurrentToAlert_ShuntVoltage_Raw          
0001deec  INA226_Init                                     
0001e1bc  INA226_ReadBusVoltage_Raw                       
0001e234  INA226_ReadCurrent_Raw                          
0001e0fc  INA226_ReadMaskReg                              
0001e2c8  INA226_ReadPower_Raw                            
0001e144  INA226_ReadShuntVoltage_Raw                     
0001dd34  INA226_ReceiveData                              
0001decc  INA226_RshuntToCalReg                           
0001dc54  INA226_SendData                                 
0001e088  INA226_SetAlertReg                              
0001e030  INA226_SetMaskReg                               
0001dea4  INA226_VoltageToAlert_BusVoltage_Raw            
0001fbc4  INA3221_ConvToCurrent_mA                        
0001fc34  INA3221_ConvToPower_mW                          
0001fc04  INA3221_ConvToVoltage_mV                        
0001f95c  INA3221_Init                                    
0001fadc  INA3221_ReadBusVoltage_Raw                      
0001f9f4  INA3221_ReadShuntVoltage_Raw                    
0001f814  INA3221_ReceiveData                             
0001f6cc  INA3221_SendData                                
0001f408  IsdwdKeySequenceCorrect                         
000175bc  MAX6698_ConvertTemp_C                           
00017478  MAX6698_Init                                    
00017528  MAX6698_ReadTemp_Raw                            
00017330  MAX6698_ReceiveData                             
00017250  MAX6698_SendData                                
000184bc  MPU_eTaskGetState                               
0001867c  MPU_pcTaskGetName                               
00018c78  MPU_pcTimerGetName                              
0001875c  MPU_pvTaskGetThreadLocalStoragePointer          
00018bb0  MPU_pvTimerGetTimerID                           
00018874  MPU_ulTaskNotifyTake                            
00018a30  MPU_uxQueueMessagesWaiting                      
00018a64  MPU_uxQueueSpacesAvailable                      
00018650  MPU_uxTaskGetNumberOfTasks                      
000186e4  MPU_uxTaskGetStackHighWaterMark                 
00018488  MPU_uxTaskPriorityGet                           
00018ed4  MPU_vEventGroupDelete                           
00018a98  MPU_vQueueDelete                                
00018394  MPU_vTaskAllocateMPURegions                     
000183f4  MPU_vTaskDelay                                  
00018420  MPU_vTaskDelayUntil                             
000183c8  MPU_vTaskDelete                                 
000184f0  MPU_vTaskPrioritySet                            
00018550  MPU_vTaskResume                                 
00018718  MPU_vTaskSetThreadLocalStoragePointer           
000188ec  MPU_vTaskSetTimeOutState                        
00018524  MPU_vTaskSuspend                                
0001857c  MPU_vTaskSuspendAll                             
00018be4  MPU_vTimerSetTimerID                            
00018df8  MPU_xEventGroupClearBits                        
00018d70  MPU_xEventGroupCreate                           
00018e3c  MPU_xEventGroupSetBits                          
00018e80  MPU_xEventGroupSync                             
00018d9c  MPU_xEventGroupWaitBits                         
00018ac4  MPU_xQueueGenericCreate                         
000189dc  MPU_xQueueGenericReceive                        
00018b10  MPU_xQueueGenericReset                          
00018988  MPU_xQueueGenericSend                           
00018454  MPU_xTaskAbortDelay                             
00018918  MPU_xTaskCheckForTimeOut                        
000182ec  MPU_xTaskCreate                                 
00018350  MPU_xTaskCreateRestricted                       
000187cc  MPU_xTaskGenericNotify                          
000185f8  MPU_xTaskGetExpectedIdleTime                    
000186b0  MPU_xTaskGetHandle                              
000187a0  MPU_xTaskGetIdleTaskHandle                      
0001895c  MPU_xTaskGetSchedulerState                      
000185cc  MPU_xTaskGetTickCount                           
00018624  MPU_xTaskGetTickOverflowCount                   
000188b8  MPU_xTaskNotifyStateClear                       
00018820  MPU_xTaskNotifyWait                             
000185a0  MPU_xTaskResumeAll                              
00018b54  MPU_xTimerCreate                                
00018d14  MPU_xTimerGenericCommand                        
00018ce0  MPU_xTimerGetExpiryTime                         
00018cac  MPU_xTimerGetPeriod                             
00018c4c  MPU_xTimerGetTimerDaemonTaskHandle              
00018c18  MPU_xTimerIsTimerActive                         
UNDEFED   SHT$$INIT_ARRAY$$Base                           
UNDEFED   SHT$$INIT_ARRAY$$Limit                          
00008af8  TI_FeeInternal_AlignAddressForECC               
0000918c  TI_FeeInternal_BlankCheck                       
0000cf30  TI_FeeInternal_CheckForError                    
0000aa54  TI_FeeInternal_CheckModuleState                 
0000aab4  TI_FeeInternal_CheckReadParameters              
0000d6c4  TI_FeeInternal_EnableRequiredFlashSector        
0000b040  TI_FeeInternal_FeeManager                       
00008ec8  TI_FeeInternal_FindNextVirtualSector            
0000d0ac  TI_FeeInternal_Fletcher16                       
00009d28  TI_FeeInternal_GetArrayIndex                    
00009c6c  TI_FeeInternal_GetBlockIndex                    
00009c30  TI_FeeInternal_GetBlockNumber                   
00008e88  TI_FeeInternal_GetBlockSize                     
0000abe4  TI_FeeInternal_GetCurrentBlockAddress           
00009cec  TI_FeeInternal_GetDataSetIndex                  
0000ace8  TI_FeeInternal_GetNextFlashAddress              
00009a54  TI_FeeInternal_GetVirtualSectorIndex            
00008020  TI_FeeInternal_GetVirtualSectorParameter        
0000cb10  TI_FeeInternal_InvalidateErase                  
00008e0c  TI_FeeInternal_PollFlashStatus                  
0000ad38  TI_FeeInternal_SanityCheck                      
0000af28  TI_FeeInternal_SetClearCopyBlockState           
0000cdc0  TI_FeeInternal_StartProgramBlock                
00009e90  TI_FeeInternal_UpdateBlockOffsetArray           
0000c4b8  TI_FeeInternal_WriteBlockHeader                 
00008664  TI_FeeInternal_WriteDataF021                    
00008b30  TI_FeeInternal_WriteInitialize                  
0000c818  TI_FeeInternal_WritePreviousBlockHeader         
000081b8  TI_FeeInternal_WriteVirtualSectorHeader         
0000d1d8  TI_Fee_ErrorRecovery                            
08004274  TI_Fee_FapiInitCalled                           
0000cec4  TI_Fee_GetStatus                                
08004180  TI_Fee_GlobalVariables                          
00014a90  TI_Fee_Init                                     
00016170  TI_Fee_MainFunction                             
00024188  TI_Fee_Read                                     
0000d4b4  TI_Fee_SuspendResumeErase                       
0800425d  TI_Fee_bEraseSuspended                          
0800425e  TI_Fee_bIsMainFunctionCalled                    
08004260  TI_Fee_oStatusWord                              
08004258  TI_Fee_u32ActCpyVS                              
08004250  TI_Fee_u32BlockEraseCount                       
0800424c  TI_Fee_u32FletcherChecksum                      
08004248  TI_Fee_u8DataSets                               
08004254  TI_Fee_u8DeviceIndex                            
0800425c  TI_Fee_u8ErrEraseVS                             
08004264  TI_FlashStatusWord                              
00023de5  _Fapi_EnableSectors                             
00024149  _Fapi_checkWdService                            
00023eed  _Fapi_issueFsmCommand                           
00023bfb  _Fapi_loopRegionForValue                        
00023ff9  _Fapi_readDword                                 
080035ec  __CIOBUF_                                       
00005ee8  __TI_CINIT_Base                                 
00005f10  __TI_CINIT_Limit                                
00005eb4  __TI_Handler_Table_Base                         
00005ec0  __TI_Handler_Table_Limit                        
00020a14  __TI_PINIT_Base                                 
00020a18  __TI_PINIT_Limit                                
00023e29  __TI_auto_init_nobinit_nopinit                  
00023b8f  __TI_decompress_lzss                            
0002413b  __TI_decompress_none                            
ffffffff  __TI_pprof_out_hndl                             
000223e5  __TI_printfi_minimal                            
ffffffff  __TI_prof_data_size                             
ffffffff  __TI_prof_data_start                            
00023f65  __TI_readmsg                                    
00000000  __TI_static_base__                              
00023f29  __TI_writemsg                                   
00024155  __TI_zero_init                                  
00023c58  __aeabi_idiv                                    
000240fb  __aeabi_idiv0                                   
00023c58  __aeabi_idivmod                                 
000240fb  __aeabi_ldiv0                                   
00023b15  __aeabi_memclr                                  
00023b15  __aeabi_memclr4                                 
00023b15  __aeabi_memclr8                                 
000238d1  __aeabi_memcpy                                  
000238d1  __aeabi_memcpy4                                 
000238d1  __aeabi_memcpy8                                 
00023b17  __aeabi_memset                                  
00023b17  __aeabi_memset4                                 
00023b17  __aeabi_memset8                                 
00023d4c  __aeabi_uidiv                                   
00023d4c  __aeabi_uidivmod                                
000212d0  __aeabi_uldivmod                                
ffffffff  __binit__                                       
ffffffff  __c_args__                                      
08001000  __start___llvm_prf_cnts                         
08001000  __stop___llvm_prf_cnts                          
0002412d  __time32                                        
00021018  _c_int00                                        
0002092c  _coreClearAuxiliaryDataFault_                   
00020940  _coreClearAuxiliaryInstructionFault_            
00020904  _coreClearDataFaultAddress_                     
000208dc  _coreClearDataFault_                            
00020918  _coreClearInstructionFaultAddress_              
000208f0  _coreClearInstructionFault_                     
00020870  _coreDisableEventBusExport_                     
000208b4  _coreDisableFlashEcc_                           
00020890  _coreDisableRamEcc_                             
00020860  _coreEnableEventBusExport_                      
000208a0  _coreEnableFlashEcc_                            
000208c4  _coreEnableIrqVicOffset_                        
00020880  _coreEnableRamEcc_                              
00020848  _coreEnableVfp_                                 
00020924  _coreGetAuxiliaryDataFault_                     
00020938  _coreGetAuxiliaryInstructionFault_              
000208fc  _coreGetDataFaultAddress_                       
000208d4  _coreGetDataFault_                              
00020910  _coreGetInstructionFaultAddress_                
000208e8  _coreGetInstructionFault_                       
000206d0  _coreInitRegisters_                             
000207dc  _coreInitStackPointer_                          
00024b2c  _ctypes_                                        
00023570  _dabort                                         
00020954  _disable_FIQ_interrupt_                         
0002095c  _disable_IRQ_interrupt_                         
0002094c  _disable_interrupt_                             
00020964  _enable_interrupt_                              
000209f4  _errata_CORTEXR4_57_                            
00020a04  _errata_CORTEXR4_66_                            
0001ea38  _errata_SSWF021_45_both_plls                    
0001ec2c  _errata_SSWF021_45_pll1                         
0001eda4  _errata_SSWF021_45_pll2                         
0002096c  _esmCcmErrorsClear_                             
00020828  _getCPSRValue_                                  
00020830  _gotoCPUIdle_                                   
08004160  _lock                                           
0002260b  _nop                                            
00023794  _pmuDisableCountersGlobal_                      
00023784  _pmuEnableCountersGlobal_                       
000237f0  _pmuGetCycleCount_                              
000237f8  _pmuGetEventCount_                              
00023804  _pmuGetOverflow_                                
00023738  _pmuInit_                                       
000237c4  _pmuResetCounters_                              
000237a4  _pmuResetCycleCounter_                          
000237b4  _pmuResetEventCounters_                         
000237e4  _pmuSetCountEvent_                              
000237d4  _pmuStartCounters_                              
000237dc  _pmuStopCounters_                               
0002410d  _scaleEEFclk                                    
0002411d  _scaleMainFclk                                  
UNDEFED   _system_post_cinit                              
08004164  _unlock                                         
00024175  abort                                           
0000ea34  adc1ParityCheck                                 
0000eb20  adc2ParityCheck                                 
00023cfd  atoi                                            
000215d8  battery_chargingSW_off                          
00021588  battery_chargingSW_on                           
000216c8  battery_check_charging_status                   
00021754  battery_check_temp_then_SW                      
00021678  battery_dischargingSW_off                       
00021628  battery_dischargingSW_on                        
00021708  battery_read_rawdata_and_convert                
ffffffff  binit                                           
0001ad44  can1GetConfigValue                              
0000ebd8  can1ParityCheck                                 
0000ecb0  can2ParityCheck                                 
0000ed78  can3ParityCheck                                 
0001abe4  canDisableErrorNotification                     
0001abc4  canDisableStatusChangeNotification              
0001ac3c  canDisableloopback                              
0001ab84  canEnableErrorNotification                      
0001aba4  canEnableStatusChangeNotification               
0001ac04  canEnableloopback                               
00023394  canErrorNotification                            
0001a934  canFillMessageObjectData                        
0001a664  canGetData                                      
0001ab60  canGetErrorLevel                                
0001a7b4  canGetID                                        
0001ab3c  canGetLastError                                 
0001a4bc  canInit                                         
0001ad28  canIoRxGetBit                                   
0001ac6c  canIoSetDirection                               
0001acbc  canIoSetPort                                    
0001ad0c  canIoTxGetBit                                   
0001aae0  canIsMessageBoxValid                            
0001aa84  canIsRxMessageArrived                           
0001aa28  canIsTxMessagePending                           
000233bc  canMessageNotification                          
0001a894  canSendRemoteFrame                              
000233a8  canStatusChangeNotification                     
0001a570  canTransmit                                     
0001a81c  canUpdateID                                     
0000d7f8  ccmSelfCheck                                    
0000fec4  ccmr4GetConfigValue                             
0001be14  channel_check_batteryI_then_update_switch       
0001bd18  channel_check_batteryV_then_update_switch       
0001befc  channel_check_chanV_then_update_switch          
0001bb6c  channel_check_mode                              
0001c094  channel_check_overcurrent_then_config_and_resume
0001b9b4  channel_off                                     
0001b908  channel_on                                      
0001bc74  channel_read_rawdata_and_convert                
0001c004  channel_resume                                  
0001ba60  channel_set_group_mask                          
08003918  checkActiveTask_Handle                          
0000e100  checkB0RAMECC                                   
0000e2f0  checkB1RAMECC                                   
0000f3e0  checkClockMonitor                               
0000e4e0  checkFlashECC                                   
0000f4bc  checkFlashEEPROMECC                             
0000f654  checkPLL1Slip                                   
0000f754  checkPLL2Slip                                   
0000f818  checkRAMAddrParity                              
0000f198  checkRAMECC                                     
0000f924  checkRAMUERRTest                                
00013d88  check_other_tasks_activity_task                 
0000df84  checkefcSelfTest                                
0001056c  combine_8bit_to_uint16                          
000105a0  combine_8bit_to_uint32                          
0000d9fc  cpuSelfTest                                     
0000e5c4  cpuSelfTestFail                                 
00023818  crc32_calculate                                 
00023434  crcNotification                                 
00019988  customTrimLPO                                   
0000e5bc  custom_dabort                                   
00021b40  dac_write_fb                                    
000104c4  delay                                           
00010320  disableParity                                   
00023448  dmaGroupANotification                           
0000e674  dmaParityCheck                                  
0001f470  dwdClearFlag                                    
0001f3a4  dwdCounterEnable                                
0001f3ec  dwdGenerateSysReset                             
0001f43c  dwdGetStatus                                    
0001f480  dwdGetViolationStatus                           
0001f328  dwdInit                                         
0001f3d0  dwdReset                                        
0001f3b4  dwdSetPreload                                   
0001f398  dwwdGetCurrentDownCounter                       
0001f350  dwwdInit                                        
00001fa8  eTaskConfirmSleepModeStatus                     
00000888  eTaskGetState                                   
0000de28  efcCheck                                        
0000fe28  efcGetConfigValue                               
0000df5c  efcSelfTest                                     
0000deb0  efcStuckZeroTest                                
00010298  enableParity                                    
00022d7c  enter_snooze                                    
0000ff34  errata_PBIST_4                                  
000231f8  error_buffer_init                               
00023220  error_log_the_data                              
000232ec  error_log_the_timestamp                         
0001fe14  esmActivateNormalOperation                      
0001fee8  esmClearStatus                                  
0001ff28  esmClearStatusBuffer                            
0001fddc  esmDisableError                                 
0001fe4c  esmDisableInterrupt                             
0001fdb4  esmEnableError                                  
0001fe24  esmEnableInterrupt                              
00020020  esmEnterSelfTest                                
0001fd98  esmError                                        
000200f8  esmGetConfigValue                               
0001ff64  esmGetStatus                                    
0001ffe8  esmGetStatusBuffer                              
0002333c  esmGroup1Notification                           
0002334c  esmGroup2Notification                           
0002345c  esmHighInterrupt                                
0001fc90  esmInit                                         
000200a8  esmSelfTestStatus                               
0001ff44  esmSetCounterPreloadValue                       
0001fe74  esmSetInterruptLevel                            
0001fe04  esmTriggerErrorPinReset                         
00011794  fee_check_crc_then_unpackage_data               
000105f0  fee_initial                                     
00010628  fee_package_data_with_crc                       
00012a04  fee_package_err_msg_timestamp_ms                
000128a4  fee_package_err_msg_timestamp_s                 
0001284c  fee_read_flashed_data                           
0001201c  fee_unpackage_data_ignore_crc                   
00012aa8  fee_unpackage_err_msg_timestamp_ms              
00012990  fee_unpackage_err_msg_timestamp_s               
00023659  floor                                           
00023659  floorl                                          
0000fa8c  fmcBus1ParityCheck                              
0000e024  fmcBus2Check                                    
0000e060  fmcECCcheck                                     
0800391c  getHKTask_Handle                                
00013a9c  getHK_task                                      
00021a80  get_binary                                      
0001e524  get_hk_batt                                     
0001e3a8  get_hk_bc                                       
0001e834  get_hk_channel                                  
00022904  getcurrTime_ms                                  
00022878  getcurrTime_sec                                 
00022980  getrunTime_sec                                  
000204ac  gioDisableNotification                          
00020444  gioEnableNotification                           
000203ac  gioGetBit                                       
00020514  gioGetConfigValue                               
000203d4  gioGetPort                                      
0002024c  gioInit                                         
000233d0  gioNotification                                 
0002033c  gioSetBit                                       
0002031c  gioSetDirection                                 
0002038c  gioSetPort                                      
000203ec  gioToggleBit                                    
0002417c  handlePLLLockFail                               
08003920  heaterCtrlTask_Handle                           
000143ec  heaterCtrl_task                                 
00021f9c  heater_off                                      
00021f50  heater_on                                       
00021fe8  heater_read_rawdata_and_convert                 
00022010  heater_temp_SW                                  
000220bc  heater_update_profile                           
0000e720  het1ParityCheck                                 
0000e888  het2ParityCheck                                 
0000e7cc  htu1ParityCheck                                 
0000e984  htu2ParityCheck                                 
0001c714  i2cClearSCD                                     
0001c818  i2cDisableLoopback                              
0001c88c  i2cDisableNotification                          
0001c7f8  i2cEnableLoopback                               
0001c850  i2cEnableNotification                           
0001c914  i2cGetConfigValue                               
0001c308  i2cInit                                         
0001cb54  i2cIsBusBusy                                    
0001cb14  i2cIsMasterReady                                
0001c6ac  i2cIsRxReady                                    
0001c6c8  i2cIsStopDetected                               
0001c594  i2cIsTxReady                                    
000233e4  i2cNotification                                 
0001c758  i2cReceive                                      
0001c730  i2cReceiveByte                                  
0001c6e4  i2cRxError                                      
0001c5e0  i2cSend                                         
0001c5b0  i2cSendByte                                     
0001c434  i2cSetBaudrate                                  
0001c574  i2cSetCount                                     
0001cadc  i2cSetDirection                                 
0001c8dc  i2cSetMode                                      
0001c3f4  i2cSetOwnAdd                                    
0001c414  i2cSetSlaveAdd                                  
0001c534  i2cSetStart                                     
0001c554  i2cSetStop                                      
08003924  initTask_Handle                                 
00012c84  init_task                                       
0002260c  linHighLevelInterrupt                           
00012b28  main                                            
00019068  mapClocks                                       
0002404f  memccpy                                         
000238d1  memcpy                                          
0000d93c  memoryInit                                      
0002335c  memoryPort0TestFailNotification                 
00023378  memoryPort1TestFailNotification                 
00023b1d  memset                                          
0000ee4c  mibspi1ParityCheck                              
0001b5a8  mibspi3GetConfigValue                           
0000ef54  mibspi3ParityCheck                              
0000f078  mibspi5ParityCheck                              
0001b574  mibspiDisableGroupNotification                  
0001b480  mibspiDisableLoopback                           
0001b4ec  mibspiEnableGroupNotification                   
0001b44c  mibspiEnableLoopback                            
0001b264  mibspiGetData                                   
0002340c  mibspiGroupNotification                         
0001aee8  mibspiInit                                      
0001b3e0  mibspiIsTransferComplete                        
000233f8  mibspiNotification                              
0001b49c  mibspiPmodeSet                                  
0001b158  mibspiSetData                                   
0001b138  mibspiSetFunctional                             
0001b3b0  mibspiTransfer                                  
00020abc  mppt_getPower                                   
00020aec  mppt_getPower_ina226                            
00020a1c  mppt_hunts                                      
00020c34  mppt_pno_fb                                     
00020b1c  mppt_pno_ss                                     
0001cbe0  muxInit                                         
08003928  outputchanCtrlTask_Handle                       
000142c4  outputchanCtrl_task                             
08003910  parmbuf                                         
0000fbb4  pbistFail                                       
0000fc38  pbistGetConfigValue                             
0000dd70  pbistIsTestCompleted                            
0000dd9c  pbistIsTestPassed                               
0000ddd0  pbistPortTestStatus                             
0000dc74  pbistRun                                        
0000da94  pbistSelfCheck                                  
0000dd40  pbistStop                                       
00001388  pcTaskGetName                                   
000041b8  pcTimerGetName                                  
00019014  periphInit                                      
00024178  phantomInterrupt                                
000104f0  pick_high8bit_of_uint16                         
00010530  pick_high8bit_of_uint32                         
0001051c  pick_highest8bit_of_uint32                      
00010508  pick_low8bit_of_uint16                          
00010544  pick_low8bit_of_uint32                          
00010558  pick_lowest8bit_of_uint32                       
0001d094  pinmuxGetConfigValue                            
00022e7c  post_wakeup                                     
0800392c  powerConversion_and_battCtrlTask_Handle         
00014548  powerConversion_and_battCtrl_task               
00005638  prvMpuDisable                                   
00005620  prvMpuEnable                                    
00005608  prvMpuSetRegion                                 
00005a40  pvPortMalloc                                    
00002080  pvTaskGetThreadLocalStoragePointer              
000048ec  pvTimerGetTimerID                               
080009fc  pxCurrentTCB                                    
00005660  pxPortInitialiseStack                           
08003930  receiveCMDTask_Handle                           
00014780  receiveCMD_task                                 
00000000  resetEntry                                      
00022844  resetRTC                                        
00022810  resetRTC_debug                                  
00023a00  rtiCompare0Interrupt                            
00023a48  rtiCompare1Interrupt                            
0001f530  rtiDisableNotification                          
0001f508  rtiEnableNotification                           
0001f54c  rtiGetConfigValue                               
0001f29c  rtiGetCurrentTick                               
0001f274  rtiGetPeriod                                    
0001f09c  rtiInit                                         
000148f8  rtiNotification                                 
0001f1e8  rtiResetCounter                                 
0001f24c  rtiSetPeriod                                    
0001f190  rtiStartCounter                                 
0001f1bc  rtiStopCounter                                  
0001d964  sciDisableLoopback                              
0001d9f0  sciDisableNotification                          
0001d930  sciEnableLoopback                               
0001d988  sciEnableNotification                           
0001da58  sciEnterResetState                              
0001da78  sciExitResetState                               
0001d49c  sciInit                                         
0001d7e0  sciIsIdleDetected                               
0001d7c4  sciIsRxReady                                    
0001d644  sciIsTxReady                                    
00022af8  sciNotification                                 
0001d858  sciReceive                                      
0001d82c  sciReceiveByte                                  
0001d7fc  sciRxError                                      
0001d690  sciSend                                         
0001d660  sciSendByte                                     
0001d5a8  sciSetBaudrate                                  
0001d588  sciSetFunctional                                
0001da98  scilinGetConfigValue                            
0000d7e8  selftestFailNotification                        
00018fd4  setupFlash                                      
00018f00  setupPLL                                        
00023ead  sprintf                                         
0001984c  sramGetConfigValue                              
0000fd84  stcGetConfigValue                               
0000d980  stcSelfCheck                                    
0000e5c0  stcSelfCheckFail                                
000240cd  strcmp                                          
000240e5  strlen                                          
08003934  sw_wdtTask_Handle                               
000141e8  sw_wdt_task                                     
0001928c  systemGetConfigValue                            
00019190  systemInit                                      
0001925c  systemPowerDown                                 
000196a0  tcmflashGetConfigValue                          
0002412d  time                                            
00018f60  trimLPO                                         
00022a00  uart_tx                                         
08004178  ulCriticalNesting                               
00005524  ulPortCountLeadingZeros                         
0800417c  ulTaskHasFPUContext                             
0000241c  ulTaskNotifyTake                                
00022358  uxListRemove                                    
00003988  uxQueueMessagesWaiting                          
00003a0c  uxQueueMessagesWaitingFromISR                   
000039c0  uxQueueSpacesAvailable                          
0000137c  uxTaskGetNumberOfTasks                          
000022c4  uxTaskGetStackHighWaterMark                     
0000098c  uxTaskPriorityGet                               
000009d0  uxTaskPriorityGetFromISR                        
000023e0  uxTaskResetEventItemValue                       
000148e8  vApplicationIdleHook                            
0000511c  vEventGroupClearBitsCallback                    
0000507c  vEventGroupDelete                               
00005100  vEventGroupSetBitsCallback                      
000221ac  vListInitialise                                 
00022204  vListInitialiseItem                             
00022294  vListInsert                                     
00022220  vListInsertEnd                                  
00005a0c  vPortEndScheduler                               
00005c94  vPortFree                                       
00005da4  vPortInitialiseBlocks                           
00005518  vPortInitialiseFPSCR                            
00005418  vPortPreemptiveTick                             
0000552c  vPortSWI                                        
000051a8  vPortStartFirstTask                             
00005774  vPortStoreTaskMPUSettings                       
00005324  vPortYeildWithinAPI                             
00005238  vPortYieldProcessor                             
00003a3c  vQueueDelete                                    
00003e4c  vQueueWaitForMessageRestricted                  
000020ec  vTaskAllocateMPURegions                         
00000804  vTaskDelay                                      
00000698  vTaskDelayUntil                                 
00000530  vTaskDelete                                     
00001088  vTaskEndScheduler                               
00001f90  vTaskMissedYield                                
000029d0  vTaskNotifyGiveFromISR                          
00001afc  vTaskPlaceOnEventList                           
00001bc4  vTaskPlaceOnEventListRestricted                 
00001b40  vTaskPlaceOnUnorderedEventList                  
00000a18  vTaskPrioritySet                                
00000e14  vTaskResume                                     
00002028  vTaskSetThreadLocalStoragePointer               
00001e18  vTaskSetTimeOutState                            
00000fdc  vTaskStartScheduler                             
0000169c  vTaskStepTick                                   
00000c10  vTaskSuspend                                    
000010a4  vTaskSuspendAll                                 
00001a1c  vTaskSwitchContext                              
0000492c  vTimerSetTimerID                                
00019b38  vimChannelMap                                   
00019da4  vimDisableInterrupt                             
00019bdc  vimEnableInterrupt                              
00019e50  vimGetConfigValue                               
00019a64  vimInit                                         
0000e5c8  vimParityCheck                                  
00020d4c  vimParityErrorHandler                           
00004e18  xEventGroupClearBits                            
0000498c  xEventGroupCreate                               
00004e9c  xEventGroupGetBitsFromISR                       
00004ecc  xEventGroupSetBits                              
000049c8  xEventGroupSync                                 
00004bc8  xEventGroupWaitBits                             
00005d8c  xPortGetFreeHeapSize                            
00005d98  xPortGetMinimumEverFreeHeapSize                 
000059e8  xPortStartScheduler                             
00002da0  xQueueGenericCreate                             
00003478  xQueueGenericReceive                            
00002c78  xQueueGenericReset                              
00002ebc  xQueueGenericSend                               
0000317c  xQueueGenericSendFromISR                        
0000330c  xQueueGiveFromISR                               
00003d70  xQueueIsQueueEmptyFromISR                       
00003dfc  xQueueIsQueueFullFromISR                        
00003894  xQueuePeekFromISR                               
0000374c  xQueueReceiveFromISR                            
000016f8  xTaskAbortDelay                                 
00001e58  xTaskCheckForTimeOut                            
000000fc  xTaskCreate                                     
00000020  xTaskCreateRestricted                           
00002604  xTaskGenericNotify                              
000027d0  xTaskGenericNotifyFromISR                       
0000130c  xTaskGetExpectedIdleTime                        
00001560  xTaskGetHandle                                  
00001664  xTaskGetIdleTaskHandle                          
00002390  xTaskGetSchedulerState                          
00001320  xTaskGetTickCount                               
00001358  xTaskGetTickCountFromISR                        
0000133c  xTaskGetTickOverflowCount                       
000017f4  xTaskIncrementTick                              
0002317c  xTaskNotifyStateClear                           
000024f0  xTaskNotifyWait                                 
00001c20  xTaskRemoveFromEventList                        
00001d14  xTaskRemoveFromUnorderedEventList               
0000115c  xTaskResumeAll                                  
00000ef4  xTaskResumeFromISR                              
00003f40  xTimerCreate                                    
00003edc  xTimerCreateTimerTask                           
0000403c  xTimerGenericCommand                            
00004180  xTimerGetExpiryTime                             
00004150  xTimerGetPeriod                                 
00004118  xTimerGetTimerDaemonTaskHandle                  
0000487c  xTimerIsTimerActive                             


GLOBAL SYMBOLS: SORTED BY Symbol Address 

address   name                                            
-------   ----                                            
00000000  __TI_static_base__                              
00000000  resetEntry                                      
00000020  xTaskCreateRestricted                           
000000fc  xTaskCreate                                     
00000530  vTaskDelete                                     
00000698  vTaskDelayUntil                                 
00000804  vTaskDelay                                      
00000888  eTaskGetState                                   
0000098c  uxTaskPriorityGet                               
000009d0  uxTaskPriorityGetFromISR                        
00000a18  vTaskPrioritySet                                
00000c10  vTaskSuspend                                    
00000e14  vTaskResume                                     
00000ef4  xTaskResumeFromISR                              
00000fdc  vTaskStartScheduler                             
00001088  vTaskEndScheduler                               
000010a4  vTaskSuspendAll                                 
0000115c  xTaskResumeAll                                  
0000130c  xTaskGetExpectedIdleTime                        
00001320  xTaskGetTickCount                               
0000133c  xTaskGetTickOverflowCount                       
00001358  xTaskGetTickCountFromISR                        
0000137c  uxTaskGetNumberOfTasks                          
00001388  pcTaskGetName                                   
00001560  xTaskGetHandle                                  
00001664  xTaskGetIdleTaskHandle                          
0000169c  vTaskStepTick                                   
000016f8  xTaskAbortDelay                                 
000017f4  xTaskIncrementTick                              
00001a1c  vTaskSwitchContext                              
00001afc  vTaskPlaceOnEventList                           
00001b40  vTaskPlaceOnUnorderedEventList                  
00001bc4  vTaskPlaceOnEventListRestricted                 
00001c20  xTaskRemoveFromEventList                        
00001d14  xTaskRemoveFromUnorderedEventList               
00001e18  vTaskSetTimeOutState                            
00001e58  xTaskCheckForTimeOut                            
00001f90  vTaskMissedYield                                
00001fa8  eTaskConfirmSleepModeStatus                     
00002028  vTaskSetThreadLocalStoragePointer               
00002080  pvTaskGetThreadLocalStoragePointer              
000020ec  vTaskAllocateMPURegions                         
000022c4  uxTaskGetStackHighWaterMark                     
00002390  xTaskGetSchedulerState                          
000023e0  uxTaskResetEventItemValue                       
0000241c  ulTaskNotifyTake                                
000024f0  xTaskNotifyWait                                 
00002604  xTaskGenericNotify                              
000027d0  xTaskGenericNotifyFromISR                       
000029d0  vTaskNotifyGiveFromISR                          
00002c78  xQueueGenericReset                              
00002da0  xQueueGenericCreate                             
00002ebc  xQueueGenericSend                               
0000317c  xQueueGenericSendFromISR                        
0000330c  xQueueGiveFromISR                               
00003478  xQueueGenericReceive                            
0000374c  xQueueReceiveFromISR                            
00003894  xQueuePeekFromISR                               
00003988  uxQueueMessagesWaiting                          
000039c0  uxQueueSpacesAvailable                          
00003a0c  uxQueueMessagesWaitingFromISR                   
00003a3c  vQueueDelete                                    
00003d70  xQueueIsQueueEmptyFromISR                       
00003dfc  xQueueIsQueueFullFromISR                        
00003e4c  vQueueWaitForMessageRestricted                  
00003edc  xTimerCreateTimerTask                           
00003f40  xTimerCreate                                    
0000403c  xTimerGenericCommand                            
00004118  xTimerGetTimerDaemonTaskHandle                  
00004150  xTimerGetPeriod                                 
00004180  xTimerGetExpiryTime                             
000041b8  pcTimerGetName                                  
0000487c  xTimerIsTimerActive                             
000048ec  pvTimerGetTimerID                               
0000492c  vTimerSetTimerID                                
0000498c  xEventGroupCreate                               
000049c8  xEventGroupSync                                 
00004bc8  xEventGroupWaitBits                             
00004e18  xEventGroupClearBits                            
00004e9c  xEventGroupGetBitsFromISR                       
00004ecc  xEventGroupSetBits                              
0000507c  vEventGroupDelete                               
00005100  vEventGroupSetBitsCallback                      
0000511c  vEventGroupClearBitsCallback                    
000051a8  vPortStartFirstTask                             
00005238  vPortYieldProcessor                             
00005324  vPortYeildWithinAPI                             
00005418  vPortPreemptiveTick                             
00005518  vPortInitialiseFPSCR                            
00005524  ulPortCountLeadingZeros                         
0000552c  vPortSWI                                        
00005608  prvMpuSetRegion                                 
00005620  prvMpuEnable                                    
00005638  prvMpuDisable                                   
00005660  pxPortInitialiseStack                           
00005774  vPortStoreTaskMPUSettings                       
000059e8  xPortStartScheduler                             
00005a0c  vPortEndScheduler                               
00005a40  pvPortMalloc                                    
00005c94  vPortFree                                       
00005d8c  xPortGetFreeHeapSize                            
00005d98  xPortGetMinimumEverFreeHeapSize                 
00005da4  vPortInitialiseBlocks                           
00005eb4  __TI_Handler_Table_Base                         
00005ec0  __TI_Handler_Table_Limit                        
00005ee8  __TI_CINIT_Base                                 
00005f10  __TI_CINIT_Limit                                
00008020  TI_FeeInternal_GetVirtualSectorParameter        
000081b8  TI_FeeInternal_WriteVirtualSectorHeader         
00008664  TI_FeeInternal_WriteDataF021                    
00008af8  TI_FeeInternal_AlignAddressForECC               
00008b30  TI_FeeInternal_WriteInitialize                  
00008e0c  TI_FeeInternal_PollFlashStatus                  
00008e88  TI_FeeInternal_GetBlockSize                     
00008ec8  TI_FeeInternal_FindNextVirtualSector            
0000918c  TI_FeeInternal_BlankCheck                       
00009a54  TI_FeeInternal_GetVirtualSectorIndex            
00009c30  TI_FeeInternal_GetBlockNumber                   
00009c6c  TI_FeeInternal_GetBlockIndex                    
00009cec  TI_FeeInternal_GetDataSetIndex                  
00009d28  TI_FeeInternal_GetArrayIndex                    
00009e90  TI_FeeInternal_UpdateBlockOffsetArray           
0000aa54  TI_FeeInternal_CheckModuleState                 
0000aab4  TI_FeeInternal_CheckReadParameters              
0000abe4  TI_FeeInternal_GetCurrentBlockAddress           
0000ace8  TI_FeeInternal_GetNextFlashAddress              
0000ad38  TI_FeeInternal_SanityCheck                      
0000af28  TI_FeeInternal_SetClearCopyBlockState           
0000b040  TI_FeeInternal_FeeManager                       
0000c4b8  TI_FeeInternal_WriteBlockHeader                 
0000c818  TI_FeeInternal_WritePreviousBlockHeader         
0000cb10  TI_FeeInternal_InvalidateErase                  
0000cdc0  TI_FeeInternal_StartProgramBlock                
0000cec4  TI_Fee_GetStatus                                
0000cf30  TI_FeeInternal_CheckForError                    
0000d0ac  TI_FeeInternal_Fletcher16                       
0000d1d8  TI_Fee_ErrorRecovery                            
0000d4b4  TI_Fee_SuspendResumeErase                       
0000d6c4  TI_FeeInternal_EnableRequiredFlashSector        
0000d7e8  selftestFailNotification                        
0000d7f8  ccmSelfCheck                                    
0000d93c  memoryInit                                      
0000d980  stcSelfCheck                                    
0000d9fc  cpuSelfTest                                     
0000da94  pbistSelfCheck                                  
0000dc74  pbistRun                                        
0000dd40  pbistStop                                       
0000dd70  pbistIsTestCompleted                            
0000dd9c  pbistIsTestPassed                               
0000ddd0  pbistPortTestStatus                             
0000de28  efcCheck                                        
0000deb0  efcStuckZeroTest                                
0000df5c  efcSelfTest                                     
0000df84  checkefcSelfTest                                
0000e024  fmcBus2Check                                    
0000e060  fmcECCcheck                                     
0000e100  checkB0RAMECC                                   
0000e2f0  checkB1RAMECC                                   
0000e4e0  checkFlashECC                                   
0000e5bc  custom_dabort                                   
0000e5c0  stcSelfCheckFail                                
0000e5c4  cpuSelfTestFail                                 
0000e5c8  vimParityCheck                                  
0000e674  dmaParityCheck                                  
0000e720  het1ParityCheck                                 
0000e7cc  htu1ParityCheck                                 
0000e888  het2ParityCheck                                 
0000e984  htu2ParityCheck                                 
0000ea34  adc1ParityCheck                                 
0000eb20  adc2ParityCheck                                 
0000ebd8  can1ParityCheck                                 
0000ecb0  can2ParityCheck                                 
0000ed78  can3ParityCheck                                 
0000ee4c  mibspi1ParityCheck                              
0000ef54  mibspi3ParityCheck                              
0000f078  mibspi5ParityCheck                              
0000f198  checkRAMECC                                     
0000f3e0  checkClockMonitor                               
0000f4bc  checkFlashEEPROMECC                             
0000f654  checkPLL1Slip                                   
[...]
0001be14  channel_check_batteryI_then_update_switch       
0001befc  channel_check_chanV_then_update_switch          
0001c004  channel_resume                                  
0001c094  channel_check_overcurrent_then_config_and_resume
0001c308  i2cInit                                         
0001c3f4  i2cSetOwnAdd                                    
0001c414  i2cSetSlaveAdd                                  
0001c434  i2cSetBaudrate                                  
0001c534  i2cSetStart                                     
0001c554  i2cSetStop                                      
0001c574  i2cSetCount                                     
0001c594  i2cIsTxReady                                    
0001c5b0  i2cSendByte                                     
0001c5e0  i2cSend                                         
0001c6ac  i2cIsRxReady                                    
0001c6c8  i2cIsStopDetected                               
0001c6e4  i2cRxError                                      
0001c714  i2cClearSCD                                     
0001c730  i2cReceiveByte                                  
0001c758  i2cReceive                                      
0001c7f8  i2cEnableLoopback                               
0001c818  i2cDisableLoopback                              
0001c850  i2cEnableNotification                           
0001c88c  i2cDisableNotification                          
0001c8dc  i2cSetMode                                      
0001c914  i2cGetConfigValue                               
0001cadc  i2cSetDirection                                 
0001cb14  i2cIsMasterReady                                
0001cb54  i2cIsBusBusy                                    
0001cbe0  muxInit                                         
0001d094  pinmuxGetConfigValue                            
0001d49c  sciInit                                         
0001d588  sciSetFunctional                                
0001d5a8  sciSetBaudrate                                  
0001d644  sciIsTxReady                                    
0001d660  sciSendByte                                     
0001d690  sciSend                                         
0001d7c4  sciIsRxReady                                    
0001d7e0  sciIsIdleDetected                               
0001d7fc  sciRxError                                      
0001d82c  sciReceiveByte                                  
0001d858  sciReceive                                      
0001d930  sciEnableLoopback                               
0001d964  sciDisableLoopback                              
0001d988  sciEnableNotification                           
0001d9f0  sciDisableNotification                          
0001da58  sciEnterResetState                              
0001da78  sciExitResetState                               
0001da98  scilinGetConfigValue                            
0001dc54  INA226_SendData                                 
0001dd34  INA226_ReceiveData                              
0001de7c  INA226_CurrentToAlert_ShuntVoltage_Raw          
0001dea4  INA226_VoltageToAlert_BusVoltage_Raw            
0001decc  INA226_RshuntToCalReg                           
0001deec  INA226_Init                                     
0001e030  INA226_SetMaskReg                               
0001e088  INA226_SetAlertReg                              
0001e0fc  INA226_ReadMaskReg                              
0001e144  INA226_ReadShuntVoltage_Raw                     
0001e1bc  INA226_ReadBusVoltage_Raw                       
0001e234  INA226_ReadCurrent_Raw                          
0001e2c8  INA226_ReadPower_Raw                            
0001e340  INA226_ConvToCurrent_mA                         
0001e358  INA226_ConvToVoltage_mV                         
0001e384  INA226_ConvToPower_mW                           
0001e3a8  get_hk_bc                                       
0001e524  get_hk_batt                                     
0001e834  get_hk_channel                                  
0001ea38  _errata_SSWF021_45_both_plls                    
0001ec2c  _errata_SSWF021_45_pll1                         
0001eda4  _errata_SSWF021_45_pll2                         
0001f09c  rtiInit                                         
0001f190  rtiStartCounter                                 
0001f1bc  rtiStopCounter                                  
0001f1e8  rtiResetCounter                                 
0001f24c  rtiSetPeriod                                    
0001f274  rtiGetPeriod                                    
0001f29c  rtiGetCurrentTick                               
0001f328  dwdInit                                         
0001f350  dwwdInit                                        
0001f398  dwwdGetCurrentDownCounter                       
0001f3a4  dwdCounterEnable                                
0001f3b4  dwdSetPreload                                   
0001f3d0  dwdReset                                        
0001f3ec  dwdGenerateSysReset                             
0001f408  IsdwdKeySequenceCorrect                         
0001f43c  dwdGetStatus                                    
0001f470  dwdClearFlag                                    
0001f480  dwdGetViolationStatus                           
0001f508  rtiEnableNotification                           
0001f530  rtiDisableNotification                          
0001f54c  rtiGetConfigValue                               
0001f6cc  INA3221_SendData                                
0001f814  INA3221_ReceiveData                             
0001f95c  INA3221_Init                                    
0001f9f4  INA3221_ReadShuntVoltage_Raw                    
0001fadc  INA3221_ReadBusVoltage_Raw                      
0001fbc4  INA3221_ConvToCurrent_mA                        
0001fc04  INA3221_ConvToVoltage_mV                        
0001fc34  INA3221_ConvToPower_mW                          
0001fc90  esmInit                                         
0001fd98  esmError                                        
0001fdb4  esmEnableError                                  
0001fddc  esmDisableError                                 
0001fe04  esmTriggerErrorPinReset                         
0001fe14  esmActivateNormalOperation                      
0001fe24  esmEnableInterrupt                              
0001fe4c  esmDisableInterrupt                             
0001fe74  esmSetInterruptLevel                            
0001fee8  esmClearStatus                                  
0001ff28  esmClearStatusBuffer                            
0001ff44  esmSetCounterPreloadValue                       
0001ff64  esmGetStatus                                    
0001ffe8  esmGetStatusBuffer                              
00020020  esmEnterSelfTest                                
000200a8  esmSelfTestStatus                               
000200f8  esmGetConfigValue                               
0002024c  gioInit                                         
0002031c  gioSetDirection                                 
0002033c  gioSetBit                                       
0002038c  gioSetPort                                      
000203ac  gioGetBit                                       
000203d4  gioGetPort                                      
000203ec  gioToggleBit                                    
00020444  gioEnableNotification                           
000204ac  gioDisableNotification                          
00020514  gioGetConfigValue                               
000206d0  _coreInitRegisters_                             
000207dc  _coreInitStackPointer_                          
00020828  _getCPSRValue_                                  
00020830  _gotoCPUIdle_                                   
00020848  _coreEnableVfp_                                 
00020860  _coreEnableEventBusExport_                      
00020870  _coreDisableEventBusExport_                     
00020880  _coreEnableRamEcc_                              
00020890  _coreDisableRamEcc_                             
000208a0  _coreEnableFlashEcc_                            
000208b4  _coreDisableFlashEcc_                           
000208c4  _coreEnableIrqVicOffset_                        
000208d4  _coreGetDataFault_                              
000208dc  _coreClearDataFault_                            
000208e8  _coreGetInstructionFault_                       
000208f0  _coreClearInstructionFault_                     
000208fc  _coreGetDataFaultAddress_                       
00020904  _coreClearDataFaultAddress_                     
00020910  _coreGetInstructionFaultAddress_                
00020918  _coreClearInstructionFaultAddress_              
00020924  _coreGetAuxiliaryDataFault_                     
0002092c  _coreClearAuxiliaryDataFault_                   
00020938  _coreGetAuxiliaryInstructionFault_              
00020940  _coreClearAuxiliaryInstructionFault_            
0002094c  _disable_interrupt_                             
00020954  _disable_FIQ_interrupt_                         
0002095c  _disable_IRQ_interrupt_                         
00020964  _enable_interrupt_                              
0002096c  _esmCcmErrorsClear_                             
000209f4  _errata_CORTEXR4_57_                            
00020a04  _errata_CORTEXR4_66_                            
00020a14  __TI_PINIT_Base                                 
00020a18  __TI_PINIT_Limit                                
00020a1c  mppt_hunts                                      
00020abc  mppt_getPower                                   
00020aec  mppt_getPower_ina226                            
00020b1c  mppt_pno_ss                                     
00020c34  mppt_pno_fb                                     
00020d4c  vimParityErrorHandler                           
00021018  _c_int00                                        
000212d0  __aeabi_uldivmod                                
00021588  battery_chargingSW_on                           
000215d8  battery_chargingSW_off                          
00021628  battery_dischargingSW_on                        
00021678  battery_dischargingSW_off                       
000216c8  battery_check_charging_status                   
00021708  battery_read_rawdata_and_convert                
00021754  battery_check_temp_then_SW                      
00021a80  get_binary                                      
00021b40  dac_write_fb                                    
00021cf1  Fapi_initializeFlashBanks                       
00021f50  heater_on                                       
00021f9c  heater_off                                      
00021fe8  heater_read_rawdata_and_convert                 
00022010  heater_temp_SW                                  
000220bc  heater_update_profile                           
000221ac  vListInitialise                                 
00022204  vListInitialiseItem                             
00022220  vListInsertEnd                                  
00022294  vListInsert                                     
00022358  uxListRemove                                    
000223e5  __TI_printfi_minimal                            
0002260b  _nop                                            
0002260c  linHighLevelInterrupt                           
00022810  resetRTC_debug                                  
00022844  resetRTC                                        
00022878  getcurrTime_sec                                 
00022904  getcurrTime_ms                                  
00022980  getrunTime_sec                                  
00022a00  uart_tx                                         
00022af8  sciNotification                                 
00022d7c  enter_snooze                                    
00022e7c  post_wakeup                                     
00022f25  Fapi_setActiveFlashBank                         
0002317c  xTaskNotifyStateClear                           
000231f8  error_buffer_init                               
00023220  error_log_the_data                              
000232ec  error_log_the_timestamp                         
0002333c  esmGroup1Notification                           
0002334c  esmGroup2Notification                           
0002335c  memoryPort0TestFailNotification                 
00023378  memoryPort1TestFailNotification                 
00023394  canErrorNotification                            
000233a8  canStatusChangeNotification                     
000233bc  canMessageNotification                          
000233d0  gioNotification                                 
000233e4  i2cNotification                                 
000233f8  mibspiNotification                              
0002340c  mibspiGroupNotification                         
00023434  crcNotification                                 
00023448  dmaGroupANotification                           
0002345c  esmHighInterrupt                                
00023570  _dabort                                         
00023659  floor                                           
00023659  floorl                                          
00023738  _pmuInit_                                       
00023784  _pmuEnableCountersGlobal_                       
00023794  _pmuDisableCountersGlobal_                      
000237a4  _pmuResetCycleCounter_                          
000237b4  _pmuResetEventCounters_                         
000237c4  _pmuResetCounters_                              
000237d4  _pmuStartCounters_                              
000237dc  _pmuStopCounters_                               
000237e4  _pmuSetCountEvent_                              
000237f0  _pmuGetCycleCount_                              
000237f8  _pmuGetEventCount_                              
00023804  _pmuGetOverflow_                                
00023818  crc32_calculate                                 
000238d1  __aeabi_memcpy                                  
000238d1  __aeabi_memcpy4                                 
000238d1  __aeabi_memcpy8                                 
000238d1  memcpy                                          
0002396d  Fapi_doBlankCheck                               
00023a00  rtiCompare0Interrupt                            
00023a48  rtiCompare1Interrupt                            
00023a95  Fapi_enableEepromBankSectors                    
00023b15  __aeabi_memclr                                  
00023b15  __aeabi_memclr4                                 
00023b15  __aeabi_memclr8                                 
00023b17  __aeabi_memset                                  
00023b17  __aeabi_memset4                                 
00023b17  __aeabi_memset8                                 
00023b1d  memset                                          
00023b8f  __TI_decompress_lzss                            
00023bfb  _Fapi_loopRegionForValue                        
00023c58  __aeabi_idiv                                    
00023c58  __aeabi_idivmod                                 
00023cad  Fapi_isAddressEcc                               
00023cfd  atoi                                            
00023d4c  __aeabi_uidiv                                   
00023d4c  __aeabi_uidivmod                                
00023d9d  HOSTtime                                        
00023de5  _Fapi_EnableSectors                             
00023e29  __TI_auto_init_nobinit_nopinit                  
00023e6d  Fapi_calculateFletcherChecksum                  
00023ead  sprintf                                         
00023eed  _Fapi_issueFsmCommand                           
00023f29  __TI_writemsg                                   
00023f5b  C$$IO$$                                         
00023f65  __TI_readmsg                                    
00023f99  Fapi_issueAsyncCommandWithAddress               
00023fc9  Fapi_waitDelay                                  
00023ff9  _Fapi_readDword                                 
00024025  Fapi_issueAsyncCommand                          
0002404f  memccpy                                         
00024075  Fapi_flushPipeline                              
000240cd  strcmp                                          
000240e5  strlen                                          
000240fb  __aeabi_idiv0                                   
000240fb  __aeabi_ldiv0                                   
000240fd  Fapi_getNumberOfBankSectors                     
0002410d  _scaleEEFclk                                    
0002411d  _scaleMainFclk                                  
0002412d  __time32                                        
0002412d  time                                            
0002413b  __TI_decompress_none                            
00024149  _Fapi_checkWdService                            
00024155  __TI_zero_init                                  
0002416c  Fapi_serviceWatchdogTimer                       
00024175  C$$EXIT                                         
00024175  abort                                           
00024178  phantomInterrupt                                
0002417c  handlePLLLockFail                               
00024188  TI_Fee_Read                                     
00024b2c  _ctypes_                                        
00024c30  Device_FlashDevice                              
00024cb4  Fee_VirtualSectorConfiguration                  
00024cc0  Fee_BlockConfiguration                          
080009fc  pxCurrentTCB                                    
08001000  __start___llvm_prf_cnts                         
08001000  __stop___llvm_prf_cnts                          
080035ec  __CIOBUF_                                       
08003910  parmbuf                                         
08003918  checkActiveTask_Handle                          
0800391c  getHKTask_Handle                                
08003920  heaterCtrlTask_Handle                           
08003924  initTask_Handle                                 
08003928  outputchanCtrlTask_Handle                       
0800392c  powerConversion_and_battCtrlTask_Handle         
08003930  receiveCMDTask_Handle                           
08003934  sw_wdtTask_Handle                               
08004160  _lock                                           
08004164  _unlock                                         
08004178  ulCriticalNesting                               
0800417c  ulTaskHasFPUContext                             
08004180  TI_Fee_GlobalVariables                          
08004248  TI_Fee_u8DataSets                               
0800424c  TI_Fee_u32FletcherChecksum                      
08004250  TI_Fee_u32BlockEraseCount                       
08004254  TI_Fee_u8DeviceIndex                            
08004258  TI_Fee_u32ActCpyVS                              
0800425c  TI_Fee_u8ErrEraseVS                             
0800425d  TI_Fee_bEraseSuspended                          
0800425e  TI_Fee_bIsMainFunctionCalled                    
08004260  TI_Fee_oStatusWord                              
08004264  TI_FlashStatusWord                              
08004274  TI_Fee_FapiInitCalled                           
ffffffff  __TI_pprof_out_hndl                             
ffffffff  __TI_prof_data_size                             
ffffffff  __TI_prof_data_start                            
ffffffff  __binit__                                       
ffffffff  __c_args__                                      
ffffffff  binit                                           
UNDEFED   SHT$$INIT_ARRAY$$Base                           
UNDEFED   SHT$$INIT_ARRAY$$Limit                          
UNDEFED   _system_post_cinit                              

[671 symbols]
