******************************************************************************
                  TI ARM Linker PC v20.2.5                     
******************************************************************************
>> Linked Tue Aug 16 15:40:28 2022

OUTPUT FILE NAME:   <RM46_SkeletonTest.out>
ENTRY POINT SYMBOL: "_c_int00"  address: 0001f454


MEMORY CONFIGURATION

         name            origin    length      used     unused   attr    fill
----------------------  --------  ---------  --------  --------  ----  --------
  VECTORS               00000000   00000020  00000020  00000000     X
  KERNEL                00000020   00008000  00005eac  00002154  R  X
  FLASH0                00008020   00137fe0  0001bae1  0011c4ff  R  X
  STACKS                08000000   00000800  00000000  00000800  RW  
  KRAM                  08000800   00000800  0000026c  00000594  RW  
  RAM                   08001000   0002f000  000032ad  0002bd53  RW  


SEGMENT ALLOCATION MAP

run origin  load origin   length   init length attrs members
----------  ----------- ---------- ----------- ----- -------
00000000    00000000    00005ed0   00005ed0    r-x
  00000000    00000000    00000020   00000020    r-x .intvecs
  00000020    00000020    00005d9c   00005d9c    r-x .kernelTEXT
  00005dc0    00005dc0    00000110   00000110    r-- .cinit
00008020    00008020    0001bae4   0001bae4    r-x
  00008020    00008020    0001a2d8   0001a2d8    r-x .text
  000222f8    000222f8    00001458   00001458    r-x FEE_TEXT_SECTION
  00023750    00023750    00000301   00000301    r-- .const
  00023a54    00023a54    000000b0   000000b0    r-- FEE_CONST_SECTION
08000800    08000800    0000026c   00000000    rw-
  08000800    08000800    0000026c   00000000    rw- .kernelBSS
08001000    08001000    000032b1   00000000    rw-
  08001000    08001000    00002000   00000000    rw- .kernelHEAP
  08003000    08003000    00000800   00000000    rw- .sysmem
  08003800    08003800    0000065a   00000000    rw- .bss
  08003e5c    08003e5c    00000322   00000000    rw- .data
  08004180    08004180    00000131   00000000    rw- FEE_DATA_SECTION


SECTION ALLOCATION MAP

 output                                  attributes/
section   page    origin      length       input sections
--------  ----  ----------  ----------   ----------------
.intvecs   0    00000000    00000020     
                  00000000    00000020     sys_intvecs.obj (.intvecs)

.kernelTEXT 
*          0    00000020    00005d9c     
                  00000020    00002c58     os_tasks.obj (.kernelTEXT)
                  00002c78    00001264     os_queue.obj (.kernelTEXT)
                  00003edc    00000ab0     os_timer.obj (.kernelTEXT)
                  0000498c    00000818     os_event_groups.obj (.kernelTEXT)
                  000051a4    000004bc     os_portasm.obj (.kernelTEXT)
                  00005660    000003e0     os_port.obj (.kernelTEXT)
                  00005a40    0000037c     os_heap.obj (.kernelTEXT)

.cinit     0    00005dc0    00000110     
                  00005dc0    000000b4     (.cinit..data.load) [load image, compression = lzss]
                  00005e74    0000000c     (__TI_handler_table)
                  00005e80    00000009     (.cinit..kernelBSS.load) [load image, compression = lzss]
                  00005e89    00000009     (.cinit.FEE_DATA_SECTION.load) [load image, compression = lzss]
                  00005e92    00000006     --HOLE-- [fill = 0]
                  00005e98    00000008     (.cinit..bss.load) [load image, compression = zero_init]
                  00005ea0    00000008     (.cinit..kernelHEAP.load) [load image, compression = zero_init]
                  00005ea8    00000028     (__TI_cinit_table)

.text      0    00008020    0001a2d8     
                  00008020    000057c8     ti_fee_util.obj (.text)
                  0000d7e8    00002cdc     sys_selftest.obj (.text)
                  000104c4    00001864     skeleton_main.obj (.text)
                  00011d28    00001764     ti_fee_ini.obj (.text)
                  0001348c    000015a8     fee_function.obj (.text)
                  00014a34    000010e0     ti_fee_main.obj (.text)
                  00015b14    00000c14     os_mpu_wrappers.obj (.text)
                  00016728    00000b64     system.obj (.text)
                  0001728c    00000a58     sys_vim.obj (.text)
                  00017ce4    00000a2c     can.obj (.text)
                  00018710    00000a20     mibspi.obj (.text)
                  00019130    000009a4     channel.obj (.text)
                  00019ad4    000008d8     i2c.obj (.text)
                  0001a3ac    000008bc     pinmux.obj (.text)
                  0001ac68    000007b8     sci.obj (.text)
                  0001b420    00000758     ina226.obj (.text)
                  0001bb78    000006b0     cmd_interface.obj (.text)
                  0001c228    00000664     errata_SSWF021_45.obj (.text)
                  0001c88c    00000630     rti.obj (.text)
                  0001cebc    000005d0     ina3221.obj (.text)
                  0001d48c    000005bc     esm.obj (.text)
                  0001da48    00000580     ad5324.obj (.text)
                  0001dfc8    00000484     gio.obj (.text)
                  0001e44c    00000384     max6698.obj (.text)
                  0001e7d0    0000034c     sys_core.obj (.text)
                  0001eb1c    0000033c     heater.obj (.text)
                  0001ee58    00000330     mppt.obj (.text)
                  0001f188    000002cc     sys_vim.obj (.text:retain)
                  0001f454    000002b8     sys_startup.obj (.text:retain)
                  0001f70c    000002b8     rtsv7R4_T_le_v3D16_eabi.lib : ull_div32.asm.obj (.text)
                  0001f9c4    00000288     battery.obj (.text)
                  0001fc4c    00000278     os_heap.obj (.text)
                  0001fec4    00000260     F021_API_CortexR4_LE_V3D16.lib : FlashStateMachine.InitializeFlashBanks.obj (.text:Fapi_initializeFlashBanks)
                  00020124    00000238     os_list.obj (.text)
                  0002035c    00000226     rtsv7R4_T_le_v3D16_eabi.lib : _printfi_min.c.obj (.text:__TI_printfi_minimal)
                  00020582    00000002                                 : _lock.c.obj (.text:_nop)
                  00020584    00000204     sci.obj (.text:retain)
                  00020788    000001cc     uart_cmd.obj (.text)
                  00020954    000001b0     os_port.obj (.text)
                  00020b04    0000017c     F021_API_CortexR4_LE_V3D16.lib : FlashStateMachine.SetActiveBank.obj (.text:Fapi_setActiveFlashBank)
                  00020c80    00000158     os_tasks.obj (.text)
                  00020dd8    00000154     rtsv7R4_T_le_v3D16_eabi.lib : vla_alloc.c.obj (.text:__vla_alloc)
                  00020f2c    00000120     notification.obj (.text)
                  0002104c    00000114     esm.obj (.text:retain)
                  00021160    00000100     rtsv7R4_T_le_v3D16_eabi.lib : memory.c.obj (.text:aligned_alloc)
                  00021260    000000fc     realtimeClock.obj (.text)
                  0002135c    000000e8     dabort.obj (.text)
                  00021444    000000e4     rtsv7R4_T_le_v3D16_eabi.lib : memory.c.obj (.text:free)
                  00021528    000000e4                                 : memory.c.obj (.text:realloc)
                  0002160c    000000e0                                 : s_floor.c.obj (.text:floor)
                  000216ec    000000e0     sys_pmu.obj (.text)
                  000217cc    000000c4     custom_crc.obj (.text)
                  00021890    0000009c     rtsv7R4_T_le_v3D16_eabi.lib : memcpy_t2.asm.obj (.text)
                  0002192c    00000094     F021_API_CortexR4_LE_V3D16.lib : BlankCheck.obj (.text:Fapi_doBlankCheck)
                  000219c0    00000094     rti.obj (.text:retain)
                  00021a54    00000080     F021_API_CortexR4_LE_V3D16.lib : FlashStateMachine.EnableEepromSectors.obj (.text:Fapi_enableEepromBankSectors)
                  00021ad4    0000007a     rtsv7R4_T_le_v3D16_eabi.lib : memset_t2.asm.obj (.text)
                  00021b4e    00000002                                 : div0.asm.obj (.text)
                  00021b50    00000078                                 : vla_alloc.c.obj (.text:_ZN33_INTERNAL_11_vla_alloc_c_be8bd49b21free_dead_allocationsEPv)
                  00021bc8    00000074                                 : memory.c.obj (.text:split)
                  00021c3c    00000070                                 : vla_alloc.c.obj (.text:__vla_dealloc)
                  00021cac    0000006c                                 : copy_decompress_lzss.c.obj (.text:decompress:lzss:__TI_decompress_lzss)
                  00021d18    0000005e     F021_API_CortexR4_LE_V3D16.lib : Read.LoopDword.obj (.text:_Fapi_loopRegionForValue)
                  00021d76    00000002     --HOLE-- [fill = 0]
                  00021d78    00000054     rtsv7R4_T_le_v3D16_eabi.lib : i_div32.asm.obj (.text)
                  00021dcc    00000050     F021_API_CortexR4_LE_V3D16.lib : FlashStateMachine.Hercules.IsEccAddress.obj (.text:Fapi_isAddressEcc)
                  00021e1c    00000050     rtsv7R4_T_le_v3D16_eabi.lib : atoi.c.obj (.text:atoi)
                  00021e6c    00000050                                 : u_div32.asm.obj (.text)
                  00021ebc    00000048                                 : hosttime.c.obj (.text:HOSTtime)
                  00021f04    00000044     F021_API_CortexR4_LE_V3D16.lib : FlashStateMachine.EnableEepromSectors.obj (.text:_Fapi_EnableSectors)
                  00021f48    00000044     rtsv7R4_T_le_v3D16_eabi.lib : autoinit.c.obj (.text:__TI_auto_init_nobinit_nopinit:__TI_auto_init_nobinit_nopinit)
                  00021f8c    00000040     F021_API_CortexR4_LE_V3D16.lib : Utilities.CalculateFletcher.obj (.text:Fapi_calculateFletcherChecksum)
                  00021fcc    00000040     rtsv7R4_T_le_v3D16_eabi.lib : sprintf.c.obj (.text:sprintf)
                  0002200c    0000003c     F021_API_CortexR4_LE_V3D16.lib : FlashStateMachine.IssueFsmCommand.obj (.text:_Fapi_issueFsmCommand)
                  00022048    0000003c     rtsv7R4_T_le_v3D16_eabi.lib : trgmsg.c.obj (.text:__TI_writemsg)
                  00022084    00000034                                 : trgmsg.c.obj (.text:__TI_readmsg)
                  000220b8    00000030     F021_API_CortexR4_LE_V3D16.lib : Async.WithAddress.obj (.text:Fapi_issueAsyncCommandWithAddress)
                  000220e8    00000030                                    : Utilities.WaitDelay.obj (.text:Fapi_waitDelay)
                  00022118    0000002c                                    : Read.Common.obj (.text:_Fapi_readDword)
                  00022144    0000002a                                    : Async.obj (.text:Fapi_issueAsyncCommand)
                  0002216e    00000002     --HOLE-- [fill = 0]
                  00022170    00000028     rtsv7R4_T_le_v3D16_eabi.lib : memory.c.obj (.text:free_list_insert)
                  00022198    00000026                                 : memccpy.c.obj (.text:memccpy)
                  000221be    00000022     F021_API_CortexR4_LE_V3D16.lib : Read.FlushPipeline.obj (.text:Fapi_flushPipeline)
                  000221e0    0000001c                                    : FlashStateMachine.InitializeFlashBanks.obj (.text:_Fapi_divideUnsignedLong)
                  000221fc    0000001c     rtsv7R4_T_le_v3D16_eabi.lib : memory.c.obj (.text:free_list_remove)
                  00022218    0000001a                                 : sprintf.c.obj (.text:_outs)
                  00022232    00000018                                 : strcmp.c.obj (.text:strcmp)
                  0002224a    00000016                                 : strlen.c.obj (.text:strlen)
                  00022260    00000010     F021_API_CortexR4_LE_V3D16.lib : Utilities.GetNumberOfSectors.obj (.text:Fapi_getNumberOfBankSectors)
                  00022270    00000010                                    : FlashStateMachine.ScaleFclk.obj (.text:_scaleEEFclk)
                  00022280    00000010                                    : FlashStateMachine.ScaleFclk.obj (.text:_scaleMainFclk)
                  00022290    0000000e     rtsv7R4_T_le_v3D16_eabi.lib : time.c.obj (.text:__time32)
                  0002229e    0000000e                                 : copy_decompress_none.c.obj (.text:decompress:none:__TI_decompress_none)
                  000222ac    0000000c     F021_API_CortexR4_LE_V3D16.lib : Read.WdService.obj (.text:_Fapi_checkWdService)
                  000222b8    0000000c     rtsv7R4_T_le_v3D16_eabi.lib : copy_zero_init.c.obj (.text:decompress:ZI:__TI_zero_init)
                  000222c4    0000000a                                 : sprintf.c.obj (.text:_outc)
                  000222ce    00000002     --HOLE-- [fill = 0]
                  000222d0    00000008     Fapi_UserDefinedFunctions.obj (.text)
                  000222d8    00000008     rtsv7R4_T_le_v3D16_eabi.lib : memory.c.obj (.text:malloc)
                  000222e0    00000004                                 : error.c.obj (.text:__abort_execution)
                  000222e4    00000004                                 : exit.c.obj (.text:abort:abort)
                  000222e8    00000004     sys_phantom.obj (.text:retain)
                  000222ec    00000004     sys_startup.obj (.text)
                  000222f0    00000008     Fapi_UserDefinedFunctions.obj (.tramp.Fapi_serviceWatchdogTimer.1)

FEE_TEXT_SECTION 
*          0    000222f8    00001458     
                  000222f8    00000cb4     ti_fee_writeAsync.obj (FEE_TEXT_SECTION)
                  00022fac    000007a4     ti_fee_read.obj (FEE_TEXT_SECTION)

.const     0    00023750    00000301     
                  00023750    00000200     sys_vim.obj (.const:s_vim_init)
                  00023950    00000101     rtsv7R4_T_le_v3D16_eabi.lib : ctype.c.obj (.const:.string:_ctypes_)

FEE_CONST_SECTION 
*          0    00023a54    000000b0     
                  00023a54    00000084     Device_RM46.obj (FEE_CONST_SECTION)
                  00023ad8    0000002c     ti_fee_cfg.obj (FEE_CONST_SECTION)

.kernelBSS 
*          0    08000800    0000026c     UNINITIALIZED
                  08000800    000001fc     os_tasks.obj (.kernelBSS:uninit)
                  080009fc    00000034     os_tasks.obj (.kernelBSS:init)
                  08000a30    00000030     os_timer.obj (.kernelBSS:uninit)
                  08000a60    0000000c     os_timer.obj (.kernelBSS:init)

.kernelHEAP 
*          0    08001000    00002000     UNINITIALIZED
                  08001000    00002000     os_heap.obj (.kernelHEAP)

.sysmem    0    08003000    00000800     UNINITIALIZED
                  08003000    00000010     rtsv7R4_T_le_v3D16_eabi.lib : memory.c.obj (.sysmem)
                  08003010    000007f0     --HOLE--

.bss       0    08003800    0000065a     UNINITIALIZED
                  08003800    00000240     skeleton_main.obj (.bss:global_channelD)
                  08003a40    000001b0     skeleton_main.obj (.bss:global_ina226D)
                  08003bf0    00000120     rtsv7R4_T_le_v3D16_eabi.lib : trgmsg.c.obj (.bss:_CIOBUF_)
                  08003d10    00000050     skeleton_main.obj (.bss:global_mpptD)
                  08003d60    00000040     skeleton_main.obj (.bss:global_ina3221D)
                  08003da0    00000028     sci.obj (.bss:g_sciTransfer_t)
                  08003dc8    00000018     skeleton_main.obj (.bss:global_heaterD)
                  08003de0    00000014     uart_cmd.obj (.bss:cmd1)
                  08003df4    00000014     skeleton_main.obj (.bss:global_battD)
                  08003e08    0000000c     i2c.obj (.bss:g_i2cTransfer_t)
                  08003e14    0000000c     skeleton_main.obj (.bss:global_realtimeClock)
                  08003e20    00000008     uart_cmd.obj (.bss)
                  08003e28    00000008     os_heap.obj (.bss:xStart)
                  08003e30    00000008     (.common:parmbuf)
                  08003e38    00000004     skeleton_main.obj (.bss:global_max6698D)
                  08003e3c    00000004     (.common:checkActiveTask_Handle)
                  08003e40    00000004     (.common:getHKTask_Handle)
                  08003e44    00000004     (.common:heaterCtrlTask_Handle)
                  08003e48    00000004     (.common:initTask_Handle)
                  08003e4c    00000004     (.common:outputchanCtrlTask_Handle)
                  08003e50    00000004     (.common:powerConversion_and_battCtrlTask_Handle)
                  08003e54    00000004     (.common:receiveCMDTask_Handle)
                  08003e58    00000002     fee_function.obj (.bss)

.data      0    08003e5c    00000322     UNINITIALIZED
                  08003e5c    000001cc     skeleton_main.obj (.data:global_flashD)
                  08004028    00000056     skeleton_main.obj (.data)
                  0800407e    00000002     heater.obj (.data:HEAT_num)
                  08004080    00000048     channel.obj (.data:CH)
                  080040c8    00000020     ad5324.obj (.data:binary)
                  080040e8    00000014     skeleton_main.obj (.data:preTick$1)
                  080040fc    00000012     channel.obj (.data:CH_num)
                  0800410e    00000012     skeleton_main.obj (.data:global_flash_senser_config)
                  08004120    00000010     battery.obj (.data:BSW)
                  08004130    00000010     battery.obj (.data:BSW_num)
                  08004140    00000010     os_heap.obj (.data)
                  08004150    00000008     rtsv7R4_T_le_v3D16_eabi.lib : _lock.c.obj (.data:$O1$$)
                  08004158    00000008                                 : memory.c.obj (.data:$O1$$)
                  08004160    00000008     F021_API_CortexR4_LE_V3D16.lib : FlashStateMachine.ScaleFclk.obj (.data)
                  08004168    00000008     heater.obj (.data:HEAT)
                  08004170    00000008     os_port.obj (.data)
                  08004178    00000004     rtsv7R4_T_le_v3D16_eabi.lib : vla_alloc.c.obj (.data)
                  0800417c    00000001     F021_API_CortexR4_LE_V3D16.lib : FlashStateMachine.SetActiveBank.obj (.data)
                  0800417d    00000001     fee_function.obj (.data)

FEE_DATA_SECTION 
*          0    08004180    00000131     UNINITIALIZED
                  08004180    000000f5     ti_fee_ini.obj (FEE_DATA_SECTION)
                  08004275    00000001     ti_fee_main.obj (FEE_DATA_SECTION)
                  08004276    00000002     --HOLE--
                  08004278    0000002e     ti_fee_util.obj (FEE_DATA_SECTION:uninit)
                  080042a6    00000002     --HOLE--
                  080042a8    00000009     ti_fee_util.obj (FEE_DATA_SECTION:init)

__llvm_prf_cnts 
*          0    08001000    00000000     UNINITIALIZED

MODULE SUMMARY

       Module                                        code     ro data   rw data
       ------                                        ----     -------   -------
    .\source\
       ti_fee_util.obj                               22472    0         55     
       os_tasks.obj                                  11696    0         560    
       sys_selftest.obj                              11484    0         0      
       os_heap.obj                                   1524     0         8216   
       ti_fee_ini.obj                                5988     0         245    
       os_queue.obj                                  4708     0         0      
       ti_fee_main.obj                               4320     0         1      
       sys_vim.obj                                   3364     512       0      
       ti_fee_writeAsync.obj                         3252     0         0      
       os_mpu_wrappers.obj                           3092     0         0      
       system.obj                                    2916     0         0      
       os_timer.obj                                  2736     0         60     
       can.obj                                       2604     0         0      
       mibspi.obj                                    2592     0         0      
       sci.obj                                       2492     0         40     
       i2c.obj                                       2264     0         12     
       pinmux.obj                                    2236     0         0      
       os_event_groups.obj                           2072     0         0      
       ti_fee_read.obj                               1956     0         0      
       esm.obj                                       1744     0         0      
       rti.obj                                       1732     0         0      
       errata_SSWF021_45.obj                         1636     0         0      
       os_port.obj                                   1424     0         8      
       os_portasm.obj                                1212     0         0      
       gio.obj                                       1156     0         0      
       sys_core.obj                                  844      0         0      
       sys_startup.obj                               700      0         0      
       os_list.obj                                   568      0         0      
       notification.obj                              288      0         0      
       dabort.obj                                    232      0         0      
       sys_pmu.obj                                   224      0         0      
       Device_RM46.obj                               0        132       0      
       ti_fee_cfg.obj                                0        44        0      
       sys_intvecs.obj                               32       0         0      
       Fapi_UserDefinedFunctions.obj                 16       0         0      
       sys_phantom.obj                               4        0         0      
    +--+---------------------------------------------+--------+---------+---------+
       Total:                                        105580   688       9197   
                                                                               
    .\source_custom\
       skeleton_main.obj                             6244     0         1824   
       fee_function.obj                              5544     0         3      
       channel.obj                                   2468     0         90     
       ina226.obj                                    1880     0         0      
       cmd_interface.obj                             1712     0         0      
       ina3221.obj                                   1488     0         0      
       ad5324.obj                                    1408     0         32     
       max6698.obj                                   900      0         0      
       heater.obj                                    828      0         10     
       mppt.obj                                      816      0         0      
       battery.obj                                   648      0         32     
       uart_cmd.obj                                  460      0         28     
       realtimeClock.obj                             252      0         0      
       custom_crc.obj                                196      0         0      
    +--+---------------------------------------------+--------+---------+---------+
       Total:                                        24844    0         2019   
                                                                               
    C:/ti/Hercules/F021 Flash API/02.01.01/F021_API_CortexR4_LE_V3D16.lib
       FlashStateMachine.InitializeFlashBanks.obj    636      0         0      
       FlashStateMachine.SetActiveBank.obj           380      0         1      
       FlashStateMachine.EnableEepromSectors.obj     196      0         0      
       BlankCheck.obj                                148      0         0      
       Read.LoopDword.obj                            94       0         0      
       FlashStateMachine.Hercules.IsEccAddress.obj   80       0         0      
       Utilities.CalculateFletcher.obj               64       0         0      
       FlashStateMachine.IssueFsmCommand.obj         60       0         0      
       Async.WithAddress.obj                         48       0         0      
       Utilities.WaitDelay.obj                       48       0         0      
       Read.Common.obj                               44       0         0      
       Async.obj                                     42       0         0      
       FlashStateMachine.ScaleFclk.obj               32       0         8      
       Read.FlushPipeline.obj                        34       0         0      
       Utilities.GetNumberOfSectors.obj              16       0         0      
       Read.WdService.obj                            12       0         0      
    +--+---------------------------------------------+--------+---------+---------+
       Total:                                        1934     0         9      
                                                                               
    F:/Program Files/ti/ccs8/ccsv8/tools/compiler/ti-cgt-arm_20.2.5.LTS/lib/rtsv7R4_T_le_v3D16_eabi.lib
       memory.c.obj                                  904      0         8      
       ull_div32.asm.obj                             696      0         0      
       vla_alloc.c.obj                               572      0         4      
       _printfi_min.c.obj                            550      0         0      
       trgmsg.c.obj                                  112      0         288    
       ctype.c.obj                                   0        257       0      
       s_floor.c.obj                                 224      0         0      
       memcpy_t2.asm.obj                             156      0         0      
       memset_t2.asm.obj                             122      0         0      
       copy_decompress_lzss.c.obj                    108      0         0      
       sprintf.c.obj                                 100      0         0      
       i_div32.asm.obj                               84       0         0      
       atoi.c.obj                                    80       0         0      
       u_div32.asm.obj                               80       0         0      
       hosttime.c.obj                                72       0         0      
       autoinit.c.obj                                68       0         0      
       memccpy.c.obj                                 38       0         0      
       strcmp.c.obj                                  24       0         0      
       strlen.c.obj                                  22       0         0      
       copy_decompress_none.c.obj                    14       0         0      
       time.c.obj                                    14       0         0      
       copy_zero_init.c.obj                          12       0         0      
       _lock.c.obj                                   2        0         8      
       hostopen.c.obj                                0        0         8      
       error.c.obj                                   4        0         0      
       exit.c.obj                                    4        0         0      
       div0.asm.obj                                  2        0         0      
    +--+---------------------------------------------+--------+---------+---------+
       Total:                                        4064     257       316    
                                                                               
       Heap:                                         0        0         2048   
       Linker Generated:                             0        266       0      
    +--+---------------------------------------------+--------+---------+---------+
       Grand Total:                                  136422   1211      13589  


LINKER GENERATED COPY TABLES

__TI_cinit_table @ 00005ea8 records: 5, size/record: 8, table size: 40
	.data: load addr=00005dc0, load size=000000b4 bytes, run addr=08003e5c, run size=00000322 bytes, compression=lzss
	.kernelBSS: load addr=00005e80, load size=00000009 bytes, run addr=08000800, run size=0000026c bytes, compression=lzss
	FEE_DATA_SECTION: load addr=00005e89, load size=00000009 bytes, run addr=08004180, run size=00000131 bytes, compression=lzss
	.bss: load addr=00005e98, load size=00000008 bytes, run addr=08003800, run size=0000065a bytes, compression=zero_init
	.kernelHEAP: load addr=00005ea0, load size=00000008 bytes, run addr=08001000, run size=00002000 bytes, compression=zero_init


LINKER GENERATED HANDLER TABLE

__TI_handler_table @ 00005e74 records: 3, size/record: 4, table size: 12
	index: 0, handler: __TI_decompress_lzss
	index: 1, handler: __TI_decompress_none
	index: 2, handler: __TI_zero_init

VENEERS

callee name               veneer name
   callee addr  veneer addr  call addr  call info
--------------  -----------  ---------  ----------------
Fapi_serviceWatchdogTimer  $Ven$TA$L$PI$$Fapi_serviceWatchdogTimer
   000222d0     000222f0     000222b2   F021_API_CortexR4_LE_V3D16.lib : Read.WdService.obj (.text:_Fapi_checkWdService)

[1 trampolines]
[1 trampoline calls]


GLOBAL SYMBOLS: SORTED ALPHABETICALLY BY Name 

address   name                                            
-------   ----                                            
000222e5  C$$EXIT                                         
0002207b  C$$IO$$                                         
00023a54  Device_FlashDevice                              
00021f8d  Fapi_calculateFletcherChecksum                  
0002192d  Fapi_doBlankCheck                               
00021a55  Fapi_enableEepromBankSectors                    
000221bf  Fapi_flushPipeline                              
00022261  Fapi_getNumberOfBankSectors                     
0001fec5  Fapi_initializeFlashBanks                       
00021dcd  Fapi_isAddressEcc                               
00022145  Fapi_issueAsyncCommand                          
000220b9  Fapi_issueAsyncCommandWithAddress               
000222d0  Fapi_serviceWatchdogTimer                       
00020b05  Fapi_setActiveFlashBank                         
000220e9  Fapi_waitDelay                                  
00023ae4  Fee_BlockConfiguration                          
00023ad8  Fee_VirtualSectorConfiguration                  
00021ebd  HOSTtime                                        
0001bb10  INA226_ConvToCurrent_mA                         
0001bb54  INA226_ConvToPower_mW                           
0001bb28  INA226_ConvToVoltage_mV                         
0001b648  INA226_CurrentToAlert_ShuntVoltage_Raw          
0001b6b8  INA226_Init                                     
0001b98c  INA226_ReadBusVoltage_Raw                       
0001ba04  INA226_ReadCurrent_Raw                          
0001b8cc  INA226_ReadMaskReg                              
0001ba98  INA226_ReadPower_Raw                            
0001b914  INA226_ReadShuntVoltage_Raw                     
0001b500  INA226_ReceiveData                              
0001b698  INA226_RshuntToCalReg                           
0001b420  INA226_SendData                                 
0001b858  INA226_SetAlertReg                              
0001b800  INA226_SetMaskReg                               
0001b670  INA226_VoltageToAlert_BusVoltage_Raw            
0001d3c0  INA3221_ConvToCurrent_mA                        
0001d430  INA3221_ConvToPower_mW                          
0001d400  INA3221_ConvToVoltage_mV                        
0001d14c  INA3221_Init                                    
0001d2d8  INA3221_ReadBusVoltage_Raw                      
0001d1f0  INA3221_ReadShuntVoltage_Raw                    
0001d004  INA3221_ReceiveData                             
0001cebc  INA3221_SendData                                
0001cbf8  IsdwdKeySequenceCorrect                         
0001e7c0  MAX6698_ConvertTemp_C                           
0001e674  MAX6698_Init                                    
0001e72c  MAX6698_ReadTemp_Raw                            
0001e52c  MAX6698_ReceiveData                             
0001e44c  MAX6698_SendData                                
00015ce4  MPU_eTaskGetState                               
00015ea4  MPU_pcTaskGetName                               
000164a0  MPU_pcTimerGetName                              
00015f84  MPU_pvTaskGetThreadLocalStoragePointer          
000163d8  MPU_pvTimerGetTimerID                           
0001609c  MPU_ulTaskNotifyTake                            
00016258  MPU_uxQueueMessagesWaiting                      
0001628c  MPU_uxQueueSpacesAvailable                      
00015e78  MPU_uxTaskGetNumberOfTasks                      
00015f0c  MPU_uxTaskGetStackHighWaterMark                 
00015cb0  MPU_uxTaskPriorityGet                           
000166fc  MPU_vEventGroupDelete                           
000162c0  MPU_vQueueDelete                                
00015bbc  MPU_vTaskAllocateMPURegions                     
00015c1c  MPU_vTaskDelay                                  
00015c48  MPU_vTaskDelayUntil                             
00015bf0  MPU_vTaskDelete                                 
00015d18  MPU_vTaskPrioritySet                            
00015d78  MPU_vTaskResume                                 
00015f40  MPU_vTaskSetThreadLocalStoragePointer           
00016114  MPU_vTaskSetTimeOutState                        
00015d4c  MPU_vTaskSuspend                                
00015da4  MPU_vTaskSuspendAll                             
0001640c  MPU_vTimerSetTimerID                            
00016620  MPU_xEventGroupClearBits                        
00016598  MPU_xEventGroupCreate                           
00016664  MPU_xEventGroupSetBits                          
000166a8  MPU_xEventGroupSync                             
000165c4  MPU_xEventGroupWaitBits                         
000162ec  MPU_xQueueGenericCreate                         
00016204  MPU_xQueueGenericReceive                        
00016338  MPU_xQueueGenericReset                          
000161b0  MPU_xQueueGenericSend                           
00015c7c  MPU_xTaskAbortDelay                             
00016140  MPU_xTaskCheckForTimeOut                        
00015b14  MPU_xTaskCreate                                 
00015b78  MPU_xTaskCreateRestricted                       
00015ff4  MPU_xTaskGenericNotify                          
00015e20  MPU_xTaskGetExpectedIdleTime                    
00015ed8  MPU_xTaskGetHandle                              
00015fc8  MPU_xTaskGetIdleTaskHandle                      
00016184  MPU_xTaskGetSchedulerState                      
00015df4  MPU_xTaskGetTickCount                           
00015e4c  MPU_xTaskGetTickOverflowCount                   
000160e0  MPU_xTaskNotifyStateClear                       
00016048  MPU_xTaskNotifyWait                             
00015dc8  MPU_xTaskResumeAll                              
0001637c  MPU_xTimerCreate                                
0001653c  MPU_xTimerGenericCommand                        
00016508  MPU_xTimerGetExpiryTime                         
000164d4  MPU_xTimerGetPeriod                             
00016474  MPU_xTimerGetTimerDaemonTaskHandle              
00016440  MPU_xTimerIsTimerActive                         
UNDEFED   SHT$$INIT_ARRAY$$Base                           
UNDEFED   SHT$$INIT_ARRAY$$Limit                          
00008af8  TI_FeeInternal_AlignAddressForECC               
0000918c  TI_FeeInternal_BlankCheck                       
0000cf30  TI_FeeInternal_CheckForError                    
0000aa54  TI_FeeInternal_CheckModuleState                 
0000aab4  TI_FeeInternal_CheckReadParameters              
0000d6c4  TI_FeeInternal_EnableRequiredFlashSector        
0000b040  TI_FeeInternal_FeeManager                       
00008ec8  TI_FeeInternal_FindNextVirtualSector            
0000d0ac  TI_FeeInternal_Fletcher16                       
00009d28  TI_FeeInternal_GetArrayIndex                    
00009c6c  TI_FeeInternal_GetBlockIndex                    
00009c30  TI_FeeInternal_GetBlockNumber                   
00008e88  TI_FeeInternal_GetBlockSize                     
0000abe4  TI_FeeInternal_GetCurrentBlockAddress           
00009cec  TI_FeeInternal_GetDataSetIndex                  
0000ace8  TI_FeeInternal_GetNextFlashAddress              
00009a54  TI_FeeInternal_GetVirtualSectorIndex            
00008020  TI_FeeInternal_GetVirtualSectorParameter        
0000cb10  TI_FeeInternal_InvalidateErase                  
00008e0c  TI_FeeInternal_PollFlashStatus                  
0000ad38  TI_FeeInternal_SanityCheck                      
0000af28  TI_FeeInternal_SetClearCopyBlockState           
0000cdc0  TI_FeeInternal_StartProgramBlock                
00009e90  TI_FeeInternal_UpdateBlockOffsetArray           
0000c4b8  TI_FeeInternal_WriteBlockHeader                 
00008664  TI_FeeInternal_WriteDataF021                    
00008b30  TI_FeeInternal_WriteInitialize                  
0000c818  TI_FeeInternal_WritePreviousBlockHeader         
000081b8  TI_FeeInternal_WriteVirtualSectorHeader         
0000d1d8  TI_Fee_ErrorRecovery                            
08004274  TI_Fee_FapiInitCalled                           
0000cec4  TI_Fee_GetStatus                                
08004180  TI_Fee_GlobalVariables                          
00011dac  TI_Fee_Init                                     
00014a34  TI_Fee_MainFunction                             
00022fac  TI_Fee_Read                                     
0000d4b4  TI_Fee_SuspendResumeErase                       
000222f8  TI_Fee_WriteAsync                               
0800425d  TI_Fee_bEraseSuspended                          
0800425e  TI_Fee_bIsMainFunctionCalled                    
08004260  TI_Fee_oStatusWord                              
08004258  TI_Fee_u32ActCpyVS                              
08004250  TI_Fee_u32BlockEraseCount                       
0800424c  TI_Fee_u32FletcherChecksum                      
08004248  TI_Fee_u8DataSets                               
08004254  TI_Fee_u8DeviceIndex                            
0800425c  TI_Fee_u8ErrEraseVS                             
08004264  TI_FlashStatusWord                              
00021f05  _Fapi_EnableSectors                             
000222ad  _Fapi_checkWdService                            
0002200d  _Fapi_issueFsmCommand                           
00021d19  _Fapi_loopRegionForValue                        
00022119  _Fapi_readDword                                 
08003bf0  __CIOBUF_                                       
00000800  __SYSMEM_SIZE                                   
00005ea8  __TI_CINIT_Base                                 
00005ed0  __TI_CINIT_Limit                                
00005e74  __TI_Handler_Table_Base                         
00005e80  __TI_Handler_Table_Limit                        
0001eb14  __TI_PINIT_Base                                 
0001eb18  __TI_PINIT_Limit                                
00021f49  __TI_auto_init_nobinit_nopinit                  
00021cad  __TI_decompress_lzss                            
0002229f  __TI_decompress_none                            
ffffffff  __TI_pprof_out_hndl                             
0002035d  __TI_printfi_minimal                            
ffffffff  __TI_prof_data_size                             
ffffffff  __TI_prof_data_start                            
00022085  __TI_readmsg                                    
00000000  __TI_static_base__                              
00022049  __TI_writemsg                                   
000222b9  __TI_zero_init                                  
000222e1  __abort_execution                               
00021d78  __aeabi_idiv                                    
00021b4f  __aeabi_idiv0                                   
00021d78  __aeabi_idivmod                                 
00021b4f  __aeabi_ldiv0                                   
00021ad5  __aeabi_memclr                                  
00021ad5  __aeabi_memclr4                                 
00021ad5  __aeabi_memclr8                                 
00021891  __aeabi_memcpy                                  
00021891  __aeabi_memcpy4                                 
00021891  __aeabi_memcpy8                                 
00021ad7  __aeabi_memset                                  
00021ad7  __aeabi_memset4                                 
00021ad7  __aeabi_memset8                                 
00021e6c  __aeabi_uidiv                                   
00021e6c  __aeabi_uidivmod                                
0001f70c  __aeabi_uldivmod                                
ffffffff  __binit__                                       
ffffffff  __c_args__                                      
08001000  __start___llvm_prf_cnts                         
08001000  __stop___llvm_prf_cnts                          
00022291  __time32                                        
00020dd9  __vla_alloc                                     
00021c3d  __vla_dealloc                                   
0001f454  _c_int00                                        
0001ea2c  _coreClearAuxiliaryDataFault_                   
0001ea40  _coreClearAuxiliaryInstructionFault_            
0001ea04  _coreClearDataFaultAddress_                     
0001e9dc  _coreClearDataFault_                            
0001ea18  _coreClearInstructionFaultAddress_              
0001e9f0  _coreClearInstructionFault_                     
0001e970  _coreDisableEventBusExport_                     
0001e9b4  _coreDisableFlashEcc_                           
0001e990  _coreDisableRamEcc_                             
0001e960  _coreEnableEventBusExport_                      
0001e9a0  _coreEnableFlashEcc_                            
0001e9c4  _coreEnableIrqVicOffset_                        
0001e980  _coreEnableRamEcc_                              
0001e948  _coreEnableVfp_                                 
0001ea24  _coreGetAuxiliaryDataFault_                     
0001ea38  _coreGetAuxiliaryInstructionFault_              
0001e9fc  _coreGetDataFaultAddress_                       
0001e9d4  _coreGetDataFault_                              
0001ea10  _coreGetInstructionFaultAddress_                
0001e9e8  _coreGetInstructionFault_                       
0001e7d0  _coreInitRegisters_                             
0001e8dc  _coreInitStackPointer_                          
00023950  _ctypes_                                        
0002135c  _dabort                                         
0001ea54  _disable_FIQ_interrupt_                         
0001ea5c  _disable_IRQ_interrupt_                         
0001ea4c  _disable_interrupt_                             
0001ea64  _enable_interrupt_                              
0001eaf4  _errata_CORTEXR4_57_                            
0001eb04  _errata_CORTEXR4_66_                            
0001c228  _errata_SSWF021_45_both_plls                    
0001c41c  _errata_SSWF021_45_pll1                         
0001c594  _errata_SSWF021_45_pll2                         
0001ea6c  _esmCcmErrorsClear_                             
0001e928  _getCPSRValue_                                  
0001e930  _gotoCPUIdle_                                   
08004150  _lock                                           
00020583  _nop                                            
00021748  _pmuDisableCountersGlobal_                      
00021738  _pmuEnableCountersGlobal_                       
000217a4  _pmuGetCycleCount_                              
000217ac  _pmuGetEventCount_                              
000217b8  _pmuGetOverflow_                                
000216ec  _pmuInit_                                       
00021778  _pmuResetCounters_                              
00021758  _pmuResetCycleCounter_                          
00021768  _pmuResetEventCounters_                         
00021798  _pmuSetCountEvent_                              
00021788  _pmuStartCounters_                              
00021790  _pmuStopCounters_                               
00022271  _scaleEEFclk                                    
00022281  _scaleMainFclk                                  
08003000  _sys_memory                                     
UNDEFED   _system_post_cinit                              
08004154  _unlock                                         
000222e5  abort                                           
0000ea34  adc1ParityCheck                                 
0000eb20  adc2ParityCheck                                 
00021161  aligned_alloc                                   
00021e1d  atoi                                            
0001fa14  battery_chargingSW_off                          
0001f9c4  battery_chargingSW_on                           
0001fb04  battery_check_charging_status                   
0001fb98  battery_check_temp_then_SW                      
0001fab4  battery_dischargingSW_off                       
0001fa64  battery_dischargingSW_on                        
0001fb44  battery_read_rawdata_and_convert                
ffffffff  binit                                           
0001856c  can1GetConfigValue                              
0000ebd8  can1ParityCheck                                 
0000ecb0  can2ParityCheck                                 
0000ed78  can3ParityCheck                                 
0001840c  canDisableErrorNotification                     
000183ec  canDisableStatusChangeNotification              
00018464  canDisableloopback                              
000183ac  canEnableErrorNotification                      
000183cc  canEnableStatusChangeNotification               
0001842c  canEnableloopback                               
00020f84  canErrorNotification                            
0001815c  canFillMessageObjectData                        
00017e8c  canGetData                                      
00018388  canGetErrorLevel                                
00017fdc  canGetID                                        
00018364  canGetLastError                                 
00017ce4  canInit                                         
00018550  canIoRxGetBit                                   
00018494  canIoSetDirection                               
000184e4  canIoSetPort                                    
00018534  canIoTxGetBit                                   
00018308  canIsMessageBoxValid                            
000182ac  canIsRxMessageArrived                           
00018250  canIsTxMessagePending                           
00020fac  canMessageNotification                          
000180bc  canSendRemoteFrame                              
00020f98  canStatusChangeNotification                     
00017d98  canTransmit                                     
00018044  canUpdateID                                     
0000d7f8  ccmSelfCheck                                    
0000fec4  ccmr4GetConfigValue                             
0001962c  channel_check_batteryI_then_SW                  
00019530  channel_check_batteryV_then_SW                  
00019714  channel_check_chanV_then_SW                     
00019394  channel_check_mode                              
000198ac  channel_check_overcurrent_then_config_and_resume
000191dc  channel_off                                     
00019130  channel_on                                      
0001949c  channel_read_rawdata_and_convert                
0001981c  channel_resume                                  
00019288  channel_set_group_mask                          
08003e3c  checkActiveTask_Handle                          
0000e100  checkB0RAMECC                                   
0000e2f0  checkB1RAMECC                                   
0000f3e0  checkClockMonitor                               
0000e4e0  checkFlashECC                                   
0000f4bc  checkFlashEEPROMECC                             
0000f654  checkPLL1Slip                                   
0000f754  checkPLL2Slip                                   
0000f818  checkRAMAddrParity                              
0000f198  checkRAMECC                                     
0000f924  checkRAMUERRTest                                
00011218  check_other_tasks_activity_task                 
0000df84  checkefcSelfTest                                
0000d9fc  cpuSelfTest                                     
0000e5c4  cpuSelfTestFail                                 
000217cc  crc8_calculate                                  
00021850  crc8_check                                      
00021024  crcNotification                                 
000171b0  customTrimLPO                                   
0000e5bc  custom_dabort                                   
0001db08  dac_write_en                                    
0001dc98  dac_write_en_ss                                 
0001de24  dac_write_ss                                    
0001348c  delay                                           
00010320  disableParity                                   
00021038  dmaGroupANotification                           
0000e674  dmaParityCheck                                  
0001cc60  dwdClearFlag                                    
0001cb94  dwdCounterEnable                                
0001cbdc  dwdGenerateSysReset                             
0001cc2c  dwdGetStatus                                    
0001cc70  dwdGetViolationStatus                           
0001cb18  dwdInit                                         
0001cbc0  dwdReset                                        
0001cba4  dwdSetPreload                                   
0001cb88  dwwdGetCurrentDownCounter                       
0001cb40  dwwdInit                                        
00001fa8  eTaskConfirmSleepModeStatus                     
00000888  eTaskGetState                                   
0000de28  efcCheck                                        
0000fe28  efcGetConfigValue                               
0000df5c  efcSelfTest                                     
0000deb0  efcStuckZeroTest                                
00010298  enableParity                                    
00011a24  enter_snooze                                    
0000ff34  errata_PBIST_4                                  
0001d610  esmActivateNormalOperation                      
0001d6e4  esmClearStatus                                  
0001d724  esmClearStatusBuffer                            
0001d5d8  esmDisableError                                 
0001d648  esmDisableInterrupt                             
0001d5b0  esmEnableError                                  
0001d620  esmEnableInterrupt                              
0001d81c  esmEnterSelfTest                                
0001d594  esmError                                        
0001d8f4  esmGetConfigValue                               
0001d760  esmGetStatus                                    
0001d7e4  esmGetStatusBuffer                              
00020f2c  esmGroup1Notification                           
00020f3c  esmGroup2Notification                           
0002104c  esmHighInterrupt                                
0001d48c  esmInit                                         
0001d8a4  esmSelfTestStatus                               
0001d740  esmSetCounterPreloadValue                       
0001d670  esmSetInterruptLevel                            
0001d600  esmTriggerErrorPinReset                         
000134b8  fee_initial                                     
00013674  fee_read_16bit                                  
000138f0  fee_read_16bit_and_check_crc                    
0001376c  fee_read_32bit                                  
00013988  fee_read_32bit_and_check_crc                    
00013618  fee_read_8bit                                   
0001388c  fee_read_8bit_and_check_crc                     
00013bec  fee_read_flash_copy                             
00013a34  fee_read_sensor_config                          
00013530  fee_write_16bit                                 
000134ec  fee_write_8bit                                  
0002160d  floor                                           
0002160d  floorl                                          
0000fa8c  fmcBus1ParityCheck                              
0000e024  fmcBus2Check                                    
0000e060  fmcECCcheck                                     
00021445  free                                            
08003e40  getHKTask_Handle                                
00010e50  getHK_task                                      
0001da48  get_binary                                      
0001bcf0  get_hk_batt                                     
0001bb78  get_hk_bc                                       
0001bffc  get_hk_channel                                  
000212c8  getcurrTime                                     
0001e228  gioDisableNotification                          
0001e1c0  gioEnableNotification                           
0001e128  gioGetBit                                       
0001e290  gioGetConfigValue                               
0001e150  gioGetPort                                      
0001dfc8  gioInit                                         
00020fc0  gioNotification                                 
0001e0b8  gioSetBit                                       
0001e098  gioSetDirection                                 
0001e108  gioSetPort                                      
0001e168  gioToggleBit                                    
000222ec  handlePLLLockFail                               
08003e44  heaterCtrlTask_Handle                           
00011550  heaterCtrl_task                                 
0001eb68  heater_off                                      
0001eb1c  heater_on                                       
0001ebb4  heater_read_rawdata_and_convert                 
0001ebe8  heater_temp_SW                                  
0001ec94  heater_update_profile                           
0000e720  het1ParityCheck                                 
0000e888  het2ParityCheck                                 
0000e7cc  htu1ParityCheck                                 
0000e984  htu2ParityCheck                                 
00019ee0  i2cClearSCD                                     
00019fe4  i2cDisableLoopback                              
0001a058  i2cDisableNotification                          
00019fc4  i2cEnableLoopback                               
0001a01c  i2cEnableNotification                           
0001a0e0  i2cGetConfigValue                               
00019ad4  i2cInit                                         
0001a320  i2cIsBusBusy                                    
0001a2e0  i2cIsMasterReady                                
00019e78  i2cIsRxReady                                    
00019e94  i2cIsStopDetected                               
00019d60  i2cIsTxReady                                    
00020fd4  i2cNotification                                 
00019f24  i2cReceive                                      
00019efc  i2cReceiveByte                                  
00019eb0  i2cRxError                                      
00019dac  i2cSend                                         
00019d7c  i2cSendByte                                     
00019c00  i2cSetBaudrate                                  
00019d40  i2cSetCount                                     
0001a2a8  i2cSetDirection                                 
0001a0a8  i2cSetMode                                      
00019bc0  i2cSetOwnAdd                                    
00019be0  i2cSetSlaveAdd                                  
00019d00  i2cSetStart                                     
00019d20  i2cSetStop                                      
08003e48  initTask_Handle                                 
00010564  init_task                                       
00020584  linHighLevelInterrupt                           
000104c4  main                                            
000222d9  malloc                                          
00016890  mapClocks                                       
00021161  memalign                                        
00022199  memccpy                                         
00021891  memcpy                                          
0000d93c  memoryInit                                      
00020f4c  memoryPort0TestFailNotification                 
00020f68  memoryPort1TestFailNotification                 
00021add  memset                                          
0000ee4c  mibspi1ParityCheck                              
00018dd0  mibspi3GetConfigValue                           
0000ef54  mibspi3ParityCheck                              
0000f078  mibspi5ParityCheck                              
00018d9c  mibspiDisableGroupNotification                  
00018ca8  mibspiDisableLoopback                           
00018d14  mibspiEnableGroupNotification                   
00018c74  mibspiEnableLoopback                            
00018a8c  mibspiGetData                                   
00020ffc  mibspiGroupNotification                         
00018710  mibspiInit                                      
00018c08  mibspiIsTransferComplete                        
00020fe8  mibspiNotification                              
00018cc4  mibspiPmodeSet                                  
00018980  mibspiSetData                                   
00018960  mibspiSetFunctional                             
00018bd8  mibspiTransfer                                  
0001eef8  mppt_getPower                                   
0001ef28  mppt_getPower_ina226                            
0001ee58  mppt_hunts                                      
0001f070  mppt_pno_en                                     
0001ef58  mppt_pno_ss                                     
0001a3ac  muxInit                                         
08003e4c  outputchanCtrlTask_Handle                       
00011440  outputchanCtrl_task                             
08003e30  parmbuf                                         
0000fbb4  pbistFail                                       
0000fc38  pbistGetConfigValue                             
0000dd70  pbistIsTestCompleted                            
0000dd9c  pbistIsTestPassed                               
0000ddd0  pbistPortTestStatus                             
0000dc74  pbistRun                                        
0000da94  pbistSelfCheck                                  
0000dd40  pbistStop                                       
00001388  pcTaskGetName                                   
000041b8  pcTimerGetName                                  
0001683c  periphInit                                      
000222e8  phantomInterrupt                                
0001a860  pinmuxGetConfigValue                            
00011b30  post_wakeup                                     
08003e50  powerConversion_and_battCtrlTask_Handle         
000116a4  powerConversion_and_battCtrl_task               
00005638  prvMpuDisable                                   
00005620  prvMpuEnable                                    
00005608  prvMpuSetRegion                                 
00005a40  pvPortMalloc                                    
00002080  pvTaskGetThreadLocalStoragePointer              
000048ec  pvTimerGetTimerID                               
080009fc  pxCurrentTCB                                    
00005660  pxPortInitialiseStack                           
00021529  realloc                                         
08003e54  receiveCMDTask_Handle                           
000118a0  receiveCMD_task                                 
00000000  resetEntry                                      
00021294  resetRTC                                        
00021260  resetRTC_debug                                  
000219c0  rtiCompare0Interrupt                            
00021a08  rtiCompare1Interrupt                            
0001cd20  rtiDisableNotification                          
0001ccf8  rtiEnableNotification                           
0001cd3c  rtiGetConfigValue                               
0001ca8c  rtiGetCurrentTick                               
0001ca64  rtiGetPeriod                                    
0001c88c  rtiInit                                         
00011bb0  rtiNotification                                 
0001c9d8  rtiResetCounter                                 
0001ca3c  rtiSetPeriod                                    
0001c980  rtiStartCounter                                 
0001c9ac  rtiStopCounter                                  
0001b130  sciDisableLoopback                              
0001b1bc  sciDisableNotification                          
0001b0fc  sciEnableLoopback                               
0001b154  sciEnableNotification                           
0001b224  sciEnterResetState                              
0001b244  sciExitResetState                               
0001ac68  sciInit                                         
0001afac  sciIsIdleDetected                               
0001af90  sciIsRxReady                                    
0001ae10  sciIsTxReady                                    
00020880  sciNotification                                 
0001b024  sciReceive                                      
0001aff8  sciReceiveByte                                  
0001afc8  sciRxError                                      
0001ae5c  sciSend                                         
0001ae2c  sciSendByte                                     
0001ad74  sciSetBaudrate                                  
0001ad54  sciSetFunctional                                
0001b264  scilinGetConfigValue                            
0000d7e8  selftestFailNotification                        
0001c1a0  set_default_max6698_init                        
000167fc  setupFlash                                      
00016728  setupPLL                                        
00021fcd  sprintf                                         
00017074  sramGetConfigValue                              
0000fd84  stcGetConfigValue                               
0000d980  stcSelfCheck                                    
0000e5c0  stcSelfCheckFail                                
00022233  strcmp                                          
0002224b  strlen                                          
00016ab4  systemGetConfigValue                            
000169b8  systemInit                                      
00016a84  systemPowerDown                                 
00016ec8  tcmflashGetConfigValue                          
00022291  time                                            
00016788  trimLPO                                         
00020788  uart_tx                                         
08004170  ulCriticalNesting                               
00005524  ulPortCountLeadingZeros                         
08004174  ulTaskHasFPUContext                             
0000241c  ulTaskNotifyTake                                
000202d0  uxListRemove                                    
00003988  uxQueueMessagesWaiting                          
00003a0c  uxQueueMessagesWaitingFromISR                   
000039c0  uxQueueSpacesAvailable                          
0000137c  uxTaskGetNumberOfTasks                          
000022c4  uxTaskGetStackHighWaterMark                     
0000098c  uxTaskPriorityGet                               
000009d0  uxTaskPriorityGetFromISR                        
000023e0  uxTaskResetEventItemValue                       
00011b9c  vApplicationIdleHook                            
0000511c  vEventGroupClearBitsCallback                    
0000507c  vEventGroupDelete                               
00005100  vEventGroupSetBitsCallback                      
00020124  vListInitialise                                 
0002017c  vListInitialiseItem                             
0002020c  vListInsert                                     
00020198  vListInsertEnd                                  
00005a0c  vPortEndScheduler                               
00005c94  vPortFree                                       
00005da4  vPortInitialiseBlocks                           
00005518  vPortInitialiseFPSCR                            
00005418  vPortPreemptiveTick                             
0000552c  vPortSWI                                        
000051a8  vPortStartFirstTask                             
00005774  vPortStoreTaskMPUSettings                       
00005324  vPortYeildWithinAPI                             
00005238  vPortYieldProcessor                             
00003a3c  vQueueDelete                                    
00003e4c  vQueueWaitForMessageRestricted                  
000020ec  vTaskAllocateMPURegions                         
00000804  vTaskDelay                                      
00000698  vTaskDelayUntil                                 
00000530  vTaskDelete                                     
00001088  vTaskEndScheduler                               
00001f90  vTaskMissedYield                                
000029d0  vTaskNotifyGiveFromISR                          
00001afc  vTaskPlaceOnEventList                           
00001bc4  vTaskPlaceOnEventListRestricted                 
00001b40  vTaskPlaceOnUnorderedEventList                  
00000a18  vTaskPrioritySet                                
00000e14  vTaskResume                                     
00002028  vTaskSetThreadLocalStoragePointer               
00001e18  vTaskSetTimeOutState                            
00000fdc  vTaskStartScheduler                             
0000169c  vTaskStepTick                                   
00000c10  vTaskSuspend                                    
000010a4  vTaskSuspendAll                                 
00001a1c  vTaskSwitchContext                              
0000492c  vTimerSetTimerID                                
00017360  vimChannelMap                                   
000175cc  vimDisableInterrupt                             
00017404  vimEnableInterrupt                              
00017678  vimGetConfigValue                               
0001728c  vimInit                                         
0000e5c8  vimParityCheck                                  
0001f188  vimParityErrorHandler                           
00004e18  xEventGroupClearBits                            
0000498c  xEventGroupCreate                               
00004e9c  xEventGroupGetBitsFromISR                       
00004ecc  xEventGroupSetBits                              
000049c8  xEventGroupSync                                 
00004bc8  xEventGroupWaitBits                             
00005d8c  xPortGetFreeHeapSize                            
00005d98  xPortGetMinimumEverFreeHeapSize                 
000059e8  xPortStartScheduler                             
00002da0  xQueueGenericCreate                             
00003478  xQueueGenericReceive                            
00002c78  xQueueGenericReset                              
00002ebc  xQueueGenericSend                               
0000317c  xQueueGenericSendFromISR                        
0000330c  xQueueGiveFromISR                               
00003d70  xQueueIsQueueEmptyFromISR                       
00003dfc  xQueueIsQueueFullFromISR                        
00003894  xQueuePeekFromISR                               
0000374c  xQueueReceiveFromISR                            
000016f8  xTaskAbortDelay                                 
00001e58  xTaskCheckForTimeOut                            
000000fc  xTaskCreate                                     
00000020  xTaskCreateRestricted                           
00002604  xTaskGenericNotify                              
000027d0  xTaskGenericNotifyFromISR                       
0000130c  xTaskGetExpectedIdleTime                        
00001560  xTaskGetHandle                                  
00001664  xTaskGetIdleTaskHandle                          
00002390  xTaskGetSchedulerState                          
00001320  xTaskGetTickCount                               
00001358  xTaskGetTickCountFromISR                        
0000133c  xTaskGetTickOverflowCount                       
000017f4  xTaskIncrementTick                              
00020d5c  xTaskNotifyStateClear                           
000024f0  xTaskNotifyWait                                 
00001c20  xTaskRemoveFromEventList                        
00001d14  xTaskRemoveFromUnorderedEventList               
0000115c  xTaskResumeAll                                  
00000ef4  xTaskResumeFromISR                              
00003f40  xTimerCreate                                    
00003edc  xTimerCreateTimerTask                           
0000403c  xTimerGenericCommand                            
00004180  xTimerGetExpiryTime                             
00004150  xTimerGetPeriod                                 
00004118  xTimerGetTimerDaemonTaskHandle                  
0000487c  xTimerIsTimerActive                             


GLOBAL SYMBOLS: SORTED BY Symbol Address 

address   name                                            
-------   ----                                            
00000000  __TI_static_base__                              
00000000  resetEntry                                      
00000020  xTaskCreateRestricted                           
000000fc  xTaskCreate                                     
00000530  vTaskDelete                                     
00000698  vTaskDelayUntil                                 
00000800  __SYSMEM_SIZE                                   
00000804  vTaskDelay                                      
00000888  eTaskGetState                                   
0000098c  uxTaskPriorityGet                               
000009d0  uxTaskPriorityGetFromISR                        
00000a18  vTaskPrioritySet                                
00000c10  vTaskSuspend                                    
00000e14  vTaskResume                                     
00000ef4  xTaskResumeFromISR                              
00000fdc  vTaskStartScheduler                             
00001088  vTaskEndScheduler                               
000010a4  vTaskSuspendAll                                 
0000115c  xTaskResumeAll                                  
0000130c  xTaskGetExpectedIdleTime                        
00001320  xTaskGetTickCount                               
0000133c  xTaskGetTickOverflowCount                       
00001358  xTaskGetTickCountFromISR                        
0000137c  uxTaskGetNumberOfTasks                          
00001388  pcTaskGetName                                   
00001560  xTaskGetHandle                                  
00001664  xTaskGetIdleTaskHandle                          
0000169c  vTaskStepTick                                   
000016f8  xTaskAbortDelay                                 
000017f4  xTaskIncrementTick                              
00001a1c  vTaskSwitchContext                              
00001afc  vTaskPlaceOnEventList                           
00001b40  vTaskPlaceOnUnorderedEventList                  
00001bc4  vTaskPlaceOnEventListRestricted                 
00001c20  xTaskRemoveFromEventList                        
00001d14  xTaskRemoveFromUnorderedEventList               
00001e18  vTaskSetTimeOutState                            
00001e58  xTaskCheckForTimeOut                            
00001f90  vTaskMissedYield                                
00001fa8  eTaskConfirmSleepModeStatus                     
00002028  vTaskSetThreadLocalStoragePointer               
00002080  pvTaskGetThreadLocalStoragePointer              
000020ec  vTaskAllocateMPURegions                         
000022c4  uxTaskGetStackHighWaterMark                     
00002390  xTaskGetSchedulerState                          
000023e0  uxTaskResetEventItemValue                       
0000241c  ulTaskNotifyTake                                
000024f0  xTaskNotifyWait                                 
00002604  xTaskGenericNotify                              
000027d0  xTaskGenericNotifyFromISR                       
000029d0  vTaskNotifyGiveFromISR                          
00002c78  xQueueGenericReset                              
00002da0  xQueueGenericCreate                             
00002ebc  xQueueGenericSend                               
0000317c  xQueueGenericSendFromISR                        
0000330c  xQueueGiveFromISR                               
00003478  xQueueGenericReceive                            
0000374c  xQueueReceiveFromISR                            
00003894  xQueuePeekFromISR                               
00003988  uxQueueMessagesWaiting                          
000039c0  uxQueueSpacesAvailable                          
00003a0c  uxQueueMessagesWaitingFromISR                   
00003a3c  vQueueDelete                                    
00003d70  xQueueIsQueueEmptyFromISR                       
00003dfc  xQueueIsQueueFullFromISR                        
00003e4c  vQueueWaitForMessageRestricted                  
00003edc  xTimerCreateTimerTask                           
00003f40  xTimerCreate                                    
0000403c  xTimerGenericCommand                            
00004118  xTimerGetTimerDaemonTaskHandle                  
00004150  xTimerGetPeriod                                 
00004180  xTimerGetExpiryTime                             
000041b8  pcTimerGetName                                  
0000487c  xTimerIsTimerActive                             
000048ec  pvTimerGetTimerID                               
0000492c  vTimerSetTimerID                                
0000498c  xEventGroupCreate                               
000049c8  xEventGroupSync                                 
00004bc8  xEventGroupWaitBits                             
00004e18  xEventGroupClearBits                            
00004e9c  xEventGroupGetBitsFromISR                       
00004ecc  xEventGroupSetBits                              
0000507c  vEventGroupDelete                               
00005100  vEventGroupSetBitsCallback                      
0000511c  vEventGroupClearBitsCallback                    
000051a8  vPortStartFirstTask                             
00005238  vPortYieldProcessor                             
00005324  vPortYeildWithinAPI                             
00005418  vPortPreemptiveTick                             
00005518  vPortInitialiseFPSCR                            
00005524  ulPortCountLeadingZeros                         
0000552c  vPortSWI                                        
00005608  prvMpuSetRegion                                 
00005620  prvMpuEnable                                    
00005638  prvMpuDisable                                   
00005660  pxPortInitialiseStack                           
00005774  vPortStoreTaskMPUSettings                       
000059e8  xPortStartScheduler                             
00005a0c  vPortEndScheduler                               
00005a40  pvPortMalloc                                    
00005c94  vPortFree                                       
00005d8c  xPortGetFreeHeapSize                            
00005d98  xPortGetMinimumEverFreeHeapSize                 
00005da4  vPortInitialiseBlocks                           
00005e74  __TI_Handler_Table_Base                         
00005e80  __TI_Handler_Table_Limit                        
00005ea8  __TI_CINIT_Base                                 
00005ed0  __TI_CINIT_Limit                                
00008020  TI_FeeInternal_GetVirtualSectorParameter        
000081b8  TI_FeeInternal_WriteVirtualSectorHeader         
00008664  TI_FeeInternal_WriteDataF021                    
00008af8  TI_FeeInternal_AlignAddressForECC               
00008b30  TI_FeeInternal_WriteInitialize                  
00008e0c  TI_FeeInternal_PollFlashStatus                  
00008e88  TI_FeeInternal_GetBlockSize                     
00008ec8  TI_FeeInternal_FindNextVirtualSector            
0000918c  TI_FeeInternal_BlankCheck                       
00009a54  TI_FeeInternal_GetVirtualSectorIndex            
00009c30  TI_FeeInternal_GetBlockNumber                   
00009c6c  TI_FeeInternal_GetBlockIndex                    
00009cec  TI_FeeInternal_GetDataSetIndex                  
00009d28  TI_FeeInternal_GetArrayIndex                    
00009e90  TI_FeeInternal_UpdateBlockOffsetArray           
0000aa54  TI_FeeInternal_CheckModuleState                 
0000aab4  TI_FeeInternal_CheckReadParameters              
0000abe4  TI_FeeInternal_GetCurrentBlockAddress           
0000ace8  TI_FeeInternal_GetNextFlashAddress              
0000ad38  TI_FeeInternal_SanityCheck                      
0000af28  TI_FeeInternal_SetClearCopyBlockState           
0000b040  TI_FeeInternal_FeeManager                       
0000c4b8  TI_FeeInternal_WriteBlockHeader                 
0000c818  TI_FeeInternal_WritePreviousBlockHeader         
0000cb10  TI_FeeInternal_InvalidateErase                  
0000cdc0  TI_FeeInternal_StartProgramBlock                
0000cec4  TI_Fee_GetStatus                                
0000cf30  TI_FeeInternal_CheckForError                    
0000d0ac  TI_FeeInternal_Fletcher16                       
0000d1d8  TI_Fee_ErrorRecovery                            
0000d4b4  TI_Fee_SuspendResumeErase                       
0000d6c4  TI_FeeInternal_EnableRequiredFlashSector        
0000d7e8  selftestFailNotification                        
0000d7f8  ccmSelfCheck                                    
0000d93c  memoryInit                                      
0000d980  stcSelfCheck                                    
0000d9fc  cpuSelfTest                                     
0000da94  pbistSelfCheck                                  
0000dc74  pbistRun                                        
0000dd40  pbistStop                                       
0000dd70  pbistIsTestCompleted                            
0000dd9c  pbistIsTestPassed                               
0000ddd0  pbistPortTestStatus                             
0000de28  efcCheck                                        
0000deb0  efcStuckZeroTest                                
0000df5c  efcSelfTest                                     
0000df84  checkefcSelfTest                                
0000e024  fmcBus2Check                                    
0000e060  fmcECCcheck                                     
[...]
00019d60  i2cIsTxReady                                    
00019d7c  i2cSendByte                                     
00019dac  i2cSend                                         
00019e78  i2cIsRxReady                                    
00019e94  i2cIsStopDetected                               
00019eb0  i2cRxError                                      
00019ee0  i2cClearSCD                                     
00019efc  i2cReceiveByte                                  
00019f24  i2cReceive                                      
00019fc4  i2cEnableLoopback                               
00019fe4  i2cDisableLoopback                              
0001a01c  i2cEnableNotification                           
0001a058  i2cDisableNotification                          
0001a0a8  i2cSetMode                                      
0001a0e0  i2cGetConfigValue                               
0001a2a8  i2cSetDirection                                 
0001a2e0  i2cIsMasterReady                                
0001a320  i2cIsBusBusy                                    
0001a3ac  muxInit                                         
0001a860  pinmuxGetConfigValue                            
0001ac68  sciInit                                         
0001ad54  sciSetFunctional                                
0001ad74  sciSetBaudrate                                  
0001ae10  sciIsTxReady                                    
0001ae2c  sciSendByte                                     
0001ae5c  sciSend                                         
0001af90  sciIsRxReady                                    
0001afac  sciIsIdleDetected                               
0001afc8  sciRxError                                      
0001aff8  sciReceiveByte                                  
0001b024  sciReceive                                      
0001b0fc  sciEnableLoopback                               
0001b130  sciDisableLoopback                              
0001b154  sciEnableNotification                           
0001b1bc  sciDisableNotification                          
0001b224  sciEnterResetState                              
0001b244  sciExitResetState                               
0001b264  scilinGetConfigValue                            
0001b420  INA226_SendData                                 
0001b500  INA226_ReceiveData                              
0001b648  INA226_CurrentToAlert_ShuntVoltage_Raw          
0001b670  INA226_VoltageToAlert_BusVoltage_Raw            
0001b698  INA226_RshuntToCalReg                           
0001b6b8  INA226_Init                                     
0001b800  INA226_SetMaskReg                               
0001b858  INA226_SetAlertReg                              
0001b8cc  INA226_ReadMaskReg                              
0001b914  INA226_ReadShuntVoltage_Raw                     
0001b98c  INA226_ReadBusVoltage_Raw                       
0001ba04  INA226_ReadCurrent_Raw                          
0001ba98  INA226_ReadPower_Raw                            
0001bb10  INA226_ConvToCurrent_mA                         
0001bb28  INA226_ConvToVoltage_mV                         
0001bb54  INA226_ConvToPower_mW                           
0001bb78  get_hk_bc                                       
0001bcf0  get_hk_batt                                     
0001bffc  get_hk_channel                                  
0001c1a0  set_default_max6698_init                        
0001c228  _errata_SSWF021_45_both_plls                    
0001c41c  _errata_SSWF021_45_pll1                         
0001c594  _errata_SSWF021_45_pll2                         
0001c88c  rtiInit                                         
0001c980  rtiStartCounter                                 
0001c9ac  rtiStopCounter                                  
0001c9d8  rtiResetCounter                                 
0001ca3c  rtiSetPeriod                                    
0001ca64  rtiGetPeriod                                    
0001ca8c  rtiGetCurrentTick                               
0001cb18  dwdInit                                         
0001cb40  dwwdInit                                        
0001cb88  dwwdGetCurrentDownCounter                       
0001cb94  dwdCounterEnable                                
0001cba4  dwdSetPreload                                   
0001cbc0  dwdReset                                        
0001cbdc  dwdGenerateSysReset                             
0001cbf8  IsdwdKeySequenceCorrect                         
0001cc2c  dwdGetStatus                                    
0001cc60  dwdClearFlag                                    
0001cc70  dwdGetViolationStatus                           
0001ccf8  rtiEnableNotification                           
0001cd20  rtiDisableNotification                          
0001cd3c  rtiGetConfigValue                               
0001cebc  INA3221_SendData                                
0001d004  INA3221_ReceiveData                             
0001d14c  INA3221_Init                                    
0001d1f0  INA3221_ReadShuntVoltage_Raw                    
0001d2d8  INA3221_ReadBusVoltage_Raw                      
0001d3c0  INA3221_ConvToCurrent_mA                        
0001d400  INA3221_ConvToVoltage_mV                        
0001d430  INA3221_ConvToPower_mW                          
0001d48c  esmInit                                         
0001d594  esmError                                        
0001d5b0  esmEnableError                                  
0001d5d8  esmDisableError                                 
0001d600  esmTriggerErrorPinReset                         
0001d610  esmActivateNormalOperation                      
0001d620  esmEnableInterrupt                              
0001d648  esmDisableInterrupt                             
0001d670  esmSetInterruptLevel                            
0001d6e4  esmClearStatus                                  
0001d724  esmClearStatusBuffer                            
0001d740  esmSetCounterPreloadValue                       
0001d760  esmGetStatus                                    
0001d7e4  esmGetStatusBuffer                              
0001d81c  esmEnterSelfTest                                
0001d8a4  esmSelfTestStatus                               
0001d8f4  esmGetConfigValue                               
0001da48  get_binary                                      
0001db08  dac_write_en                                    
0001dc98  dac_write_en_ss                                 
0001de24  dac_write_ss                                    
0001dfc8  gioInit                                         
0001e098  gioSetDirection                                 
0001e0b8  gioSetBit                                       
0001e108  gioSetPort                                      
0001e128  gioGetBit                                       
0001e150  gioGetPort                                      
0001e168  gioToggleBit                                    
0001e1c0  gioEnableNotification                           
0001e228  gioDisableNotification                          
0001e290  gioGetConfigValue                               
0001e44c  MAX6698_SendData                                
0001e52c  MAX6698_ReceiveData                             
0001e674  MAX6698_Init                                    
0001e72c  MAX6698_ReadTemp_Raw                            
0001e7c0  MAX6698_ConvertTemp_C                           
0001e7d0  _coreInitRegisters_                             
0001e8dc  _coreInitStackPointer_                          
0001e928  _getCPSRValue_                                  
0001e930  _gotoCPUIdle_                                   
0001e948  _coreEnableVfp_                                 
0001e960  _coreEnableEventBusExport_                      
0001e970  _coreDisableEventBusExport_                     
0001e980  _coreEnableRamEcc_                              
0001e990  _coreDisableRamEcc_                             
0001e9a0  _coreEnableFlashEcc_                            
0001e9b4  _coreDisableFlashEcc_                           
0001e9c4  _coreEnableIrqVicOffset_                        
0001e9d4  _coreGetDataFault_                              
0001e9dc  _coreClearDataFault_                            
0001e9e8  _coreGetInstructionFault_                       
0001e9f0  _coreClearInstructionFault_                     
0001e9fc  _coreGetDataFaultAddress_                       
0001ea04  _coreClearDataFaultAddress_                     
0001ea10  _coreGetInstructionFaultAddress_                
0001ea18  _coreClearInstructionFaultAddress_              
0001ea24  _coreGetAuxiliaryDataFault_                     
0001ea2c  _coreClearAuxiliaryDataFault_                   
0001ea38  _coreGetAuxiliaryInstructionFault_              
0001ea40  _coreClearAuxiliaryInstructionFault_            
0001ea4c  _disable_interrupt_                             
0001ea54  _disable_FIQ_interrupt_                         
0001ea5c  _disable_IRQ_interrupt_                         
0001ea64  _enable_interrupt_                              
0001ea6c  _esmCcmErrorsClear_                             
0001eaf4  _errata_CORTEXR4_57_                            
0001eb04  _errata_CORTEXR4_66_                            
0001eb14  __TI_PINIT_Base                                 
0001eb18  __TI_PINIT_Limit                                
0001eb1c  heater_on                                       
0001eb68  heater_off                                      
0001ebb4  heater_read_rawdata_and_convert                 
0001ebe8  heater_temp_SW                                  
0001ec94  heater_update_profile                           
0001ee58  mppt_hunts                                      
0001eef8  mppt_getPower                                   
0001ef28  mppt_getPower_ina226                            
0001ef58  mppt_pno_ss                                     
0001f070  mppt_pno_en                                     
0001f188  vimParityErrorHandler                           
0001f454  _c_int00                                        
0001f70c  __aeabi_uldivmod                                
0001f9c4  battery_chargingSW_on                           
0001fa14  battery_chargingSW_off                          
0001fa64  battery_dischargingSW_on                        
0001fab4  battery_dischargingSW_off                       
0001fb04  battery_check_charging_status                   
0001fb44  battery_read_rawdata_and_convert                
0001fb98  battery_check_temp_then_SW                      
0001fec5  Fapi_initializeFlashBanks                       
00020124  vListInitialise                                 
0002017c  vListInitialiseItem                             
00020198  vListInsertEnd                                  
0002020c  vListInsert                                     
000202d0  uxListRemove                                    
0002035d  __TI_printfi_minimal                            
00020583  _nop                                            
00020584  linHighLevelInterrupt                           
00020788  uart_tx                                         
00020880  sciNotification                                 
00020b05  Fapi_setActiveFlashBank                         
00020d5c  xTaskNotifyStateClear                           
00020dd9  __vla_alloc                                     
00020f2c  esmGroup1Notification                           
00020f3c  esmGroup2Notification                           
00020f4c  memoryPort0TestFailNotification                 
00020f68  memoryPort1TestFailNotification                 
00020f84  canErrorNotification                            
00020f98  canStatusChangeNotification                     
00020fac  canMessageNotification                          
00020fc0  gioNotification                                 
00020fd4  i2cNotification                                 
00020fe8  mibspiNotification                              
00020ffc  mibspiGroupNotification                         
00021024  crcNotification                                 
00021038  dmaGroupANotification                           
0002104c  esmHighInterrupt                                
00021161  aligned_alloc                                   
00021161  memalign                                        
00021260  resetRTC_debug                                  
00021294  resetRTC                                        
000212c8  getcurrTime                                     
0002135c  _dabort                                         
00021445  free                                            
00021529  realloc                                         
0002160d  floor                                           
0002160d  floorl                                          
000216ec  _pmuInit_                                       
00021738  _pmuEnableCountersGlobal_                       
00021748  _pmuDisableCountersGlobal_                      
00021758  _pmuResetCycleCounter_                          
00021768  _pmuResetEventCounters_                         
00021778  _pmuResetCounters_                              
00021788  _pmuStartCounters_                              
00021790  _pmuStopCounters_                               
00021798  _pmuSetCountEvent_                              
000217a4  _pmuGetCycleCount_                              
000217ac  _pmuGetEventCount_                              
000217b8  _pmuGetOverflow_                                
000217cc  crc8_calculate                                  
00021850  crc8_check                                      
00021891  __aeabi_memcpy                                  
00021891  __aeabi_memcpy4                                 
00021891  __aeabi_memcpy8                                 
00021891  memcpy                                          
0002192d  Fapi_doBlankCheck                               
000219c0  rtiCompare0Interrupt                            
00021a08  rtiCompare1Interrupt                            
00021a55  Fapi_enableEepromBankSectors                    
00021ad5  __aeabi_memclr                                  
00021ad5  __aeabi_memclr4                                 
00021ad5  __aeabi_memclr8                                 
00021ad7  __aeabi_memset                                  
00021ad7  __aeabi_memset4                                 
00021ad7  __aeabi_memset8                                 
00021add  memset                                          
00021b4f  __aeabi_idiv0                                   
00021b4f  __aeabi_ldiv0                                   
00021c3d  __vla_dealloc                                   
00021cad  __TI_decompress_lzss                            
00021d19  _Fapi_loopRegionForValue                        
00021d78  __aeabi_idiv                                    
00021d78  __aeabi_idivmod                                 
00021dcd  Fapi_isAddressEcc                               
00021e1d  atoi                                            
00021e6c  __aeabi_uidiv                                   
00021e6c  __aeabi_uidivmod                                
00021ebd  HOSTtime                                        
00021f05  _Fapi_EnableSectors                             
00021f49  __TI_auto_init_nobinit_nopinit                  
00021f8d  Fapi_calculateFletcherChecksum                  
00021fcd  sprintf                                         
0002200d  _Fapi_issueFsmCommand                           
00022049  __TI_writemsg                                   
0002207b  C$$IO$$                                         
00022085  __TI_readmsg                                    
000220b9  Fapi_issueAsyncCommandWithAddress               
000220e9  Fapi_waitDelay                                  
00022119  _Fapi_readDword                                 
00022145  Fapi_issueAsyncCommand                          
00022199  memccpy                                         
000221bf  Fapi_flushPipeline                              
00022233  strcmp                                          
0002224b  strlen                                          
00022261  Fapi_getNumberOfBankSectors                     
00022271  _scaleEEFclk                                    
00022281  _scaleMainFclk                                  
00022291  __time32                                        
00022291  time                                            
0002229f  __TI_decompress_none                            
000222ad  _Fapi_checkWdService                            
000222b9  __TI_zero_init                                  
000222d0  Fapi_serviceWatchdogTimer                       
000222d9  malloc                                          
000222e1  __abort_execution                               
000222e5  C$$EXIT                                         
000222e5  abort                                           
000222e8  phantomInterrupt                                
000222ec  handlePLLLockFail                               
000222f8  TI_Fee_WriteAsync                               
00022fac  TI_Fee_Read                                     
00023950  _ctypes_                                        
00023a54  Device_FlashDevice                              
00023ad8  Fee_VirtualSectorConfiguration                  
00023ae4  Fee_BlockConfiguration                          
080009fc  pxCurrentTCB                                    
08001000  __start___llvm_prf_cnts                         
08001000  __stop___llvm_prf_cnts                          
08003000  _sys_memory                                     
08003bf0  __CIOBUF_                                       
08003e30  parmbuf                                         
08003e3c  checkActiveTask_Handle                          
08003e40  getHKTask_Handle                                
08003e44  heaterCtrlTask_Handle                           
08003e48  initTask_Handle                                 
08003e4c  outputchanCtrlTask_Handle                       
08003e50  powerConversion_and_battCtrlTask_Handle         
08003e54  receiveCMDTask_Handle                           
08004150  _lock                                           
08004154  _unlock                                         
08004170  ulCriticalNesting                               
08004174  ulTaskHasFPUContext                             
08004180  TI_Fee_GlobalVariables                          
08004248  TI_Fee_u8DataSets                               
0800424c  TI_Fee_u32FletcherChecksum                      
08004250  TI_Fee_u32BlockEraseCount                       
08004254  TI_Fee_u8DeviceIndex                            
08004258  TI_Fee_u32ActCpyVS                              
0800425c  TI_Fee_u8ErrEraseVS                             
0800425d  TI_Fee_bEraseSuspended                          
0800425e  TI_Fee_bIsMainFunctionCalled                    
08004260  TI_Fee_oStatusWord                              
08004264  TI_FlashStatusWord                              
08004274  TI_Fee_FapiInitCalled                           
ffffffff  __TI_pprof_out_hndl                             
ffffffff  __TI_prof_data_size                             
ffffffff  __TI_prof_data_start                            
ffffffff  __binit__                                       
ffffffff  __c_args__                                      
ffffffff  binit                                           
UNDEFED   SHT$$INIT_ARRAY$$Base                           
UNDEFED   SHT$$INIT_ARRAY$$Limit                          
UNDEFED   _system_post_cinit                              

[673 symbols]
