<?xml version="1.0" encoding="ISO-8859-1" ?>
<link_info>
   <banner>TI ARM Linker PC v20.2.5.LTS</banner>
   <copyright>Copyright (c) 1996-2018 Texas Instruments Incorporated</copyright>
   <link_time>0x62f6ddfb</link_time>
   <link_errors>0x0</link_errors>
   <output_file>RM46_SkeletonTest.out</output_file>
   <entry_point>
      <name>_c_int00</name>
      <address>0x1db14</address>
   </entry_point>
   <input_file_list>
      <input_file id="fl-2">
         <path>.\source\</path>
         <kind>object</kind>
         <file>Device_RM46.obj</file>
         <name>Device_RM46.obj</name>
      </input_file>
      <input_file id="fl-3">
         <path>.\source\</path>
         <kind>object</kind>
         <file>Fapi_UserDefinedFunctions.obj</file>
         <name>Fapi_UserDefinedFunctions.obj</name>
      </input_file>
      <input_file id="fl-4">
         <path>.\source\</path>
         <kind>object</kind>
         <file>can.obj</file>
         <name>can.obj</name>
      </input_file>
      <input_file id="fl-5">
         <path>.\source\</path>
         <kind>object</kind>
         <file>crc.obj</file>
         <name>crc.obj</name>
      </input_file>
      <input_file id="fl-6">
         <path>.\source\</path>
         <kind>object</kind>
         <file>dabort.obj</file>
         <name>dabort.obj</name>
      </input_file>
      <input_file id="fl-7">
         <path>.\source\</path>
         <kind>object</kind>
         <file>errata_SSWF021_45.obj</file>
         <name>errata_SSWF021_45.obj</name>
      </input_file>
      <input_file id="fl-8">
         <path>.\source\</path>
         <kind>object</kind>
         <file>esm.obj</file>
         <name>esm.obj</name>
      </input_file>
      <input_file id="fl-9">
         <path>.\source\</path>
         <kind>object</kind>
         <file>gio.obj</file>
         <name>gio.obj</name>
      </input_file>
      <input_file id="fl-a">
         <path>.\source\</path>
         <kind>object</kind>
         <file>i2c.obj</file>
         <name>i2c.obj</name>
      </input_file>
      <input_file id="fl-b">
         <path>.\source\</path>
         <kind>object</kind>
         <file>mibspi.obj</file>
         <name>mibspi.obj</name>
      </input_file>
      <input_file id="fl-c">
         <path>.\source\</path>
         <kind>object</kind>
         <file>notification.obj</file>
         <name>notification.obj</name>
      </input_file>
      <input_file id="fl-d">
         <path>.\source\</path>
         <kind>object</kind>
         <file>os_croutine.obj</file>
         <name>os_croutine.obj</name>
      </input_file>
      <input_file id="fl-e">
         <path>.\source\</path>
         <kind>object</kind>
         <file>os_event_groups.obj</file>
         <name>os_event_groups.obj</name>
      </input_file>
      <input_file id="fl-f">
         <path>.\source\</path>
         <kind>object</kind>
         <file>os_heap.obj</file>
         <name>os_heap.obj</name>
      </input_file>
      <input_file id="fl-10">
         <path>.\source\</path>
         <kind>object</kind>
         <file>os_list.obj</file>
         <name>os_list.obj</name>
      </input_file>
      <input_file id="fl-11">
         <path>.\source\</path>
         <kind>object</kind>
         <file>os_mpu_wrappers.obj</file>
         <name>os_mpu_wrappers.obj</name>
      </input_file>
      <input_file id="fl-12">
         <path>.\source\</path>
         <kind>object</kind>
         <file>os_port.obj</file>
         <name>os_port.obj</name>
      </input_file>
      <input_file id="fl-13">
         <path>.\source\</path>
         <kind>object</kind>
         <file>os_portasm.obj</file>
         <name>os_portasm.obj</name>
      </input_file>
      <input_file id="fl-14">
         <path>.\source\</path>
         <kind>object</kind>
         <file>os_queue.obj</file>
         <name>os_queue.obj</name>
      </input_file>
      <input_file id="fl-15">
         <path>.\source\</path>
         <kind>object</kind>
         <file>os_tasks.obj</file>
         <name>os_tasks.obj</name>
      </input_file>
      <input_file id="fl-16">
         <path>.\source\</path>
         <kind>object</kind>
         <file>os_timer.obj</file>
         <name>os_timer.obj</name>
      </input_file>
      <input_file id="fl-17">
         <path>.\source\</path>
         <kind>object</kind>
         <file>pinmux.obj</file>
         <name>pinmux.obj</name>
      </input_file>
      <input_file id="fl-18">
         <path>.\source\</path>
         <kind>object</kind>
         <file>rti.obj</file>
         <name>rti.obj</name>
      </input_file>
      <input_file id="fl-19">
         <path>.\source\</path>
         <kind>object</kind>
         <file>sci.obj</file>
         <name>sci.obj</name>
      </input_file>
      <input_file id="fl-1a">
         <path>.\source\</path>
         <kind>object</kind>
         <file>sys_core.obj</file>
         <name>sys_core.obj</name>
      </input_file>
      <input_file id="fl-1b">
         <path>.\source\</path>
         <kind>object</kind>
         <file>sys_dma.obj</file>
         <name>sys_dma.obj</name>
      </input_file>
      <input_file id="fl-1c">
         <path>.\source\</path>
         <kind>object</kind>
         <file>sys_intvecs.obj</file>
         <name>sys_intvecs.obj</name>
      </input_file>
      <input_file id="fl-1d">
         <path>.\source\</path>
         <kind>object</kind>
         <file>sys_mpu.obj</file>
         <name>sys_mpu.obj</name>
      </input_file>
      <input_file id="fl-1e">
         <path>.\source\</path>
         <kind>object</kind>
         <file>sys_pcr.obj</file>
         <name>sys_pcr.obj</name>
      </input_file>
      <input_file id="fl-1f">
         <path>.\source\</path>
         <kind>object</kind>
         <file>sys_phantom.obj</file>
         <name>sys_phantom.obj</name>
      </input_file>
      <input_file id="fl-20">
         <path>.\source\</path>
         <kind>object</kind>
         <file>sys_pmm.obj</file>
         <name>sys_pmm.obj</name>
      </input_file>
      <input_file id="fl-21">
         <path>.\source\</path>
         <kind>object</kind>
         <file>sys_pmu.obj</file>
         <name>sys_pmu.obj</name>
      </input_file>
      <input_file id="fl-22">
         <path>.\source\</path>
         <kind>object</kind>
         <file>sys_selftest.obj</file>
         <name>sys_selftest.obj</name>
      </input_file>
      <input_file id="fl-23">
         <path>.\source\</path>
         <kind>object</kind>
         <file>sys_startup.obj</file>
         <name>sys_startup.obj</name>
      </input_file>
      <input_file id="fl-24">
         <path>.\source\</path>
         <kind>object</kind>
         <file>sys_vim.obj</file>
         <name>sys_vim.obj</name>
      </input_file>
      <input_file id="fl-25">
         <path>.\source\</path>
         <kind>object</kind>
         <file>system.obj</file>
         <name>system.obj</name>
      </input_file>
      <input_file id="fl-26">
         <path>.\source\</path>
         <kind>object</kind>
         <file>ti_fee_Info.obj</file>
         <name>ti_fee_Info.obj</name>
      </input_file>
      <input_file id="fl-27">
         <path>.\source\</path>
         <kind>object</kind>
         <file>ti_fee_cancel.obj</file>
         <name>ti_fee_cancel.obj</name>
      </input_file>
      <input_file id="fl-28">
         <path>.\source\</path>
         <kind>object</kind>
         <file>ti_fee_cfg.obj</file>
         <name>ti_fee_cfg.obj</name>
      </input_file>
      <input_file id="fl-29">
         <path>.\source\</path>
         <kind>object</kind>
         <file>ti_fee_eraseimmediateblock.obj</file>
         <name>ti_fee_eraseimmediateblock.obj</name>
      </input_file>
      <input_file id="fl-2a">
         <path>.\source\</path>
         <kind>object</kind>
         <file>ti_fee_format.obj</file>
         <name>ti_fee_format.obj</name>
      </input_file>
      <input_file id="fl-2b">
         <path>.\source\</path>
         <kind>object</kind>
         <file>ti_fee_ini.obj</file>
         <name>ti_fee_ini.obj</name>
      </input_file>
      <input_file id="fl-2c">
         <path>.\source\</path>
         <kind>object</kind>
         <file>ti_fee_invalidateblock.obj</file>
         <name>ti_fee_invalidateblock.obj</name>
      </input_file>
      <input_file id="fl-2d">
         <path>.\source\</path>
         <kind>object</kind>
         <file>ti_fee_main.obj</file>
         <name>ti_fee_main.obj</name>
      </input_file>
      <input_file id="fl-2e">
         <path>.\source\</path>
         <kind>object</kind>
         <file>ti_fee_read.obj</file>
         <name>ti_fee_read.obj</name>
      </input_file>
      <input_file id="fl-2f">
         <path>.\source\</path>
         <kind>object</kind>
         <file>ti_fee_readSync.obj</file>
         <name>ti_fee_readSync.obj</name>
      </input_file>
      <input_file id="fl-30">
         <path>.\source\</path>
         <kind>object</kind>
         <file>ti_fee_shutdown.obj</file>
         <name>ti_fee_shutdown.obj</name>
      </input_file>
      <input_file id="fl-31">
         <path>.\source\</path>
         <kind>object</kind>
         <file>ti_fee_util.obj</file>
         <name>ti_fee_util.obj</name>
      </input_file>
      <input_file id="fl-32">
         <path>.\source\</path>
         <kind>object</kind>
         <file>ti_fee_writeAsync.obj</file>
         <name>ti_fee_writeAsync.obj</name>
      </input_file>
      <input_file id="fl-33">
         <path>.\source\</path>
         <kind>object</kind>
         <file>ti_fee_writeSync.obj</file>
         <name>ti_fee_writeSync.obj</name>
      </input_file>
      <input_file id="fl-34">
         <path>.\source_custom\</path>
         <kind>object</kind>
         <file>ad5324.obj</file>
         <name>ad5324.obj</name>
      </input_file>
      <input_file id="fl-35">
         <path>.\source_custom\</path>
         <kind>object</kind>
         <file>battery.obj</file>
         <name>battery.obj</name>
      </input_file>
      <input_file id="fl-36">
         <path>.\source_custom\</path>
         <kind>object</kind>
         <file>channel.obj</file>
         <name>channel.obj</name>
      </input_file>
      <input_file id="fl-37">
         <path>.\source_custom\</path>
         <kind>object</kind>
         <file>cmd_interface.obj</file>
         <name>cmd_interface.obj</name>
      </input_file>
      <input_file id="fl-38">
         <path>.\source_custom\</path>
         <kind>object</kind>
         <file>custom_crc.obj</file>
         <name>custom_crc.obj</name>
      </input_file>
      <input_file id="fl-39">
         <path>.\source_custom\</path>
         <kind>object</kind>
         <file>fee_function.obj</file>
         <name>fee_function.obj</name>
      </input_file>
      <input_file id="fl-3a">
         <path>.\source_custom\</path>
         <kind>object</kind>
         <file>heater.obj</file>
         <name>heater.obj</name>
      </input_file>
      <input_file id="fl-3b">
         <path>.\source_custom\</path>
         <kind>object</kind>
         <file>ina226.obj</file>
         <name>ina226.obj</name>
      </input_file>
      <input_file id="fl-3c">
         <path>.\source_custom\</path>
         <kind>object</kind>
         <file>ina3221.obj</file>
         <name>ina3221.obj</name>
      </input_file>
      <input_file id="fl-3d">
         <path>.\source_custom\</path>
         <kind>object</kind>
         <file>max6698.obj</file>
         <name>max6698.obj</name>
      </input_file>
      <input_file id="fl-3e">
         <path>.\source_custom\</path>
         <kind>object</kind>
         <file>mppt.obj</file>
         <name>mppt.obj</name>
      </input_file>
      <input_file id="fl-3f">
         <path>.\source_custom\</path>
         <kind>object</kind>
         <file>realtimeClock.obj</file>
         <name>realtimeClock.obj</name>
      </input_file>
      <input_file id="fl-40">
         <path>.\source_custom\</path>
         <kind>object</kind>
         <file>skeleton_main.obj</file>
         <name>skeleton_main.obj</name>
      </input_file>
      <input_file id="fl-41">
         <path>.\source_custom\</path>
         <kind>object</kind>
         <file>uart_cmd.obj</file>
         <name>uart_cmd.obj</name>
      </input_file>
      <input_file id="fl-46">
         <kind>object</kind>
         <file>&lt;internal&gt;</file>
         <name>&lt;internal&gt;</name>
      </input_file>
      <input_file id="fl-47">
         <path>C:\ti\Hercules\F021 Flash API\02.01.01\</path>
         <kind>archive</kind>
         <file>F021_API_CortexR4_LE_V3D16.lib</file>
         <name>Async.obj</name>
      </input_file>
      <input_file id="fl-48">
         <path>C:\ti\Hercules\F021 Flash API\02.01.01\</path>
         <kind>archive</kind>
         <file>F021_API_CortexR4_LE_V3D16.lib</file>
         <name>Async.WithAddress.obj</name>
      </input_file>
      <input_file id="fl-49">
         <path>C:\ti\Hercules\F021 Flash API\02.01.01\</path>
         <kind>archive</kind>
         <file>F021_API_CortexR4_LE_V3D16.lib</file>
         <name>BlankCheck.obj</name>
      </input_file>
      <input_file id="fl-4a">
         <path>C:\ti\Hercules\F021 Flash API\02.01.01\</path>
         <kind>archive</kind>
         <file>F021_API_CortexR4_LE_V3D16.lib</file>
         <name>FlashStateMachine.EnableEepromSectors.obj</name>
      </input_file>
      <input_file id="fl-4b">
         <path>C:\ti\Hercules\F021 Flash API\02.01.01\</path>
         <kind>archive</kind>
         <file>F021_API_CortexR4_LE_V3D16.lib</file>
         <name>FlashStateMachine.InitializeFlashBanks.obj</name>
      </input_file>
      <input_file id="fl-4c">
         <path>C:\ti\Hercules\F021 Flash API\02.01.01\</path>
         <kind>archive</kind>
         <file>F021_API_CortexR4_LE_V3D16.lib</file>
         <name>FlashStateMachine.IssueFsmCommand.obj</name>
      </input_file>
      <input_file id="fl-4d">
         <path>C:\ti\Hercules\F021 Flash API\02.01.01\</path>
         <kind>archive</kind>
         <file>F021_API_CortexR4_LE_V3D16.lib</file>
         <name>FlashStateMachine.ScaleFclk.obj</name>
      </input_file>
      <input_file id="fl-4e">
         <path>C:\ti\Hercules\F021 Flash API\02.01.01\</path>
         <kind>archive</kind>
         <file>F021_API_CortexR4_LE_V3D16.lib</file>
         <name>FlashStateMachine.SetActiveBank.obj</name>
      </input_file>
      <input_file id="fl-4f">
         <path>C:\ti\Hercules\F021 Flash API\02.01.01\</path>
         <kind>archive</kind>
         <file>F021_API_CortexR4_LE_V3D16.lib</file>
         <name>Read.FlushPipeline.obj</name>
      </input_file>
      <input_file id="fl-50">
         <path>C:\ti\Hercules\F021 Flash API\02.01.01\</path>
         <kind>archive</kind>
         <file>F021_API_CortexR4_LE_V3D16.lib</file>
         <name>Read.LoopDword.obj</name>
      </input_file>
      <input_file id="fl-51">
         <path>C:\ti\Hercules\F021 Flash API\02.01.01\</path>
         <kind>archive</kind>
         <file>F021_API_CortexR4_LE_V3D16.lib</file>
         <name>Read.WdService.obj</name>
      </input_file>
      <input_file id="fl-52">
         <path>C:\ti\Hercules\F021 Flash API\02.01.01\</path>
         <kind>archive</kind>
         <file>F021_API_CortexR4_LE_V3D16.lib</file>
         <name>Utilities.CalculateFletcher.obj</name>
      </input_file>
      <input_file id="fl-53">
         <path>C:\ti\Hercules\F021 Flash API\02.01.01\</path>
         <kind>archive</kind>
         <file>F021_API_CortexR4_LE_V3D16.lib</file>
         <name>Utilities.WaitDelay.obj</name>
      </input_file>
      <input_file id="fl-54">
         <path>C:\ti\Hercules\F021 Flash API\02.01.01\</path>
         <kind>archive</kind>
         <file>F021_API_CortexR4_LE_V3D16.lib</file>
         <name>Utilities.GetNumberOfSectors.obj</name>
      </input_file>
      <input_file id="fl-55">
         <path>C:\ti\Hercules\F021 Flash API\02.01.01\</path>
         <kind>archive</kind>
         <file>F021_API_CortexR4_LE_V3D16.lib</file>
         <name>Read.Common.obj</name>
      </input_file>
      <input_file id="fl-56">
         <path>C:\ti\Hercules\F021 Flash API\02.01.01\</path>
         <kind>archive</kind>
         <file>F021_API_CortexR4_LE_V3D16.lib</file>
         <name>FlashStateMachine.Hercules.IsEccAddress.obj</name>
      </input_file>
      <input_file id="fl-57">
         <path>F:\Program Files\ti\ccs8\ccsv8\tools\compiler\ti-cgt-arm_20.2.5.LTS\lib\</path>
         <kind>archive</kind>
         <file>rtsv7R4_T_le_v3D16_eabi.lib</file>
         <name>sprintf.c.obj</name>
      </input_file>
      <input_file id="fl-58">
         <path>F:\Program Files\ti\ccs8\ccsv8\tools\compiler\ti-cgt-arm_20.2.5.LTS\lib\</path>
         <kind>archive</kind>
         <file>rtsv7R4_T_le_v3D16_eabi.lib</file>
         <name>vla_alloc.c.obj</name>
      </input_file>
      <input_file id="fl-59">
         <path>F:\Program Files\ti\ccs8\ccsv8\tools\compiler\ti-cgt-arm_20.2.5.LTS\lib\</path>
         <kind>archive</kind>
         <file>rtsv7R4_T_le_v3D16_eabi.lib</file>
         <name>s_floor.c.obj</name>
      </input_file>
      <input_file id="fl-5a">
         <path>F:\Program Files\ti\ccs8\ccsv8\tools\compiler\ti-cgt-arm_20.2.5.LTS\lib\</path>
         <kind>archive</kind>
         <file>rtsv7R4_T_le_v3D16_eabi.lib</file>
         <name>memcpy_t2.asm.obj</name>
      </input_file>
      <input_file id="fl-5b">
         <path>F:\Program Files\ti\ccs8\ccsv8\tools\compiler\ti-cgt-arm_20.2.5.LTS\lib\</path>
         <kind>archive</kind>
         <file>rtsv7R4_T_le_v3D16_eabi.lib</file>
         <name>i_div32.asm.obj</name>
      </input_file>
      <input_file id="fl-5c">
         <path>F:\Program Files\ti\ccs8\ccsv8\tools\compiler\ti-cgt-arm_20.2.5.LTS\lib\</path>
         <kind>archive</kind>
         <file>rtsv7R4_T_le_v3D16_eabi.lib</file>
         <name>u_div32.asm.obj</name>
      </input_file>
      <input_file id="fl-5d">
         <path>F:\Program Files\ti\ccs8\ccsv8\tools\compiler\ti-cgt-arm_20.2.5.LTS\lib\</path>
         <kind>archive</kind>
         <file>rtsv7R4_T_le_v3D16_eabi.lib</file>
         <name>memset_t2.asm.obj</name>
      </input_file>
      <input_file id="fl-5e">
         <path>F:\Program Files\ti\ccs8\ccsv8\tools\compiler\ti-cgt-arm_20.2.5.LTS\lib\</path>
         <kind>archive</kind>
         <file>rtsv7R4_T_le_v3D16_eabi.lib</file>
         <name>autoinit.c.obj</name>
      </input_file>
      <input_file id="fl-5f">
         <path>F:\Program Files\ti\ccs8\ccsv8\tools\compiler\ti-cgt-arm_20.2.5.LTS\lib\</path>
         <kind>archive</kind>
         <file>rtsv7R4_T_le_v3D16_eabi.lib</file>
         <name>cpy_tbl.c.obj</name>
      </input_file>
      <input_file id="fl-60">
         <path>F:\Program Files\ti\ccs8\ccsv8\tools\compiler\ti-cgt-arm_20.2.5.LTS\lib\</path>
         <kind>archive</kind>
         <file>rtsv7R4_T_le_v3D16_eabi.lib</file>
         <name>copy_zero_init.c.obj</name>
      </input_file>
      <input_file id="fl-61">
         <path>F:\Program Files\ti\ccs8\ccsv8\tools\compiler\ti-cgt-arm_20.2.5.LTS\lib\</path>
         <kind>archive</kind>
         <file>rtsv7R4_T_le_v3D16_eabi.lib</file>
         <name>copy_decompress_none.c.obj</name>
      </input_file>
      <input_file id="fl-62">
         <path>F:\Program Files\ti\ccs8\ccsv8\tools\compiler\ti-cgt-arm_20.2.5.LTS\lib\</path>
         <kind>archive</kind>
         <file>rtsv7R4_T_le_v3D16_eabi.lib</file>
         <name>copy_decompress_lzss.c.obj</name>
      </input_file>
      <input_file id="fl-63">
         <path>F:\Program Files\ti\ccs8\ccsv8\tools\compiler\ti-cgt-arm_20.2.5.LTS\lib\</path>
         <kind>archive</kind>
         <file>rtsv7R4_T_le_v3D16_eabi.lib</file>
         <name>exit.c.obj</name>
      </input_file>
      <input_file id="fl-64">
         <path>F:\Program Files\ti\ccs8\ccsv8\tools\compiler\ti-cgt-arm_20.2.5.LTS\lib\</path>
         <kind>archive</kind>
         <file>rtsv7R4_T_le_v3D16_eabi.lib</file>
         <name>_lock.c.obj</name>
      </input_file>
      <input_file id="fl-65">
         <path>F:\Program Files\ti\ccs8\ccsv8\tools\compiler\ti-cgt-arm_20.2.5.LTS\lib\</path>
         <kind>archive</kind>
         <file>rtsv7R4_T_le_v3D16_eabi.lib</file>
         <name>atoi.c.obj</name>
      </input_file>
      <input_file id="fl-66">
         <path>F:\Program Files\ti\ccs8\ccsv8\tools\compiler\ti-cgt-arm_20.2.5.LTS\lib\</path>
         <kind>archive</kind>
         <file>rtsv7R4_T_le_v3D16_eabi.lib</file>
         <name>ctype.c.obj</name>
      </input_file>
      <input_file id="fl-67">
         <path>F:\Program Files\ti\ccs8\ccsv8\tools\compiler\ti-cgt-arm_20.2.5.LTS\lib\</path>
         <kind>archive</kind>
         <file>rtsv7R4_T_le_v3D16_eabi.lib</file>
         <name>memory.c.obj</name>
      </input_file>
      <input_file id="fl-68">
         <path>F:\Program Files\ti\ccs8\ccsv8\tools\compiler\ti-cgt-arm_20.2.5.LTS\lib\</path>
         <kind>archive</kind>
         <file>rtsv7R4_T_le_v3D16_eabi.lib</file>
         <name>strcmp.c.obj</name>
      </input_file>
      <input_file id="fl-69">
         <path>F:\Program Files\ti\ccs8\ccsv8\tools\compiler\ti-cgt-arm_20.2.5.LTS\lib\</path>
         <kind>archive</kind>
         <file>rtsv7R4_T_le_v3D16_eabi.lib</file>
         <name>strlen.c.obj</name>
      </input_file>
      <input_file id="fl-6a">
         <path>F:\Program Files\ti\ccs8\ccsv8\tools\compiler\ti-cgt-arm_20.2.5.LTS\lib\</path>
         <kind>archive</kind>
         <file>rtsv7R4_T_le_v3D16_eabi.lib</file>
         <name>time.c.obj</name>
      </input_file>
      <input_file id="fl-6b">
         <path>F:\Program Files\ti\ccs8\ccsv8\tools\compiler\ti-cgt-arm_20.2.5.LTS\lib\</path>
         <kind>archive</kind>
         <file>rtsv7R4_T_le_v3D16_eabi.lib</file>
         <name>_printfi_min.c.obj</name>
      </input_file>
      <input_file id="fl-6c">
         <path>F:\Program Files\ti\ccs8\ccsv8\tools\compiler\ti-cgt-arm_20.2.5.LTS\lib\</path>
         <kind>archive</kind>
         <file>rtsv7R4_T_le_v3D16_eabi.lib</file>
         <name>error.c.obj</name>
      </input_file>
      <input_file id="fl-6d">
         <path>F:\Program Files\ti\ccs8\ccsv8\tools\compiler\ti-cgt-arm_20.2.5.LTS\lib\</path>
         <kind>archive</kind>
         <file>rtsv7R4_T_le_v3D16_eabi.lib</file>
         <name>div0.asm.obj</name>
      </input_file>
      <input_file id="fl-6e">
         <path>F:\Program Files\ti\ccs8\ccsv8\tools\compiler\ti-cgt-arm_20.2.5.LTS\lib\</path>
         <kind>archive</kind>
         <file>rtsv7R4_T_le_v3D16_eabi.lib</file>
         <name>memccpy.c.obj</name>
      </input_file>
      <input_file id="fl-6f">
         <path>F:\Program Files\ti\ccs8\ccsv8\tools\compiler\ti-cgt-arm_20.2.5.LTS\lib\</path>
         <kind>archive</kind>
         <file>rtsv7R4_T_le_v3D16_eabi.lib</file>
         <name>hosttime.c.obj</name>
      </input_file>
      <input_file id="fl-70">
         <path>F:\Program Files\ti\ccs8\ccsv8\tools\compiler\ti-cgt-arm_20.2.5.LTS\lib\</path>
         <kind>archive</kind>
         <file>rtsv7R4_T_le_v3D16_eabi.lib</file>
         <name>trgmsg.c.obj</name>
      </input_file>
      <input_file id="fl-71">
         <path>F:\Program Files\ti\ccs8\ccsv8\tools\compiler\ti-cgt-arm_20.2.5.LTS\lib\</path>
         <kind>archive</kind>
         <file>rtsv7R4_T_le_v3D16_eabi.lib</file>
         <name>hostopen.c.obj</name>
      </input_file>
   </input_file_list>
   <object_component_list>
      <object_component id="oc-3d">
         <name>.intvecs</name>
         <load_address>0x0</load_address>
         <run_address>0x0</run_address>
         <size>0x20</size>
         <input_file_ref idref="fl-1c"/>
      </object_component>
      <object_component id="oc-174">
         <name>.kernelTEXT</name>
         <load_address>0x20</load_address>
         <run_address>0x20</run_address>
         <size>0x2c58</size>
         <input_file_ref idref="fl-15"/>
      </object_component>
      <object_component id="oc-2e0">
         <name>.kernelTEXT</name>
         <load_address>0x2c78</load_address>
         <run_address>0x2c78</run_address>
         <size>0x1264</size>
         <input_file_ref idref="fl-14"/>
      </object_component>
      <object_component id="oc-2e6">
         <name>.kernelTEXT</name>
         <load_address>0x3edc</load_address>
         <run_address>0x3edc</run_address>
         <size>0xab0</size>
         <input_file_ref idref="fl-16"/>
      </object_component>
      <object_component id="oc-2ec">
         <name>.kernelTEXT</name>
         <load_address>0x498c</load_address>
         <run_address>0x498c</run_address>
         <size>0x818</size>
         <input_file_ref idref="fl-e"/>
      </object_component>
      <object_component id="oc-b2">
         <name>.kernelTEXT</name>
         <load_address>0x51a4</load_address>
         <run_address>0x51a4</run_address>
         <size>0x4bc</size>
         <input_file_ref idref="fl-13"/>
      </object_component>
      <object_component id="oc-32b">
         <name>.kernelTEXT</name>
         <load_address>0x5660</load_address>
         <run_address>0x5660</run_address>
         <size>0x3e0</size>
         <input_file_ref idref="fl-12"/>
      </object_component>
      <object_component id="oc-31f">
         <name>.kernelTEXT</name>
         <load_address>0x5a40</load_address>
         <run_address>0x5a40</run_address>
         <size>0x37c</size>
         <input_file_ref idref="fl-f"/>
      </object_component>
      <object_component id="oc-791">
         <name>.cinit..data.load</name>
         <load_address>0x5dc0</load_address>
         <run_address>0x5dc0</run_address>
         <size>0xb7</size>
      </object_component>
      <object_component id="oc-78c">
         <name>__TI_handler_table</name>
         <load_address>0x5e78</load_address>
         <run_address>0x5e78</run_address>
         <size>0xc</size>
      </object_component>
      <object_component id="oc-78e">
         <name>.cinit..kernelBSS.load</name>
         <load_address>0x5e84</load_address>
         <run_address>0x5e84</run_address>
         <size>0x9</size>
      </object_component>
      <object_component id="oc-792">
         <name>.cinit.FEE_DATA_SECTION.load</name>
         <load_address>0x5e8d</load_address>
         <run_address>0x5e8d</run_address>
         <size>0x9</size>
      </object_component>
      <object_component id="oc-790">
         <name>.cinit..bss.load</name>
         <load_address>0x5e98</load_address>
         <run_address>0x5e98</run_address>
         <size>0x8</size>
      </object_component>
      <object_component id="oc-78f">
         <name>.cinit..kernelHEAP.load</name>
         <load_address>0x5ea0</load_address>
         <run_address>0x5ea0</run_address>
         <size>0x8</size>
      </object_component>
      <object_component id="oc-78d">
         <name>__TI_cinit_table</name>
         <load_address>0x5ea8</load_address>
         <run_address>0x5ea8</run_address>
         <size>0x28</size>
      </object_component>
      <object_component id="oc-512">
         <name>.text</name>
         <load_address>0x8020</load_address>
         <run_address>0x8020</run_address>
         <size>0x57c8</size>
         <input_file_ref idref="fl-31"/>
      </object_component>
      <object_component id="oc-91">
         <name>.text</name>
         <load_address>0xd7e8</load_address>
         <run_address>0xd7e8</run_address>
         <size>0x2cdc</size>
         <input_file_ref idref="fl-22"/>
      </object_component>
      <object_component id="oc-9e">
         <name>.text</name>
         <load_address>0x104c4</load_address>
         <run_address>0x104c4</run_address>
         <size>0x17c0</size>
         <input_file_ref idref="fl-40"/>
      </object_component>
      <object_component id="oc-506">
         <name>.text</name>
         <load_address>0x11c84</load_address>
         <run_address>0x11c84</run_address>
         <size>0x1764</size>
         <input_file_ref idref="fl-2b"/>
      </object_component>
      <object_component id="oc-50c">
         <name>.text</name>
         <load_address>0x133e8</load_address>
         <run_address>0x133e8</run_address>
         <size>0x10e0</size>
         <input_file_ref idref="fl-2d"/>
      </object_component>
      <object_component id="oc-168">
         <name>.text</name>
         <load_address>0x144c8</load_address>
         <run_address>0x144c8</run_address>
         <size>0xc14</size>
         <input_file_ref idref="fl-11"/>
      </object_component>
      <object_component id="oc-8b">
         <name>.text</name>
         <load_address>0x150dc</load_address>
         <run_address>0x150dc</run_address>
         <size>0xb64</size>
         <input_file_ref idref="fl-25"/>
      </object_component>
      <object_component id="oc-49">
         <name>.text</name>
         <load_address>0x15c40</load_address>
         <run_address>0x15c40</run_address>
         <size>0xa58</size>
         <input_file_ref idref="fl-24"/>
      </object_component>
      <object_component id="oc-15c">
         <name>.text</name>
         <load_address>0x16698</load_address>
         <run_address>0x16698</run_address>
         <size>0xa2c</size>
         <input_file_ref idref="fl-4"/>
      </object_component>
      <object_component id="oc-162">
         <name>.text</name>
         <load_address>0x170c4</load_address>
         <run_address>0x170c4</run_address>
         <size>0xa20</size>
         <input_file_ref idref="fl-b"/>
      </object_component>
      <object_component id="oc-156">
         <name>.text</name>
         <load_address>0x17ae4</load_address>
         <run_address>0x17ae4</run_address>
         <size>0x8d8</size>
         <input_file_ref idref="fl-a"/>
      </object_component>
      <object_component id="oc-104">
         <name>.text</name>
         <load_address>0x183bc</load_address>
         <run_address>0x183bc</run_address>
         <size>0x8bc</size>
         <input_file_ref idref="fl-17"/>
      </object_component>
      <object_component id="oc-14a">
         <name>.text</name>
         <load_address>0x18c78</load_address>
         <run_address>0x18c78</run_address>
         <size>0x7b8</size>
         <input_file_ref idref="fl-19"/>
      </object_component>
      <object_component id="oc-198">
         <name>.text</name>
         <load_address>0x19430</load_address>
         <run_address>0x19430</run_address>
         <size>0x764</size>
         <input_file_ref idref="fl-36"/>
      </object_component>
      <object_component id="oc-17a">
         <name>.text</name>
         <load_address>0x19b94</load_address>
         <run_address>0x19b94</run_address>
         <size>0x710</size>
         <input_file_ref idref="fl-3b"/>
      </object_component>
      <object_component id="oc-1cb">
         <name>.text</name>
         <load_address>0x1a2a4</load_address>
         <run_address>0x1a2a4</run_address>
         <size>0x6b0</size>
         <input_file_ref idref="fl-37"/>
      </object_component>
      <object_component id="oc-7f">
         <name>.text</name>
         <load_address>0x1a954</load_address>
         <run_address>0x1a954</run_address>
         <size>0x664</size>
         <input_file_ref idref="fl-7"/>
      </object_component>
      <object_component id="oc-1dd">
         <name>.text</name>
         <load_address>0x1afb8</load_address>
         <run_address>0x1afb8</run_address>
         <size>0x630</size>
         <input_file_ref idref="fl-18"/>
      </object_component>
      <object_component id="oc-180">
         <name>.text</name>
         <load_address>0x1b5e8</load_address>
         <run_address>0x1b5e8</run_address>
         <size>0x5d0</size>
         <input_file_ref idref="fl-3c"/>
      </object_component>
      <object_component id="oc-97">
         <name>.text</name>
         <load_address>0x1bbb8</load_address>
         <run_address>0x1bbb8</run_address>
         <size>0x5bc</size>
         <input_file_ref idref="fl-8"/>
      </object_component>
      <object_component id="oc-1b9">
         <name>.text</name>
         <load_address>0x1c174</load_address>
         <run_address>0x1c174</run_address>
         <size>0x580</size>
         <input_file_ref idref="fl-34"/>
      </object_component>
      <object_component id="oc-150">
         <name>.text</name>
         <load_address>0x1c6f4</load_address>
         <run_address>0x1c6f4</run_address>
         <size>0x484</size>
         <input_file_ref idref="fl-9"/>
      </object_component>
      <object_component id="oc-186">
         <name>.text</name>
         <load_address>0x1cb78</load_address>
         <run_address>0x1cb78</run_address>
         <size>0x374</size>
         <input_file_ref idref="fl-3d"/>
      </object_component>
      <object_component id="oc-7a">
         <name>.text</name>
         <load_address>0x1ceec</load_address>
         <run_address>0x1ceec</run_address>
         <size>0x34c</size>
         <input_file_ref idref="fl-1a"/>
      </object_component>
      <object_component id="oc-1b3">
         <name>.text</name>
         <load_address>0x1d238</load_address>
         <run_address>0x1d238</run_address>
         <size>0x330</size>
         <input_file_ref idref="fl-3e"/>
      </object_component>
      <object_component id="oc-3e7">
         <name>.text</name>
         <load_address>0x1d568</load_address>
         <run_address>0x1d568</run_address>
         <size>0x2e0</size>
         <input_file_ref idref="fl-39"/>
      </object_component>
      <object_component id="oc-48">
         <name>.text:retain</name>
         <load_address>0x1d848</load_address>
         <run_address>0x1d848</run_address>
         <size>0x2cc</size>
         <input_file_ref idref="fl-24"/>
      </object_component>
      <object_component id="oc-22">
         <name>.text:retain</name>
         <load_address>0x1db14</load_address>
         <run_address>0x1db14</run_address>
         <size>0x2b8</size>
         <input_file_ref idref="fl-23"/>
      </object_component>
      <object_component id="oc-1bf">
         <name>.text</name>
         <load_address>0x1ddcc</load_address>
         <run_address>0x1ddcc</run_address>
         <size>0x288</size>
         <input_file_ref idref="fl-35"/>
      </object_component>
      <object_component id="oc-4ad">
         <name>.text</name>
         <load_address>0x1e054</load_address>
         <run_address>0x1e054</run_address>
         <size>0x278</size>
         <input_file_ref idref="fl-f"/>
      </object_component>
      <object_component id="oc-5ca">
         <name>.text:Fapi_initializeFlashBanks</name>
         <load_address>0x1e2cc</load_address>
         <run_address>0x1e2cc</run_address>
         <size>0x260</size>
         <input_file_ref idref="fl-4b"/>
      </object_component>
      <object_component id="oc-325">
         <name>.text</name>
         <load_address>0x1e52c</load_address>
         <run_address>0x1e52c</run_address>
         <size>0x238</size>
         <input_file_ref idref="fl-10"/>
      </object_component>
      <object_component id="oc-341">
         <name>.text:__TI_printfi_minimal</name>
         <load_address>0x1e764</load_address>
         <run_address>0x1e764</run_address>
         <size>0x226</size>
         <input_file_ref idref="fl-6b"/>
      </object_component>
      <object_component id="oc-543">
         <name>.text:_nop</name>
         <load_address>0x1e98a</load_address>
         <run_address>0x1e98a</run_address>
         <size>0x2</size>
         <input_file_ref idref="fl-64"/>
      </object_component>
      <object_component id="oc-37">
         <name>.text:retain</name>
         <load_address>0x1e98c</load_address>
         <run_address>0x1e98c</run_address>
         <size>0x204</size>
         <input_file_ref idref="fl-19"/>
      </object_component>
      <object_component id="oc-bb">
         <name>.text</name>
         <load_address>0x1eb90</load_address>
         <run_address>0x1eb90</run_address>
         <size>0x1cc</size>
         <input_file_ref idref="fl-41"/>
      </object_component>
      <object_component id="oc-4bd">
         <name>.text</name>
         <load_address>0x1ed5c</load_address>
         <run_address>0x1ed5c</run_address>
         <size>0x1b0</size>
         <input_file_ref idref="fl-12"/>
      </object_component>
      <object_component id="oc-1a7">
         <name>.text</name>
         <load_address>0x1ef0c</load_address>
         <run_address>0x1ef0c</run_address>
         <size>0x194</size>
         <input_file_ref idref="fl-3a"/>
      </object_component>
      <object_component id="oc-5d0">
         <name>.text:Fapi_setActiveFlashBank</name>
         <load_address>0x1f0a0</load_address>
         <run_address>0x1f0a0</run_address>
         <size>0x17c</size>
         <input_file_ref idref="fl-4e"/>
      </object_component>
      <object_component id="oc-2da">
         <name>.text</name>
         <load_address>0x1f21c</load_address>
         <run_address>0x1f21c</run_address>
         <size>0x158</size>
         <input_file_ref idref="fl-15"/>
      </object_component>
      <object_component id="oc-51e">
         <name>.text:__vla_alloc</name>
         <load_address>0x1f374</load_address>
         <run_address>0x1f374</run_address>
         <size>0x154</size>
         <input_file_ref idref="fl-58"/>
      </object_component>
      <object_component id="oc-a6">
         <name>.text</name>
         <load_address>0x1f4c8</load_address>
         <run_address>0x1f4c8</run_address>
         <size>0x120</size>
         <input_file_ref idref="fl-c"/>
      </object_component>
      <object_component id="oc-28">
         <name>.text:retain</name>
         <load_address>0x1f5e8</load_address>
         <run_address>0x1f5e8</run_address>
         <size>0x114</size>
         <input_file_ref idref="fl-8"/>
      </object_component>
      <object_component id="oc-6b9">
         <name>.text:aligned_alloc</name>
         <load_address>0x1f6fc</load_address>
         <run_address>0x1f6fc</run_address>
         <size>0x100</size>
         <input_file_ref idref="fl-67"/>
      </object_component>
      <object_component id="oc-16e">
         <name>.text</name>
         <load_address>0x1f7fc</load_address>
         <run_address>0x1f7fc</run_address>
         <size>0xfc</size>
         <input_file_ref idref="fl-3f"/>
      </object_component>
      <object_component id="oc-c5">
         <name>.text</name>
         <load_address>0x1f8f8</load_address>
         <run_address>0x1f8f8</run_address>
         <size>0xe8</size>
         <input_file_ref idref="fl-6"/>
      </object_component>
      <object_component id="oc-62a">
         <name>.text:free</name>
         <load_address>0x1f9e0</load_address>
         <run_address>0x1f9e0</run_address>
         <size>0xe4</size>
         <input_file_ref idref="fl-67"/>
      </object_component>
      <object_component id="oc-615">
         <name>.text:realloc</name>
         <load_address>0x1fac4</load_address>
         <run_address>0x1fac4</run_address>
         <size>0xe4</size>
         <input_file_ref idref="fl-67"/>
      </object_component>
      <object_component id="oc-2bf">
         <name>.text:floor</name>
         <load_address>0x1fba8</load_address>
         <run_address>0x1fba8</run_address>
         <size>0xe0</size>
         <input_file_ref idref="fl-59"/>
      </object_component>
      <object_component id="oc-10c">
         <name>.text</name>
         <load_address>0x1fc88</load_address>
         <run_address>0x1fc88</run_address>
         <size>0xe0</size>
         <input_file_ref idref="fl-21"/>
      </object_component>
      <object_component id="oc-62">
         <name>.text</name>
         <load_address>0x1fd68</load_address>
         <run_address>0x1fd68</run_address>
         <size>0x9c</size>
         <input_file_ref idref="fl-5a"/>
      </object_component>
      <object_component id="oc-5e6">
         <name>.text:Fapi_doBlankCheck</name>
         <load_address>0x1fe04</load_address>
         <run_address>0x1fe04</run_address>
         <size>0x94</size>
         <input_file_ref idref="fl-49"/>
      </object_component>
      <object_component id="oc-31">
         <name>.text:retain</name>
         <load_address>0x1fe98</load_address>
         <run_address>0x1fe98</run_address>
         <size>0x94</size>
         <input_file_ref idref="fl-18"/>
      </object_component>
      <object_component id="oc-5d6">
         <name>.text:Fapi_enableEepromBankSectors</name>
         <load_address>0x1ff2c</load_address>
         <run_address>0x1ff2c</run_address>
         <size>0x80</size>
         <input_file_ref idref="fl-4a"/>
      </object_component>
      <object_component id="oc-f6">
         <name>.text</name>
         <load_address>0x1ffac</load_address>
         <run_address>0x1ffac</run_address>
         <size>0x7a</size>
         <input_file_ref idref="fl-5d"/>
      </object_component>
      <object_component id="oc-49b">
         <name>.text</name>
         <load_address>0x20026</load_address>
         <run_address>0x20026</run_address>
         <size>0x2</size>
         <input_file_ref idref="fl-6d"/>
      </object_component>
      <object_component id="oc-60f">
         <name>.text:_ZN33_INTERNAL_11_vla_alloc_c_be8bd49b21free_dead_allocationsEPv</name>
         <load_address>0x20028</load_address>
         <run_address>0x20028</run_address>
         <size>0x78</size>
         <input_file_ref idref="fl-58"/>
      </object_component>
      <object_component id="oc-6c7">
         <name>.text:split</name>
         <load_address>0x200a0</load_address>
         <run_address>0x200a0</run_address>
         <size>0x74</size>
         <input_file_ref idref="fl-67"/>
      </object_component>
      <object_component id="oc-524">
         <name>.text:__vla_dealloc</name>
         <load_address>0x20114</load_address>
         <run_address>0x20114</run_address>
         <size>0x70</size>
         <input_file_ref idref="fl-58"/>
      </object_component>
      <object_component id="oc-15">
         <name>.text:decompress:lzss:__TI_decompress_lzss</name>
         <load_address>0x20184</load_address>
         <run_address>0x20184</run_address>
         <size>0x6c</size>
         <input_file_ref idref="fl-62"/>
      </object_component>
      <object_component id="oc-69d">
         <name>.text:_Fapi_loopRegionForValue</name>
         <load_address>0x201f0</load_address>
         <run_address>0x201f0</run_address>
         <size>0x5e</size>
         <input_file_ref idref="fl-50"/>
      </object_component>
      <object_component id="oc-336">
         <name>.text</name>
         <load_address>0x20250</load_address>
         <run_address>0x20250</run_address>
         <size>0x54</size>
         <input_file_ref idref="fl-5b"/>
      </object_component>
      <object_component id="oc-741">
         <name>.text:Fapi_isAddressEcc</name>
         <load_address>0x202a4</load_address>
         <run_address>0x202a4</run_address>
         <size>0x50</size>
         <input_file_ref idref="fl-56"/>
      </object_component>
      <object_component id="oc-1d1">
         <name>.text:atoi</name>
         <load_address>0x202f4</load_address>
         <run_address>0x202f4</run_address>
         <size>0x50</size>
         <input_file_ref idref="fl-65"/>
      </object_component>
      <object_component id="oc-318">
         <name>.text</name>
         <load_address>0x20344</load_address>
         <run_address>0x20344</run_address>
         <size>0x50</size>
         <input_file_ref idref="fl-5c"/>
      </object_component>
      <object_component id="oc-48e">
         <name>.text:HOSTtime</name>
         <load_address>0x20394</load_address>
         <run_address>0x20394</run_address>
         <size>0x48</size>
         <input_file_ref idref="fl-6f"/>
      </object_component>
      <object_component id="oc-68a">
         <name>.text:_Fapi_EnableSectors</name>
         <load_address>0x203dc</load_address>
         <run_address>0x203dc</run_address>
         <size>0x44</size>
         <input_file_ref idref="fl-4a"/>
      </object_component>
      <object_component id="oc-11a">
         <name>.text:__TI_auto_init_nobinit_nopinit:__TI_auto_init_nobinit_nopinit</name>
         <load_address>0x20420</load_address>
         <run_address>0x20420</run_address>
         <size>0x44</size>
         <input_file_ref idref="fl-5e"/>
      </object_component>
      <object_component id="oc-65d">
         <name>.text:Fapi_calculateFletcherChecksum</name>
         <load_address>0x20464</load_address>
         <run_address>0x20464</run_address>
         <size>0x40</size>
         <input_file_ref idref="fl-52"/>
      </object_component>
      <object_component id="oc-18c">
         <name>.text:sprintf</name>
         <load_address>0x204a4</load_address>
         <run_address>0x204a4</run_address>
         <size>0x40</size>
         <input_file_ref idref="fl-57"/>
      </object_component>
      <object_component id="oc-6a5">
         <name>.text:_Fapi_issueFsmCommand</name>
         <load_address>0x204e4</load_address>
         <run_address>0x204e4</run_address>
         <size>0x3c</size>
         <input_file_ref idref="fl-4c"/>
      </object_component>
      <object_component id="oc-587">
         <name>.text:__TI_writemsg</name>
         <load_address>0x20520</load_address>
         <run_address>0x20520</run_address>
         <size>0x3c</size>
         <input_file_ref idref="fl-70"/>
      </object_component>
      <object_component id="oc-58d">
         <name>.text:__TI_readmsg</name>
         <load_address>0x2055c</load_address>
         <run_address>0x2055c</run_address>
         <size>0x34</size>
         <input_file_ref idref="fl-70"/>
      </object_component>
      <object_component id="oc-5f2">
         <name>.text:Fapi_issueAsyncCommandWithAddress</name>
         <load_address>0x20590</load_address>
         <run_address>0x20590</run_address>
         <size>0x30</size>
         <input_file_ref idref="fl-48"/>
      </object_component>
      <object_component id="oc-70d">
         <name>.text:Fapi_waitDelay</name>
         <load_address>0x205c0</load_address>
         <run_address>0x205c0</run_address>
         <size>0x30</size>
         <input_file_ref idref="fl-53"/>
      </object_component>
      <object_component id="oc-715">
         <name>.text:_Fapi_readDword</name>
         <load_address>0x205f0</load_address>
         <run_address>0x205f0</run_address>
         <size>0x2c</size>
         <input_file_ref idref="fl-55"/>
      </object_component>
      <object_component id="oc-5ec">
         <name>.text:Fapi_issueAsyncCommand</name>
         <load_address>0x2061c</load_address>
         <run_address>0x2061c</run_address>
         <size>0x2a</size>
         <input_file_ref idref="fl-47"/>
      </object_component>
      <object_component id="oc-6e1">
         <name>.text:free_list_insert</name>
         <load_address>0x20648</load_address>
         <run_address>0x20648</run_address>
         <size>0x28</size>
         <input_file_ref idref="fl-67"/>
      </object_component>
      <object_component id="oc-4d5">
         <name>.text:memccpy</name>
         <load_address>0x20670</load_address>
         <run_address>0x20670</run_address>
         <size>0x26</size>
         <input_file_ref idref="fl-6e"/>
      </object_component>
      <object_component id="oc-697">
         <name>.text:Fapi_flushPipeline</name>
         <load_address>0x20696</load_address>
         <run_address>0x20696</run_address>
         <size>0x22</size>
         <input_file_ref idref="fl-4f"/>
      </object_component>
      <object_component id="oc-663">
         <name>.text:_Fapi_divideUnsignedLong</name>
         <load_address>0x206b8</load_address>
         <run_address>0x206b8</run_address>
         <size>0x1c</size>
         <input_file_ref idref="fl-4b"/>
      </object_component>
      <object_component id="oc-6c1">
         <name>.text:free_list_remove</name>
         <load_address>0x206d4</load_address>
         <run_address>0x206d4</run_address>
         <size>0x1c</size>
         <input_file_ref idref="fl-67"/>
      </object_component>
      <object_component id="oc-347">
         <name>.text:_outs</name>
         <load_address>0x206f0</load_address>
         <run_address>0x206f0</run_address>
         <size>0x1a</size>
         <input_file_ref idref="fl-57"/>
      </object_component>
      <object_component id="oc-1c5">
         <name>.text:strcmp</name>
         <load_address>0x2070a</load_address>
         <run_address>0x2070a</run_address>
         <size>0x18</size>
         <input_file_ref idref="fl-68"/>
      </object_component>
      <object_component id="oc-192">
         <name>.text:strlen</name>
         <load_address>0x20722</load_address>
         <run_address>0x20722</run_address>
         <size>0x16</size>
         <input_file_ref idref="fl-69"/>
      </object_component>
      <object_component id="oc-684">
         <name>.text:Fapi_getNumberOfBankSectors</name>
         <load_address>0x20738</load_address>
         <run_address>0x20738</run_address>
         <size>0x10</size>
         <input_file_ref idref="fl-54"/>
      </object_component>
      <object_component id="oc-66f">
         <name>.text:_scaleEEFclk</name>
         <load_address>0x20748</load_address>
         <run_address>0x20748</run_address>
         <size>0x10</size>
         <input_file_ref idref="fl-4d"/>
      </object_component>
      <object_component id="oc-669">
         <name>.text:_scaleMainFclk</name>
         <load_address>0x20758</load_address>
         <run_address>0x20758</run_address>
         <size>0x10</size>
         <input_file_ref idref="fl-4d"/>
      </object_component>
      <object_component id="oc-312">
         <name>.text:__time32</name>
         <load_address>0x20768</load_address>
         <run_address>0x20768</run_address>
         <size>0xe</size>
         <input_file_ref idref="fl-6a"/>
      </object_component>
      <object_component id="oc-1b">
         <name>.text:decompress:none:__TI_decompress_none</name>
         <load_address>0x20776</load_address>
         <run_address>0x20776</run_address>
         <size>0xe</size>
         <input_file_ref idref="fl-61"/>
      </object_component>
      <object_component id="oc-71b">
         <name>.text:_Fapi_checkWdService</name>
         <load_address>0x20784</load_address>
         <run_address>0x20784</run_address>
         <size>0xc</size>
         <input_file_ref idref="fl-51"/>
      </object_component>
      <object_component id="oc-74">
         <name>.text:decompress:ZI:__TI_zero_init</name>
         <load_address>0x20790</load_address>
         <run_address>0x20790</run_address>
         <size>0xc</size>
         <input_file_ref idref="fl-60"/>
      </object_component>
      <object_component id="oc-34d">
         <name>.text:_outc</name>
         <load_address>0x2079c</load_address>
         <run_address>0x2079c</run_address>
         <size>0xa</size>
         <input_file_ref idref="fl-57"/>
      </object_component>
      <object_component id="oc-749">
         <name>.text</name>
         <load_address>0x207a8</load_address>
         <run_address>0x207a8</run_address>
         <size>0x8</size>
         <input_file_ref idref="fl-3"/>
      </object_component>
      <object_component id="oc-609">
         <name>.text:malloc</name>
         <load_address>0x207b0</load_address>
         <run_address>0x207b0</run_address>
         <size>0x8</size>
         <input_file_ref idref="fl-67"/>
      </object_component>
      <object_component id="oc-603">
         <name>.text:__abort_execution</name>
         <load_address>0x207b8</load_address>
         <run_address>0x207b8</run_address>
         <size>0x4</size>
         <input_file_ref idref="fl-6c"/>
      </object_component>
      <object_component id="oc-1f9">
         <name>.text:abort:abort</name>
         <load_address>0x207bc</load_address>
         <run_address>0x207bc</run_address>
         <size>0x4</size>
         <input_file_ref idref="fl-63"/>
      </object_component>
      <object_component id="oc-42">
         <name>.text:retain</name>
         <load_address>0x207c0</load_address>
         <run_address>0x207c0</run_address>
         <size>0x4</size>
         <input_file_ref idref="fl-1f"/>
      </object_component>
      <object_component id="oc-85">
         <name>.text</name>
         <load_address>0x207c4</load_address>
         <run_address>0x207c4</run_address>
         <size>0x4</size>
         <input_file_ref idref="fl-23"/>
      </object_component>
      <object_component id="oc-795">
         <name>.tramp.Fapi_serviceWatchdogTimer.1</name>
         <load_address>0x207c8</load_address>
         <run_address>0x207c8</run_address>
         <size>0x8</size>
         <input_file_ref idref="fl-3"/>
      </object_component>
      <object_component id="oc-2e">
         <name>.const:s_vim_init</name>
         <load_address>0x21c28</load_address>
         <run_address>0x21c28</run_address>
         <size>0x200</size>
         <input_file_ref idref="fl-24"/>
      </object_component>
      <object_component id="oc-3ef">
         <name>.const:.string:_ctypes_</name>
         <load_address>0x21e28</load_address>
         <run_address>0x21e28</run_address>
         <size>0x101</size>
         <input_file_ref idref="fl-66"/>
      </object_component>
      <object_component id="oc-20c">
         <name>.kernelBSS:init</name>
         <load_address>0x80009fc</load_address>
         <run_address>0x80009fc</run_address>
         <size>0x34</size>
         <input_file_ref idref="fl-15"/>
      </object_component>
      <object_component id="oc-331">
         <name>.kernelBSS:uninit</name>
         <load_address>0x8000800</load_address>
         <run_address>0x8000800</run_address>
         <size>0x1fc</size>
         <input_file_ref idref="fl-15"/>
      </object_component>
      <object_component id="oc-47f">
         <name>.kernelBSS:uninit</name>
         <load_address>0x8000a30</load_address>
         <run_address>0x8000a30</run_address>
         <size>0x30</size>
         <input_file_ref idref="fl-16"/>
      </object_component>
      <object_component id="oc-47c">
         <name>.kernelBSS:init</name>
         <load_address>0x8000a60</load_address>
         <run_address>0x8000a60</run_address>
         <size>0xc</size>
         <input_file_ref idref="fl-16"/>
      </object_component>
      <object_component id="oc-5a4">
         <name>.kernelHEAP</name>
         <uninitialized>true</uninitialized>
         <run_address>0x8001000</run_address>
         <size>0x2000</size>
         <input_file_ref idref="fl-f"/>
      </object_component>
      <object_component id="oc-2c8">
         <name>.bss:g_i2cTransfer_t</name>
         <uninitialized>true</uninitialized>
         <run_address>0x8003cd0</run_address>
         <size>0xc</size>
         <input_file_ref idref="fl-a"/>
      </object_component>
      <object_component id="oc-4b6">
         <name>.bss:xStart</name>
         <uninitialized>true</uninitialized>
         <run_address>0x8003cf8</run_address>
         <size>0x8</size>
         <input_file_ref idref="fl-f"/>
      </object_component>
      <object_component id="oc-c1">
         <name>.bss:g_sciTransfer_t</name>
         <uninitialized>true</uninitialized>
         <run_address>0x8003c80</run_address>
         <size>0x28</size>
         <input_file_ref idref="fl-19"/>
      </object_component>
      <object_component id="oc-530">
         <name>.bss</name>
         <uninitialized>true</uninitialized>
         <run_address>0x8003d28</run_address>
         <size>0x2</size>
         <input_file_ref idref="fl-39"/>
      </object_component>
      <object_component id="oc-3c0">
         <name>.bss:global_realtimeClock</name>
         <uninitialized>true</uninitialized>
         <run_address>0x8003cdc</run_address>
         <size>0xc</size>
         <input_file_ref idref="fl-40"/>
      </object_component>
      <object_component id="oc-1b0">
         <name>.bss:global_ina226D</name>
         <uninitialized>true</uninitialized>
         <run_address>0x8003800</run_address>
         <size>0x1b0</size>
         <input_file_ref idref="fl-40"/>
      </object_component>
      <object_component id="oc-1d7">
         <name>.bss:global_ina3221D</name>
         <uninitialized>true</uninitialized>
         <run_address>0x8003c40</run_address>
         <size>0x40</size>
         <input_file_ref idref="fl-40"/>
      </object_component>
      <object_component id="oc-1da">
         <name>.bss:global_max6698D</name>
         <uninitialized>true</uninitialized>
         <run_address>0x8003d08</run_address>
         <size>0x4</size>
         <input_file_ref idref="fl-40"/>
      </object_component>
      <object_component id="oc-1a4">
         <name>.bss:global_mpptD</name>
         <uninitialized>true</uninitialized>
         <run_address>0x8003bf0</run_address>
         <size>0x50</size>
         <input_file_ref idref="fl-40"/>
      </object_component>
      <object_component id="oc-1e6">
         <name>.bss:global_battD</name>
         <uninitialized>true</uninitialized>
         <run_address>0x8003cbc</run_address>
         <size>0x14</size>
         <input_file_ref idref="fl-40"/>
      </object_component>
      <object_component id="oc-1e3">
         <name>.bss:global_heaterD</name>
         <uninitialized>true</uninitialized>
         <run_address>0x8003ce8</run_address>
         <size>0x8</size>
         <input_file_ref idref="fl-40"/>
      </object_component>
      <object_component id="oc-1e9">
         <name>.bss:global_channelD</name>
         <uninitialized>true</uninitialized>
         <run_address>0x8003ad0</run_address>
         <size>0x120</size>
         <input_file_ref idref="fl-40"/>
      </object_component>
      <object_component id="oc-23d">
         <name>.bss</name>
         <uninitialized>true</uninitialized>
         <run_address>0x8003cf0</run_address>
         <size>0x8</size>
         <input_file_ref idref="fl-41"/>
      </object_component>
      <object_component id="oc-240">
         <name>.bss:cmd1</name>
         <uninitialized>true</uninitialized>
         <run_address>0x8003ca8</run_address>
         <size>0x14</size>
         <input_file_ref idref="fl-41"/>
      </object_component>
      <object_component id="oc-645">
         <name>.bss:_CIOBUF_</name>
         <uninitialized>true</uninitialized>
         <run_address>0x80039b0</run_address>
         <size>0x120</size>
         <input_file_ref idref="fl-70"/>
      </object_component>
      <object_component id="oc-19e">
         <name>.common:initTask_Handle</name>
         <uninitialized>true</uninitialized>
         <run_address>0x8003d18</run_address>
         <size>0x4</size>
      </object_component>
      <object_component id="oc-1ee">
         <name>.common:getHKTask_Handle</name>
         <uninitialized>true</uninitialized>
         <run_address>0x8003d10</run_address>
         <size>0x4</size>
      </object_component>
      <object_component id="oc-1ef">
         <name>.common:checkActiveTask_Handle</name>
         <uninitialized>true</uninitialized>
         <run_address>0x8003d0c</run_address>
         <size>0x4</size>
      </object_component>
      <object_component id="oc-1ec">
         <name>.common:outputchanCtrlTask_Handle</name>
         <uninitialized>true</uninitialized>
         <run_address>0x8003d1c</run_address>
         <size>0x4</size>
      </object_component>
      <object_component id="oc-1f1">
         <name>.common:powerConvertion_and_battCtrlTask_Handle</name>
         <uninitialized>true</uninitialized>
         <run_address>0x8003d20</run_address>
         <size>0x4</size>
      </object_component>
      <object_component id="oc-1f0">
         <name>.common:heaterCtrlTask_Handle</name>
         <uninitialized>true</uninitialized>
         <run_address>0x8003d14</run_address>
         <size>0x4</size>
      </object_component>
      <object_component id="oc-1ed">
         <name>.common:receiveCMDTask_Handle</name>
         <uninitialized>true</uninitialized>
         <run_address>0x8003d24</run_address>
         <size>0x4</size>
      </object_component>
      <object_component id="oc-593">
         <name>.common:parmbuf</name>
         <uninitialized>true</uninitialized>
         <run_address>0x8003d00</run_address>
         <size>0x8</size>
      </object_component>
      <object_component id="oc-4b3">
         <name>.data</name>
         <load_address>0x8003fc8</load_address>
         <run_address>0x8003fc8</run_address>
         <size>0x10</size>
         <input_file_ref idref="fl-f"/>
      </object_component>
      <object_component id="oc-20f">
         <name>.data</name>
         <load_address>0x8003ff8</load_address>
         <run_address>0x8003ff8</run_address>
         <size>0x8</size>
         <input_file_ref idref="fl-12"/>
      </object_component>
      <object_component id="oc-3d8">
         <name>.data:binary</name>
         <load_address>0x8003f50</load_address>
         <run_address>0x8003f50</run_address>
         <size>0x20</size>
         <input_file_ref idref="fl-34"/>
      </object_component>
      <object_component id="oc-3dd">
         <name>.data:BSW</name>
         <load_address>0x8003fa8</load_address>
         <run_address>0x8003fa8</run_address>
         <size>0x10</size>
         <input_file_ref idref="fl-35"/>
      </object_component>
      <object_component id="oc-3e0">
         <name>.data:BSW_num</name>
         <load_address>0x8003fb8</load_address>
         <run_address>0x8003fb8</run_address>
         <size>0x10</size>
         <input_file_ref idref="fl-35"/>
      </object_component>
      <object_component id="oc-35c">
         <name>.data:CH</name>
         <load_address>0x8003f08</load_address>
         <run_address>0x8003f08</run_address>
         <size>0x48</size>
         <input_file_ref idref="fl-36"/>
      </object_component>
      <object_component id="oc-35f">
         <name>.data:CH_num</name>
         <load_address>0x8003f84</load_address>
         <run_address>0x8003f84</run_address>
         <size>0x12</size>
         <input_file_ref idref="fl-36"/>
      </object_component>
      <object_component id="oc-533">
         <name>.data</name>
         <load_address>0x8004005</load_address>
         <run_address>0x8004005</run_address>
         <size>0x1</size>
         <input_file_ref idref="fl-39"/>
      </object_component>
      <object_component id="oc-3ca">
         <name>.data:HEAT</name>
         <load_address>0x8003ff0</load_address>
         <run_address>0x8003ff0</run_address>
         <size>0x8</size>
         <input_file_ref idref="fl-3a"/>
      </object_component>
      <object_component id="oc-3cd">
         <name>.data:HEAT_num</name>
         <load_address>0x8003f06</load_address>
         <run_address>0x8003f06</run_address>
         <size>0x2</size>
         <input_file_ref idref="fl-3a"/>
      </object_component>
      <object_component id="oc-1a1">
         <name>.data</name>
         <load_address>0x8003eb0</load_address>
         <run_address>0x8003eb0</run_address>
         <size>0x56</size>
         <input_file_ref idref="fl-40"/>
      </object_component>
      <object_component id="oc-1ad">
         <name>.data:global_flashD</name>
         <load_address>0x8003d2c</load_address>
         <run_address>0x8003d2c</run_address>
         <size>0x184</size>
         <input_file_ref idref="fl-40"/>
      </object_component>
      <object_component id="oc-3c3">
         <name>.data:global_flash_senser_config</name>
         <load_address>0x8003f96</load_address>
         <run_address>0x8003f96</run_address>
         <size>0x12</size>
         <input_file_ref idref="fl-40"/>
      </object_component>
      <object_component id="oc-1f2">
         <name>.data:preTick$1</name>
         <load_address>0x8003f70</load_address>
         <run_address>0x8003f70</run_address>
         <size>0x14</size>
         <input_file_ref idref="fl-40"/>
      </object_component>
      <object_component id="oc-6f3">
         <name>.data</name>
         <load_address>0x8003fe8</load_address>
         <run_address>0x8003fe8</run_address>
         <size>0x8</size>
         <input_file_ref idref="fl-4d"/>
      </object_component>
      <object_component id="oc-681">
         <name>.data</name>
         <load_address>0x8004004</load_address>
         <run_address>0x8004004</run_address>
         <size>0x1</size>
         <input_file_ref idref="fl-4e"/>
      </object_component>
      <object_component id="oc-61b">
         <name>.data</name>
         <load_address>0x8004000</load_address>
         <run_address>0x8004000</run_address>
         <size>0x4</size>
         <input_file_ref idref="fl-58"/>
      </object_component>
      <object_component id="oc-40e">
         <name>.data:$O1$$</name>
         <load_address>0x8003fd8</load_address>
         <run_address>0x8003fd8</run_address>
         <size>0x8</size>
         <input_file_ref idref="fl-64"/>
      </object_component>
      <object_component id="oc-730">
         <name>.data:$O1$$</name>
         <load_address>0x8003fe0</load_address>
         <run_address>0x8003fe0</run_address>
         <size>0x8</size>
         <input_file_ref idref="fl-67"/>
      </object_component>
      <object_component id="oc-54">
         <name>.sysmem</name>
         <uninitialized>true</uninitialized>
         <run_address>0x8003000</run_address>
         <size>0x10</size>
         <input_file_ref idref="fl-67"/>
      </object_component>
      <object_component id="oc-794">
         <name>.sysmem</name>
         <uninitialized>true</uninitialized>
         <run_address>0x8003000</run_address>
         <size>0x0</size>
      </object_component>
      <object_component id="oc-518">
         <name>FEE_TEXT_SECTION</name>
         <load_address>0x207d0</load_address>
         <run_address>0x207d0</run_address>
         <size>0xcb4</size>
         <input_file_ref idref="fl-32"/>
      </object_component>
      <object_component id="oc-52a">
         <name>FEE_TEXT_SECTION</name>
         <load_address>0x21484</load_address>
         <run_address>0x21484</run_address>
         <size>0x7a4</size>
         <input_file_ref idref="fl-2e"/>
      </object_component>
      <object_component id="oc-5c4">
         <name>FEE_CONST_SECTION</name>
         <load_address>0x21f2c</load_address>
         <run_address>0x21f2c</run_address>
         <size>0x84</size>
         <input_file_ref idref="fl-2"/>
      </object_component>
      <object_component id="oc-5c7">
         <name>FEE_CONST_SECTION</name>
         <load_address>0x21fb0</load_address>
         <run_address>0x21fb0</run_address>
         <size>0x2c</size>
         <input_file_ref idref="fl-28"/>
      </object_component>
      <object_component id="oc-5c1">
         <name>FEE_DATA_SECTION</name>
         <load_address>0x8004008</load_address>
         <run_address>0x8004008</run_address>
         <size>0xf5</size>
         <input_file_ref idref="fl-2b"/>
      </object_component>
      <object_component id="oc-5e3">
         <name>FEE_DATA_SECTION</name>
         <load_address>0x80040fd</load_address>
         <run_address>0x80040fd</run_address>
         <size>0x1</size>
         <input_file_ref idref="fl-2d"/>
      </object_component>
      <object_component id="oc-5f9">
         <name>FEE_DATA_SECTION:uninit</name>
         <load_address>0x8004100</load_address>
         <run_address>0x8004100</run_address>
         <size>0x2e</size>
         <input_file_ref idref="fl-31"/>
      </object_component>
      <object_component id="oc-5f8">
         <name>FEE_DATA_SECTION:init</name>
         <load_address>0x8004130</load_address>
         <run_address>0x8004130</run_address>
         <size>0x9</size>
         <input_file_ref idref="fl-31"/>
      </object_component>
      <object_component id="oc-424">
         <name>.debug_info</name>
         <load_address>0x0</load_address>
         <run_address>0x0</run_address>
         <size>0x1dc</size>
         <input_file_ref idref="fl-2"/>
      </object_component>
      <object_component id="oc-5c5">
         <name>.debug_info</name>
         <load_address>0x1dc</load_address>
         <run_address>0x1dc</run_address>
         <size>0xec</size>
         <input_file_ref idref="fl-2"/>
      </object_component>
      <object_component id="oc-398">
         <name>.debug_info</name>
         <load_address>0x2c8</load_address>
         <run_address>0x2c8</run_address>
         <size>0xe57</size>
         <input_file_ref idref="fl-2"/>
      </object_component>
      <object_component id="oc-39d">
         <name>.debug_info</name>
         <load_address>0x111f</load_address>
         <run_address>0x111f</run_address>
         <size>0x225</size>
         <input_file_ref idref="fl-2"/>
      </object_component>
      <object_component id="oc-3a2">
         <name>.debug_info</name>
         <load_address>0x1344</load_address>
         <run_address>0x1344</run_address>
         <size>0x26d5</size>
         <input_file_ref idref="fl-2"/>
      </object_component>
      <object_component id="oc-215">
         <name>.debug_info</name>
         <load_address>0x3a19</load_address>
         <run_address>0x3a19</run_address>
         <size>0x26b</size>
         <input_file_ref idref="fl-2"/>
      </object_component>
      <object_component id="oc-ad">
         <name>.debug_info</name>
         <load_address>0x3c84</load_address>
         <run_address>0x3c84</run_address>
         <size>0x157</size>
         <input_file_ref idref="fl-2"/>
      </object_component>
      <object_component id="oc-6b1">
         <name>.debug_info</name>
         <load_address>0x3ddb</load_address>
         <run_address>0x3ddb</run_address>
         <size>0x46</size>
         <input_file_ref idref="fl-2"/>
      </object_component>
      <object_component id="oc-d2">
         <name>.debug_info</name>
         <load_address>0x3e21</load_address>
         <run_address>0x3e21</run_address>
         <size>0x8b</size>
         <input_file_ref idref="fl-2"/>
      </object_component>
      <object_component id="oc-405">
         <name>.debug_info</name>
         <load_address>0x3eac</load_address>
         <run_address>0x3eac</run_address>
         <size>0x2a4</size>
         <input_file_ref idref="fl-2"/>
      </object_component>
      <object_component id="oc-1f4">
         <name>.debug_info</name>
         <load_address>0x4150</load_address>
         <run_address>0x4150</run_address>
         <size>0xbb</size>
         <input_file_ref idref="fl-2"/>
      </object_component>
      <object_component id="oc-74b">
         <name>.debug_info</name>
         <load_address>0x420b</load_address>
         <run_address>0x420b</run_address>
         <size>0x16e</size>
         <input_file_ref idref="fl-3"/>
      </object_component>
      <object_component id="oc-5d">
         <name>.debug_info</name>
         <load_address>0x4379</load_address>
         <run_address>0x4379</run_address>
         <size>0x84</size>
         <input_file_ref idref="fl-3"/>
      </object_component>
      <object_component id="oc-249">
         <name>.debug_info</name>
         <load_address>0x43fd</load_address>
         <run_address>0x43fd</run_address>
         <size>0x2f1</size>
         <input_file_ref idref="fl-4"/>
      </object_component>
      <object_component id="oc-15d">
         <name>.debug_info</name>
         <load_address>0x46ee</load_address>
         <run_address>0x46ee</run_address>
         <size>0x1399</size>
         <input_file_ref idref="fl-4"/>
      </object_component>
      <object_component id="oc-cd">
         <name>.debug_info</name>
         <load_address>0x5a87</load_address>
         <run_address>0x5a87</run_address>
         <size>0x18c</size>
         <input_file_ref idref="fl-4"/>
      </object_component>
      <object_component id="oc-d7">
         <name>.debug_info</name>
         <load_address>0x5c13</load_address>
         <run_address>0x5c13</run_address>
         <size>0x86</size>
         <input_file_ref idref="fl-4"/>
      </object_component>
      <object_component id="oc-27e">
         <name>.debug_info</name>
         <load_address>0x5c99</load_address>
         <run_address>0x5c99</run_address>
         <size>0x437</size>
         <input_file_ref idref="fl-4"/>
      </object_component>
      <object_component id="oc-2ce">
         <name>.debug_info</name>
         <load_address>0x60d0</load_address>
         <run_address>0x60d0</run_address>
         <size>0x15f</size>
         <input_file_ref idref="fl-4"/>
      </object_component>
      <object_component id="oc-233">
         <name>.debug_info</name>
         <load_address>0x622f</load_address>
         <run_address>0x622f</run_address>
         <size>0x2d0</size>
         <input_file_ref idref="fl-4"/>
      </object_component>
      <object_component id="oc-54f">
         <name>.debug_info</name>
         <load_address>0x64ff</load_address>
         <run_address>0x64ff</run_address>
         <size>0x2b2</size>
         <input_file_ref idref="fl-5"/>
      </object_component>
      <object_component id="oc-41b">
         <name>.debug_info</name>
         <load_address>0x67b1</load_address>
         <run_address>0x67b1</run_address>
         <size>0x3b8</size>
         <input_file_ref idref="fl-5"/>
      </object_component>
      <object_component id="oc-640">
         <name>.debug_info</name>
         <load_address>0x6b69</load_address>
         <run_address>0x6b69</run_address>
         <size>0x22c</size>
         <input_file_ref idref="fl-5"/>
      </object_component>
      <object_component id="oc-c7">
         <name>.debug_info</name>
         <load_address>0x6d95</load_address>
         <run_address>0x6d95</run_address>
         <size>0xf2</size>
         <input_file_ref idref="fl-6"/>
      </object_component>
      <object_component id="oc-265">
         <name>.debug_info</name>
         <load_address>0x6e87</load_address>
         <run_address>0x6e87</run_address>
         <size>0x2b1</size>
         <input_file_ref idref="fl-7"/>
      </object_component>
      <object_component id="oc-83">
         <name>.debug_info</name>
         <load_address>0x7138</load_address>
         <run_address>0x7138</run_address>
         <size>0x632</size>
         <input_file_ref idref="fl-7"/>
      </object_component>
      <object_component id="oc-fe">
         <name>.debug_info</name>
         <load_address>0x776a</load_address>
         <run_address>0x776a</run_address>
         <size>0x9e7</size>
         <input_file_ref idref="fl-7"/>
      </object_component>
      <object_component id="oc-119">
         <name>.debug_info</name>
         <load_address>0x8151</load_address>
         <run_address>0x8151</run_address>
         <size>0x309</size>
         <input_file_ref idref="fl-8"/>
      </object_component>
      <object_component id="oc-98">
         <name>.debug_info</name>
         <load_address>0x845a</load_address>
         <run_address>0x845a</run_address>
         <size>0xb1e</size>
         <input_file_ref idref="fl-8"/>
      </object_component>
      <object_component id="oc-2a">
         <name>.debug_info</name>
         <load_address>0x8f78</load_address>
         <run_address>0x8f78</run_address>
         <size>0x17e</size>
         <input_file_ref idref="fl-8"/>
      </object_component>
      <object_component id="oc-21a">
         <name>.debug_info</name>
         <load_address>0x90f6</load_address>
         <run_address>0x90f6</run_address>
         <size>0x1de</size>
         <input_file_ref idref="fl-8"/>
      </object_component>
      <object_component id="oc-114">
         <name>.debug_info</name>
         <load_address>0x92d4</load_address>
         <run_address>0x92d4</run_address>
         <size>0x129</size>
         <input_file_ref idref="fl-8"/>
      </object_component>
      <object_component id="oc-2c7">
         <name>.debug_info</name>
         <load_address>0x93fd</load_address>
         <run_address>0x93fd</run_address>
         <size>0x28c</size>
         <input_file_ref idref="fl-9"/>
      </object_component>
      <object_component id="oc-151">
         <name>.debug_info</name>
         <load_address>0x9689</load_address>
         <run_address>0x9689</run_address>
         <size>0x6d6</size>
         <input_file_ref idref="fl-9"/>
      </object_component>
      <object_component id="oc-224">
         <name>.debug_info</name>
         <load_address>0x9d5f</load_address>
         <run_address>0x9d5f</run_address>
         <size>0x1f9</size>
         <input_file_ref idref="fl-9"/>
      </object_component>
      <object_component id="oc-45f">
         <name>.debug_info</name>
         <load_address>0x9f58</load_address>
         <run_address>0x9f58</run_address>
         <size>0x12a</size>
         <input_file_ref idref="fl-9"/>
      </object_component>
      <object_component id="oc-2cc">
         <name>.debug_info</name>
         <load_address>0xa082</load_address>
         <run_address>0xa082</run_address>
         <size>0x297</size>
         <input_file_ref idref="fl-a"/>
      </object_component>
      <object_component id="oc-2c9">
         <name>.debug_info</name>
         <load_address>0xa319</load_address>
         <run_address>0xa319</run_address>
         <size>0xdd</size>
         <input_file_ref idref="fl-a"/>
      </object_component>
      <object_component id="oc-157">
         <name>.debug_info</name>
         <load_address>0xa3f6</load_address>
         <run_address>0xa3f6</run_address>
         <size>0xfb0</size>
         <input_file_ref idref="fl-a"/>
[...]
         <value>0x1a1c4</value>
         <object_component_ref idref="oc-17a"/>
      </symbol>
      <symbol id="sm-13de">
         <name>INA226_ConvToPower_mW</name>
         <value>0x1a280</value>
         <object_component_ref idref="oc-17a"/>
      </symbol>
      <symbol id="sm-13df">
         <name>INA226_SetAlertReg</name>
         <value>0x19fcc</value>
         <object_component_ref idref="oc-17a"/>
      </symbol>
      <symbol id="sm-13e0">
         <name>INA226_CurrentToAlert_ShuntVoltage_Raw</name>
         <value>0x19dbc</value>
         <object_component_ref idref="oc-17a"/>
      </symbol>
      <symbol id="sm-13e1">
         <name>INA226_ConvToVoltage_mV</name>
         <value>0x1a254</value>
         <object_component_ref idref="oc-17a"/>
      </symbol>
      <symbol id="sm-13e2">
         <name>INA226_ReadCurrent_Raw</name>
         <value>0x1a130</value>
         <object_component_ref idref="oc-17a"/>
      </symbol>
      <symbol id="sm-13e3">
         <name>INA226_Init</name>
         <value>0x19e2c</value>
         <object_component_ref idref="oc-17a"/>
      </symbol>
      <symbol id="sm-13e4">
         <name>INA226_ReceiveData</name>
         <value>0x19c74</value>
         <object_component_ref idref="oc-17a"/>
      </symbol>
      <symbol id="sm-1410">
         <name>INA3221_ConvToCurrent_mA</name>
         <value>0x1baec</value>
         <object_component_ref idref="oc-180"/>
      </symbol>
      <symbol id="sm-1411">
         <name>INA3221_ReadShuntVoltage_Raw</name>
         <value>0x1b91c</value>
         <object_component_ref idref="oc-180"/>
      </symbol>
      <symbol id="sm-1412">
         <name>INA3221_ReceiveData</name>
         <value>0x1b730</value>
         <object_component_ref idref="oc-180"/>
      </symbol>
      <symbol id="sm-1413">
         <name>INA3221_ConvToVoltage_mV</name>
         <value>0x1bb2c</value>
         <object_component_ref idref="oc-180"/>
      </symbol>
      <symbol id="sm-1414">
         <name>INA3221_SendData</name>
         <value>0x1b5e8</value>
         <object_component_ref idref="oc-180"/>
      </symbol>
      <symbol id="sm-1415">
         <name>INA3221_ReadBusVoltage_Raw</name>
         <value>0x1ba04</value>
         <object_component_ref idref="oc-180"/>
      </symbol>
      <symbol id="sm-1416">
         <name>INA3221_Init</name>
         <value>0x1b878</value>
         <object_component_ref idref="oc-180"/>
      </symbol>
      <symbol id="sm-1417">
         <name>INA3221_ConvToPower_mW</name>
         <value>0x1bb5c</value>
         <object_component_ref idref="oc-180"/>
      </symbol>
      <symbol id="sm-1437">
         <name>MAX6698_Init</name>
         <value>0x1cda0</value>
         <object_component_ref idref="oc-186"/>
      </symbol>
      <symbol id="sm-1438">
         <name>MAX6698_ReadTemp_Raw</name>
         <value>0x1ce58</value>
         <object_component_ref idref="oc-186"/>
      </symbol>
      <symbol id="sm-1439">
         <name>MAX6698_SendData</name>
         <value>0x1cb78</value>
         <object_component_ref idref="oc-186"/>
      </symbol>
      <symbol id="sm-143a">
         <name>MAX6698_ReceiveData</name>
         <value>0x1cc58</value>
         <object_component_ref idref="oc-186"/>
      </symbol>
      <symbol id="sm-1460">
         <name>mppt_pno_en</name>
         <value>0x1d450</value>
         <object_component_ref idref="oc-1b3"/>
      </symbol>
      <symbol id="sm-1461">
         <name>mppt_getPower</name>
         <value>0x1d2d8</value>
         <object_component_ref idref="oc-1b3"/>
      </symbol>
      <symbol id="sm-1462">
         <name>mppt_pno_ss</name>
         <value>0x1d338</value>
         <object_component_ref idref="oc-1b3"/>
      </symbol>
      <symbol id="sm-1463">
         <name>mppt_hunts</name>
         <value>0x1d238</value>
         <object_component_ref idref="oc-1b3"/>
      </symbol>
      <symbol id="sm-1464">
         <name>mppt_getPower_ina226</name>
         <value>0x1d308</value>
         <object_component_ref idref="oc-1b3"/>
      </symbol>
      <symbol id="sm-1486">
         <name>resetRTC_debug</name>
         <value>0x1f7fc</value>
         <object_component_ref idref="oc-16e"/>
      </symbol>
      <symbol id="sm-1487">
         <name>resetRTC</name>
         <value>0x1f830</value>
         <object_component_ref idref="oc-16e"/>
      </symbol>
      <symbol id="sm-1488">
         <name>getcurrTime</name>
         <value>0x1f864</value>
         <object_component_ref idref="oc-16e"/>
      </symbol>
      <symbol id="sm-15dc">
         <name>initTask_Handle</name>
         <value>0x8003d18</value>
      </symbol>
      <symbol id="sm-15dd">
         <name>getHKTask_Handle</name>
         <value>0x8003d10</value>
      </symbol>
      <symbol id="sm-15de">
         <name>checkActiveTask_Handle</name>
         <value>0x8003d0c</value>
      </symbol>
      <symbol id="sm-15df">
         <name>outputchanCtrlTask_Handle</name>
         <value>0x8003d1c</value>
      </symbol>
      <symbol id="sm-15e0">
         <name>powerConvertion_and_battCtrlTask_Handle</name>
         <value>0x8003d20</value>
      </symbol>
      <symbol id="sm-15e1">
         <name>heaterCtrlTask_Handle</name>
         <value>0x8003d14</value>
      </symbol>
      <symbol id="sm-15e2">
         <name>receiveCMDTask_Handle</name>
         <value>0x8003d24</value>
      </symbol>
      <symbol id="sm-15e3">
         <name>enter_snooze</name>
         <value>0x1196c</value>
         <object_component_ref idref="oc-9e"/>
      </symbol>
      <symbol id="sm-15e4">
         <name>init_task</name>
         <value>0x1056c</value>
         <object_component_ref idref="oc-9e"/>
      </symbol>
      <symbol id="sm-15e5">
         <name>post_wakeup</name>
         <value>0x11a7c</value>
         <object_component_ref idref="oc-9e"/>
      </symbol>
      <symbol id="sm-15e6">
         <name>powerConvertion_and_battCtrl_task</name>
         <value>0x115f8</value>
         <object_component_ref idref="oc-9e"/>
      </symbol>
      <symbol id="sm-15e7">
         <name>outputchanCtrl_task</name>
         <value>0x1140c</value>
         <object_component_ref idref="oc-9e"/>
      </symbol>
      <symbol id="sm-15e8">
         <name>rtiNotification</name>
         <value>0x11af8</value>
         <object_component_ref idref="oc-9e"/>
      </symbol>
      <symbol id="sm-15e9">
         <name>vApplicationIdleHook</name>
         <value>0x11ae4</value>
         <object_component_ref idref="oc-9e"/>
      </symbol>
      <symbol id="sm-15ea">
         <name>receiveCMD_task</name>
         <value>0x117e8</value>
         <object_component_ref idref="oc-9e"/>
      </symbol>
      <symbol id="sm-15eb">
         <name>check_other_tasks_activity_task</name>
         <value>0x111f4</value>
         <object_component_ref idref="oc-9e"/>
      </symbol>
      <symbol id="sm-15ec">
         <name>main</name>
         <value>0x104c4</value>
         <object_component_ref idref="oc-9e"/>
      </symbol>
      <symbol id="sm-15ed">
         <name>heaterCtrl_task</name>
         <value>0x114dc</value>
         <object_component_ref idref="oc-9e"/>
      </symbol>
      <symbol id="sm-15ee">
         <name>getHK_task</name>
         <value>0x10e2c</value>
         <object_component_ref idref="oc-9e"/>
      </symbol>
      <symbol id="sm-161a">
         <name>sciNotification</name>
         <value>0x1ec88</value>
         <object_component_ref idref="oc-bb"/>
      </symbol>
      <symbol id="sm-161b">
         <name>uart_tx</name>
         <value>0x1eb90</value>
         <object_component_ref idref="oc-bb"/>
      </symbol>
      <symbol id="sm-1643">
         <name>Fapi_issueAsyncCommand</name>
         <value>0x2061d</value>
         <object_component_ref idref="oc-5ec"/>
      </symbol>
      <symbol id="sm-1654">
         <name>Fapi_issueAsyncCommandWithAddress</name>
         <value>0x20591</value>
         <object_component_ref idref="oc-5f2"/>
      </symbol>
      <symbol id="sm-1665">
         <name>Fapi_doBlankCheck</name>
         <value>0x1fe05</value>
         <object_component_ref idref="oc-5e6"/>
      </symbol>
      <symbol id="sm-1685">
         <name>_Fapi_EnableSectors</name>
         <value>0x203dd</value>
         <object_component_ref idref="oc-68a"/>
      </symbol>
      <symbol id="sm-1686">
         <name>Fapi_enableEepromBankSectors</name>
         <value>0x1ff2d</value>
         <object_component_ref idref="oc-5d6"/>
      </symbol>
      <symbol id="sm-16a9">
         <name>Fapi_initializeFlashBanks</name>
         <value>0x1e2cd</value>
         <object_component_ref idref="oc-5ca"/>
      </symbol>
      <symbol id="sm-16b8">
         <name>_Fapi_issueFsmCommand</name>
         <value>0x204e5</value>
         <object_component_ref idref="oc-6a5"/>
      </symbol>
      <symbol id="sm-16d5">
         <name>_scaleMainFclk</name>
         <value>0x20759</value>
         <object_component_ref idref="oc-669"/>
      </symbol>
      <symbol id="sm-16d6">
         <name>_scaleEEFclk</name>
         <value>0x20749</value>
         <object_component_ref idref="oc-66f"/>
      </symbol>
      <symbol id="sm-16f0">
         <name>Fapi_setActiveFlashBank</name>
         <value>0x1f0a1</value>
         <object_component_ref idref="oc-5d0"/>
      </symbol>
      <symbol id="sm-16fd">
         <name>Fapi_flushPipeline</name>
         <value>0x20697</value>
         <object_component_ref idref="oc-697"/>
      </symbol>
      <symbol id="sm-170e">
         <name>_Fapi_loopRegionForValue</name>
         <value>0x201f1</value>
         <object_component_ref idref="oc-69d"/>
      </symbol>
      <symbol id="sm-171c">
         <name>_Fapi_checkWdService</name>
         <value>0x20785</value>
         <object_component_ref idref="oc-71b"/>
      </symbol>
      <symbol id="sm-172b">
         <name>Fapi_calculateFletcherChecksum</name>
         <value>0x20465</value>
         <object_component_ref idref="oc-65d"/>
      </symbol>
      <symbol id="sm-173b">
         <name>Fapi_waitDelay</name>
         <value>0x205c1</value>
         <object_component_ref idref="oc-70d"/>
      </symbol>
      <symbol id="sm-174a">
         <name>Fapi_getNumberOfBankSectors</name>
         <value>0x20739</value>
         <object_component_ref idref="oc-684"/>
      </symbol>
      <symbol id="sm-1759">
         <name>_Fapi_readDword</name>
         <value>0x205f1</value>
         <object_component_ref idref="oc-715"/>
      </symbol>
      <symbol id="sm-176e">
         <name>Fapi_isAddressEcc</name>
         <value>0x202a5</value>
         <object_component_ref idref="oc-741"/>
      </symbol>
      <symbol id="sm-1795">
         <name>sprintf</name>
         <value>0x204a5</value>
         <object_component_ref idref="oc-18c"/>
      </symbol>
      <symbol id="sm-17f8">
         <name>__vla_dealloc</name>
         <value>0x20115</value>
         <object_component_ref idref="oc-524"/>
      </symbol>
      <symbol id="sm-17f9">
         <name>__vla_alloc</name>
         <value>0x1f375</value>
         <object_component_ref idref="oc-51e"/>
      </symbol>
      <symbol id="sm-181f">
         <name>floorl</name>
         <value>0x1fba9</value>
         <object_component_ref idref="oc-2bf"/>
      </symbol>
      <symbol id="sm-1820">
         <name>floor</name>
         <value>0x1fba9</value>
         <object_component_ref idref="oc-2bf"/>
      </symbol>
      <symbol id="sm-183b">
         <name>memcpy</name>
         <value>0x1fd69</value>
         <object_component_ref idref="oc-62"/>
      </symbol>
      <symbol id="sm-183c">
         <name>__aeabi_memcpy</name>
         <value>0x1fd69</value>
         <object_component_ref idref="oc-62"/>
      </symbol>
      <symbol id="sm-183d">
         <name>__aeabi_memcpy8</name>
         <value>0x1fd69</value>
         <object_component_ref idref="oc-62"/>
      </symbol>
      <symbol id="sm-183e">
         <name>__aeabi_memcpy4</name>
         <value>0x1fd69</value>
         <object_component_ref idref="oc-62"/>
      </symbol>
      <symbol id="sm-184a">
         <name>__aeabi_idivmod</name>
         <value>0x20250</value>
         <object_component_ref idref="oc-336"/>
      </symbol>
      <symbol id="sm-184b">
         <name>__aeabi_idiv</name>
         <value>0x20250</value>
         <object_component_ref idref="oc-336"/>
      </symbol>
      <symbol id="sm-1857">
         <name>__aeabi_uidivmod</name>
         <value>0x20344</value>
         <object_component_ref idref="oc-318"/>
      </symbol>
      <symbol id="sm-1858">
         <name>__aeabi_uidiv</name>
         <value>0x20344</value>
         <object_component_ref idref="oc-318"/>
      </symbol>
      <symbol id="sm-1867">
         <name>__aeabi_memset</name>
         <value>0x1ffaf</value>
         <object_component_ref idref="oc-f6"/>
      </symbol>
      <symbol id="sm-1868">
         <name>memset</name>
         <value>0x1ffb5</value>
         <object_component_ref idref="oc-f6"/>
      </symbol>
      <symbol id="sm-1869">
         <name>__aeabi_memset8</name>
         <value>0x1ffaf</value>
         <object_component_ref idref="oc-f6"/>
      </symbol>
      <symbol id="sm-186a">
         <name>__aeabi_memset4</name>
         <value>0x1ffaf</value>
         <object_component_ref idref="oc-f6"/>
      </symbol>
      <symbol id="sm-186b">
         <name>__aeabi_memclr8</name>
         <value>0x1ffad</value>
         <object_component_ref idref="oc-f6"/>
      </symbol>
      <symbol id="sm-186c">
         <name>__aeabi_memclr4</name>
         <value>0x1ffad</value>
         <object_component_ref idref="oc-f6"/>
      </symbol>
      <symbol id="sm-186d">
         <name>__aeabi_memclr</name>
         <value>0x1ffad</value>
         <object_component_ref idref="oc-f6"/>
      </symbol>
      <symbol id="sm-1895">
         <name>__TI_auto_init_nobinit_nopinit</name>
         <value>0x20421</value>
         <object_component_ref idref="oc-11a"/>
      </symbol>
      <symbol id="sm-18a8">
         <name>__TI_zero_init</name>
         <value>0x20791</value>
         <object_component_ref idref="oc-74"/>
      </symbol>
      <symbol id="sm-18bf">
         <name>__TI_decompress_none</name>
         <value>0x20777</value>
         <object_component_ref idref="oc-1b"/>
      </symbol>
      <symbol id="sm-18e2">
         <name>__TI_decompress_lzss</name>
         <value>0x20185</value>
         <object_component_ref idref="oc-15"/>
      </symbol>
      <symbol id="sm-18ed">
         <name>C$$EXIT</name>
         <value>0x207bd</value>
         <object_component_ref idref="oc-1f9"/>
      </symbol>
      <symbol id="sm-18ee">
         <name>abort</name>
         <value>0x207bd</value>
         <object_component_ref idref="oc-1f9"/>
      </symbol>
      <symbol id="sm-1903">
         <name>_nop</name>
         <value>0x1e98b</value>
         <object_component_ref idref="oc-543"/>
      </symbol>
      <symbol id="sm-1904">
         <name>_lock</name>
         <value>0x8003fd8</value>
         <object_component_ref idref="oc-40e"/>
      </symbol>
      <symbol id="sm-1905">
         <name>_unlock</name>
         <value>0x8003fdc</value>
         <object_component_ref idref="oc-40e"/>
      </symbol>
      <symbol id="sm-191a">
         <name>atoi</name>
         <value>0x202f5</value>
         <object_component_ref idref="oc-1d1"/>
      </symbol>
      <symbol id="sm-1925">
         <name>_ctypes_</name>
         <value>0x21e28</value>
         <object_component_ref idref="oc-3ef"/>
      </symbol>
      <symbol id="sm-19c2">
         <name>_sys_memory</name>
         <value>0x8003000</value>
         <object_component_ref idref="oc-54"/>
      </symbol>
      <symbol id="sm-19c3">
         <name>free</name>
         <value>0x1f9e1</value>
         <object_component_ref idref="oc-62a"/>
      </symbol>
      <symbol id="sm-19c4">
         <name>realloc</name>
         <value>0x1fac5</value>
         <object_component_ref idref="oc-615"/>
      </symbol>
      <symbol id="sm-19c5">
         <name>memalign</name>
         <value>0x1f6fd</value>
         <object_component_ref idref="oc-6b9"/>
      </symbol>
      <symbol id="sm-19c6">
         <name>malloc</name>
         <value>0x207b1</value>
         <object_component_ref idref="oc-609"/>
      </symbol>
      <symbol id="sm-19c7">
         <name>aligned_alloc</name>
         <value>0x1f6fd</value>
         <object_component_ref idref="oc-6b9"/>
      </symbol>
      <symbol id="sm-19d6">
         <name>strcmp</name>
         <value>0x2070b</value>
         <object_component_ref idref="oc-1c5"/>
      </symbol>
      <symbol id="sm-19e4">
         <name>strlen</name>
         <value>0x20723</value>
         <object_component_ref idref="oc-192"/>
      </symbol>
      <symbol id="sm-19fc">
         <name>__time32</name>
         <value>0x20769</value>
         <object_component_ref idref="oc-312"/>
      </symbol>
      <symbol id="sm-19fd">
         <name>time</name>
         <value>0x20769</value>
         <object_component_ref idref="oc-312"/>
      </symbol>
      <symbol id="sm-1a2b">
         <name>__TI_printfi_minimal</name>
         <value>0x1e765</value>
         <object_component_ref idref="oc-341"/>
      </symbol>
      <symbol id="sm-1a35">
         <name>__abort_execution</name>
         <value>0x207b9</value>
         <object_component_ref idref="oc-603"/>
      </symbol>
      <symbol id="sm-1a3f">
         <name>__aeabi_idiv0</name>
         <value>0x20027</value>
         <object_component_ref idref="oc-49b"/>
      </symbol>
      <symbol id="sm-1a40">
         <name>__aeabi_ldiv0</name>
         <value>0x20027</value>
         <object_component_ref idref="oc-49b"/>
      </symbol>
      <symbol id="sm-1a50">
         <name>memccpy</name>
         <value>0x20671</value>
         <object_component_ref idref="oc-4d5"/>
      </symbol>
      <symbol id="sm-1a68">
         <name>HOSTtime</name>
         <value>0x20395</value>
         <object_component_ref idref="oc-48e"/>
      </symbol>
      <symbol id="sm-1a8c">
         <name>__TI_readmsg</name>
         <value>0x2055d</value>
         <object_component_ref idref="oc-58d"/>
      </symbol>
      <symbol id="sm-1a8d">
         <name>C$$IO$$</name>
         <value>0x20553</value>
         <object_component_ref idref="oc-587"/>
      </symbol>
      <symbol id="sm-1a8e">
         <name>__CIOBUF_</name>
         <value>0x80039b0</value>
         <object_component_ref idref="oc-645"/>
      </symbol>
      <symbol id="sm-1a8f">
         <name>__TI_writemsg</name>
         <value>0x20521</value>
         <object_component_ref idref="oc-587"/>
      </symbol>
      <symbol id="sm-1a95">
         <name>parmbuf</name>
         <value>0x8003d00</value>
      </symbol>
      <symbol id="sm-1a96">
         <name>__TI_static_base__</name>
         <value>0x0</value>
      </symbol>
      <symbol id="sm-1a9d">
         <name>SHT$$INIT_ARRAY$$Base</name>
         <value>0x0</value>
      </symbol>
      <symbol id="sm-1a9e">
         <name>SHT$$INIT_ARRAY$$Limit</name>
         <value>0x0</value>
      </symbol>
      <symbol id="sm-1a9f">
         <name>_system_post_cinit</name>
         <value>0x0</value>
      </symbol>
   </symbol_table>
   <title>Link successful</title>
</link_info>
