******************************************************************************
                  TI ARM Linker PC v20.2.5                     
******************************************************************************
>> Linked Tue May 17 16:22:26 2022

OUTPUT FILE NAME:   <RM46_SkeletonTest.out>
ENTRY POINT SYMBOL: "_c_int00"  address: 00013bd4


MEMORY CONFIGURATION

         name            origin    length      used     unused   attr    fill
----------------------  --------  ---------  --------  --------  ----  --------
  VECTORS               00000000   00000020  00000020  00000000     X
  KERNEL                00000020   00008000  00005e48  000021b8  R  X
  FLASH0                00008020   00137fe0  0000e468  00129b78  R  X
  STACKS                08000000   00000800  00000000  00000800  RW  
  KRAM                  08000800   00000800  00000140  000006c0  RW  
  RAM                   08001000   0002f000  00002790  0002c870  RW  


SEGMENT ALLOCATION MAP

run origin  load origin   length   init length attrs members
----------  ----------- ---------- ----------- ----- -------
00000000    00000000    00005e68   00005e68    r-x
  00000000    00000000    00000020   00000020    r-x .intvecs
  00000020    00000020    00005d88   00005d88    r-x .kernelTEXT
  00005da8    00005da8    000000c0   000000c0    r-- .cinit
00008020    00008020    0000e468   0000e468    r-x
  00008020    00008020    0000e06c   0000e06c    r-x .text
  0001608c    0001608c    000003fc   000003fc    r-- .const
08000800    08000800    00000140   00000000    rw-
  08000800    08000800    00000140   00000000    rw- .kernelBSS
08001000    08001000    00002790   00000000    rw-
  08001000    08001000    00002000   00000000    rw- .kernelHEAP
  08003000    08003000    000003d0   00000000    rw- .data
  080033d0    080033d0    000003c0   00000000    rw- .bss


SECTION ALLOCATION MAP

 output                                  attributes/
section   page    origin      length       input sections
--------  ----  ----------  ----------   ----------------
.intvecs   0    00000000    00000020     
                  00000000    00000020     sys_intvecs.obj (.intvecs)

.kernelTEXT 
*          0    00000020    00005d88     
                  00000020    00002c44     os_tasks.obj (.kernelTEXT)
                  00002c64    00001264     os_queue.obj (.kernelTEXT)
                  00003ec8    00000ab0     os_timer.obj (.kernelTEXT)
                  00004978    00000818     os_event_groups.obj (.kernelTEXT)
                  00005190    000004bc     os_portasm.obj (.kernelTEXT)
                  0000564c    000003e0     os_port.obj (.kernelTEXT)
                  00005a2c    0000037c     os_heap.obj (.kernelTEXT)

.cinit     0    00005da8    000000c0     
                  00005da8    00000072     (.cinit..data.load) [load image, compression = lzss]
                  00005e1a    00000002     --HOLE-- [fill = 0]
                  00005e1c    0000000c     (__TI_handler_table)
                  00005e28    00000009     (.cinit..kernelBSS.load) [load image, compression = lzss]
                  00005e31    00000007     --HOLE-- [fill = 0]
                  00005e38    00000008     (.cinit..bss.load) [load image, compression = zero_init]
                  00005e40    00000008     (.cinit..kernelHEAP.load) [load image, compression = zero_init]
                  00005e48    00000020     (__TI_cinit_table)

.text      0    00008020    0000e06c     
                  00008020    00002cdc     sys_selftest.obj (.text)
                  0000acfc    00000e80     skeleton_main.obj (.text)
                  0000bb7c    00000be8     os_mpu_wrappers.obj (.text)
                  0000c764    00000b64     system.obj (.text)
                  0000d2c8    00000a58     sys_vim.obj (.text)
                  0000dd20    00000a46     rtsv7R4_T_le_v3D16_eabi.lib : _printfi.c.obj (.text:__TI_printfi)
                  0000e766    00000002                                 : _lock.c.obj (.text:_nop)
                  0000e768    00000a20     mibspi.obj (.text)
                  0000f188    000008d8     i2c.obj (.text)
                  0000fa60    000008bc     pinmux.obj (.text)
                  0001031c    000007b8     sci.obj (.text)
                  00010ad4    000007a8     cmd_interface.obj (.text)
                  0001127c    00000664     errata_SSWF021_45.obj (.text)
                  000118e0    000005bc     esm.obj (.text)
                  00011e9c    00000580     ad5324.obj (.text)
                  0001241c    00000498     channel.obj (.text)
                  000128b4    00000484     gio.obj (.text)
                  00012d38    0000034c     sys_core.obj (.text)
                  00013084    00000330     mppt.obj (.text)
                  000133b4    000002cc     sys_vim.obj (.text:retain)
                  00013680    000002b8     rtsv7R4_T_le_v3D16_eabi.lib : ull_div32.asm.obj (.text)
                  00013938    0000029c                                 : mktime.c.obj (.text:__mktime32)
                  00013bd4    00000288     sys_startup.obj (.text:retain)
                  00013e5c    00000278     os_heap.obj (.text)
                  000140d4    00000248     rtsv7R4_T_le_v3D16_eabi.lib : _printfi.c.obj (.text:_pconv_a)
                  0001431c    00000238     os_list.obj (.text)
                  00014554    00000204     sci.obj (.text:retain)
                  00014758    000001c4     uart_cmd.obj (.text)
                  0001491c    000001b0     os_port.obj (.text)
                  00014acc    000001a0     rtsv7R4_T_le_v3D16_eabi.lib : _printfi.c.obj (.text:_pconv_g)
                  00014c6c    00000158     os_tasks.obj (.text)
                  00014dc4    00000134     rtsv7R4_T_le_v3D16_eabi.lib : localtim.c.obj (.text:__localtime32)
                  00014ef8    00000114     esm.obj (.text:retain)
                  0001500c    0000010c     notification.obj (.text)
                  00015118    00000104     rtsv7R4_T_le_v3D16_eabi.lib : _printfi.c.obj (.text:_pconv_e)
                  0001521c    000000fc                                 : _printfi.c.obj (.text:fcvt)
                  00015318    000000fc     realtimeClock.obj (.text)
                  00015414    000000f0     rtsv7R4_T_le_v3D16_eabi.lib : s_scalbn.c.obj (.text:scalbn)
                  00015504    000000e8     dabort.obj (.text)
                  000155ec    000000e0     rtsv7R4_T_le_v3D16_eabi.lib : s_floor.c.obj (.text:floor)
                  000156cc    000000e0     sys_pmu.obj (.text)
                  000157ac    000000ad     rtsv7R4_T_le_v3D16_eabi.lib : _printfi.c.obj (.text:_ltostr)
                  00015859    00000001     --HOLE-- [fill = 0]
                  0001585a    0000009c                                 : memcpy_t2.asm.obj (.text)
                  000158f6    00000002                                 : div0.asm.obj (.text)
                  000158f8    00000098                                 : ll_div32.asm.obj (.text)
                  00015990    0000007a                                 : _printfi.c.obj (.text:_mcpy)
                  00015a0a    0000007a                                 : memset_t2.asm.obj (.text)
                  00015a84    00000074                                 : s_frexp.c.obj (.text:frexp)
                  00015af8    0000006c                                 : asctime.c.obj (.text:asctime)
                  00015b64    0000006c                                 : copy_decompress_lzss.c.obj (.text:decompress:lzss:__TI_decompress_lzss)
                  00015bd0    00000054                                 : _ltoa.c.obj (.text:__TI_ltoa)
                  00015c24    00000052                                 : _printfi.c.obj (.text:_ecpy)
                  00015c76    00000050                                 : _printfi.c.obj (.text:_pconv_f)
                  00015cc6    00000002     --HOLE-- [fill = 0]
                  00015cc8    00000050                                 : atoi.c.obj (.text:atoi)
                  00015d18    00000050                                 : u_div32.asm.obj (.text)
                  00015d68    0000004c                                 : snprintf.c.obj (.text:snprintf)
                  00015db4    00000048                                 : hosttime.c.obj (.text:HOSTtime)
                  00015dfc    00000044                                 : autoinit.c.obj (.text:__TI_auto_init_nobinit_nopinit:__TI_auto_init_nobinit_nopinit)
                  00015e40    00000040                                 : _printfi.c.obj (.text:_fcpy)
                  00015e80    00000040                                 : sprintf.c.obj (.text:sprintf)
                  00015ec0    0000003c                                 : trgmsg.c.obj (.text:__TI_writemsg)
                  00015efc    00000034                                 : trgmsg.c.obj (.text:__TI_readmsg)
                  00015f30    00000030                                 : snprintf.c.obj (.text:_outs)
                  00015f60    00000026                                 : memccpy.c.obj (.text:memccpy)
                  00015f86    00000020                                 : s_copysign.c.obj (.text:copysign)
                  00015fa6    0000001a                                 : sprintf.c.obj (.text:_outs)
                  00015fc0    00000018                                 : snprintf.c.obj (.text:_outc)
                  00015fd8    00000018                                 : strcmp.c.obj (.text:strcmp)
                  00015ff0    00000016                                 : strchr.c.obj (.text:strchr)
                  00016006    00000016                                 : strlen.c.obj (.text:strlen)
                  0001601c    00000012                                 : wcslen.c.obj (.text:wcslen)
                  0001602e    0000000e                                 : time.c.obj (.text:__time32)
                  0001603c    0000000e                                 : copy_decompress_none.c.obj (.text:decompress:none:__TI_decompress_none)
                  0001604a    0000000c                                 : ctime_.c.obj (.text:__ctime32)
                  00016056    0000000c                                 : copy_zero_init.c.obj (.text:decompress:ZI:__TI_zero_init)
                  00016062    0000000a                                 : sprintf.c.obj (.text:_outc)
                  0001606c    00000008                                 : errno.c.obj (.text:__aeabi_errno_addr)
                  00016074    00000004                                 : exit.c.obj (.text:abort:abort)
                  00016078    00000004     sys_phantom.obj (.text:retain)
                  0001607c    00000004     sys_startup.obj (.text)
                  00016080    0000000c     rtsv7R4_T_le_v3D16_eabi.lib : div0.asm.obj (.tramp.__aeabi_idiv0.1)

.const     0    0001608c    000003fc     
                  0001608c    00000200     sys_vim.obj (.const:s_vim_init)
                  0001628c    00000101     rtsv7R4_T_le_v3D16_eabi.lib : ctype.c.obj (.const:.string:_ctypes_)
                  0001638d    00000003     --HOLE-- [fill = 0]
                  00016390    00000060                                 : mktime.c.obj (.const:$O1$$)
                  000163f0    0000004c                                 : asctime.c.obj (.const:$O1$$)
                  0001643c    0000004c                                 : asctime.c.obj (.const:.string)

.kernelBSS 
*          0    08000800    00000140     UNINITIALIZED
                  08000800    000000d0     os_tasks.obj (.kernelBSS:uninit)
                  080008d0    00000034     os_tasks.obj (.kernelBSS:init)
                  08000904    00000030     os_timer.obj (.kernelBSS:uninit)
                  08000934    0000000c     os_timer.obj (.kernelBSS:init)

.kernelHEAP 
*          0    08001000    00002000     UNINITIALIZED
                  08001000    00002000     os_heap.obj (.kernelHEAP)

.data      0    08003000    000003d0     UNINITIALIZED
                  08003000    000001c0     skeleton_main.obj (.data:ina226D)
                  080031c0    00000080     skeleton_main.obj (.data:read_data)
                  08003240    00000060     skeleton_main.obj (.data:ina3221D)
                  080032a0    00000048     channel.obj (.data:CH)
                  080032e8    00000031     skeleton_main.obj (.data)
                  08003319    00000028     skeleton_main.obj (.data:temp1)
                  08003341    00000003     --HOLE--
                  08003344    00000024     rtsv7R4_T_le_v3D16_eabi.lib : localtim.c.obj (.data:local_tm)
                  08003368    00000020     ad5324.obj (.data:binary)
                  08003388    00000012     channel.obj (.data:CH_num)
                  0800339a    00000002     --HOLE--
                  0800339c    00000010     rtsv7R4_T_le_v3D16_eabi.lib : tmzone.c.obj (.data:_tz)
                  080033ac    00000010     os_heap.obj (.data)
                  080033bc    00000008     rtsv7R4_T_le_v3D16_eabi.lib : _lock.c.obj (.data:$O1$$)
                  080033c4    00000008     os_port.obj (.data)
                  080033cc    00000004     rtsv7R4_T_le_v3D16_eabi.lib : errno.c.obj (.data)

.bss       0    080033d0    000003c0     UNINITIALIZED
                  080033d0    00000120     rtsv7R4_T_le_v3D16_eabi.lib : trgmsg.c.obj (.bss:_CIOBUF_)
                  080034f0    00000120     skeleton_main.obj (.bss:channelD)
                  08003610    00000080     (.common:SpecialRamBlock)
                  08003690    00000050     skeleton_main.obj (.bss:mpptD)
                  080036e0    00000028     sci.obj (.bss:g_sciTransfer_t)
                  08003708    0000001c     rtsv7R4_T_le_v3D16_eabi.lib : asctime.c.obj (.bss:time_buf)
                  08003724    00000018     skeleton_main.obj (.bss:battD)
                  0800373c    0000000c     i2c.obj (.bss:g_i2cTransfer_t)
                  08003748    0000000c     skeleton_main.obj (.bss:realtimeClock)
                  08003754    00000008     uart_cmd.obj (.bss)
                  0800375c    00000008     os_heap.obj (.bss:xStart)
                  08003764    00000008     (.common:parmbuf)
                  0800376c    00000004     uart_cmd.obj (.bss:cmd1)
                  08003770    00000004     cmd_interface.obj (.bss)
                  08003774    00000004     (.common:battCtrlTask_Handler)
                  08003778    00000004     (.common:channelCtrlTask_Handler)
                  0800377c    00000004     (.common:getHKTask_Handler)
                  08003780    00000004     (.common:initTask_Handler)
                  08003784    00000004     (.common:receiveCMDTask_Handler)
                  08003788    00000004     (.common:selfCheckTask_Handler)
                  0800378c    00000004     (.common:watchdogTask_Handler)

__llvm_prf_cnts 
*          0    08001000    00000000     UNINITIALIZED

MODULE SUMMARY

       Module                       code    ro data   rw data
       ------                       ----    -------   -------
    .\source\
       os_tasks.obj                 11676   0         260    
       sys_selftest.obj             11484   0         0      
       os_heap.obj                  1524    0         8216   
       os_queue.obj                 4708    0         0      
       sys_vim.obj                  3364    512       0      
       os_mpu_wrappers.obj          3048    0         0      
       system.obj                   2916    0         0      
       os_timer.obj                 2736    0         60     
       mibspi.obj                   2592    0         0      
       sci.obj                      2492    0         40     
       i2c.obj                      2264    0         12     
       pinmux.obj                   2236    0         0      
       os_event_groups.obj          2072    0         0      
       esm.obj                      1744    0         0      
       errata_SSWF021_45.obj        1636    0         0      
       os_port.obj                  1424    0         8      
       os_portasm.obj               1212    0         0      
       gio.obj                      1156    0         0      
       sys_core.obj                 844     0         0      
       sys_startup.obj              652     0         0      
       os_list.obj                  568     0         0      
       notification.obj             268     0         0      
       dabort.obj                   232     0         0      
       sys_pmu.obj                  224     0         0      
       sys_intvecs.obj              32      0         0      
       sys_phantom.obj              4       0         0      
    +--+----------------------------+-------+---------+---------+
       Total:                       63108   512       8596   
                                                             
    .\source_custom\
       skeleton_main.obj            3712    0         1321   
       cmd_interface.obj            1960    0         4      
       ad5324.obj                   1408    0         32     
       channel.obj                  1176    0         90     
       mppt.obj                     816     0         0      
       uart_cmd.obj                 452     0         12     
       realtimeClock.obj            252     0         0      
    +--+----------------------------+-------+---------+---------+
       Total:                       9776    0         1459   
                                                             
    C:/ti/ccsv8/tools/compiler/ti-cgt-arm_20.2.5.LTS/lib/rtsv7R4_T_le_v3D16_eabi.lib
       _printfi.c.obj               4663    0         0      
       mktime.c.obj                 668     96        0      
       ull_div32.asm.obj            696     0         0      
       trgmsg.c.obj                 112     0         288    
       localtim.c.obj               308     0         36     
       asctime.c.obj                108     152       28     
       ctype.c.obj                  0       257       0      
       s_scalbn.c.obj               240     0         0      
       s_floor.c.obj                224     0         0      
       memcpy_t2.asm.obj            156     0         0      
       ll_div32.asm.obj             152     0         0      
       snprintf.c.obj               148     0         0      
       memset_t2.asm.obj            122     0         0      
       s_frexp.c.obj                116     0         0      
       copy_decompress_lzss.c.obj   108     0         0      
       sprintf.c.obj                100     0         0      
       _ltoa.c.obj                  84      0         0      
       atoi.c.obj                   80      0         0      
       u_div32.asm.obj              80      0         0      
       hosttime.c.obj               72      0         0      
       autoinit.c.obj               68      0         0      
       memccpy.c.obj                38      0         0      
       s_copysign.c.obj             32      0         0      
       strcmp.c.obj                 24      0         0      
       strchr.c.obj                 22      0         0      
       strlen.c.obj                 22      0         0      
       wcslen.c.obj                 18      0         0      
       tmzone.c.obj                 0       0         16     
       copy_decompress_none.c.obj   14      0         0      
       div0.asm.obj                 14      0         0      
       time.c.obj                   14      0         0      
       copy_zero_init.c.obj         12      0         0      
       ctime_.c.obj                 12      0         0      
       errno.c.obj                  8       0         4      
       _lock.c.obj                  2       0         8      
       hostopen.c.obj               0       0         8      
       exit.c.obj                   4       0         0      
    +--+----------------------------+-------+---------+---------+
       Total:                       8541    505       388    
                                                             
       Linker Generated:            0       183       0      
    +--+----------------------------+-------+---------+---------+
       Grand Total:                 81425   1200      10443  


LINKER GENERATED COPY TABLES

__TI_cinit_table @ 00005e48 records: 4, size/record: 8, table size: 32
	.data: load addr=00005da8, load size=00000072 bytes, run addr=08003000, run size=000003d0 bytes, compression=lzss
	.kernelBSS: load addr=00005e28, load size=00000009 bytes, run addr=08000800, run size=00000140 bytes, compression=lzss
	.bss: load addr=00005e38, load size=00000008 bytes, run addr=080033d0, run size=000003c0 bytes, compression=zero_init
	.kernelHEAP: load addr=00005e40, load size=00000008 bytes, run addr=08001000, run size=00002000 bytes, compression=zero_init


LINKER GENERATED HANDLER TABLE

__TI_handler_table @ 00005e1c records: 3, size/record: 4, table size: 12
	index: 0, handler: __TI_decompress_lzss
	index: 1, handler: __TI_decompress_none
	index: 2, handler: __TI_zero_init

VENEERS

callee name               veneer name
   callee addr  veneer addr  call addr  call info
--------------  -----------  ---------  ----------------
__aeabi_idiv0             $Ven$AT$L$PI$$__aeabi_idiv0
   000158f7     00016080     0001592c   rtsv7R4_T_le_v3D16_eabi.lib : ll_div32.asm.obj (.text)

[1 trampolines]
[1 trampoline calls]


GLOBAL SYMBOLS: SORTED ALPHABETICALLY BY Name 

address   name                                  
-------   ----                                  
00016075  C$$EXIT                               
00015ef3  C$$IO$$                               
00015db5  HOSTtime                              
0000bd4c  MPU_eTaskGetState                     
0000bee0  MPU_pcTaskGetName                     
0000c4dc  MPU_pcTimerGetName                    
0000bfc0  MPU_pvTaskGetThreadLocalStoragePointer
0000c414  MPU_pvTimerGetTimerID                 
0000c0d8  MPU_ulTaskNotifyTake                  
0000c294  MPU_uxQueueMessagesWaiting            
0000c2c8  MPU_uxQueueSpacesAvailable            
0000beb4  MPU_uxTaskGetNumberOfTasks            
0000bf48  MPU_uxTaskGetStackHighWaterMark       
0000bd18  MPU_uxTaskPriorityGet                 
0000c738  MPU_vEventGroupDelete                 
0000c2fc  MPU_vQueueDelete                      
0000bc24  MPU_vTaskAllocateMPURegions           
0000bc84  MPU_vTaskDelay                        
0000bcb0  MPU_vTaskDelayUntil                   
0000bc58  MPU_vTaskDelete                       
0000bd80  MPU_vTaskPrioritySet                  
0000bde0  MPU_vTaskResume                       
0000bf7c  MPU_vTaskSetThreadLocalStoragePointer 
0000c150  MPU_vTaskSetTimeOutState              
0000bdb4  MPU_vTaskSuspend                      
0000be0c  MPU_vTaskSuspendAll                   
0000c448  MPU_vTimerSetTimerID                  
0000c65c  MPU_xEventGroupClearBits              
0000c5d4  MPU_xEventGroupCreate                 
0000c6a0  MPU_xEventGroupSetBits                
0000c6e4  MPU_xEventGroupSync                   
0000c600  MPU_xEventGroupWaitBits               
0000c328  MPU_xQueueGenericCreate               
0000c240  MPU_xQueueGenericReceive              
0000c374  MPU_xQueueGenericReset                
0000c1ec  MPU_xQueueGenericSend                 
0000bce4  MPU_xTaskAbortDelay                   
0000c17c  MPU_xTaskCheckForTimeOut              
0000bb7c  MPU_xTaskCreate                       
0000bbe0  MPU_xTaskCreateRestricted             
0000c030  MPU_xTaskGenericNotify                
0000bf14  MPU_xTaskGetHandle                    
0000c004  MPU_xTaskGetIdleTaskHandle            
0000c1c0  MPU_xTaskGetSchedulerState            
0000be5c  MPU_xTaskGetTickCount                 
0000be88  MPU_xTaskGetTickOverflowCount         
0000c11c  MPU_xTaskNotifyStateClear             
0000c084  MPU_xTaskNotifyWait                   
0000be30  MPU_xTaskResumeAll                    
0000c3b8  MPU_xTimerCreate                      
0000c578  MPU_xTimerGenericCommand              
0000c544  MPU_xTimerGetExpiryTime               
0000c510  MPU_xTimerGetPeriod                   
0000c4b0  MPU_xTimerGetTimerDaemonTaskHandle    
0000c47c  MPU_xTimerIsTimerActive               
UNDEFED   SHT$$INIT_ARRAY$$Base                 
UNDEFED   SHT$$INIT_ARRAY$$Limit                
08003610  SpecialRamBlock                       
080033d0  __CIOBUF_                             
00005e48  __TI_CINIT_Base                       
00005e68  __TI_CINIT_Limit                      
00005e1c  __TI_Handler_Table_Base               
00005e28  __TI_Handler_Table_Limit              
0001307c  __TI_PINIT_Base                       
00013080  __TI_PINIT_Limit                      
00015dfd  __TI_auto_init_nobinit_nopinit        
00015b65  __TI_decompress_lzss                  
0001603d  __TI_decompress_none                  
00015bd1  __TI_ltoa                             
ffffffff  __TI_pprof_out_hndl                   
0000dd21  __TI_printfi                          
ffffffff  __TI_prof_data_size                   
ffffffff  __TI_prof_data_start                  
00015efd  __TI_readmsg                          
00000000  __TI_static_base__                    
00015ec1  __TI_writemsg                         
00016057  __TI_zero_init                        
0001606d  __aeabi_errno_addr                    
000158f7  __aeabi_idiv0                         
000158f7  __aeabi_ldiv0                         
000158f8  __aeabi_ldivmod                       
00015a0b  __aeabi_memclr                        
00015a0b  __aeabi_memclr4                       
00015a0b  __aeabi_memclr8                       
0001585b  __aeabi_memcpy                        
0001585b  __aeabi_memcpy4                       
0001585b  __aeabi_memcpy8                       
00015a0d  __aeabi_memset                        
00015a0d  __aeabi_memset4                       
00015a0d  __aeabi_memset8                       
00015d18  __aeabi_uidiv                         
00015d18  __aeabi_uidivmod                      
00013680  __aeabi_uldivmod                      
ffffffff  __binit__                             
ffffffff  __c_args__                            
0001604b  __ctime32                             
00014dc5  __localtime32                         
00013939  __mktime32                            
08001000  __start___llvm_prf_cnts               
08001000  __stop___llvm_prf_cnts                
0001602f  __time32                              
00013bd4  _c_int00                              
00012f94  _coreClearAuxiliaryDataFault_         
00012fa8  _coreClearAuxiliaryInstructionFault_  
00012f6c  _coreClearDataFaultAddress_           
00012f44  _coreClearDataFault_                  
00012f80  _coreClearInstructionFaultAddress_    
00012f58  _coreClearInstructionFault_           
00012ed8  _coreDisableEventBusExport_           
00012f1c  _coreDisableFlashEcc_                 
00012ef8  _coreDisableRamEcc_                   
00012ec8  _coreEnableEventBusExport_            
00012f08  _coreEnableFlashEcc_                  
00012f2c  _coreEnableIrqVicOffset_              
00012ee8  _coreEnableRamEcc_                    
00012eb0  _coreEnableVfp_                       
00012f8c  _coreGetAuxiliaryDataFault_           
00012fa0  _coreGetAuxiliaryInstructionFault_    
00012f64  _coreGetDataFaultAddress_             
00012f3c  _coreGetDataFault_                    
00012f78  _coreGetInstructionFaultAddress_      
00012f50  _coreGetInstructionFault_             
00012d38  _coreInitRegisters_                   
00012e44  _coreInitStackPointer_                
0001628c  _ctypes_                              
00015504  _dabort                               
00012fbc  _disable_FIQ_interrupt_               
00012fc4  _disable_IRQ_interrupt_               
00012fb4  _disable_interrupt_                   
00012fcc  _enable_interrupt_                    
0001305c  _errata_CORTEXR4_57_                  
0001306c  _errata_CORTEXR4_66_                  
0001127c  _errata_SSWF021_45_both_plls          
00011470  _errata_SSWF021_45_pll1               
000115e8  _errata_SSWF021_45_pll2               
00012fd4  _esmCcmErrorsClear_                   
00012e90  _getCPSRValue_                        
00012e98  _gotoCPUIdle_                         
080033bc  _lock                                 
0000e767  _nop                                  
00015728  _pmuDisableCountersGlobal_            
00015718  _pmuEnableCountersGlobal_             
00015784  _pmuGetCycleCount_                    
0001578c  _pmuGetEventCount_                    
00015798  _pmuGetOverflow_                      
000156cc  _pmuInit_                             
00015758  _pmuResetCounters_                    
00015738  _pmuResetCycleCounter_                
00015748  _pmuResetEventCounters_               
00015778  _pmuSetCountEvent_                    
00015768  _pmuStartCounters_                    
00015770  _pmuStopCounters_                     
UNDEFED   _system_post_cinit                    
0800339c  _tz                                   
080033c0  _unlock                               
00016075  abort                                 
0000926c  adc1ParityCheck                       
00009358  adc2ParityCheck                       
00015af9  asctime                               
00015cc9  atoi                                  
08003774  battCtrlTask_Handler                  
0000b7b4  battCtrl_task                         
ffffffff  binit                                 
00009410  can1ParityCheck                       
000094e8  can2ParityCheck                       
000095b0  can3ParityCheck                       
00015064  canErrorNotification                  
0001508c  canMessageNotification                
00015078  canStatusChangeNotification           
00008030  ccmSelfCheck                          
0000a6fc  ccmr4GetConfigValue                   
08003778  channelCtrlTask_Handler               
0000b6dc  channelCtrl_task                      
00012618  channel_check_lowVoltage              
0001282c  channel_check_trip                    
000124b0  channel_off                           
0001241c  channel_on                            
00012544  channel_set_group                     
00008938  checkB0RAMECC                         
00008b28  checkB1RAMECC                         
00009c18  checkClockMonitor                     
00008d18  checkFlashECC                         
00009cf4  checkFlashEEPROMECC                   
00009e8c  checkPLL1Slip                         
00009f8c  checkPLL2Slip                         
0000a050  checkRAMAddrParity                    
000099d0  checkRAMECC                           
0000a15c  checkRAMUERRTest                      
000087bc  checkefcSelfTest                      
00015f87  copysign                              
00015f87  copysignl                             
00008234  cpuSelfTest                           
00008dfc  cpuSelfTestFail                       
0001604b  ctime                                 
0000d1ec  customTrimLPO                         
00008df4  custom_dabort                         
00011f5c  dac_write_en                          
000120ec  dac_write_en_ss                       
00012278  dac_write_ss                          
0000ab58  disableParity                         
00015104  dmaGroupANotification                 
00008eac  dmaParityCheck                        
00001f94  eTaskConfirmSleepModeStatus           
00000888  eTaskGetState                         
00008660  efcCheck                              
0000a660  efcGetConfigValue                     
00008794  efcSelfTest                           
000086e8  efcStuckZeroTest                      
0000aad0  enableParity                          
0000a76c  errata_PBIST_4                        
080033cc  errno                                 
00011a64  esmActivateNormalOperation            
00011b38  esmClearStatus                        
00011b78  esmClearStatusBuffer                  
00011a2c  esmDisableError                       
00011a9c  esmDisableInterrupt                   
00011a04  esmEnableError                        
00011a74  esmEnableInterrupt                    
00011c70  esmEnterSelfTest                      
000119e8  esmError                              
00011d48  esmGetConfigValue                     
00011bb4  esmGetStatus                          
00011c38  esmGetStatusBuffer                    
0000ba04  esmGroup1Notification                 
0000ba14  esmGroup2Notification                 
00014ef8  esmHighInterrupt                      
000118e0  esmInit                               
00011cf8  esmSelfTestStatus                     
00011b94  esmSetCounterPreloadValue             
00011ac4  esmSetInterruptLevel                  
00011a54  esmTriggerErrorPinReset               
000155ed  floor                                 
000155ed  floorl                                
0000a2c4  fmcBus1ParityCheck                    
0000885c  fmcBus2Check                          
00008898  fmcECCcheck                           
00015a85  frexp                                 
00015a85  frexpl                                
0800377c  getHKTask_Handler                     
0000b4ac  getHK_task                            
00011e9c  get_binary                            
00010ad4  get_default                           
00010d48  get_hk_batt                           
00010b60  get_hk_bc                             
00011070  get_hk_channel                        
00015380  getcurrTime                           
00012b14  gioDisableNotification                
00012aac  gioEnableNotification                 
00012a14  gioGetBit                             
00012b7c  gioGetConfigValue                     
00012a3c  gioGetPort                            
000128b4  gioInit                               
000150a0  gioNotification                       
000129a4  gioSetBit                             
00012984  gioSetDirection                       
000129f4  gioSetPort                            
00012a54  gioToggleBit                          
0001607c  handlePLLLockFail                     
00008f58  het1ParityCheck                       
000090c0  het2ParityCheck                       
00009004  htu1ParityCheck                       
000091bc  htu2ParityCheck                       
0000f594  i2cClearSCD                           
0000f698  i2cDisableLoopback                    
0000f70c  i2cDisableNotification                
0000f678  i2cEnableLoopback                     
0000f6d0  i2cEnableNotification                 
0000f794  i2cGetConfigValue                     
0000f188  i2cInit                               
0000f9d4  i2cIsBusBusy                          
0000f994  i2cIsMasterReady                      
0000f52c  i2cIsRxReady                          
0000f548  i2cIsStopDetected                     
0000f414  i2cIsTxReady                          
000150b4  i2cNotification                       
0000f5d8  i2cReceive                            
0000f5b0  i2cReceiveByte                        
0000f564  i2cRxError                            
0000f460  i2cSend                               
0000f430  i2cSendByte                           
0000f2b4  i2cSetBaudrate                        
0000f3f4  i2cSetCount                           
0000f95c  i2cSetDirection                       
0000f75c  i2cSetMode                            
0000f274  i2cSetOwnAdd                          
0000f294  i2cSetSlaveAdd                        
0000f3b4  i2cSetStart                           
0000f3d4  i2cSetStop                            
08003780  initTask_Handler                      
0000ad8c  init_task                             
00015415  ldexp                                 
00015415  ldexpl                                
00014554  linHighLevelInterrupt                 
00014dc5  localtime                             
0000acfc  main                                  
0000c8cc  mapClocks                             
00015f61  memccpy                               
0001585b  memcpy                                
00008174  memoryInit                            
0001502c  memoryPort0TestFailNotification       
00015048  memoryPort1TestFailNotification       
00015a13  memset                                
00009684  mibspi1ParityCheck                    
0000ee28  mibspi3GetConfigValue                 
0000978c  mibspi3ParityCheck                    
000098b0  mibspi5ParityCheck                    
0000edf4  mibspiDisableGroupNotification        
0000ed00  mibspiDisableLoopback                 
0000ed6c  mibspiEnableGroupNotification         
0000eccc  mibspiEnableLoopback                  
0000eae4  mibspiGetData                         
000150dc  mibspiGroupNotification               
0000e768  mibspiInit                            
0000ec60  mibspiIsTransferComplete              
000150c8  mibspiNotification                    
0000ed1c  mibspiPmodeSet                        
0000e9d8  mibspiSetData                         
0000e9b8  mibspiSetFunctional                   
0000ec30  mibspiTransfer                        
00013939  mktime                                
00013124  mppt_getPower                         
00013154  mppt_getPower_ina226                  
00013084  mppt_hunts                            
0001329c  mppt_pno_en                           
00013184  mppt_pno_ss                           
0000fa60  muxInit                               
08003764  parmbuf                               
0000a3ec  pbistFail                             
0000a470  pbistGetConfigValue                   
000085a8  pbistIsTestCompleted                  
000085d4  pbistIsTestPassed                     
00008608  pbistPortTestStatus                   
000084ac  pbistRun                              
000082cc  pbistSelfCheck                        
00008578  pbistStop                             
00001374  pcTaskGetName                         
000041a4  pcTimerGetName                        
0000c878  periphInit                            
00016078  phantomInterrupt                      
0000ff14  pinmuxGetConfigValue                  
00005624  prvMpuDisable                         
0000560c  prvMpuEnable                          
000055f4  prvMpuSetRegion                       
00005a2c  pvPortMalloc                          
0000206c  pvTaskGetThreadLocalStoragePointer    
000048d8  pvTimerGetTimerID                     
080008d0  pxCurrentTCB                          
0000564c  pxPortInitialiseStack                 
080031c0  read_data                             
08003784  receiveCMDTask_Handler                
0000b8b8  receiveCMD_task                       
00000000  resetEntry                            
0001534c  resetRTC                              
00015318  resetRTC_debug                        
00015415  scalbn                                
00015415  scalbnl                               
000107e4  sciDisableLoopback                    
00010870  sciDisableNotification                
000107b0  sciEnableLoopback                     
00010808  sciEnableNotification                 
000108d8  sciEnterResetState                    
000108f8  sciExitResetState                     
0001031c  sciInit                               
00010660  sciIsIdleDetected                     
00010644  sciIsRxReady                          
000104c4  sciIsTxReady                          
00014848  sciNotification                       
000106d8  sciReceive                            
000106ac  sciReceiveByte                        
0001067c  sciRxError                            
00010510  sciSend                               
000104e0  sciSendByte                           
00010428  sciSetBaudrate                        
00010408  sciSetFunctional                      
00010918  scilinGetConfigValue                  
08003788  selfCheckTask_Handler                 
0000b618  selfCheck_task                        
00008020  selftestFailNotification              
0000c838  setupFlash                            
0000c764  setupPLL                              
00015d69  snprintf                              
00015e81  sprintf                               
0000d0b0  sramGetConfigValue                    
0000a5bc  stcGetConfigValue                     
000081b8  stcSelfCheck                          
00008df8  stcSelfCheckFail                      
00015ff1  strchr                                
00015fd9  strcmp                                
00016007  strlen                                
0000caf0  systemGetConfigValue                  
0000c9f4  systemInit                            
0000cac0  systemPowerDown                       
0000cf04  tcmflashGetConfigValue                
0001602f  time                                  
0000c7c4  trimLPO                               
00014758  uart_tx                               
080033c4  ulCriticalNesting                     
00005510  ulPortCountLeadingZeros               
080033c8  ulTaskHasFPUContext                   
00002408  ulTaskNotifyTake                      
000144c8  uxListRemove                          
00003974  uxQueueMessagesWaiting                
000039f8  uxQueueMessagesWaitingFromISR         
000039ac  uxQueueSpacesAvailable                
00001368  uxTaskGetNumberOfTasks                
000022b0  uxTaskGetStackHighWaterMark           
0000098c  uxTaskPriorityGet                     
000009d0  uxTaskPriorityGetFromISR              
000023cc  uxTaskResetEventItemValue             
00005108  vEventGroupClearBitsCallback          
00005068  vEventGroupDelete                     
000050ec  vEventGroupSetBitsCallback            
0001431c  vListInitialise                       
00014374  vListInitialiseItem                   
00014404  vListInsert                           
00014390  vListInsertEnd                        
000059f8  vPortEndScheduler                     
00005c80  vPortFree                             
00005d90  vPortInitialiseBlocks                 
00005504  vPortInitialiseFPSCR                  
00005404  vPortPreemptiveTick                   
00005518  vPortSWI                              
00005194  vPortStartFirstTask                   
00005760  vPortStoreTaskMPUSettings             
00005310  vPortYeildWithinAPI                   
00005224  vPortYieldProcessor                   
00003a28  vQueueDelete                          
00003e38  vQueueWaitForMessageRestricted        
000020d8  vTaskAllocateMPURegions               
00000804  vTaskDelay                            
00000698  vTaskDelayUntil                       
00000530  vTaskDelete                           
00001088  vTaskEndScheduler                     
00001f7c  vTaskMissedYield                      
000029bc  vTaskNotifyGiveFromISR                
00001ae8  vTaskPlaceOnEventList                 
00001bb0  vTaskPlaceOnEventListRestricted       
00001b2c  vTaskPlaceOnUnorderedEventList        
00000a18  vTaskPrioritySet                      
00000e14  vTaskResume                           
00002014  vTaskSetThreadLocalStoragePointer     
00001e04  vTaskSetTimeOutState                  
00000fdc  vTaskStartScheduler                   
00001688  vTaskStepTick                         
00000c10  vTaskSuspend                          
000010a4  vTaskSuspendAll                       
00001a08  vTaskSwitchContext                    
00004918  vTimerSetTimerID                      
0000d39c  vimChannelMap                         
0000d608  vimDisableInterrupt                   
0000d440  vimEnableInterrupt                    
0000d6b4  vimGetConfigValue                     
0000d2c8  vimInit                               
00008e00  vimParityCheck                        
000133b4  vimParityErrorHandler                 
0800378c  watchdogTask_Handler                  
0000b670  watchdog_task                         
0001601d  wcslen                                
00004e04  xEventGroupClearBits                  
00004978  xEventGroupCreate                     
00004e88  xEventGroupGetBitsFromISR             
00004eb8  xEventGroupSetBits                    
000049b4  xEventGroupSync                       
00004bb4  xEventGroupWaitBits                   
00005d78  xPortGetFreeHeapSize                  
00005d84  xPortGetMinimumEverFreeHeapSize       
000059d4  xPortStartScheduler                   
00002d8c  xQueueGenericCreate                   
00003464  xQueueGenericReceive                  
00002c64  xQueueGenericReset                    
00002ea8  xQueueGenericSend                     
00003168  xQueueGenericSendFromISR              
000032f8  xQueueGiveFromISR                     
00003d5c  xQueueIsQueueEmptyFromISR             
00003de8  xQueueIsQueueFullFromISR              
00003880  xQueuePeekFromISR                     
00003738  xQueueReceiveFromISR                  
000016e4  xTaskAbortDelay                       
00001e44  xTaskCheckForTimeOut                  
000000fc  xTaskCreate                           
00000020  xTaskCreateRestricted                 
000025f0  xTaskGenericNotify                    
000027bc  xTaskGenericNotifyFromISR             
0000154c  xTaskGetHandle                        
00001650  xTaskGetIdleTaskHandle                
0000237c  xTaskGetSchedulerState                
0000130c  xTaskGetTickCount                     
00001344  xTaskGetTickCountFromISR              
00001328  xTaskGetTickOverflowCount             
000017e0  xTaskIncrementTick                    
00014d48  xTaskNotifyStateClear                 
000024dc  xTaskNotifyWait                       
00001c0c  xTaskRemoveFromEventList              
00001d00  xTaskRemoveFromUnorderedEventList     
0000115c  xTaskResumeAll                        
00000ef4  xTaskResumeFromISR                    
00003f2c  xTimerCreate                          
00003ec8  xTimerCreateTimerTask                 
00004028  xTimerGenericCommand                  
0000416c  xTimerGetExpiryTime                   
0000413c  xTimerGetPeriod                       
00004104  xTimerGetTimerDaemonTaskHandle        
00004868  xTimerIsTimerActive                   


GLOBAL SYMBOLS: SORTED BY Symbol Address 

address   name                                  
-------   ----                                  
00000000  __TI_static_base__                    
00000000  resetEntry                            
00000020  xTaskCreateRestricted                 
000000fc  xTaskCreate                           
00000530  vTaskDelete                           
00000698  vTaskDelayUntil                       
00000804  vTaskDelay                            
00000888  eTaskGetState                         
0000098c  uxTaskPriorityGet                     
000009d0  uxTaskPriorityGetFromISR              
00000a18  vTaskPrioritySet                      
00000c10  vTaskSuspend                          
00000e14  vTaskResume                           
00000ef4  xTaskResumeFromISR                    
00000fdc  vTaskStartScheduler                   
00001088  vTaskEndScheduler                     
000010a4  vTaskSuspendAll                       
0000115c  xTaskResumeAll                        
0000130c  xTaskGetTickCount                     
00001328  xTaskGetTickOverflowCount             
00001344  xTaskGetTickCountFromISR              
00001368  uxTaskGetNumberOfTasks                
00001374  pcTaskGetName                         
0000154c  xTaskGetHandle                        
00001650  xTaskGetIdleTaskHandle                
00001688  vTaskStepTick                         
000016e4  xTaskAbortDelay                       
000017e0  xTaskIncrementTick                    
00001a08  vTaskSwitchContext                    
00001ae8  vTaskPlaceOnEventList                 
00001b2c  vTaskPlaceOnUnorderedEventList        
00001bb0  vTaskPlaceOnEventListRestricted       
00001c0c  xTaskRemoveFromEventList              
00001d00  xTaskRemoveFromUnorderedEventList     
00001e04  vTaskSetTimeOutState                  
00001e44  xTaskCheckForTimeOut                  
00001f7c  vTaskMissedYield                      
00001f94  eTaskConfirmSleepModeStatus           
00002014  vTaskSetThreadLocalStoragePointer     
0000206c  pvTaskGetThreadLocalStoragePointer    
000020d8  vTaskAllocateMPURegions               
000022b0  uxTaskGetStackHighWaterMark           
0000237c  xTaskGetSchedulerState                
000023cc  uxTaskResetEventItemValue             
00002408  ulTaskNotifyTake                      
000024dc  xTaskNotifyWait                       
000025f0  xTaskGenericNotify                    
000027bc  xTaskGenericNotifyFromISR             
000029bc  vTaskNotifyGiveFromISR                
00002c64  xQueueGenericReset                    
00002d8c  xQueueGenericCreate                   
00002ea8  xQueueGenericSend                     
00003168  xQueueGenericSendFromISR              
000032f8  xQueueGiveFromISR                     
00003464  xQueueGenericReceive                  
00003738  xQueueReceiveFromISR                  
00003880  xQueuePeekFromISR                     
00003974  uxQueueMessagesWaiting                
000039ac  uxQueueSpacesAvailable                
000039f8  uxQueueMessagesWaitingFromISR         
00003a28  vQueueDelete                          
00003d5c  xQueueIsQueueEmptyFromISR             
00003de8  xQueueIsQueueFullFromISR              
00003e38  vQueueWaitForMessageRestricted        
00003ec8  xTimerCreateTimerTask                 
00003f2c  xTimerCreate                          
00004028  xTimerGenericCommand                  
00004104  xTimerGetTimerDaemonTaskHandle        
0000413c  xTimerGetPeriod                       
0000416c  xTimerGetExpiryTime                   
000041a4  pcTimerGetName                        
00004868  xTimerIsTimerActive                   
000048d8  pvTimerGetTimerID                     
00004918  vTimerSetTimerID                      
00004978  xEventGroupCreate                     
000049b4  xEventGroupSync                       
00004bb4  xEventGroupWaitBits                   
00004e04  xEventGroupClearBits                  
00004e88  xEventGroupGetBitsFromISR             
00004eb8  xEventGroupSetBits                    
00005068  vEventGroupDelete                     
000050ec  vEventGroupSetBitsCallback            
00005108  vEventGroupClearBitsCallback          
00005194  vPortStartFirstTask                   
00005224  vPortYieldProcessor                   
00005310  vPortYeildWithinAPI                   
00005404  vPortPreemptiveTick                   
00005504  vPortInitialiseFPSCR                  
00005510  ulPortCountLeadingZeros               
00005518  vPortSWI                              
000055f4  prvMpuSetRegion                       
0000560c  prvMpuEnable                          
00005624  prvMpuDisable                         
0000564c  pxPortInitialiseStack                 
00005760  vPortStoreTaskMPUSettings             
000059d4  xPortStartScheduler                   
000059f8  vPortEndScheduler                     
00005a2c  pvPortMalloc                          
00005c80  vPortFree                             
00005d78  xPortGetFreeHeapSize                  
00005d84  xPortGetMinimumEverFreeHeapSize       
00005d90  vPortInitialiseBlocks                 
00005e1c  __TI_Handler_Table_Base               
00005e28  __TI_Handler_Table_Limit              
00005e48  __TI_CINIT_Base                       
00005e68  __TI_CINIT_Limit                      
00008020  selftestFailNotification              
00008030  ccmSelfCheck                          
00008174  memoryInit                            
000081b8  stcSelfCheck                          
00008234  cpuSelfTest                           
000082cc  pbistSelfCheck                        
000084ac  pbistRun                              
00008578  pbistStop                             
000085a8  pbistIsTestCompleted                  
000085d4  pbistIsTestPassed                     
00008608  pbistPortTestStatus                   
00008660  efcCheck                              
000086e8  efcStuckZeroTest                      
00008794  efcSelfTest                           
000087bc  checkefcSelfTest                      
0000885c  fmcBus2Check                          
00008898  fmcECCcheck                           
00008938  checkB0RAMECC                         
00008b28  checkB1RAMECC                         
00008d18  checkFlashECC                         
00008df4  custom_dabort                         
00008df8  stcSelfCheckFail                      
00008dfc  cpuSelfTestFail                       
00008e00  vimParityCheck                        
00008eac  dmaParityCheck                        
00008f58  het1ParityCheck                       
00009004  htu1ParityCheck                       
000090c0  het2ParityCheck                       
000091bc  htu2ParityCheck                       
0000926c  adc1ParityCheck                       
00009358  adc2ParityCheck                       
00009410  can1ParityCheck                       
000094e8  can2ParityCheck                       
000095b0  can3ParityCheck                       
00009684  mibspi1ParityCheck                    
0000978c  mibspi3ParityCheck                    
000098b0  mibspi5ParityCheck                    
000099d0  checkRAMECC                           
00009c18  checkClockMonitor                     
00009cf4  checkFlashEEPROMECC                   
00009e8c  checkPLL1Slip                         
00009f8c  checkPLL2Slip                         
0000a050  checkRAMAddrParity                    
0000a15c  checkRAMUERRTest                      
0000a2c4  fmcBus1ParityCheck                    
0000a3ec  pbistFail                             
0000a470  pbistGetConfigValue                   
0000a5bc  stcGetConfigValue                     
0000a660  efcGetConfigValue                     
0000a6fc  ccmr4GetConfigValue                   
0000a76c  errata_PBIST_4                        
0000aad0  enableParity                          
0000ab58  disableParity                         
0000acfc  main                                  
0000ad8c  init_task                             
0000b4ac  getHK_task                            
0000b618  selfCheck_task                        
0000b670  watchdog_task                         
0000b6dc  channelCtrl_task                      
0000b7b4  battCtrl_task                         
0000b8b8  receiveCMD_task                       
0000ba04  esmGroup1Notification                 
0000ba14  esmGroup2Notification                 
0000bb7c  MPU_xTaskCreate                       
0000bbe0  MPU_xTaskCreateRestricted             
0000bc24  MPU_vTaskAllocateMPURegions           
0000bc58  MPU_vTaskDelete                       
0000bc84  MPU_vTaskDelay                        
0000bcb0  MPU_vTaskDelayUntil                   
0000bce4  MPU_xTaskAbortDelay                   
0000bd18  MPU_uxTaskPriorityGet                 
0000bd4c  MPU_eTaskGetState                     
0000bd80  MPU_vTaskPrioritySet                  
0000bdb4  MPU_vTaskSuspend                      
0000bde0  MPU_vTaskResume                       
0000be0c  MPU_vTaskSuspendAll                   
0000be30  MPU_xTaskResumeAll                    
0000be5c  MPU_xTaskGetTickCount                 
0000be88  MPU_xTaskGetTickOverflowCount         
0000beb4  MPU_uxTaskGetNumberOfTasks            
0000bee0  MPU_pcTaskGetName                     
0000bf14  MPU_xTaskGetHandle                    
0000bf48  MPU_uxTaskGetStackHighWaterMark       
0000bf7c  MPU_vTaskSetThreadLocalStoragePointer 
0000bfc0  MPU_pvTaskGetThreadLocalStoragePointer
0000c004  MPU_xTaskGetIdleTaskHandle            
0000c030  MPU_xTaskGenericNotify                
0000c084  MPU_xTaskNotifyWait                   
0000c0d8  MPU_ulTaskNotifyTake                  
0000c11c  MPU_xTaskNotifyStateClear             
0000c150  MPU_vTaskSetTimeOutState              
0000c17c  MPU_xTaskCheckForTimeOut              
0000c1c0  MPU_xTaskGetSchedulerState            
0000c1ec  MPU_xQueueGenericSend                 
0000c240  MPU_xQueueGenericReceive              
0000c294  MPU_uxQueueMessagesWaiting            
0000c2c8  MPU_uxQueueSpacesAvailable            
0000c2fc  MPU_vQueueDelete                      
0000c328  MPU_xQueueGenericCreate               
0000c374  MPU_xQueueGenericReset                
0000c3b8  MPU_xTimerCreate                      
0000c414  MPU_pvTimerGetTimerID                 
0000c448  MPU_vTimerSetTimerID                  
0000c47c  MPU_xTimerIsTimerActive               
0000c4b0  MPU_xTimerGetTimerDaemonTaskHandle    
0000c4dc  MPU_pcTimerGetName                    
0000c510  MPU_xTimerGetPeriod                   
0000c544  MPU_xTimerGetExpiryTime               
0000c578  MPU_xTimerGenericCommand              
0000c5d4  MPU_xEventGroupCreate                 
0000c600  MPU_xEventGroupWaitBits               
0000c65c  MPU_xEventGroupClearBits              
0000c6a0  MPU_xEventGroupSetBits                
0000c6e4  MPU_xEventGroupSync                   
0000c738  MPU_vEventGroupDelete                 
0000c764  setupPLL                              
0000c7c4  trimLPO                               
0000c838  setupFlash                            
0000c878  periphInit                            
0000c8cc  mapClocks                             
0000c9f4  systemInit                            
0000cac0  systemPowerDown                       
0000caf0  systemGetConfigValue                  
0000cf04  tcmflashGetConfigValue                
0000d0b0  sramGetConfigValue                    
0000d1ec  customTrimLPO                         
0000d2c8  vimInit                               
0000d39c  vimChannelMap                         
0000d440  vimEnableInterrupt                    
0000d608  vimDisableInterrupt                   
0000d6b4  vimGetConfigValue                     
0000dd21  __TI_printfi                          
0000e767  _nop                                  
0000e768  mibspiInit                            
0000e9b8  mibspiSetFunctional                   
0000e9d8  mibspiSetData                         
0000eae4  mibspiGetData                         
0000ec30  mibspiTransfer                        
0000ec60  mibspiIsTransferComplete              
0000eccc  mibspiEnableLoopback                  
0000ed00  mibspiDisableLoopback                 
0000ed1c  mibspiPmodeSet                        
0000ed6c  mibspiEnableGroupNotification         
0000edf4  mibspiDisableGroupNotification        
0000ee28  mibspi3GetConfigValue                 
0000f188  i2cInit                               
0000f274  i2cSetOwnAdd                          
0000f294  i2cSetSlaveAdd                        
0000f2b4  i2cSetBaudrate                        
0000f3b4  i2cSetStart                           
0000f3d4  i2cSetStop                            
0000f3f4  i2cSetCount                           
0000f414  i2cIsTxReady                          
0000f430  i2cSendByte                           
0000f460  i2cSend                               
0000f52c  i2cIsRxReady                          
0000f548  i2cIsStopDetected                     
0000f564  i2cRxError                            
0000f594  i2cClearSCD                           
0000f5b0  i2cReceiveByte                        
0000f5d8  i2cReceive                            
0000f678  i2cEnableLoopback                     
0000f698  i2cDisableLoopback                    
0000f6d0  i2cEnableNotification                 
0000f70c  i2cDisableNotification                
0000f75c  i2cSetMode                            
0000f794  i2cGetConfigValue                     
0000f95c  i2cSetDirection                       
0000f994  i2cIsMasterReady                      
0000f9d4  i2cIsBusBusy                          
0000fa60  muxInit                               
0000ff14  pinmuxGetConfigValue                  
0001031c  sciInit                               
00010408  sciSetFunctional                      
00010428  sciSetBaudrate                        
000104c4  sciIsTxReady                          
000104e0  sciSendByte                           
00010510  sciSend                               
00010644  sciIsRxReady                          
00010660  sciIsIdleDetected                     
0001067c  sciRxError                            
000106ac  sciReceiveByte                        
000106d8  sciReceive                            
000107b0  sciEnableLoopback                     
000107e4  sciDisableLoopback                    
00010808  sciEnableNotification                 
00010870  sciDisableNotification                
000108d8  sciEnterResetState                    
000108f8  sciExitResetState                     
00010918  scilinGetConfigValue                  
00010ad4  get_default                           
00010b60  get_hk_bc                             
00010d48  get_hk_batt                           
00011070  get_hk_channel                        
0001127c  _errata_SSWF021_45_both_plls          
00011470  _errata_SSWF021_45_pll1               
000115e8  _errata_SSWF021_45_pll2               
000118e0  esmInit                               
000119e8  esmError                              
00011a04  esmEnableError                        
00011a2c  esmDisableError                       
00011a54  esmTriggerErrorPinReset               
00011a64  esmActivateNormalOperation            
00011a74  esmEnableInterrupt                    
00011a9c  esmDisableInterrupt                   
00011ac4  esmSetInterruptLevel                  
00011b38  esmClearStatus                        
00011b78  esmClearStatusBuffer                  
00011b94  esmSetCounterPreloadValue             
00011bb4  esmGetStatus                          
00011c38  esmGetStatusBuffer                    
00011c70  esmEnterSelfTest                      
00011cf8  esmSelfTestStatus                     
00011d48  esmGetConfigValue                     
00011e9c  get_binary                            
00011f5c  dac_write_en                          
000120ec  dac_write_en_ss                       
00012278  dac_write_ss                          
0001241c  channel_on                            
000124b0  channel_off                           
00012544  channel_set_group                     
00012618  channel_check_lowVoltage              
0001282c  channel_check_trip                    
000128b4  gioInit                               
00012984  gioSetDirection                       
000129a4  gioSetBit                             
000129f4  gioSetPort                            
00012a14  gioGetBit                             
00012a3c  gioGetPort                            
00012a54  gioToggleBit                          
00012aac  gioEnableNotification                 
00012b14  gioDisableNotification                
00012b7c  gioGetConfigValue                     
00012d38  _coreInitRegisters_                   
00012e44  _coreInitStackPointer_                
00012e90  _getCPSRValue_                        
00012e98  _gotoCPUIdle_                         
00012eb0  _coreEnableVfp_                       
00012ec8  _coreEnableEventBusExport_            
00012ed8  _coreDisableEventBusExport_           
00012ee8  _coreEnableRamEcc_                    
00012ef8  _coreDisableRamEcc_                   
00012f08  _coreEnableFlashEcc_                  
00012f1c  _coreDisableFlashEcc_                 
00012f2c  _coreEnableIrqVicOffset_              
00012f3c  _coreGetDataFault_                    
00012f44  _coreClearDataFault_                  
00012f50  _coreGetInstructionFault_             
00012f58  _coreClearInstructionFault_           
00012f64  _coreGetDataFaultAddress_             
00012f6c  _coreClearDataFaultAddress_           
00012f78  _coreGetInstructionFaultAddress_      
00012f80  _coreClearInstructionFaultAddress_    
00012f8c  _coreGetAuxiliaryDataFault_           
00012f94  _coreClearAuxiliaryDataFault_         
00012fa0  _coreGetAuxiliaryInstructionFault_    
00012fa8  _coreClearAuxiliaryInstructionFault_  
00012fb4  _disable_interrupt_                   
00012fbc  _disable_FIQ_interrupt_               
00012fc4  _disable_IRQ_interrupt_               
00012fcc  _enable_interrupt_                    
00012fd4  _esmCcmErrorsClear_                   
0001305c  _errata_CORTEXR4_57_                  
0001306c  _errata_CORTEXR4_66_                  
0001307c  __TI_PINIT_Base                       
00013080  __TI_PINIT_Limit                      
00013084  mppt_hunts                            
00013124  mppt_getPower                         
00013154  mppt_getPower_ina226                  
00013184  mppt_pno_ss                           
0001329c  mppt_pno_en                           
000133b4  vimParityErrorHandler                 
00013680  __aeabi_uldivmod                      
00013939  __mktime32                            
00013939  mktime                                
00013bd4  _c_int00                              
0001431c  vListInitialise                       
00014374  vListInitialiseItem                   
00014390  vListInsertEnd                        
00014404  vListInsert                           
000144c8  uxListRemove                          
00014554  linHighLevelInterrupt                 
00014758  uart_tx                               
00014848  sciNotification                       
00014d48  xTaskNotifyStateClear                 
00014dc5  __localtime32                         
00014dc5  localtime                             
00014ef8  esmHighInterrupt                      
0001502c  memoryPort0TestFailNotification       
00015048  memoryPort1TestFailNotification       
00015064  canErrorNotification                  
00015078  canStatusChangeNotification           
0001508c  canMessageNotification                
000150a0  gioNotification                       
000150b4  i2cNotification                       
000150c8  mibspiNotification                    
000150dc  mibspiGroupNotification               
00015104  dmaGroupANotification                 
00015318  resetRTC_debug                        
0001534c  resetRTC                              
00015380  getcurrTime                           
00015415  ldexp                                 
00015415  ldexpl                                
00015415  scalbn                                
00015415  scalbnl                               
00015504  _dabort                               
000155ed  floor                                 
000155ed  floorl                                
000156cc  _pmuInit_                             
00015718  _pmuEnableCountersGlobal_             
00015728  _pmuDisableCountersGlobal_            
00015738  _pmuResetCycleCounter_                
00015748  _pmuResetEventCounters_               
00015758  _pmuResetCounters_                    
00015768  _pmuStartCounters_                    
00015770  _pmuStopCounters_                     
00015778  _pmuSetCountEvent_                    
00015784  _pmuGetCycleCount_                    
0001578c  _pmuGetEventCount_                    
00015798  _pmuGetOverflow_                      
0001585b  __aeabi_memcpy                        
0001585b  __aeabi_memcpy4                       
0001585b  __aeabi_memcpy8                       
0001585b  memcpy                                
000158f7  __aeabi_idiv0                         
000158f7  __aeabi_ldiv0                         
000158f8  __aeabi_ldivmod                       
00015a0b  __aeabi_memclr                        
00015a0b  __aeabi_memclr4                       
00015a0b  __aeabi_memclr8                       
00015a0d  __aeabi_memset                        
00015a0d  __aeabi_memset4                       
00015a0d  __aeabi_memset8                       
00015a13  memset                                
00015a85  frexp                                 
00015a85  frexpl                                
00015af9  asctime                               
00015b65  __TI_decompress_lzss                  
00015bd1  __TI_ltoa                             
00015cc9  atoi                                  
00015d18  __aeabi_uidiv                         
00015d18  __aeabi_uidivmod                      
00015d69  snprintf                              
00015db5  HOSTtime                              
00015dfd  __TI_auto_init_nobinit_nopinit        
00015e81  sprintf                               
00015ec1  __TI_writemsg                         
00015ef3  C$$IO$$                               
00015efd  __TI_readmsg                          
00015f61  memccpy                               
00015f87  copysign                              
00015f87  copysignl                             
00015fd9  strcmp                                
00015ff1  strchr                                
00016007  strlen                                
0001601d  wcslen                                
0001602f  __time32                              
0001602f  time                                  
0001603d  __TI_decompress_none                  
0001604b  __ctime32                             
0001604b  ctime                                 
00016057  __TI_zero_init                        
0001606d  __aeabi_errno_addr                    
00016075  C$$EXIT                               
00016075  abort                                 
00016078  phantomInterrupt                      
0001607c  handlePLLLockFail                     
0001628c  _ctypes_                              
080008d0  pxCurrentTCB                          
08001000  __start___llvm_prf_cnts               
08001000  __stop___llvm_prf_cnts                
080031c0  read_data                             
0800339c  _tz                                   
080033bc  _lock                                 
080033c0  _unlock                               
080033c4  ulCriticalNesting                     
080033c8  ulTaskHasFPUContext                   
080033cc  errno                                 
080033d0  __CIOBUF_                             
08003610  SpecialRamBlock                       
08003764  parmbuf                               
08003774  battCtrlTask_Handler                  
08003778  channelCtrlTask_Handler               
0800377c  getHKTask_Handler                     
08003780  initTask_Handler                      
08003784  receiveCMDTask_Handler                
08003788  selfCheckTask_Handler                 
0800378c  watchdogTask_Handler                  
ffffffff  __TI_pprof_out_hndl                   
ffffffff  __TI_prof_data_size                   
ffffffff  __TI_prof_data_start                  
ffffffff  __binit__                             
ffffffff  __c_args__                            
ffffffff  binit                                 
UNDEFED   SHT$$INIT_ARRAY$$Base                 
UNDEFED   SHT$$INIT_ARRAY$$Limit                
UNDEFED   _system_post_cinit                    

[503 symbols]
