******************************************************************************
                  TI ARM Linker PC v20.2.5                     
******************************************************************************
>> Linked Tue Oct  4 14:37:28 2022

OUTPUT FILE NAME:   <RM46_SkeletonTest.out>
ENTRY POINT SYMBOL: "_c_int00"  address: 00020890


MEMORY CONFIGURATION

         name            origin    length      used     unused   attr    fill
----------------------  --------  ---------  --------  --------  ----  --------
  VECTORS               00000000   00000020  00000020  00000000     X
  KERNEL                00000020   00008000  00005eb4  0000214c  R  X
  FLASH0                00008020   00137fe0  0001c2fd  0011bce3  R  X
  STACKS                08000000   00000800  00000000  00000800  RW  
  KRAM                  08000800   00000800  0000026c  00000594  RW  
  RAM                   08001000   0002f000  00002c9f  0002c361  RW  


SEGMENT ALLOCATION MAP

run origin  load origin   length   init length attrs members
----------  ----------- ---------- ----------- ----- -------
00000000    00000000    00005ed8   00005ed8    r-x
  00000000    00000000    00000020   00000020    r-x .intvecs
  00000020    00000020    00005d9c   00005d9c    r-x .kernelTEXT
  00005dc0    00005dc0    00000118   00000118    r-- .cinit
00008020    00008020    0001c300   0001c300    r-x
  00008020    00008020    0001b7a8   0001b7a8    r-x .text
  000237c8    000237c8    000007a4   000007a4    r-x FEE_TEXT_SECTION
  00023f6c    00023f6c    00000301   00000301    r-- .const
  00024270    00024270    000000b0   000000b0    r-- FEE_CONST_SECTION
08000800    08000800    0000026c   00000000    rw-
  08000800    08000800    0000026c   00000000    rw- .kernelBSS
08001000    08001000    00002ca1   00000000    rw-
  08001000    08001000    00002000   00000000    rw- .kernelHEAP
  08003000    08003000    0000066a   00000000    rw- .bss
  0800366c    0800366c    00000504   00000000    rw- .data
  08003b70    08003b70    00000131   00000000    rw- FEE_DATA_SECTION


SECTION ALLOCATION MAP

 output                                  attributes/
section   page    origin      length       input sections
--------  ----  ----------  ----------   ----------------
.intvecs   0    00000000    00000020     
                  00000000    00000020     sys_intvecs.obj (.intvecs)

.kernelTEXT 
*          0    00000020    00005d9c     
                  00000020    00002c58     os_tasks.obj (.kernelTEXT)
                  00002c78    00001264     os_queue.obj (.kernelTEXT)
                  00003edc    00000ab0     os_timer.obj (.kernelTEXT)
                  0000498c    00000818     os_event_groups.obj (.kernelTEXT)
                  000051a4    000004bc     os_portasm.obj (.kernelTEXT)
                  00005660    000003e0     os_port.obj (.kernelTEXT)
                  00005a40    0000037c     os_heap.obj (.kernelTEXT)

.cinit     0    00005dc0    00000118     
                  00005dc0    000000be     (.cinit..data.load) [load image, compression = lzss]
                  00005e7e    00000002     --HOLE-- [fill = 0]
                  00005e80    0000000c     (__TI_handler_table)
                  00005e8c    00000009     (.cinit..kernelBSS.load) [load image, compression = lzss]
                  00005e95    00000009     (.cinit.FEE_DATA_SECTION.load) [load image, compression = lzss]
                  00005e9e    00000002     --HOLE-- [fill = 0]
                  00005ea0    00000008     (.cinit..bss.load) [load image, compression = zero_init]
                  00005ea8    00000008     (.cinit..kernelHEAP.load) [load image, compression = zero_init]
                  00005eb0    00000028     (__TI_cinit_table)

.text      0    00008020    0001b7a8     
                  00008020    000057c8     ti_fee_util.obj (.text)
                  0000d7e8    00002cdc     sys_selftest.obj (.text)
                  000104c4    000023e8     fee_function.obj (.text)
                  000128ac    00001a10     skeleton_main.obj (.text)
                  000142bc    00001764     ti_fee_ini.obj (.text)
                  00015a20    000010e0     ti_fee_main.obj (.text)
                  00016b00    0000109c     max6698.obj (.text)
                  00017b9c    00000c14     os_mpu_wrappers.obj (.text)
                  000187b0    00000b64     system.obj (.text)
                  00019314    00000a58     sys_vim.obj (.text)
                  00019d6c    00000a2c     can.obj (.text)
                  0001a798    00000a20     mibspi.obj (.text)
                  0001b1b8    000009d8     channel.obj (.text)
                  0001bb90    000008d8     i2c.obj (.text)
                  0001c468    000008bc     pinmux.obj (.text)
                  0001cd24    000007b8     sci.obj (.text)
                  0001d4dc    00000754     ina226.obj (.text)
                  0001dc30    00000680     cmd_interface.obj (.text)
                  0001e2b0    00000664     errata_SSWF021_45.obj (.text)
                  0001e914    00000630     rti.obj (.text)
                  0001ef44    000005c4     ina3221.obj (.text)
                  0001f508    000005bc     esm.obj (.text)
                  0001fac4    00000484     gio.obj (.text)
                  0001ff48    0000034c     sys_core.obj (.text)
                  00020294    00000330     mppt.obj (.text)
                  000205c4    000002cc     sys_vim.obj (.text:retain)
                  00020890    000002b8     sys_startup.obj (.text:retain)
                  00020b48    000002b8     rtsv7R4_T_le_v3D16_eabi.lib : ull_div32.asm.obj (.text)
                  00020e00    00000280     battery.obj (.text)
                  00021080    00000278     os_heap.obj (.text)
                  000212f8    00000270     ad5324.obj (.text)
                  00021568    00000260     F021_API_CortexR4_LE_V3D16.lib : FlashStateMachine.InitializeFlashBanks.obj (.text:Fapi_initializeFlashBanks)
                  000217c8    0000025c     heater.obj (.text)
                  00021a24    00000238     os_list.obj (.text)
                  00021c5c    00000226     rtsv7R4_T_le_v3D16_eabi.lib : _printfi_min.c.obj (.text:__TI_printfi_minimal)
                  00021e82    00000002                                 : _lock.c.obj (.text:_nop)
                  00021e84    00000204     sci.obj (.text:retain)
                  00022088    000001cc     uart_cmd.obj (.text)
                  00022254    000001b0     os_port.obj (.text)
                  00022404    000001a8     low_power_mode.obj (.text)
                  000225ac    0000017c     F021_API_CortexR4_LE_V3D16.lib : FlashStateMachine.SetActiveBank.obj (.text:Fapi_setActiveFlashBank)
                  00022728    00000158     os_tasks.obj (.text)
                  00022880    00000120     notification.obj (.text)
                  000229a0    00000114     esm.obj (.text:retain)
                  00022ab4    000000fc     realtimeClock.obj (.text)
                  00022bb0    000000e8     dabort.obj (.text)
                  00022c98    000000e0     rtsv7R4_T_le_v3D16_eabi.lib : s_floor.c.obj (.text:floor)
                  00022d78    000000e0     sys_pmu.obj (.text)
                  00022e58    000000b8     custom_crc.obj (.text)
                  00022f10    0000009c     rtsv7R4_T_le_v3D16_eabi.lib : memcpy_t2.asm.obj (.text)
                  00022fac    00000094     F021_API_CortexR4_LE_V3D16.lib : BlankCheck.obj (.text:Fapi_doBlankCheck)
                  00023040    00000094     rti.obj (.text:retain)
                  000230d4    00000080     F021_API_CortexR4_LE_V3D16.lib : FlashStateMachine.EnableEepromSectors.obj (.text:Fapi_enableEepromBankSectors)
                  00023154    0000007a     rtsv7R4_T_le_v3D16_eabi.lib : memset_t2.asm.obj (.text)
                  000231ce    0000006c                                 : copy_decompress_lzss.c.obj (.text:decompress:lzss:__TI_decompress_lzss)
                  0002323a    0000005e     F021_API_CortexR4_LE_V3D16.lib : Read.LoopDword.obj (.text:_Fapi_loopRegionForValue)
                  00023298    00000054     rtsv7R4_T_le_v3D16_eabi.lib : i_div32.asm.obj (.text)
                  000232ec    00000050     F021_API_CortexR4_LE_V3D16.lib : FlashStateMachine.Hercules.IsEccAddress.obj (.text:Fapi_isAddressEcc)
                  0002333c    00000050     rtsv7R4_T_le_v3D16_eabi.lib : atoi.c.obj (.text:atoi)
                  0002338c    00000050                                 : u_div32.asm.obj (.text)
                  000233dc    00000048                                 : hosttime.c.obj (.text:HOSTtime)
                  00023424    00000044     F021_API_CortexR4_LE_V3D16.lib : FlashStateMachine.EnableEepromSectors.obj (.text:_Fapi_EnableSectors)
                  00023468    00000044     rtsv7R4_T_le_v3D16_eabi.lib : autoinit.c.obj (.text:__TI_auto_init_nobinit_nopinit:__TI_auto_init_nobinit_nopinit)
                  000234ac    00000040     F021_API_CortexR4_LE_V3D16.lib : Utilities.CalculateFletcher.obj (.text:Fapi_calculateFletcherChecksum)
                  000234ec    00000040     rtsv7R4_T_le_v3D16_eabi.lib : sprintf.c.obj (.text:sprintf)
                  0002352c    0000003c     F021_API_CortexR4_LE_V3D16.lib : FlashStateMachine.IssueFsmCommand.obj (.text:_Fapi_issueFsmCommand)
                  00023568    0000003c     rtsv7R4_T_le_v3D16_eabi.lib : trgmsg.c.obj (.text:__TI_writemsg)
                  000235a4    00000034                                 : trgmsg.c.obj (.text:__TI_readmsg)
                  000235d8    00000030     F021_API_CortexR4_LE_V3D16.lib : Async.WithAddress.obj (.text:Fapi_issueAsyncCommandWithAddress)
                  00023608    00000030                                    : Utilities.WaitDelay.obj (.text:Fapi_waitDelay)
                  00023638    0000002c                                    : Read.Common.obj (.text:_Fapi_readDword)
                  00023664    0000002a                                    : Async.obj (.text:Fapi_issueAsyncCommand)
                  0002368e    00000026     rtsv7R4_T_le_v3D16_eabi.lib : memccpy.c.obj (.text:memccpy)
                  000236b4    00000022     F021_API_CortexR4_LE_V3D16.lib : Read.FlushPipeline.obj (.text:Fapi_flushPipeline)
                  000236d6    0000001c                                    : FlashStateMachine.InitializeFlashBanks.obj (.text:_Fapi_divideUnsignedLong)
                  000236f2    0000001a     rtsv7R4_T_le_v3D16_eabi.lib : sprintf.c.obj (.text:_outs)
                  0002370c    00000018                                 : strcmp.c.obj (.text:strcmp)
                  00023724    00000016                                 : strlen.c.obj (.text:strlen)
                  0002373a    00000002                                 : div0.asm.obj (.text)
                  0002373c    00000010     F021_API_CortexR4_LE_V3D16.lib : Utilities.GetNumberOfSectors.obj (.text:Fapi_getNumberOfBankSectors)
                  0002374c    00000010                                    : FlashStateMachine.ScaleFclk.obj (.text:_scaleEEFclk)
                  0002375c    00000010                                    : FlashStateMachine.ScaleFclk.obj (.text:_scaleMainFclk)
                  0002376c    0000000e     rtsv7R4_T_le_v3D16_eabi.lib : time.c.obj (.text:__time32)
                  0002377a    0000000e                                 : copy_decompress_none.c.obj (.text:decompress:none:__TI_decompress_none)
                  00023788    0000000c     F021_API_CortexR4_LE_V3D16.lib : Read.WdService.obj (.text:_Fapi_checkWdService)
                  00023794    0000000c     rtsv7R4_T_le_v3D16_eabi.lib : copy_zero_init.c.obj (.text:decompress:ZI:__TI_zero_init)
                  000237a0    0000000a                                 : sprintf.c.obj (.text:_outc)
                  000237aa    00000002     --HOLE-- [fill = 0]
                  000237ac    00000008     Fapi_UserDefinedFunctions.obj (.text)
                  000237b4    00000004     rtsv7R4_T_le_v3D16_eabi.lib : exit.c.obj (.text:abort:abort)
                  000237b8    00000004     sys_phantom.obj (.text:retain)
                  000237bc    00000004     sys_startup.obj (.text)
                  000237c0    00000008     Fapi_UserDefinedFunctions.obj (.tramp.Fapi_serviceWatchdogTimer.1)

.const     0    00023f6c    00000301     
                  00023f6c    00000200     sys_vim.obj (.const:s_vim_init)
                  0002416c    00000101     rtsv7R4_T_le_v3D16_eabi.lib : ctype.c.obj (.const:.string:_ctypes_)

.kernelBSS 
*          0    08000800    0000026c     UNINITIALIZED
                  08000800    000001fc     os_tasks.obj (.kernelBSS:uninit)
                  080009fc    00000034     os_tasks.obj (.kernelBSS:init)
                  08000a30    00000030     os_timer.obj (.kernelBSS:uninit)
                  08000a60    0000000c     os_timer.obj (.kernelBSS:init)

.kernelHEAP 
*          0    08001000    00002000     UNINITIALIZED
                  08001000    00002000     os_heap.obj (.kernelHEAP)

.bss       0    08003000    0000066a     UNINITIALIZED
                  08003000    00000240     skeleton_main.obj (.bss:global_channelD)
                  08003240    000001b0     skeleton_main.obj (.bss:global_ina226D)
                  080033f0    00000120     rtsv7R4_T_le_v3D16_eabi.lib : trgmsg.c.obj (.bss:_CIOBUF_)
                  08003510    00000050     skeleton_main.obj (.bss:global_mpptD)
                  08003560    00000040     skeleton_main.obj (.bss:global_ina3221D)
                  080035a0    00000028     sci.obj (.bss:g_sciTransfer_t)
                  080035c8    00000020     skeleton_main.obj (.bss:global_heaterD)
                  080035e8    00000018     skeleton_main.obj (.bss:global_battD)
                  08003600    00000014     uart_cmd.obj (.bss:cmd1)
                  08003614    0000000c     i2c.obj (.bss:g_i2cTransfer_t)
                  08003620    0000000c     skeleton_main.obj (.bss:global_realtimeClock)
                  0800362c    00000008     uart_cmd.obj (.bss)
                  08003634    00000008     os_heap.obj (.bss:xStart)
                  0800363c    00000008     (.common:parmbuf)
                  08003644    00000004     skeleton_main.obj (.bss:global_max6698D)
                  08003648    00000004     (.common:checkActiveTask_Handle)
                  0800364c    00000004     (.common:getHKTask_Handle)
                  08003650    00000004     (.common:heaterCtrlTask_Handle)
                  08003654    00000004     (.common:initTask_Handle)
                  08003658    00000004     (.common:outputchanCtrlTask_Handle)
                  0800365c    00000004     (.common:powerConversion_and_battCtrlTask_Handle)
                  08003660    00000004     (.common:receiveCMDTask_Handle)
                  08003664    00000004     (.common:wdtTask_Handle)
                  08003668    00000002     fee_function.obj (.bss)

.data      0    0800366c    00000504     UNINITIALIZED
                  0800366c    000001fc     skeleton_main.obj (.data:global_flashD)
                  08003868    000001c6     skeleton_main.obj (.data:glabal_config_pack)
                  08003a2e    00000002     heater.obj (.data:HEAT_num)
                  08003a30    00000060     skeleton_main.obj (.data)
                  08003a90    00000048     channel.obj (.data:CH)
                  08003ad8    00000020     ad5324.obj (.data:binary)
                  08003af8    00000014     skeleton_main.obj (.data:preTick$1)
                  08003b0c    00000012     channel.obj (.data:CH_num)
                  08003b1e    00000001     F021_API_CortexR4_LE_V3D16.lib : FlashStateMachine.SetActiveBank.obj (.data)
                  08003b1f    00000001     fee_function.obj (.data)
                  08003b20    00000010     battery.obj (.data:BSW)
                  08003b30    00000010     battery.obj (.data:BSW_num)
                  08003b40    00000010     os_heap.obj (.data)
                  08003b50    00000008     rtsv7R4_T_le_v3D16_eabi.lib : _lock.c.obj (.data:$O1$$)
                  08003b58    00000008     F021_API_CortexR4_LE_V3D16.lib : FlashStateMachine.ScaleFclk.obj (.data)
                  08003b60    00000008     heater.obj (.data:HEAT)
                  08003b68    00000008     os_port.obj (.data)

FEE_TEXT_SECTION 
*          0    000237c8    000007a4     
                  000237c8    000007a4     ti_fee_read.obj (FEE_TEXT_SECTION)

FEE_CONST_SECTION 
*          0    00024270    000000b0     
                  00024270    00000084     Device_RM46.obj (FEE_CONST_SECTION)
                  000242f4    0000002c     ti_fee_cfg.obj (FEE_CONST_SECTION)

FEE_DATA_SECTION 
*          0    08003b70    00000131     UNINITIALIZED
                  08003b70    000000f5     ti_fee_ini.obj (FEE_DATA_SECTION)
                  08003c65    00000001     ti_fee_main.obj (FEE_DATA_SECTION)
                  08003c66    00000002     --HOLE--
                  08003c68    0000002e     ti_fee_util.obj (FEE_DATA_SECTION:uninit)
                  08003c96    00000002     --HOLE--
                  08003c98    00000009     ti_fee_util.obj (FEE_DATA_SECTION:init)

__llvm_prf_cnts 
*          0    08001000    00000000     UNINITIALIZED

MODULE SUMMARY

       Module                                        code     ro data   rw data
       ------                                        ----     -------   -------
    .\source\
       ti_fee_util.obj                               22472    0         55     
       os_tasks.obj                                  11696    0         560    
       sys_selftest.obj                              11484    0         0      
       os_heap.obj                                   1524     0         8216   
       ti_fee_ini.obj                                5988     0         245    
       os_queue.obj                                  4708     0         0      
       ti_fee_main.obj                               4320     0         1      
       sys_vim.obj                                   3364     512       0      
       os_mpu_wrappers.obj                           3092     0         0      
       system.obj                                    2916     0         0      
       os_timer.obj                                  2736     0         60     
       can.obj                                       2604     0         0      
       mibspi.obj                                    2592     0         0      
       sci.obj                                       2492     0         40     
       i2c.obj                                       2264     0         12     
       pinmux.obj                                    2236     0         0      
       os_event_groups.obj                           2072     0         0      
       ti_fee_read.obj                               1956     0         0      
       esm.obj                                       1744     0         0      
       rti.obj                                       1732     0         0      
       errata_SSWF021_45.obj                         1636     0         0      
       os_port.obj                                   1424     0         8      
       os_portasm.obj                                1212     0         0      
       gio.obj                                       1156     0         0      
       sys_core.obj                                  844      0         0      
       sys_startup.obj                               700      0         0      
       os_list.obj                                   568      0         0      
       notification.obj                              288      0         0      
       dabort.obj                                    232      0         0      
       sys_pmu.obj                                   224      0         0      
       Device_RM46.obj                               0        132       0      
       ti_fee_cfg.obj                                0        44        0      
       sys_intvecs.obj                               32       0         0      
       Fapi_UserDefinedFunctions.obj                 16       0         0      
       sys_phantom.obj                               4        0         0      
    +--+---------------------------------------------+--------+---------+---------+
       Total:                                        102328   688       9197   
                                                                               
    .\source_custom\
       fee_function.obj                              9192     0         3      
       skeleton_main.obj                             6672     0         2334   
       max6698.obj                                   4252     0         0      
       channel.obj                                   2520     0         90     
       ina226.obj                                    1876     0         0      
       cmd_interface.obj                             1664     0         0      
       ina3221.obj                                   1476     0         0      
       mppt.obj                                      816      0         0      
       battery.obj                                   640      0         32     
       ad5324.obj                                    624      0         32     
       heater.obj                                    604      0         10     
       uart_cmd.obj                                  460      0         28     
       low_power_mode.obj                            424      0         0      
       realtimeClock.obj                             252      0         0      
       custom_crc.obj                                184      0         0      
    +--+---------------------------------------------+--------+---------+---------+
       Total:                                        31656    0         2529   
                                                                               
    C:/ti/Hercules/F021 Flash API/02.01.01/F021_API_CortexR4_LE_V3D16.lib
       FlashStateMachine.InitializeFlashBanks.obj    636      0         0      
       FlashStateMachine.SetActiveBank.obj           380      0         1      
       FlashStateMachine.EnableEepromSectors.obj     196      0         0      
       BlankCheck.obj                                148      0         0      
       Read.LoopDword.obj                            94       0         0      
       FlashStateMachine.Hercules.IsEccAddress.obj   80       0         0      
       Utilities.CalculateFletcher.obj               64       0         0      
       FlashStateMachine.IssueFsmCommand.obj         60       0         0      
       Async.WithAddress.obj                         48       0         0      
       Utilities.WaitDelay.obj                       48       0         0      
       Read.Common.obj                               44       0         0      
       Async.obj                                     42       0         0      
       FlashStateMachine.ScaleFclk.obj               32       0         8      
       Read.FlushPipeline.obj                        34       0         0      
       Utilities.GetNumberOfSectors.obj              16       0         0      
       Read.WdService.obj                            12       0         0      
    +--+---------------------------------------------+--------+---------+---------+
       Total:                                        1934     0         9      
                                                                               
    F:/Program Files/ti/ccs8/ccsv8/tools/compiler/ti-cgt-arm_20.2.5.LTS/lib/rtsv7R4_T_le_v3D16_eabi.lib
       ull_div32.asm.obj                             696      0         0      
       _printfi_min.c.obj                            550      0         0      
       trgmsg.c.obj                                  112      0         288    
       ctype.c.obj                                   0        257       0      
       s_floor.c.obj                                 224      0         0      
       memcpy_t2.asm.obj                             156      0         0      
       memset_t2.asm.obj                             122      0         0      
       copy_decompress_lzss.c.obj                    108      0         0      
       sprintf.c.obj                                 100      0         0      
       i_div32.asm.obj                               84       0         0      
       atoi.c.obj                                    80       0         0      
       u_div32.asm.obj                               80       0         0      
       hosttime.c.obj                                72       0         0      
       autoinit.c.obj                                68       0         0      
       memccpy.c.obj                                 38       0         0      
       strcmp.c.obj                                  24       0         0      
       strlen.c.obj                                  22       0         0      
       copy_decompress_none.c.obj                    14       0         0      
       time.c.obj                                    14       0         0      
       copy_zero_init.c.obj                          12       0         0      
       _lock.c.obj                                   2        0         8      
       hostopen.c.obj                                0        0         8      
       exit.c.obj                                    4        0         0      
       div0.asm.obj                                  2        0         0      
    +--+---------------------------------------------+--------+---------+---------+
       Total:                                        2584     257       304    
                                                                               
       Linker Generated:                             0        276       0      
    +--+---------------------------------------------+--------+---------+---------+
       Grand Total:                                  138502   1221      12039  


LINKER GENERATED COPY TABLES

__TI_cinit_table @ 00005eb0 records: 5, size/record: 8, table size: 40
	.data: load addr=00005dc0, load size=000000be bytes, run addr=0800366c, run size=00000504 bytes, compression=lzss
	.kernelBSS: load addr=00005e8c, load size=00000009 bytes, run addr=08000800, run size=0000026c bytes, compression=lzss
	FEE_DATA_SECTION: load addr=00005e95, load size=00000009 bytes, run addr=08003b70, run size=00000131 bytes, compression=lzss
	.bss: load addr=00005ea0, load size=00000008 bytes, run addr=08003000, run size=0000066a bytes, compression=zero_init
	.kernelHEAP: load addr=00005ea8, load size=00000008 bytes, run addr=08001000, run size=00002000 bytes, compression=zero_init


LINKER GENERATED HANDLER TABLE

__TI_handler_table @ 00005e80 records: 3, size/record: 4, table size: 12
	index: 0, handler: __TI_decompress_lzss
	index: 1, handler: __TI_decompress_none
	index: 2, handler: __TI_zero_init

VENEERS

callee name               veneer name
   callee addr  veneer addr  call addr  call info
--------------  -----------  ---------  ----------------
Fapi_serviceWatchdogTimer  $Ven$TA$L$PI$$Fapi_serviceWatchdogTimer
   000237ac     000237c0     0002378e   F021_API_CortexR4_LE_V3D16.lib : Read.WdService.obj (.text:_Fapi_checkWdService)

[1 trampolines]
[1 trampoline calls]


GLOBAL SYMBOLS: SORTED ALPHABETICALLY BY Name 

address   name                                            
-------   ----                                            
000237b5  C$$EXIT                                         
0002359b  C$$IO$$                                         
00024270  Device_FlashDevice                              
000234ad  Fapi_calculateFletcherChecksum                  
00022fad  Fapi_doBlankCheck                               
000230d5  Fapi_enableEepromBankSectors                    
000236b5  Fapi_flushPipeline                              
0002373d  Fapi_getNumberOfBankSectors                     
00021569  Fapi_initializeFlashBanks                       
000232ed  Fapi_isAddressEcc                               
00023665  Fapi_issueAsyncCommand                          
000235d9  Fapi_issueAsyncCommandWithAddress               
000237ac  Fapi_serviceWatchdogTimer                       
000225ad  Fapi_setActiveFlashBank                         
00023609  Fapi_waitDelay                                  
00024300  Fee_BlockConfiguration                          
000242f4  Fee_VirtualSectorConfiguration                  
000233dd  HOSTtime                                        
0001dbc8  INA226_ConvToCurrent_mA                         
0001dc0c  INA226_ConvToPower_mW                           
0001dbe0  INA226_ConvToVoltage_mV                         
0001d704  INA226_CurrentToAlert_ShuntVoltage_Raw          
0001d774  INA226_Init                                     
0001da44  INA226_ReadBusVoltage_Raw                       
0001dabc  INA226_ReadCurrent_Raw                          
0001d984  INA226_ReadMaskReg                              
0001db50  INA226_ReadPower_Raw                            
0001d9cc  INA226_ReadShuntVoltage_Raw                     
0001d5bc  INA226_ReceiveData                              
0001d754  INA226_RshuntToCalReg                           
0001d4dc  INA226_SendData                                 
0001d910  INA226_SetAlertReg                              
0001d8b8  INA226_SetMaskReg                               
0001d72c  INA226_VoltageToAlert_BusVoltage_Raw            
0001f43c  INA3221_ConvToCurrent_mA                        
0001f4ac  INA3221_ConvToPower_mW                          
0001f47c  INA3221_ConvToVoltage_mV                        
0001f1d4  INA3221_Init                                    
0001f354  INA3221_ReadBusVoltage_Raw                      
0001f26c  INA3221_ReadShuntVoltage_Raw                    
0001f08c  INA3221_ReceiveData                             
0001ef44  INA3221_SendData                                
0001ec80  IsdwdKeySequenceCorrect                         
00016e6c  MAX6698_ConvertTemp_C                           
00016d28  MAX6698_Init                                    
00016dd8  MAX6698_ReadTemp_Raw                            
00016be0  MAX6698_ReceiveData                             
00016b00  MAX6698_SendData                                
00017d6c  MPU_eTaskGetState                               
00017f2c  MPU_pcTaskGetName                               
00018528  MPU_pcTimerGetName                              
0001800c  MPU_pvTaskGetThreadLocalStoragePointer          
00018460  MPU_pvTimerGetTimerID                           
00018124  MPU_ulTaskNotifyTake                            
000182e0  MPU_uxQueueMessagesWaiting                      
00018314  MPU_uxQueueSpacesAvailable                      
00017f00  MPU_uxTaskGetNumberOfTasks                      
00017f94  MPU_uxTaskGetStackHighWaterMark                 
00017d38  MPU_uxTaskPriorityGet                           
00018784  MPU_vEventGroupDelete                           
00018348  MPU_vQueueDelete                                
00017c44  MPU_vTaskAllocateMPURegions                     
00017ca4  MPU_vTaskDelay                                  
00017cd0  MPU_vTaskDelayUntil                             
00017c78  MPU_vTaskDelete                                 
00017da0  MPU_vTaskPrioritySet                            
00017e00  MPU_vTaskResume                                 
00017fc8  MPU_vTaskSetThreadLocalStoragePointer           
0001819c  MPU_vTaskSetTimeOutState                        
00017dd4  MPU_vTaskSuspend                                
00017e2c  MPU_vTaskSuspendAll                             
00018494  MPU_vTimerSetTimerID                            
000186a8  MPU_xEventGroupClearBits                        
00018620  MPU_xEventGroupCreate                           
000186ec  MPU_xEventGroupSetBits                          
00018730  MPU_xEventGroupSync                             
0001864c  MPU_xEventGroupWaitBits                         
00018374  MPU_xQueueGenericCreate                         
0001828c  MPU_xQueueGenericReceive                        
000183c0  MPU_xQueueGenericReset                          
00018238  MPU_xQueueGenericSend                           
00017d04  MPU_xTaskAbortDelay                             
000181c8  MPU_xTaskCheckForTimeOut                        
00017b9c  MPU_xTaskCreate                                 
00017c00  MPU_xTaskCreateRestricted                       
0001807c  MPU_xTaskGenericNotify                          
00017ea8  MPU_xTaskGetExpectedIdleTime                    
00017f60  MPU_xTaskGetHandle                              
00018050  MPU_xTaskGetIdleTaskHandle                      
0001820c  MPU_xTaskGetSchedulerState                      
00017e7c  MPU_xTaskGetTickCount                           
00017ed4  MPU_xTaskGetTickOverflowCount                   
00018168  MPU_xTaskNotifyStateClear                       
000180d0  MPU_xTaskNotifyWait                             
00017e50  MPU_xTaskResumeAll                              
00018404  MPU_xTimerCreate                                
000185c4  MPU_xTimerGenericCommand                        
00018590  MPU_xTimerGetExpiryTime                         
0001855c  MPU_xTimerGetPeriod                             
000184fc  MPU_xTimerGetTimerDaemonTaskHandle              
000184c8  MPU_xTimerIsTimerActive                         
UNDEFED   SHT$$INIT_ARRAY$$Base                           
UNDEFED   SHT$$INIT_ARRAY$$Limit                          
00008af8  TI_FeeInternal_AlignAddressForECC               
0000918c  TI_FeeInternal_BlankCheck                       
0000cf30  TI_FeeInternal_CheckForError                    
0000aa54  TI_FeeInternal_CheckModuleState                 
0000aab4  TI_FeeInternal_CheckReadParameters              
0000d6c4  TI_FeeInternal_EnableRequiredFlashSector        
0000b040  TI_FeeInternal_FeeManager                       
00008ec8  TI_FeeInternal_FindNextVirtualSector            
0000d0ac  TI_FeeInternal_Fletcher16                       
00009d28  TI_FeeInternal_GetArrayIndex                    
00009c6c  TI_FeeInternal_GetBlockIndex                    
00009c30  TI_FeeInternal_GetBlockNumber                   
00008e88  TI_FeeInternal_GetBlockSize                     
0000abe4  TI_FeeInternal_GetCurrentBlockAddress           
00009cec  TI_FeeInternal_GetDataSetIndex                  
0000ace8  TI_FeeInternal_GetNextFlashAddress              
00009a54  TI_FeeInternal_GetVirtualSectorIndex            
00008020  TI_FeeInternal_GetVirtualSectorParameter        
0000cb10  TI_FeeInternal_InvalidateErase                  
00008e0c  TI_FeeInternal_PollFlashStatus                  
0000ad38  TI_FeeInternal_SanityCheck                      
0000af28  TI_FeeInternal_SetClearCopyBlockState           
0000cdc0  TI_FeeInternal_StartProgramBlock                
00009e90  TI_FeeInternal_UpdateBlockOffsetArray           
0000c4b8  TI_FeeInternal_WriteBlockHeader                 
00008664  TI_FeeInternal_WriteDataF021                    
00008b30  TI_FeeInternal_WriteInitialize                  
0000c818  TI_FeeInternal_WritePreviousBlockHeader         
000081b8  TI_FeeInternal_WriteVirtualSectorHeader         
0000d1d8  TI_Fee_ErrorRecovery                            
08003c64  TI_Fee_FapiInitCalled                           
0000cec4  TI_Fee_GetStatus                                
08003b70  TI_Fee_GlobalVariables                          
00014340  TI_Fee_Init                                     
00015a20  TI_Fee_MainFunction                             
000237c8  TI_Fee_Read                                     
0000d4b4  TI_Fee_SuspendResumeErase                       
08003c4d  TI_Fee_bEraseSuspended                          
08003c4e  TI_Fee_bIsMainFunctionCalled                    
08003c50  TI_Fee_oStatusWord                              
08003c48  TI_Fee_u32ActCpyVS                              
08003c40  TI_Fee_u32BlockEraseCount                       
08003c3c  TI_Fee_u32FletcherChecksum                      
08003c38  TI_Fee_u8DataSets                               
08003c44  TI_Fee_u8DeviceIndex                            
08003c4c  TI_Fee_u8ErrEraseVS                             
08003c54  TI_FlashStatusWord                              
00023425  _Fapi_EnableSectors                             
00023789  _Fapi_checkWdService                            
0002352d  _Fapi_issueFsmCommand                           
0002323b  _Fapi_loopRegionForValue                        
00023639  _Fapi_readDword                                 
080033f0  __CIOBUF_                                       
00005eb0  __TI_CINIT_Base                                 
00005ed8  __TI_CINIT_Limit                                
00005e80  __TI_Handler_Table_Base                         
00005e8c  __TI_Handler_Table_Limit                        
0002028c  __TI_PINIT_Base                                 
00020290  __TI_PINIT_Limit                                
00023469  __TI_auto_init_nobinit_nopinit                  
000231cf  __TI_decompress_lzss                            
0002377b  __TI_decompress_none                            
ffffffff  __TI_pprof_out_hndl                             
00021c5d  __TI_printfi_minimal                            
ffffffff  __TI_prof_data_size                             
ffffffff  __TI_prof_data_start                            
000235a5  __TI_readmsg                                    
00000000  __TI_static_base__                              
00023569  __TI_writemsg                                   
00023795  __TI_zero_init                                  
00023298  __aeabi_idiv                                    
0002373b  __aeabi_idiv0                                   
00023298  __aeabi_idivmod                                 
0002373b  __aeabi_ldiv0                                   
00023155  __aeabi_memclr                                  
00023155  __aeabi_memclr4                                 
00023155  __aeabi_memclr8                                 
00022f11  __aeabi_memcpy                                  
00022f11  __aeabi_memcpy4                                 
00022f11  __aeabi_memcpy8                                 
00023157  __aeabi_memset                                  
00023157  __aeabi_memset4                                 
00023157  __aeabi_memset8                                 
0002338c  __aeabi_uidiv                                   
0002338c  __aeabi_uidivmod                                
00020b48  __aeabi_uldivmod                                
ffffffff  __binit__                                       
ffffffff  __c_args__                                      
08001000  __start___llvm_prf_cnts                         
08001000  __stop___llvm_prf_cnts                          
0002376d  __time32                                        
00020890  _c_int00                                        
000201a4  _coreClearAuxiliaryDataFault_                   
000201b8  _coreClearAuxiliaryInstructionFault_            
0002017c  _coreClearDataFaultAddress_                     
00020154  _coreClearDataFault_                            
00020190  _coreClearInstructionFaultAddress_              
00020168  _coreClearInstructionFault_                     
000200e8  _coreDisableEventBusExport_                     
0002012c  _coreDisableFlashEcc_                           
00020108  _coreDisableRamEcc_                             
000200d8  _coreEnableEventBusExport_                      
00020118  _coreEnableFlashEcc_                            
0002013c  _coreEnableIrqVicOffset_                        
000200f8  _coreEnableRamEcc_                              
000200c0  _coreEnableVfp_                                 
0002019c  _coreGetAuxiliaryDataFault_                     
000201b0  _coreGetAuxiliaryInstructionFault_              
00020174  _coreGetDataFaultAddress_                       
0002014c  _coreGetDataFault_                              
00020188  _coreGetInstructionFaultAddress_                
00020160  _coreGetInstructionFault_                       
0001ff48  _coreInitRegisters_                             
00020054  _coreInitStackPointer_                          
0002416c  _ctypes_                                        
00022bb0  _dabort                                         
000201cc  _disable_FIQ_interrupt_                         
000201d4  _disable_IRQ_interrupt_                         
000201c4  _disable_interrupt_                             
000201dc  _enable_interrupt_                              
0002026c  _errata_CORTEXR4_57_                            
0002027c  _errata_CORTEXR4_66_                            
0001e2b0  _errata_SSWF021_45_both_plls                    
0001e4a4  _errata_SSWF021_45_pll1                         
0001e61c  _errata_SSWF021_45_pll2                         
000201e4  _esmCcmErrorsClear_                             
000200a0  _getCPSRValue_                                  
000200a8  _gotoCPUIdle_                                   
08003b50  _lock                                           
00021e83  _nop                                            
00022dd4  _pmuDisableCountersGlobal_                      
00022dc4  _pmuEnableCountersGlobal_                       
00022e30  _pmuGetCycleCount_                              
00022e38  _pmuGetEventCount_                              
00022e44  _pmuGetOverflow_                                
00022d78  _pmuInit_                                       
00022e04  _pmuResetCounters_                              
00022de4  _pmuResetCycleCounter_                          
00022df4  _pmuResetEventCounters_                         
00022e24  _pmuSetCountEvent_                              
00022e14  _pmuStartCounters_                              
00022e1c  _pmuStopCounters_                               
0002374d  _scaleEEFclk                                    
0002375d  _scaleMainFclk                                  
UNDEFED   _system_post_cinit                              
08003b54  _unlock                                         
000237b5  abort                                           
0000ea34  adc1ParityCheck                                 
0000eb20  adc2ParityCheck                                 
0002333d  atoi                                            
00020e50  battery_chargingSW_off                          
00020e00  battery_chargingSW_on                           
00020f40  battery_check_charging_status                   
00020fcc  battery_check_temp_then_SW                      
00020ef0  battery_dischargingSW_off                       
00020ea0  battery_dischargingSW_on                        
00020f80  battery_read_rawdata_and_convert                
ffffffff  binit                                           
0001a5f4  can1GetConfigValue                              
0000ebd8  can1ParityCheck                                 
0000ecb0  can2ParityCheck                                 
0000ed78  can3ParityCheck                                 
0001a494  canDisableErrorNotification                     
0001a474  canDisableStatusChangeNotification              
0001a4ec  canDisableloopback                              
0001a434  canEnableErrorNotification                      
0001a454  canEnableStatusChangeNotification               
0001a4b4  canEnableloopback                               
000228d8  canErrorNotification                            
0001a1e4  canFillMessageObjectData                        
00019f14  canGetData                                      
0001a410  canGetErrorLevel                                
0001a064  canGetID                                        
0001a3ec  canGetLastError                                 
00019d6c  canInit                                         
0001a5d8  canIoRxGetBit                                   
0001a51c  canIoSetDirection                               
0001a56c  canIoSetPort                                    
0001a5bc  canIoTxGetBit                                   
0001a390  canIsMessageBoxValid                            
0001a334  canIsRxMessageArrived                           
0001a2d8  canIsTxMessagePending                           
00022900  canMessageNotification                          
0001a144  canSendRemoteFrame                              
000228ec  canStatusChangeNotification                     
00019e20  canTransmit                                     
0001a0cc  canUpdateID                                     
0000d7f8  ccmSelfCheck                                    
0000fec4  ccmr4GetConfigValue                             
0001b6b4  channel_check_batteryI_then_update_switch       
0001b5b8  channel_check_batteryV_then_update_switch       
0001b79c  channel_check_chanV_then_update_switch          
0001b41c  channel_check_mode                              
0001b934  channel_check_overcurrent_then_config_and_resume
0001b264  channel_off                                     
0001b1b8  channel_on                                      
0001b524  channel_read_rawdata_and_convert                
0001b8a4  channel_resume                                  
0001b310  channel_set_group_mask                          
08003648  checkActiveTask_Handle                          
0000e100  checkB0RAMECC                                   
0000e2f0  checkB1RAMECC                                   
0000f3e0  checkClockMonitor                               
0000e4e0  checkFlashECC                                   
0000f4bc  checkFlashEEPROMECC                             
0000f654  checkPLL1Slip                                   
0000f754  checkPLL2Slip                                   
0000f818  checkRAMAddrParity                              
0000f198  checkRAMECC                                     
0000f924  checkRAMUERRTest                                
0001388c  check_other_tasks_activity_task                 
0000df84  checkefcSelfTest                                
0001056c  combine_8bit_to_uint16                          
000105a0  combine_8bit_to_uint32                          
0000d9fc  cpuSelfTest                                     
0000e5c4  cpuSelfTestFail                                 
00022e58  crc32_calculate                                 
00022978  crcNotification                                 
00019238  customTrimLPO                                   
0000e5bc  custom_dabort                                   
000213b8  dac_write_fb                                    
000104c4  delay                                           
00010320  disableParity                                   
0002298c  dmaGroupANotification                           
0000e674  dmaParityCheck                                  
0001ece8  dwdClearFlag                                    
0001ec1c  dwdCounterEnable                                
0001ec64  dwdGenerateSysReset                             
0001ecb4  dwdGetStatus                                    
0001ecf8  dwdGetViolationStatus                           
0001eba0  dwdInit                                         
0001ec48  dwdReset                                        
0001ec2c  dwdSetPreload                                   
0001ec10  dwwdGetCurrentDownCounter                       
0001ebc8  dwwdInit                                        
00001fa8  eTaskConfirmSleepModeStatus                     
00000888  eTaskGetState                                   
0000de28  efcCheck                                        
0000fe28  efcGetConfigValue                               
0000df5c  efcSelfTest                                     
0000deb0  efcStuckZeroTest                                
00010298  enableParity                                    
00022404  enter_snooze                                    
0000ff34  errata_PBIST_4                                  
0001f68c  esmActivateNormalOperation                      
0001f760  esmClearStatus                                  
0001f7a0  esmClearStatusBuffer                            
0001f654  esmDisableError                                 
0001f6c4  esmDisableInterrupt                             
0001f62c  esmEnableError                                  
0001f69c  esmEnableInterrupt                              
0001f898  esmEnterSelfTest                                
0001f610  esmError                                        
0001f970  esmGetConfigValue                               
0001f7dc  esmGetStatus                                    
0001f860  esmGetStatusBuffer                              
00022880  esmGroup1Notification                           
00022890  esmGroup2Notification                           
000229a0  esmHighInterrupt                                
0001f508  esmInit                                         
0001f920  esmSelfTestStatus                               
0001f7bc  esmSetCounterPreloadValue                       
0001f6ec  esmSetInterruptLevel                            
0001f67c  esmTriggerErrorPinReset                         
00011794  fee_check_crc_then_unpackage_data               
000105f0  fee_initial                                     
00010628  fee_package_data_with_crc                       
0001284c  fee_read_flashed_config                         
0001201c  fee_unpackage_data_ignore_crc                   
00022c99  floor                                           
00022c99  floorl                                          
0000fa8c  fmcBus1ParityCheck                              
0000e024  fmcBus2Check                                    
0000e060  fmcECCcheck                                     
0800364c  getHKTask_Handle                                
0001345c  getHK_task                                      
000212f8  get_binary                                      
0001dda8  get_hk_batt                                     
0001dc30  get_hk_bc                                       
0001e0b4  get_hk_channel                                  
00022b1c  getcurrTime                                     
0001fd24  gioDisableNotification                          
0001fcbc  gioEnableNotification                           
0001fc24  gioGetBit                                       
0001fd8c  gioGetConfigValue                               
0001fc4c  gioGetPort                                      
0001fac4  gioInit                                         
00022914  gioNotification                                 
0001fbb4  gioSetBit                                       
0001fb94  gioSetDirection                                 
0001fc04  gioSetPort                                      
0001fc64  gioToggleBit                                    
000237bc  handlePLLLockFail                               
08003650  heaterCtrlTask_Handle                           
00013ca8  heaterCtrl_task                                 
00021814  heater_off                                      
000217c8  heater_on                                       
00021860  heater_read_rawdata_and_convert                 
00021888  heater_temp_SW                                  
00021934  heater_update_profile                           
0000e720  het1ParityCheck                                 
0000e888  het2ParityCheck                                 
0000e7cc  htu1ParityCheck                                 
0000e984  htu2ParityCheck                                 
0001bf9c  i2cClearSCD                                     
0001c0a0  i2cDisableLoopback                              
0001c114  i2cDisableNotification                          
0001c080  i2cEnableLoopback                               
0001c0d8  i2cEnableNotification                           
0001c19c  i2cGetConfigValue                               
0001bb90  i2cInit                                         
0001c3dc  i2cIsBusBusy                                    
0001c39c  i2cIsMasterReady                                
0001bf34  i2cIsRxReady                                    
0001bf50  i2cIsStopDetected                               
0001be1c  i2cIsTxReady                                    
00022928  i2cNotification                                 
0001bfe0  i2cReceive                                      
0001bfb8  i2cReceiveByte                                  
0001bf6c  i2cRxError                                      
0001be68  i2cSend                                         
0001be38  i2cSendByte                                     
0001bcbc  i2cSetBaudrate                                  
0001bdfc  i2cSetCount                                     
0001c364  i2cSetDirection                                 
0001c164  i2cSetMode                                      
0001bc7c  i2cSetOwnAdd                                    
0001bc9c  i2cSetSlaveAdd                                  
0001bdbc  i2cSetStart                                     
0001bddc  i2cSetStop                                      
08003654  initTask_Handle                                 
0001294c  init_task                                       
00021e84  linHighLevelInterrupt                           
000128ac  main                                            
00018918  mapClocks                                       
0002368f  memccpy                                         
00022f11  memcpy                                          
0000d93c  memoryInit                                      
000228a0  memoryPort0TestFailNotification                 
000228bc  memoryPort1TestFailNotification                 
0002315d  memset                                          
0000ee4c  mibspi1ParityCheck                              
0001ae58  mibspi3GetConfigValue                           
0000ef54  mibspi3ParityCheck                              
0000f078  mibspi5ParityCheck                              
0001ae24  mibspiDisableGroupNotification                  
0001ad30  mibspiDisableLoopback                           
0001ad9c  mibspiEnableGroupNotification                   
0001acfc  mibspiEnableLoopback                            
0001ab14  mibspiGetData                                   
00022950  mibspiGroupNotification                         
0001a798  mibspiInit                                      
0001ac90  mibspiIsTransferComplete                        
0002293c  mibspiNotification                              
0001ad4c  mibspiPmodeSet                                  
0001aa08  mibspiSetData                                   
0001a9e8  mibspiSetFunctional                             
0001ac60  mibspiTransfer                                  
00020334  mppt_getPower                                   
00020364  mppt_getPower_ina226                            
00020294  mppt_hunts                                      
000204ac  mppt_pno_fb                                     
00020394  mppt_pno_ss                                     
0001c468  muxInit                                         
08003658  outputchanCtrlTask_Handle                       
00013b90  outputchanCtrl_task                             
0800363c  parmbuf                                         
0000fbb4  pbistFail                                       
0000fc38  pbistGetConfigValue                             
0000dd70  pbistIsTestCompleted                            
0000dd9c  pbistIsTestPassed                               
0000ddd0  pbistPortTestStatus                             
0000dc74  pbistRun                                        
0000da94  pbistSelfCheck                                  
0000dd40  pbistStop                                       
00001388  pcTaskGetName                                   
000041b8  pcTimerGetName                                  
000188c4  periphInit                                      
000237b8  phantomInterrupt                                
000104f0  pick_high8bit_of_uint16                         
00010530  pick_high8bit_of_uint32                         
0001051c  pick_highest8bit_of_uint32                      
00010508  pick_low8bit_of_uint16                          
00010544  pick_low8bit_of_uint32                          
00010558  pick_lowest8bit_of_uint32                       
0001c91c  pinmuxGetConfigValue                            
00022504  post_wakeup                                     
0800365c  powerConversion_and_battCtrlTask_Handle         
00013dc8  powerConversion_and_battCtrl_task               
00005638  prvMpuDisable                                   
00005620  prvMpuEnable                                    
00005608  prvMpuSetRegion                                 
00005a40  pvPortMalloc                                    
00002080  pvTaskGetThreadLocalStoragePointer              
000048ec  pvTimerGetTimerID                               
080009fc  pxCurrentTCB                                    
00005660  pxPortInitialiseStack                           
08003660  receiveCMDTask_Handle                           
00013fe4  receiveCMD_task                                 
00000000  resetEntry                                      
00022ae8  resetRTC                                        
00022ab4  resetRTC_debug                                  
00023040  rtiCompare0Interrupt                            
00023088  rtiCompare1Interrupt                            
0001eda8  rtiDisableNotification                          
0001ed80  rtiEnableNotification                           
0001edc4  rtiGetConfigValue                               
0001eb14  rtiGetCurrentTick                               
0001eaec  rtiGetPeriod                                    
0001e914  rtiInit                                         
00014160  rtiNotification                                 
0001ea60  rtiResetCounter                                 
0001eac4  rtiSetPeriod                                    
0001ea08  rtiStartCounter                                 
0001ea34  rtiStopCounter                                  
0001d1ec  sciDisableLoopback                              
0001d278  sciDisableNotification                          
0001d1b8  sciEnableLoopback                               
0001d210  sciEnableNotification                           
0001d2e0  sciEnterResetState                              
0001d300  sciExitResetState                               
0001cd24  sciInit                                         
0001d068  sciIsIdleDetected                               
0001d04c  sciIsRxReady                                    
0001cecc  sciIsTxReady                                    
00022180  sciNotification                                 
0001d0e0  sciReceive                                      
0001d0b4  sciReceiveByte                                  
0001d084  sciRxError                                      
0001cf18  sciSend                                         
0001cee8  sciSendByte                                     
0001ce30  sciSetBaudrate                                  
0001ce10  sciSetFunctional                                
0001d320  scilinGetConfigValue                            
0000d7e8  selftestFailNotification                        
00018884  setupFlash                                      
000187b0  setupPLL                                        
000234ed  sprintf                                         
000190fc  sramGetConfigValue                              
0000fd84  stcGetConfigValue                               
0000d980  stcSelfCheck                                    
0000e5c0  stcSelfCheckFail                                
0002370d  strcmp                                          
00023725  strlen                                          
00018b3c  systemGetConfigValue                            
00018a40  systemInit                                      
00018b0c  systemPowerDown                                 
00018f50  tcmflashGetConfigValue                          
0002376d  time                                            
00018810  trimLPO                                         
00022088  uart_tx                                         
08003b68  ulCriticalNesting                               
00005524  ulPortCountLeadingZeros                         
08003b6c  ulTaskHasFPUContext                             
0000241c  ulTaskNotifyTake                                
00021bd0  uxListRemove                                    
00003988  uxQueueMessagesWaiting                          
00003a0c  uxQueueMessagesWaitingFromISR                   
000039c0  uxQueueSpacesAvailable                          
0000137c  uxTaskGetNumberOfTasks                          
000022c4  uxTaskGetStackHighWaterMark                     
0000098c  uxTaskPriorityGet                               
000009d0  uxTaskPriorityGetFromISR                        
000023e0  uxTaskResetEventItemValue                       
00014150  vApplicationIdleHook                            
0000511c  vEventGroupClearBitsCallback                    
0000507c  vEventGroupDelete                               
00005100  vEventGroupSetBitsCallback                      
00021a24  vListInitialise                                 
00021a7c  vListInitialiseItem                             
00021b0c  vListInsert                                     
00021a98  vListInsertEnd                                  
00005a0c  vPortEndScheduler                               
00005c94  vPortFree                                       
00005da4  vPortInitialiseBlocks                           
00005518  vPortInitialiseFPSCR                            
00005418  vPortPreemptiveTick                             
0000552c  vPortSWI                                        
000051a8  vPortStartFirstTask                             
00005774  vPortStoreTaskMPUSettings                       
00005324  vPortYeildWithinAPI                             
00005238  vPortYieldProcessor                             
00003a3c  vQueueDelete                                    
00003e4c  vQueueWaitForMessageRestricted                  
000020ec  vTaskAllocateMPURegions                         
00000804  vTaskDelay                                      
00000698  vTaskDelayUntil                                 
00000530  vTaskDelete                                     
00001088  vTaskEndScheduler                               
00001f90  vTaskMissedYield                                
000029d0  vTaskNotifyGiveFromISR                          
00001afc  vTaskPlaceOnEventList                           
00001bc4  vTaskPlaceOnEventListRestricted                 
00001b40  vTaskPlaceOnUnorderedEventList                  
00000a18  vTaskPrioritySet                                
00000e14  vTaskResume                                     
00002028  vTaskSetThreadLocalStoragePointer               
00001e18  vTaskSetTimeOutState                            
00000fdc  vTaskStartScheduler                             
0000169c  vTaskStepTick                                   
00000c10  vTaskSuspend                                    
000010a4  vTaskSuspendAll                                 
00001a1c  vTaskSwitchContext                              
0000492c  vTimerSetTimerID                                
000193e8  vimChannelMap                                   
00019654  vimDisableInterrupt                             
0001948c  vimEnableInterrupt                              
00019700  vimGetConfigValue                               
00019314  vimInit                                         
0000e5c8  vimParityCheck                                  
000205c4  vimParityErrorHandler                           
08003664  wdtTask_Handle                                  
00013abc  wdt_task                                        
00004e18  xEventGroupClearBits                            
0000498c  xEventGroupCreate                               
00004e9c  xEventGroupGetBitsFromISR                       
00004ecc  xEventGroupSetBits                              
000049c8  xEventGroupSync                                 
00004bc8  xEventGroupWaitBits                             
00005d8c  xPortGetFreeHeapSize                            
00005d98  xPortGetMinimumEverFreeHeapSize                 
000059e8  xPortStartScheduler                             
00002da0  xQueueGenericCreate                             
00003478  xQueueGenericReceive                            
00002c78  xQueueGenericReset                              
00002ebc  xQueueGenericSend                               
0000317c  xQueueGenericSendFromISR                        
0000330c  xQueueGiveFromISR                               
00003d70  xQueueIsQueueEmptyFromISR                       
00003dfc  xQueueIsQueueFullFromISR                        
00003894  xQueuePeekFromISR                               
0000374c  xQueueReceiveFromISR                            
000016f8  xTaskAbortDelay                                 
00001e58  xTaskCheckForTimeOut                            
000000fc  xTaskCreate                                     
00000020  xTaskCreateRestricted                           
00002604  xTaskGenericNotify                              
000027d0  xTaskGenericNotifyFromISR                       
0000130c  xTaskGetExpectedIdleTime                        
00001560  xTaskGetHandle                                  
00001664  xTaskGetIdleTaskHandle                          
00002390  xTaskGetSchedulerState                          
00001320  xTaskGetTickCount                               
00001358  xTaskGetTickCountFromISR                        
0000133c  xTaskGetTickOverflowCount                       
000017f4  xTaskIncrementTick                              
00022804  xTaskNotifyStateClear                           
000024f0  xTaskNotifyWait                                 
00001c20  xTaskRemoveFromEventList                        
00001d14  xTaskRemoveFromUnorderedEventList               
0000115c  xTaskResumeAll                                  
00000ef4  xTaskResumeFromISR                              
00003f40  xTimerCreate                                    
00003edc  xTimerCreateTimerTask                           
0000403c  xTimerGenericCommand                            
00004180  xTimerGetExpiryTime                             
00004150  xTimerGetPeriod                                 
00004118  xTimerGetTimerDaemonTaskHandle                  
0000487c  xTimerIsTimerActive                             


GLOBAL SYMBOLS: SORTED BY Symbol Address 

address   name                                            
-------   ----                                            
00000000  __TI_static_base__                              
00000000  resetEntry                                      
00000020  xTaskCreateRestricted                           
000000fc  xTaskCreate                                     
00000530  vTaskDelete                                     
00000698  vTaskDelayUntil                                 
00000804  vTaskDelay                                      
00000888  eTaskGetState                                   
0000098c  uxTaskPriorityGet                               
000009d0  uxTaskPriorityGetFromISR                        
00000a18  vTaskPrioritySet                                
00000c10  vTaskSuspend                                    
00000e14  vTaskResume                                     
00000ef4  xTaskResumeFromISR                              
00000fdc  vTaskStartScheduler                             
00001088  vTaskEndScheduler                               
000010a4  vTaskSuspendAll                                 
0000115c  xTaskResumeAll                                  
0000130c  xTaskGetExpectedIdleTime                        
00001320  xTaskGetTickCount                               
0000133c  xTaskGetTickOverflowCount                       
00001358  xTaskGetTickCountFromISR                        
0000137c  uxTaskGetNumberOfTasks                          
00001388  pcTaskGetName                                   
00001560  xTaskGetHandle                                  
00001664  xTaskGetIdleTaskHandle                          
0000169c  vTaskStepTick                                   
000016f8  xTaskAbortDelay                                 
000017f4  xTaskIncrementTick                              
00001a1c  vTaskSwitchContext                              
00001afc  vTaskPlaceOnEventList                           
00001b40  vTaskPlaceOnUnorderedEventList                  
00001bc4  vTaskPlaceOnEventListRestricted                 
00001c20  xTaskRemoveFromEventList                        
00001d14  xTaskRemoveFromUnorderedEventList               
00001e18  vTaskSetTimeOutState                            
00001e58  xTaskCheckForTimeOut                            
00001f90  vTaskMissedYield                                
00001fa8  eTaskConfirmSleepModeStatus                     
00002028  vTaskSetThreadLocalStoragePointer               
00002080  pvTaskGetThreadLocalStoragePointer              
000020ec  vTaskAllocateMPURegions                         
000022c4  uxTaskGetStackHighWaterMark                     
00002390  xTaskGetSchedulerState                          
000023e0  uxTaskResetEventItemValue                       
0000241c  ulTaskNotifyTake                                
000024f0  xTaskNotifyWait                                 
00002604  xTaskGenericNotify                              
000027d0  xTaskGenericNotifyFromISR                       
000029d0  vTaskNotifyGiveFromISR                          
00002c78  xQueueGenericReset                              
00002da0  xQueueGenericCreate                             
00002ebc  xQueueGenericSend                               
0000317c  xQueueGenericSendFromISR                        
0000330c  xQueueGiveFromISR                               
00003478  xQueueGenericReceive                            
0000374c  xQueueReceiveFromISR                            
00003894  xQueuePeekFromISR                               
00003988  uxQueueMessagesWaiting                          
000039c0  uxQueueSpacesAvailable                          
00003a0c  uxQueueMessagesWaitingFromISR                   
00003a3c  vQueueDelete                                    
00003d70  xQueueIsQueueEmptyFromISR                       
00003dfc  xQueueIsQueueFullFromISR                        
00003e4c  vQueueWaitForMessageRestricted                  
00003edc  xTimerCreateTimerTask                           
00003f40  xTimerCreate                                    
0000403c  xTimerGenericCommand                            
00004118  xTimerGetTimerDaemonTaskHandle                  
00004150  xTimerGetPeriod                                 
00004180  xTimerGetExpiryTime                             
000041b8  pcTimerGetName                                  
0000487c  xTimerIsTimerActive                             
000048ec  pvTimerGetTimerID                               
0000492c  vTimerSetTimerID                                
0000498c  xEventGroupCreate                               
000049c8  xEventGroupSync                                 
00004bc8  xEventGroupWaitBits                             
00004e18  xEventGroupClearBits                            
00004e9c  xEventGroupGetBitsFromISR                       
00004ecc  xEventGroupSetBits                              
0000507c  vEventGroupDelete                               
00005100  vEventGroupSetBitsCallback                      
0000511c  vEventGroupClearBitsCallback                    
000051a8  vPortStartFirstTask                             
00005238  vPortYieldProcessor                             
00005324  vPortYeildWithinAPI                             
00005418  vPortPreemptiveTick                             
00005518  vPortInitialiseFPSCR                            
00005524  ulPortCountLeadingZeros                         
0000552c  vPortSWI                                        
00005608  prvMpuSetRegion                                 
00005620  prvMpuEnable                                    
00005638  prvMpuDisable                                   
00005660  pxPortInitialiseStack                           
00005774  vPortStoreTaskMPUSettings                       
000059e8  xPortStartScheduler                             
00005a0c  vPortEndScheduler                               
00005a40  pvPortMalloc                                    
00005c94  vPortFree                                       
00005d8c  xPortGetFreeHeapSize                            
00005d98  xPortGetMinimumEverFreeHeapSize                 
00005da4  vPortInitialiseBlocks                           
00005e80  __TI_Handler_Table_Base                         
00005e8c  __TI_Handler_Table_Limit                        
00005eb0  __TI_CINIT_Base                                 
00005ed8  __TI_CINIT_Limit                                
00008020  TI_FeeInternal_GetVirtualSectorParameter        
000081b8  TI_FeeInternal_WriteVirtualSectorHeader         
00008664  TI_FeeInternal_WriteDataF021                    
00008af8  TI_FeeInternal_AlignAddressForECC               
00008b30  TI_FeeInternal_WriteInitialize                  
00008e0c  TI_FeeInternal_PollFlashStatus                  
00008e88  TI_FeeInternal_GetBlockSize                     
00008ec8  TI_FeeInternal_FindNextVirtualSector            
0000918c  TI_FeeInternal_BlankCheck                       
00009a54  TI_FeeInternal_GetVirtualSectorIndex            
00009c30  TI_FeeInternal_GetBlockNumber                   
00009c6c  TI_FeeInternal_GetBlockIndex                    
00009cec  TI_FeeInternal_GetDataSetIndex                  
00009d28  TI_FeeInternal_GetArrayIndex                    
00009e90  TI_FeeInternal_UpdateBlockOffsetArray           
0000aa54  TI_FeeInternal_CheckModuleState                 
0000aab4  TI_FeeInternal_CheckReadParameters              
0000abe4  TI_FeeInternal_GetCurrentBlockAddress           
0000ace8  TI_FeeInternal_GetNextFlashAddress              
0000ad38  TI_FeeInternal_SanityCheck                      
0000af28  TI_FeeInternal_SetClearCopyBlockState           
0000b040  TI_FeeInternal_FeeManager                       
0000c4b8  TI_FeeInternal_WriteBlockHeader                 
0000c818  TI_FeeInternal_WritePreviousBlockHeader         
0000cb10  TI_FeeInternal_InvalidateErase                  
0000cdc0  TI_FeeInternal_StartProgramBlock                
0000cec4  TI_Fee_GetStatus                                
0000cf30  TI_FeeInternal_CheckForError                    
0000d0ac  TI_FeeInternal_Fletcher16                       
0000d1d8  TI_Fee_ErrorRecovery                            
0000d4b4  TI_Fee_SuspendResumeErase                       
0000d6c4  TI_FeeInternal_EnableRequiredFlashSector        
0000d7e8  selftestFailNotification                        
0000d7f8  ccmSelfCheck                                    
0000d93c  memoryInit                                      
0000d980  stcSelfCheck                                    
0000d9fc  cpuSelfTest                                     
0000da94  pbistSelfCheck                                  
0000dc74  pbistRun                                        
0000dd40  pbistStop                                       
0000dd70  pbistIsTestCompleted                            
0000dd9c  pbistIsTestPassed                               
0000ddd0  pbistPortTestStatus                             
0000de28  efcCheck                                        
0000deb0  efcStuckZeroTest                                
0000df5c  efcSelfTest                                     
0000df84  checkefcSelfTest                                
0000e024  fmcBus2Check                                    
0000e060  fmcECCcheck                                     
0000e100  checkB0RAMECC                                   
0000e2f0  checkB1RAMECC                                   
0000e4e0  checkFlashECC                                   
0000e5bc  custom_dabort                                   
0000e5c0  stcSelfCheckFail                                
0000e5c4  cpuSelfTestFail                                 
0000e5c8  vimParityCheck                                  
0000e674  dmaParityCheck                                  
0000e720  het1ParityCheck                                 
0000e7cc  htu1ParityCheck                                 
0000e888  het2ParityCheck                                 
0000e984  htu2ParityCheck                                 
0000ea34  adc1ParityCheck                                 
0000eb20  adc2ParityCheck                                 
0000ebd8  can1ParityCheck                                 
0000ecb0  can2ParityCheck                                 
0000ed78  can3ParityCheck                                 
0000ee4c  mibspi1ParityCheck                              
0000ef54  mibspi3ParityCheck                              
0000f078  mibspi5ParityCheck                              
0000f198  checkRAMECC                                     
0000f3e0  checkClockMonitor                               
0000f4bc  checkFlashEEPROMECC                             
0000f654  checkPLL1Slip                                   
0000f754  checkPLL2Slip                                   
0000f818  checkRAMAddrParity                              
0000f924  checkRAMUERRTest                                
0000fa8c  fmcBus1ParityCheck                              
0000fbb4  pbistFail                                       
0000fc38  pbistGetConfigValue                             
0000fd84  stcGetConfigValue                               
0000fe28  efcGetConfigValue                               
0000fec4  ccmr4GetConfigValue                             
0000ff34  errata_PBIST_4                                  
00010298  enableParity                                    
00010320  disableParity                                   
000104c4  delay                                           
000104f0  pick_high8bit_of_uint16                         
00010508  pick_low8bit_of_uint16                          
0001051c  pick_highest8bit_of_uint32                      
00010530  pick_high8bit_of_uint32                         
00010544  pick_low8bit_of_uint32                          
00010558  pick_lowest8bit_of_uint32                       
0001056c  combine_8bit_to_uint16                          
000105a0  combine_8bit_to_uint32                          
000105f0  fee_initial                                     
[...]
0001b264  channel_off                                     
0001b310  channel_set_group_mask                          
0001b41c  channel_check_mode                              
0001b524  channel_read_rawdata_and_convert                
0001b5b8  channel_check_batteryV_then_update_switch       
0001b6b4  channel_check_batteryI_then_update_switch       
0001b79c  channel_check_chanV_then_update_switch          
0001b8a4  channel_resume                                  
0001b934  channel_check_overcurrent_then_config_and_resume
0001bb90  i2cInit                                         
0001bc7c  i2cSetOwnAdd                                    
0001bc9c  i2cSetSlaveAdd                                  
0001bcbc  i2cSetBaudrate                                  
0001bdbc  i2cSetStart                                     
0001bddc  i2cSetStop                                      
0001bdfc  i2cSetCount                                     
0001be1c  i2cIsTxReady                                    
0001be38  i2cSendByte                                     
0001be68  i2cSend                                         
0001bf34  i2cIsRxReady                                    
0001bf50  i2cIsStopDetected                               
0001bf6c  i2cRxError                                      
0001bf9c  i2cClearSCD                                     
0001bfb8  i2cReceiveByte                                  
0001bfe0  i2cReceive                                      
0001c080  i2cEnableLoopback                               
0001c0a0  i2cDisableLoopback                              
0001c0d8  i2cEnableNotification                           
0001c114  i2cDisableNotification                          
0001c164  i2cSetMode                                      
0001c19c  i2cGetConfigValue                               
0001c364  i2cSetDirection                                 
0001c39c  i2cIsMasterReady                                
0001c3dc  i2cIsBusBusy                                    
0001c468  muxInit                                         
0001c91c  pinmuxGetConfigValue                            
0001cd24  sciInit                                         
0001ce10  sciSetFunctional                                
0001ce30  sciSetBaudrate                                  
0001cecc  sciIsTxReady                                    
0001cee8  sciSendByte                                     
0001cf18  sciSend                                         
0001d04c  sciIsRxReady                                    
0001d068  sciIsIdleDetected                               
0001d084  sciRxError                                      
0001d0b4  sciReceiveByte                                  
0001d0e0  sciReceive                                      
0001d1b8  sciEnableLoopback                               
0001d1ec  sciDisableLoopback                              
0001d210  sciEnableNotification                           
0001d278  sciDisableNotification                          
0001d2e0  sciEnterResetState                              
0001d300  sciExitResetState                               
0001d320  scilinGetConfigValue                            
0001d4dc  INA226_SendData                                 
0001d5bc  INA226_ReceiveData                              
0001d704  INA226_CurrentToAlert_ShuntVoltage_Raw          
0001d72c  INA226_VoltageToAlert_BusVoltage_Raw            
0001d754  INA226_RshuntToCalReg                           
0001d774  INA226_Init                                     
0001d8b8  INA226_SetMaskReg                               
0001d910  INA226_SetAlertReg                              
0001d984  INA226_ReadMaskReg                              
0001d9cc  INA226_ReadShuntVoltage_Raw                     
0001da44  INA226_ReadBusVoltage_Raw                       
0001dabc  INA226_ReadCurrent_Raw                          
0001db50  INA226_ReadPower_Raw                            
0001dbc8  INA226_ConvToCurrent_mA                         
0001dbe0  INA226_ConvToVoltage_mV                         
0001dc0c  INA226_ConvToPower_mW                           
0001dc30  get_hk_bc                                       
0001dda8  get_hk_batt                                     
0001e0b4  get_hk_channel                                  
0001e2b0  _errata_SSWF021_45_both_plls                    
0001e4a4  _errata_SSWF021_45_pll1                         
0001e61c  _errata_SSWF021_45_pll2                         
0001e914  rtiInit                                         
0001ea08  rtiStartCounter                                 
0001ea34  rtiStopCounter                                  
0001ea60  rtiResetCounter                                 
0001eac4  rtiSetPeriod                                    
0001eaec  rtiGetPeriod                                    
0001eb14  rtiGetCurrentTick                               
0001eba0  dwdInit                                         
0001ebc8  dwwdInit                                        
0001ec10  dwwdGetCurrentDownCounter                       
0001ec1c  dwdCounterEnable                                
0001ec2c  dwdSetPreload                                   
0001ec48  dwdReset                                        
0001ec64  dwdGenerateSysReset                             
0001ec80  IsdwdKeySequenceCorrect                         
0001ecb4  dwdGetStatus                                    
0001ece8  dwdClearFlag                                    
0001ecf8  dwdGetViolationStatus                           
0001ed80  rtiEnableNotification                           
0001eda8  rtiDisableNotification                          
0001edc4  rtiGetConfigValue                               
0001ef44  INA3221_SendData                                
0001f08c  INA3221_ReceiveData                             
0001f1d4  INA3221_Init                                    
0001f26c  INA3221_ReadShuntVoltage_Raw                    
0001f354  INA3221_ReadBusVoltage_Raw                      
0001f43c  INA3221_ConvToCurrent_mA                        
0001f47c  INA3221_ConvToVoltage_mV                        
0001f4ac  INA3221_ConvToPower_mW                          
0001f508  esmInit                                         
0001f610  esmError                                        
0001f62c  esmEnableError                                  
0001f654  esmDisableError                                 
0001f67c  esmTriggerErrorPinReset                         
0001f68c  esmActivateNormalOperation                      
0001f69c  esmEnableInterrupt                              
0001f6c4  esmDisableInterrupt                             
0001f6ec  esmSetInterruptLevel                            
0001f760  esmClearStatus                                  
0001f7a0  esmClearStatusBuffer                            
0001f7bc  esmSetCounterPreloadValue                       
0001f7dc  esmGetStatus                                    
0001f860  esmGetStatusBuffer                              
0001f898  esmEnterSelfTest                                
0001f920  esmSelfTestStatus                               
0001f970  esmGetConfigValue                               
0001fac4  gioInit                                         
0001fb94  gioSetDirection                                 
0001fbb4  gioSetBit                                       
0001fc04  gioSetPort                                      
0001fc24  gioGetBit                                       
0001fc4c  gioGetPort                                      
0001fc64  gioToggleBit                                    
0001fcbc  gioEnableNotification                           
0001fd24  gioDisableNotification                          
0001fd8c  gioGetConfigValue                               
0001ff48  _coreInitRegisters_                             
00020054  _coreInitStackPointer_                          
000200a0  _getCPSRValue_                                  
000200a8  _gotoCPUIdle_                                   
000200c0  _coreEnableVfp_                                 
000200d8  _coreEnableEventBusExport_                      
000200e8  _coreDisableEventBusExport_                     
000200f8  _coreEnableRamEcc_                              
00020108  _coreDisableRamEcc_                             
00020118  _coreEnableFlashEcc_                            
0002012c  _coreDisableFlashEcc_                           
0002013c  _coreEnableIrqVicOffset_                        
0002014c  _coreGetDataFault_                              
00020154  _coreClearDataFault_                            
00020160  _coreGetInstructionFault_                       
00020168  _coreClearInstructionFault_                     
00020174  _coreGetDataFaultAddress_                       
0002017c  _coreClearDataFaultAddress_                     
00020188  _coreGetInstructionFaultAddress_                
00020190  _coreClearInstructionFaultAddress_              
0002019c  _coreGetAuxiliaryDataFault_                     
000201a4  _coreClearAuxiliaryDataFault_                   
000201b0  _coreGetAuxiliaryInstructionFault_              
000201b8  _coreClearAuxiliaryInstructionFault_            
000201c4  _disable_interrupt_                             
000201cc  _disable_FIQ_interrupt_                         
000201d4  _disable_IRQ_interrupt_                         
000201dc  _enable_interrupt_                              
000201e4  _esmCcmErrorsClear_                             
0002026c  _errata_CORTEXR4_57_                            
0002027c  _errata_CORTEXR4_66_                            
0002028c  __TI_PINIT_Base                                 
00020290  __TI_PINIT_Limit                                
00020294  mppt_hunts                                      
00020334  mppt_getPower                                   
00020364  mppt_getPower_ina226                            
00020394  mppt_pno_ss                                     
000204ac  mppt_pno_fb                                     
000205c4  vimParityErrorHandler                           
00020890  _c_int00                                        
00020b48  __aeabi_uldivmod                                
00020e00  battery_chargingSW_on                           
00020e50  battery_chargingSW_off                          
00020ea0  battery_dischargingSW_on                        
00020ef0  battery_dischargingSW_off                       
00020f40  battery_check_charging_status                   
00020f80  battery_read_rawdata_and_convert                
00020fcc  battery_check_temp_then_SW                      
000212f8  get_binary                                      
000213b8  dac_write_fb                                    
00021569  Fapi_initializeFlashBanks                       
000217c8  heater_on                                       
00021814  heater_off                                      
00021860  heater_read_rawdata_and_convert                 
00021888  heater_temp_SW                                  
00021934  heater_update_profile                           
00021a24  vListInitialise                                 
00021a7c  vListInitialiseItem                             
00021a98  vListInsertEnd                                  
00021b0c  vListInsert                                     
00021bd0  uxListRemove                                    
00021c5d  __TI_printfi_minimal                            
00021e83  _nop                                            
00021e84  linHighLevelInterrupt                           
00022088  uart_tx                                         
00022180  sciNotification                                 
00022404  enter_snooze                                    
00022504  post_wakeup                                     
000225ad  Fapi_setActiveFlashBank                         
00022804  xTaskNotifyStateClear                           
00022880  esmGroup1Notification                           
00022890  esmGroup2Notification                           
000228a0  memoryPort0TestFailNotification                 
000228bc  memoryPort1TestFailNotification                 
000228d8  canErrorNotification                            
000228ec  canStatusChangeNotification                     
00022900  canMessageNotification                          
00022914  gioNotification                                 
00022928  i2cNotification                                 
0002293c  mibspiNotification                              
00022950  mibspiGroupNotification                         
00022978  crcNotification                                 
0002298c  dmaGroupANotification                           
000229a0  esmHighInterrupt                                
00022ab4  resetRTC_debug                                  
00022ae8  resetRTC                                        
00022b1c  getcurrTime                                     
00022bb0  _dabort                                         
00022c99  floor                                           
00022c99  floorl                                          
00022d78  _pmuInit_                                       
00022dc4  _pmuEnableCountersGlobal_                       
00022dd4  _pmuDisableCountersGlobal_                      
00022de4  _pmuResetCycleCounter_                          
00022df4  _pmuResetEventCounters_                         
00022e04  _pmuResetCounters_                              
00022e14  _pmuStartCounters_                              
00022e1c  _pmuStopCounters_                               
00022e24  _pmuSetCountEvent_                              
00022e30  _pmuGetCycleCount_                              
00022e38  _pmuGetEventCount_                              
00022e44  _pmuGetOverflow_                                
00022e58  crc32_calculate                                 
00022f11  __aeabi_memcpy                                  
00022f11  __aeabi_memcpy4                                 
00022f11  __aeabi_memcpy8                                 
00022f11  memcpy                                          
00022fad  Fapi_doBlankCheck                               
00023040  rtiCompare0Interrupt                            
00023088  rtiCompare1Interrupt                            
000230d5  Fapi_enableEepromBankSectors                    
00023155  __aeabi_memclr                                  
00023155  __aeabi_memclr4                                 
00023155  __aeabi_memclr8                                 
00023157  __aeabi_memset                                  
00023157  __aeabi_memset4                                 
00023157  __aeabi_memset8                                 
0002315d  memset                                          
000231cf  __TI_decompress_lzss                            
0002323b  _Fapi_loopRegionForValue                        
00023298  __aeabi_idiv                                    
00023298  __aeabi_idivmod                                 
000232ed  Fapi_isAddressEcc                               
0002333d  atoi                                            
0002338c  __aeabi_uidiv                                   
0002338c  __aeabi_uidivmod                                
000233dd  HOSTtime                                        
00023425  _Fapi_EnableSectors                             
00023469  __TI_auto_init_nobinit_nopinit                  
000234ad  Fapi_calculateFletcherChecksum                  
000234ed  sprintf                                         
0002352d  _Fapi_issueFsmCommand                           
00023569  __TI_writemsg                                   
0002359b  C$$IO$$                                         
000235a5  __TI_readmsg                                    
000235d9  Fapi_issueAsyncCommandWithAddress               
00023609  Fapi_waitDelay                                  
00023639  _Fapi_readDword                                 
00023665  Fapi_issueAsyncCommand                          
0002368f  memccpy                                         
000236b5  Fapi_flushPipeline                              
0002370d  strcmp                                          
00023725  strlen                                          
0002373b  __aeabi_idiv0                                   
0002373b  __aeabi_ldiv0                                   
0002373d  Fapi_getNumberOfBankSectors                     
0002374d  _scaleEEFclk                                    
0002375d  _scaleMainFclk                                  
0002376d  __time32                                        
0002376d  time                                            
0002377b  __TI_decompress_none                            
00023789  _Fapi_checkWdService                            
00023795  __TI_zero_init                                  
000237ac  Fapi_serviceWatchdogTimer                       
000237b5  C$$EXIT                                         
000237b5  abort                                           
000237b8  phantomInterrupt                                
000237bc  handlePLLLockFail                               
000237c8  TI_Fee_Read                                     
0002416c  _ctypes_                                        
00024270  Device_FlashDevice                              
000242f4  Fee_VirtualSectorConfiguration                  
00024300  Fee_BlockConfiguration                          
080009fc  pxCurrentTCB                                    
08001000  __start___llvm_prf_cnts                         
08001000  __stop___llvm_prf_cnts                          
080033f0  __CIOBUF_                                       
0800363c  parmbuf                                         
08003648  checkActiveTask_Handle                          
0800364c  getHKTask_Handle                                
08003650  heaterCtrlTask_Handle                           
08003654  initTask_Handle                                 
08003658  outputchanCtrlTask_Handle                       
0800365c  powerConversion_and_battCtrlTask_Handle         
08003660  receiveCMDTask_Handle                           
08003664  wdtTask_Handle                                  
08003b50  _lock                                           
08003b54  _unlock                                         
08003b68  ulCriticalNesting                               
08003b6c  ulTaskHasFPUContext                             
08003b70  TI_Fee_GlobalVariables                          
08003c38  TI_Fee_u8DataSets                               
08003c3c  TI_Fee_u32FletcherChecksum                      
08003c40  TI_Fee_u32BlockEraseCount                       
08003c44  TI_Fee_u8DeviceIndex                            
08003c48  TI_Fee_u32ActCpyVS                              
08003c4c  TI_Fee_u8ErrEraseVS                             
08003c4d  TI_Fee_bEraseSuspended                          
08003c4e  TI_Fee_bIsMainFunctionCalled                    
08003c50  TI_Fee_oStatusWord                              
08003c54  TI_FlashStatusWord                              
08003c64  TI_Fee_FapiInitCalled                           
ffffffff  __TI_pprof_out_hndl                             
ffffffff  __TI_prof_data_size                             
ffffffff  __TI_prof_data_start                            
ffffffff  __binit__                                       
ffffffff  __c_args__                                      
ffffffff  binit                                           
UNDEFED   SHT$$INIT_ARRAY$$Base                           
UNDEFED   SHT$$INIT_ARRAY$$Limit                          
UNDEFED   _system_post_cinit                              

[662 symbols]
