******************************************************************************
                  TI ARM Linker PC v20.2.5                     
******************************************************************************
>> Linked Tue Feb 15 14:15:20 2022

OUTPUT FILE NAME:   <FreeRTOS_test0.out>
ENTRY POINT SYMBOL: "_c_int00"  address: 0000f59c


MEMORY CONFIGURATION

         name            origin    length      used     unused   attr    fill
----------------------  --------  ---------  --------  --------  ----  --------
  VECTORS               00000000   00000020  00000020  00000000     X
  KERNEL                00000020   00008000  00005dbc  00002244  R  X
  FLASH0                00008020   00137fe0  00008a8c  0012f554  R  X
  STACKS                08000000   00000800  00000000  00000800  RW  
  KRAM                  08000800   00000800  00000140  000006c0  RW  
  RAM                   08001000   0002f000  00002055  0002cfab  RW  


SEGMENT ALLOCATION MAP

run origin  load origin   length   init length attrs members
----------  ----------- ---------- ----------- ----- -------
00000000    00000000    00005de0   00005de0    r-x
  00000000    00000000    00000020   00000020    r-x .intvecs
  00000020    00000020    00005d6c   00005d6c    r-x .kernelTEXT
  00005d90    00005d90    00000050   00000050    r-- .cinit
00008020    00008020    00008a8c   00008a8c    r-x
  00008020    00008020    0000888c   0000888c    r-x .text
  000108ac    000108ac    00000200   00000200    r-- .const
08000800    08000800    00000140   00000000    rw-
  08000800    08000800    00000140   00000000    rw- .kernelBSS
08001000    08001000    00002058   00000000    rw-
  08001000    08001000    00002000   00000000    rw- .kernelHEAP
  08003000    08003000    0000003d   00000000    rw- .bss
  08003040    08003040    00000018   00000000    rw- .data


SECTION ALLOCATION MAP

 output                                  attributes/
section   page    origin      length       input sections
--------  ----  ----------  ----------   ----------------
.intvecs   0    00000000    00000020     
                  00000000    00000020     sys_intvecs.obj (.intvecs)

.kernelTEXT 
*          0    00000020    00005d6c     
                  00000020    00002c28     os_tasks.obj (.kernelTEXT)
                  00002c48    00001264     os_queue.obj (.kernelTEXT)
                  00003eac    00000ab0     os_timer.obj (.kernelTEXT)
                  0000495c    00000818     os_event_groups.obj (.kernelTEXT)
                  00005174    000004bc     os_portasm.obj (.kernelTEXT)
                  00005630    000003e0     os_port.obj (.kernelTEXT)
                  00005a10    0000037c     os_heap.obj (.kernelTEXT)

.cinit     0    00005d90    00000050     
                  00005d90    0000000c     (__TI_handler_table)
                  00005d9c    0000000b     (.cinit..data.load) [load image, compression = lzss]
                  00005da7    00000009     (.cinit..kernelBSS.load) [load image, compression = lzss]
                  00005db0    00000008     (.cinit..bss.load) [load image, compression = zero_init]
                  00005db8    00000008     (.cinit..kernelHEAP.load) [load image, compression = zero_init]
                  00005dc0    00000020     (__TI_cinit_table)

.text      0    00008020    0000888c     
                  00008020    00002cdc     sys_selftest.obj (.text)
                  0000acfc    00000bbc     os_mpu_wrappers.obj (.text)
                  0000b8b8    00000b64     system.obj (.text)
                  0000c41c    00000a58     sys_vim.obj (.text)
                  0000ce74    000008b4     pinmux.obj (.text)
                  0000d728    000007b8     sci.obj (.text)
                  0000dee0    00000664     errata_SSWF021_45.obj (.text)
                  0000e544    000005bc     esm.obj (.text)
                  0000eb00    00000484     gio.obj (.text)
                  0000ef84    0000034c     sys_core.obj (.text)
                  0000f2d0    000002cc     sys_vim.obj (.text:retain)
                  0000f59c    00000288     sys_startup.obj (.text:retain)
                  0000f824    00000278     os_heap.obj (.text)
                  0000fa9c    0000023c     sys_main.obj (.text)
                  0000fcd8    00000238     os_list.obj (.text)
                  0000ff10    000001b0     os_port.obj (.text)
                  000100c0    00000158     os_tasks.obj (.text)
                  00010218    00000114     esm.obj (.text:retain)
                  0001032c    000000e8     dabort.obj (.text)
                  00010414    000000e0     rtsv7R4_T_le_v3D16_eabi.lib : s_floor.c.obj (.text:floor)
                  000104f4    000000e0     sys_pmu.obj (.text)
                  000105d4    000000d4     notification.obj (.text)
                  000106a8    0000009c     rtsv7R4_T_le_v3D16_eabi.lib : memcpy_t2.asm.obj (.text)
                  00010744    0000007a                                 : memset_t2.asm.obj (.text)
                  000107be    0000006c                                 : copy_decompress_lzss.c.obj (.text:decompress:lzss:__TI_decompress_lzss)
                  0001082a    00000002     --HOLE-- [fill = 0]
                  0001082c    00000044                                 : autoinit.c.obj (.text:__TI_auto_init_nobinit_nopinit:__TI_auto_init_nobinit_nopinit)
                  00010870    00000016                                 : strlen.c.obj (.text:strlen)
                  00010886    0000000e                                 : copy_decompress_none.c.obj (.text:decompress:none:__TI_decompress_none)
                  00010894    0000000c                                 : copy_zero_init.c.obj (.text:decompress:ZI:__TI_zero_init)
                  000108a0    00000004                                 : exit.c.obj (.text:abort:abort)
                  000108a4    00000004     sys_phantom.obj (.text:retain)
                  000108a8    00000004     sys_startup.obj (.text)

.const     0    000108ac    00000200     
                  000108ac    00000200     sys_vim.obj (.const:s_vim_init)

.kernelBSS 
*          0    08000800    00000140     UNINITIALIZED
                  08000800    000000d0     os_tasks.obj (.kernelBSS:uninit)
                  080008d0    00000034     os_tasks.obj (.kernelBSS:init)
                  08000904    00000030     os_timer.obj (.kernelBSS:uninit)
                  08000934    0000000c     os_timer.obj (.kernelBSS:init)

.kernelHEAP 
*          0    08001000    00002000     UNINITIALIZED
                  08001000    00002000     os_heap.obj (.kernelHEAP)

.bss       0    08003000    0000003d     UNINITIALIZED
                  08003000    00000028     sci.obj (.bss:g_sciTransfer_t)
                  08003028    00000008     os_heap.obj (.bss:xStart)
                  08003030    00000004     (.common:LED0Task_Handler)
                  08003034    00000004     (.common:LED1Task_Handler)
                  08003038    00000004     (.common:StartTask_Handler)
                  0800303c    00000001     sys_main.obj (.bss)

.data      0    08003040    00000018     UNINITIALIZED
                  08003040    00000010     os_heap.obj (.data)
                  08003050    00000008     os_port.obj (.data)

__llvm_prf_cnts 
*          0    08001000    00000000     UNINITIALIZED

MODULE SUMMARY

       Module                       code    ro data   rw data
       ------                       ----    -------   -------
    .\source\
       os_tasks.obj                 11648   0         260    
       sys_selftest.obj             11484   0         0      
       os_heap.obj                  1524    0         8216   
       os_queue.obj                 4708    0         0      
       sys_vim.obj                  3364    512       0      
       os_mpu_wrappers.obj          3004    0         0      
       system.obj                   2916    0         0      
       os_timer.obj                 2736    0         60     
       pinmux.obj                   2228    0         0      
       os_event_groups.obj          2072    0         0      
       sci.obj                      1976    0         40     
       esm.obj                      1744    0         0      
       errata_SSWF021_45.obj        1636    0         0      
       os_port.obj                  1424    0         8      
       os_portasm.obj               1212    0         0      
       gio.obj                      1156    0         0      
       sys_core.obj                 844     0         0      
       sys_startup.obj              652     0         0      
       sys_main.obj                 572     0         13     
       os_list.obj                  568     0         0      
       dabort.obj                   232     0         0      
       sys_pmu.obj                  224     0         0      
       notification.obj             212     0         0      
       sys_intvecs.obj              32      0         0      
       sys_phantom.obj              4       0         0      
    +--+----------------------------+-------+---------+---------+
       Total:                       58172   512       8597   
                                                             
    C:/ti/ccsv8/tools/compiler/ti-cgt-arm_20.2.5.LTS/lib/rtsv7R4_T_le_v3D16_eabi.lib
       s_floor.c.obj                224     0         0      
       memcpy_t2.asm.obj            156     0         0      
       memset_t2.asm.obj            122     0         0      
       copy_decompress_lzss.c.obj   108     0         0      
       autoinit.c.obj               68      0         0      
       strlen.c.obj                 22      0         0      
       copy_decompress_none.c.obj   14      0         0      
       copy_zero_init.c.obj         12      0         0      
       exit.c.obj                   4       0         0      
    +--+----------------------------+-------+---------+---------+
       Total:                       730     0         0      
                                                             
       Linker Generated:            0       80        0      
    +--+----------------------------+-------+---------+---------+
       Grand Total:                 58902   592       8597   


LINKER GENERATED COPY TABLES

__TI_cinit_table @ 00005dc0 records: 4, size/record: 8, table size: 32
	.data: load addr=00005d9c, load size=0000000b bytes, run addr=08003040, run size=00000018 bytes, compression=lzss
	.kernelBSS: load addr=00005da7, load size=00000009 bytes, run addr=08000800, run size=00000140 bytes, compression=lzss
	.bss: load addr=00005db0, load size=00000008 bytes, run addr=08003000, run size=0000003d bytes, compression=zero_init
	.kernelHEAP: load addr=00005db8, load size=00000008 bytes, run addr=08001000, run size=00002000 bytes, compression=zero_init


LINKER GENERATED HANDLER TABLE

__TI_handler_table @ 00005d90 records: 3, size/record: 4, table size: 12
	index: 0, handler: __TI_decompress_lzss
	index: 1, handler: __TI_decompress_none
	index: 2, handler: __TI_zero_init


GLOBAL SYMBOLS: SORTED ALPHABETICALLY BY Name 

address   name                                  
-------   ----                                  
000108a1  C$$EXIT                               
08003030  LED0Task_Handler                      
08003034  LED1Task_Handler                      
0000aecc  MPU_eTaskGetState                     
0000b034  MPU_pcTaskGetName                     
0000b630  MPU_pcTimerGetName                    
0000b114  MPU_pvTaskGetThreadLocalStoragePointer
0000b568  MPU_pvTimerGetTimerID                 
0000b22c  MPU_ulTaskNotifyTake                  
0000b3e8  MPU_uxQueueMessagesWaiting            
0000b41c  MPU_uxQueueSpacesAvailable            
0000b008  MPU_uxTaskGetNumberOfTasks            
0000b09c  MPU_uxTaskGetStackHighWaterMark       
0000ae98  MPU_uxTaskPriorityGet                 
0000b88c  MPU_vEventGroupDelete                 
0000b450  MPU_vQueueDelete                      
0000ada4  MPU_vTaskAllocateMPURegions           
0000ae04  MPU_vTaskDelay                        
0000ae30  MPU_vTaskDelayUntil                   
0000add8  MPU_vTaskDelete                       
0000af00  MPU_vTaskPrioritySet                  
0000af60  MPU_vTaskResume                       
0000b0d0  MPU_vTaskSetThreadLocalStoragePointer 
0000b2a4  MPU_vTaskSetTimeOutState              
0000af34  MPU_vTaskSuspend                      
0000af8c  MPU_vTaskSuspendAll                   
0000b59c  MPU_vTimerSetTimerID                  
0000b7b0  MPU_xEventGroupClearBits              
0000b728  MPU_xEventGroupCreate                 
0000b7f4  MPU_xEventGroupSetBits                
0000b838  MPU_xEventGroupSync                   
0000b754  MPU_xEventGroupWaitBits               
0000b47c  MPU_xQueueGenericCreate               
0000b394  MPU_xQueueGenericReceive              
0000b4c8  MPU_xQueueGenericReset                
0000b340  MPU_xQueueGenericSend                 
0000ae64  MPU_xTaskAbortDelay                   
0000b2d0  MPU_xTaskCheckForTimeOut              
0000acfc  MPU_xTaskCreate                       
0000ad60  MPU_xTaskCreateRestricted             
0000b184  MPU_xTaskGenericNotify                
0000b068  MPU_xTaskGetHandle                    
0000b158  MPU_xTaskGetIdleTaskHandle            
0000b314  MPU_xTaskGetSchedulerState            
0000afdc  MPU_xTaskGetTickCount                 
0000b270  MPU_xTaskNotifyStateClear             
0000b1d8  MPU_xTaskNotifyWait                   
0000afb0  MPU_xTaskResumeAll                    
0000b50c  MPU_xTimerCreate                      
0000b6cc  MPU_xTimerGenericCommand              
0000b698  MPU_xTimerGetExpiryTime               
0000b664  MPU_xTimerGetPeriod                   
0000b604  MPU_xTimerGetTimerDaemonTaskHandle    
0000b5d0  MPU_xTimerIsTimerActive               
UNDEFED   SHT$$INIT_ARRAY$$Base                 
UNDEFED   SHT$$INIT_ARRAY$$Limit                
08003038  StartTask_Handler                     
00005dc0  __TI_CINIT_Base                       
00005de0  __TI_CINIT_Limit                      
00005d90  __TI_Handler_Table_Base               
00005d9c  __TI_Handler_Table_Limit              
0000f2c8  __TI_PINIT_Base                       
0000f2cc  __TI_PINIT_Limit                      
0001082d  __TI_auto_init_nobinit_nopinit        
000107bf  __TI_decompress_lzss                  
00010887  __TI_decompress_none                  
ffffffff  __TI_pprof_out_hndl                   
ffffffff  __TI_prof_data_size                   
ffffffff  __TI_prof_data_start                  
00000000  __TI_static_base__                    
00010895  __TI_zero_init                        
00010745  __aeabi_memclr                        
00010745  __aeabi_memclr4                       
00010745  __aeabi_memclr8                       
000106a9  __aeabi_memcpy                        
000106a9  __aeabi_memcpy4                       
000106a9  __aeabi_memcpy8                       
00010747  __aeabi_memset                        
00010747  __aeabi_memset4                       
00010747  __aeabi_memset8                       
ffffffff  __binit__                             
ffffffff  __c_args__                            
08001000  __start___llvm_prf_cnts               
08001000  __stop___llvm_prf_cnts                
0000f59c  _c_int00                              
0000f1e0  _coreClearAuxiliaryDataFault_         
0000f1f4  _coreClearAuxiliaryInstructionFault_  
0000f1b8  _coreClearDataFaultAddress_           
0000f190  _coreClearDataFault_                  
0000f1cc  _coreClearInstructionFaultAddress_    
0000f1a4  _coreClearInstructionFault_           
0000f124  _coreDisableEventBusExport_           
0000f168  _coreDisableFlashEcc_                 
0000f144  _coreDisableRamEcc_                   
0000f114  _coreEnableEventBusExport_            
0000f154  _coreEnableFlashEcc_                  
0000f178  _coreEnableIrqVicOffset_              
0000f134  _coreEnableRamEcc_                    
0000f0fc  _coreEnableVfp_                       
0000f1d8  _coreGetAuxiliaryDataFault_           
0000f1ec  _coreGetAuxiliaryInstructionFault_    
0000f1b0  _coreGetDataFaultAddress_             
0000f188  _coreGetDataFault_                    
0000f1c4  _coreGetInstructionFaultAddress_      
0000f19c  _coreGetInstructionFault_             
0000ef84  _coreInitRegisters_                   
0000f090  _coreInitStackPointer_                
0001032c  _dabort                               
0000f208  _disable_FIQ_interrupt_               
0000f210  _disable_IRQ_interrupt_               
0000f200  _disable_interrupt_                   
0000f218  _enable_interrupt_                    
0000f2a8  _errata_CORTEXR4_57_                  
0000f2b8  _errata_CORTEXR4_66_                  
0000dee0  _errata_SSWF021_45_both_plls          
0000e0d4  _errata_SSWF021_45_pll1               
0000e24c  _errata_SSWF021_45_pll2               
0000f220  _esmCcmErrorsClear_                   
0000f0dc  _getCPSRValue_                        
0000f0e4  _gotoCPUIdle_                         
00010550  _pmuDisableCountersGlobal_            
00010540  _pmuEnableCountersGlobal_             
000105ac  _pmuGetCycleCount_                    
000105b4  _pmuGetEventCount_                    
000105c0  _pmuGetOverflow_                      
000104f4  _pmuInit_                             
00010580  _pmuResetCounters_                    
00010560  _pmuResetCycleCounter_                
00010570  _pmuResetEventCounters_               
000105a0  _pmuSetCountEvent_                    
00010590  _pmuStartCounters_                    
00010598  _pmuStopCounters_                     
UNDEFED   _system_post_cinit                    
000108a1  abort                                 
0000926c  adc1ParityCheck                       
00009358  adc2ParityCheck                       
ffffffff  binit                                 
00009410  can1ParityCheck                       
000094e8  can2ParityCheck                       
000095b0  can3ParityCheck                       
00008030  ccmSelfCheck                          
0000a6fc  ccmr4GetConfigValue                   
00008938  checkB0RAMECC                         
00008b28  checkB1RAMECC                         
00009c18  checkClockMonitor                     
00008d18  checkFlashECC                         
00009cf4  checkFlashEEPROMECC                   
00009e8c  checkPLL1Slip                         
00009f8c  checkPLL2Slip                         
0000a050  checkRAMAddrParity                    
000099d0  checkRAMECC                           
0000a15c  checkRAMUERRTest                      
000087bc  checkefcSelfTest                      
00008234  cpuSelfTest                           
00008dfc  cpuSelfTestFail                       
0000c340  customTrimLPO                         
00008df4  custom_dabort                         
0000ab58  disableParity                         
00010694  dmaGroupANotification                 
00008eac  dmaParityCheck                        
00001f74  eTaskConfirmSleepModeStatus           
00000888  eTaskGetState                         
0001066c  edgeNotification                      
00008660  efcCheck                              
0000a660  efcGetConfigValue                     
00008794  efcSelfTest                           
000086e8  efcStuckZeroTest                      
0000aad0  enableParity                          
0000a76c  errata_PBIST_4                        
0000e6c8  esmActivateNormalOperation            
0000e79c  esmClearStatus                        
0000e7dc  esmClearStatusBuffer                  
0000e690  esmDisableError                       
0000e700  esmDisableInterrupt                   
0000e668  esmEnableError                        
0000e6d8  esmEnableInterrupt                    
0000e8d4  esmEnterSelfTest                      
0000e64c  esmError                              
0000e9ac  esmGetConfigValue                     
0000e818  esmGetStatus                          
0000e89c  esmGetStatusBuffer                    
0000fc58  esmGroup1Notification                 
0000fc68  esmGroup2Notification                 
00010218  esmHighInterrupt                      
0000e544  esmInit                               
0000e95c  esmSelfTestStatus                     
0000e7f8  esmSetCounterPreloadValue             
0000e728  esmSetInterruptLevel                  
0000e6b8  esmTriggerErrorPinReset               
00010415  floor                                 
00010415  floorl                                
0000a2c4  fmcBus1ParityCheck                    
0000885c  fmcBus2Check                          
00008898  fmcECCcheck                           
0000ed60  gioDisableNotification                
0000ecf8  gioEnableNotification                 
0000ec60  gioGetBit                             
0000edc8  gioGetConfigValue                     
0000ec88  gioGetPort                            
0000eb00  gioInit                               
0001062c  gioNotification                       
0000ebf0  gioSetBit                             
0000ebd0  gioSetDirection                       
0000ec40  gioSetPort                            
0000eca0  gioToggleBit                          
000108a8  handlePLLLockFail                     
00008f58  het1ParityCheck                       
000090c0  het2ParityCheck                       
00010680  hetNotification                       
00009004  htu1ParityCheck                       
000091bc  htu2ParityCheck                       
0000fb5c  led0_task                             
0000fbb0  led1_task                             
0000fa9c  main                                  
0000ba20  mapClocks                             
000106a9  memcpy                                
00008174  memoryInit                            
000105f4  memoryPort0TestFailNotification       
00010610  memoryPort1TestFailNotification       
0001074d  memset                                
00009684  mibspi1ParityCheck                    
0000978c  mibspi3ParityCheck                    
000098b0  mibspi5ParityCheck                    
0000ce74  muxInit                               
0000a3ec  pbistFail                             
0000a470  pbistGetConfigValue                   
000085a8  pbistIsTestCompleted                  
000085d4  pbistIsTestPassed                     
00008608  pbistPortTestStatus                   
000084ac  pbistRun                              
000082cc  pbistSelfCheck                        
00008578  pbistStop                             
00001358  pcTaskGetName                         
00004188  pcTimerGetName                        
0000b9cc  periphInit                            
000108a4  phantomInterrupt                      
0000d328  pinmuxGetConfigValue                  
00005608  prvMpuDisable                         
000055f0  prvMpuEnable                          
000055d8  prvMpuSetRegion                       
00005a10  pvPortMalloc                          
00002050  pvTaskGetThreadLocalStoragePointer    
000048bc  pvTimerGetTimerID                     
00010654  pwmNotification                       
080008d0  pxCurrentTCB                          
00005630  pxPortInitialiseStack                 
00000000  resetEntry                            
0000dbf0  sciDisableLoopback                    
0000dc7c  sciDisableNotification                
0000dbbc  sciEnableLoopback                     
0000dc14  sciEnableNotification                 
0000dce4  sciEnterResetState                    
0000dd04  sciExitResetState                     
0000d728  sciInit                               
0000da6c  sciIsIdleDetected                     
0000da50  sciIsRxReady                          
0000d8d0  sciIsTxReady                          
0000fc28  sciNotification                       
0000dae4  sciReceive                            
0000dab8  sciReceiveByte                        
0000da88  sciRxError                            
0000d91c  sciSend                               
0000d8ec  sciSendByte                           
0000d834  sciSetBaudrate                        
0000d814  sciSetFunctional                      
0000dd24  scilinGetConfigValue                  
00008020  selftestFailNotification              
0000b98c  setupFlash                            
0000b8b8  setupPLL                              
0000c204  sramGetConfigValue                    
0000faf4  start_task                            
0000a5bc  stcGetConfigValue                     
000081b8  stcSelfCheck                          
00008df8  stcSelfCheckFail                      
00010871  strlen                                
0000bc44  systemGetConfigValue                  
0000bb48  systemInit                            
0000bc14  systemPowerDown                       
0000c058  tcmflashGetConfigValue                
0000b918  trimLPO                               
08003050  ulCriticalNesting                     
000054f4  ulPortCountLeadingZeros               
08003054  ulTaskHasFPUContext                   
000023e8  ulTaskNotifyTake                      
0000fe84  uxListRemove                          
00003958  uxQueueMessagesWaiting                
000039dc  uxQueueMessagesWaitingFromISR         
00003990  uxQueueSpacesAvailable                
0000134c  uxTaskGetNumberOfTasks                
00002294  uxTaskGetStackHighWaterMark           
0000098c  uxTaskPriorityGet                     
000009d0  uxTaskPriorityGetFromISR              
000023ac  uxTaskResetEventItemValue             
000050ec  vEventGroupClearBitsCallback          
0000504c  vEventGroupDelete                     
000050d0  vEventGroupSetBitsCallback            
0000fcd8  vListInitialise                       
0000fd30  vListInitialiseItem                   
0000fdc0  vListInsert                           
0000fd4c  vListInsertEnd                        
000059dc  vPortEndScheduler                     
00005c64  vPortFree                             
00005d74  vPortInitialiseBlocks                 
000054e8  vPortInitialiseFPSCR                  
000053e8  vPortPreemptiveTick                   
000054fc  vPortSWI                              
00005178  vPortStartFirstTask                   
00005744  vPortStoreTaskMPUSettings             
000052f4  vPortYeildWithinAPI                   
00005208  vPortYieldProcessor                   
00003a0c  vQueueDelete                          
00003e1c  vQueueWaitForMessageRestricted        
000020bc  vTaskAllocateMPURegions               
00000804  vTaskDelay                            
00000698  vTaskDelayUntil                       
00000530  vTaskDelete                           
00001088  vTaskEndScheduler                     
00001f60  vTaskMissedYield                      
000029a0  vTaskNotifyGiveFromISR                
00001acc  vTaskPlaceOnEventList                 
00001b94  vTaskPlaceOnEventListRestricted       
00001b10  vTaskPlaceOnUnorderedEventList        
00000a18  vTaskPrioritySet                      
00000e14  vTaskResume                           
00001ff8  vTaskSetThreadLocalStoragePointer     
00001de8  vTaskSetTimeOutState                  
00000fdc  vTaskStartScheduler                   
0000166c  vTaskStepTick                         
00000c10  vTaskSuspend                          
000010a4  vTaskSuspendAll                       
000019ec  vTaskSwitchContext                    
000048fc  vTimerSetTimerID                      
0000c4f0  vimChannelMap                         
0000c75c  vimDisableInterrupt                   
0000c594  vimEnableInterrupt                    
0000c808  vimGetConfigValue                     
0000c41c  vimInit                               
00008e00  vimParityCheck                        
0000f2d0  vimParityErrorHandler                 
00004de8  xEventGroupClearBits                  
0000495c  xEventGroupCreate                     
00004e6c  xEventGroupGetBitsFromISR             
00004e9c  xEventGroupSetBits                    
00004998  xEventGroupSync                       
00004b98  xEventGroupWaitBits                   
00005d5c  xPortGetFreeHeapSize                  
00005d68  xPortGetMinimumEverFreeHeapSize       
000059b8  xPortStartScheduler                   
00002d70  xQueueGenericCreate                   
00003448  xQueueGenericReceive                  
00002c48  xQueueGenericReset                    
00002e8c  xQueueGenericSend                     
0000314c  xQueueGenericSendFromISR              
000032dc  xQueueGiveFromISR                     
00003d40  xQueueIsQueueEmptyFromISR             
00003dcc  xQueueIsQueueFullFromISR              
00003864  xQueuePeekFromISR                     
0000371c  xQueueReceiveFromISR                  
000016c8  xTaskAbortDelay                       
00001e28  xTaskCheckForTimeOut                  
000000fc  xTaskCreate                           
00000020  xTaskCreateRestricted                 
000025d0  xTaskGenericNotify                    
000027a0  xTaskGenericNotifyFromISR             
0000152c  xTaskGetHandle                        
00001634  xTaskGetIdleTaskHandle                
0000235c  xTaskGetSchedulerState                
0000130c  xTaskGetTickCount                     
00001328  xTaskGetTickCountFromISR              
000017c4  xTaskIncrementTick                    
0001019c  xTaskNotifyStateClear                 
000024bc  xTaskNotifyWait                       
00001bf0  xTaskRemoveFromEventList              
00001ce4  xTaskRemoveFromUnorderedEventList     
0000115c  xTaskResumeAll                        
00000ef4  xTaskResumeFromISR                    
00003f10  xTimerCreate                          
00003eac  xTimerCreateTimerTask                 
0000400c  xTimerGenericCommand                  
00004150  xTimerGetExpiryTime                   
00004120  xTimerGetPeriod                       
000040e8  xTimerGetTimerDaemonTaskHandle        
0000484c  xTimerIsTimerActive                   


GLOBAL SYMBOLS: SORTED BY Symbol Address 

address   name                                  
-------   ----                                  
00000000  __TI_static_base__                    
00000000  resetEntry                            
00000020  xTaskCreateRestricted                 
000000fc  xTaskCreate                           
00000530  vTaskDelete                           
00000698  vTaskDelayUntil                       
00000804  vTaskDelay                            
00000888  eTaskGetState                         
0000098c  uxTaskPriorityGet                     
000009d0  uxTaskPriorityGetFromISR              
00000a18  vTaskPrioritySet                      
00000c10  vTaskSuspend                          
00000e14  vTaskResume                           
00000ef4  xTaskResumeFromISR                    
00000fdc  vTaskStartScheduler                   
00001088  vTaskEndScheduler                     
000010a4  vTaskSuspendAll                       
0000115c  xTaskResumeAll                        
0000130c  xTaskGetTickCount                     
00001328  xTaskGetTickCountFromISR              
0000134c  uxTaskGetNumberOfTasks                
00001358  pcTaskGetName                         
0000152c  xTaskGetHandle                        
00001634  xTaskGetIdleTaskHandle                
0000166c  vTaskStepTick                         
000016c8  xTaskAbortDelay                       
000017c4  xTaskIncrementTick                    
000019ec  vTaskSwitchContext                    
00001acc  vTaskPlaceOnEventList                 
00001b10  vTaskPlaceOnUnorderedEventList        
00001b94  vTaskPlaceOnEventListRestricted       
00001bf0  xTaskRemoveFromEventList              
00001ce4  xTaskRemoveFromUnorderedEventList     
00001de8  vTaskSetTimeOutState                  
00001e28  xTaskCheckForTimeOut                  
00001f60  vTaskMissedYield                      
00001f74  eTaskConfirmSleepModeStatus           
00001ff8  vTaskSetThreadLocalStoragePointer     
00002050  pvTaskGetThreadLocalStoragePointer    
000020bc  vTaskAllocateMPURegions               
00002294  uxTaskGetStackHighWaterMark           
0000235c  xTaskGetSchedulerState                
000023ac  uxTaskResetEventItemValue             
000023e8  ulTaskNotifyTake                      
000024bc  xTaskNotifyWait                       
000025d0  xTaskGenericNotify                    
000027a0  xTaskGenericNotifyFromISR             
000029a0  vTaskNotifyGiveFromISR                
00002c48  xQueueGenericReset                    
00002d70  xQueueGenericCreate                   
00002e8c  xQueueGenericSend                     
0000314c  xQueueGenericSendFromISR              
000032dc  xQueueGiveFromISR                     
00003448  xQueueGenericReceive                  
0000371c  xQueueReceiveFromISR                  
00003864  xQueuePeekFromISR                     
00003958  uxQueueMessagesWaiting                
00003990  uxQueueSpacesAvailable                
000039dc  uxQueueMessagesWaitingFromISR         
00003a0c  vQueueDelete                          
00003d40  xQueueIsQueueEmptyFromISR             
00003dcc  xQueueIsQueueFullFromISR              
00003e1c  vQueueWaitForMessageRestricted        
00003eac  xTimerCreateTimerTask                 
00003f10  xTimerCreate                          
0000400c  xTimerGenericCommand                  
000040e8  xTimerGetTimerDaemonTaskHandle        
00004120  xTimerGetPeriod                       
00004150  xTimerGetExpiryTime                   
00004188  pcTimerGetName                        
0000484c  xTimerIsTimerActive                   
000048bc  pvTimerGetTimerID                     
000048fc  vTimerSetTimerID                      
0000495c  xEventGroupCreate                     
00004998  xEventGroupSync                       
00004b98  xEventGroupWaitBits                   
00004de8  xEventGroupClearBits                  
00004e6c  xEventGroupGetBitsFromISR             
00004e9c  xEventGroupSetBits                    
0000504c  vEventGroupDelete                     
000050d0  vEventGroupSetBitsCallback            
000050ec  vEventGroupClearBitsCallback          
00005178  vPortStartFirstTask                   
00005208  vPortYieldProcessor                   
000052f4  vPortYeildWithinAPI                   
000053e8  vPortPreemptiveTick                   
000054e8  vPortInitialiseFPSCR                  
000054f4  ulPortCountLeadingZeros               
000054fc  vPortSWI                              
000055d8  prvMpuSetRegion                       
000055f0  prvMpuEnable                          
00005608  prvMpuDisable                         
00005630  pxPortInitialiseStack                 
00005744  vPortStoreTaskMPUSettings             
000059b8  xPortStartScheduler                   
000059dc  vPortEndScheduler                     
00005a10  pvPortMalloc                          
00005c64  vPortFree                             
00005d5c  xPortGetFreeHeapSize                  
00005d68  xPortGetMinimumEverFreeHeapSize       
00005d74  vPortInitialiseBlocks                 
00005d90  __TI_Handler_Table_Base               
00005d9c  __TI_Handler_Table_Limit              
00005dc0  __TI_CINIT_Base                       
00005de0  __TI_CINIT_Limit                      
00008020  selftestFailNotification              
00008030  ccmSelfCheck                          
00008174  memoryInit                            
000081b8  stcSelfCheck                          
00008234  cpuSelfTest                           
000082cc  pbistSelfCheck                        
000084ac  pbistRun                              
00008578  pbistStop                             
000085a8  pbistIsTestCompleted                  
000085d4  pbistIsTestPassed                     
00008608  pbistPortTestStatus                   
00008660  efcCheck                              
000086e8  efcStuckZeroTest                      
00008794  efcSelfTest                           
000087bc  checkefcSelfTest                      
0000885c  fmcBus2Check                          
00008898  fmcECCcheck                           
00008938  checkB0RAMECC                         
00008b28  checkB1RAMECC                         
00008d18  checkFlashECC                         
00008df4  custom_dabort                         
00008df8  stcSelfCheckFail                      
00008dfc  cpuSelfTestFail                       
00008e00  vimParityCheck                        
00008eac  dmaParityCheck                        
00008f58  het1ParityCheck                       
00009004  htu1ParityCheck                       
000090c0  het2ParityCheck                       
000091bc  htu2ParityCheck                       
0000926c  adc1ParityCheck                       
00009358  adc2ParityCheck                       
00009410  can1ParityCheck                       
000094e8  can2ParityCheck                       
000095b0  can3ParityCheck                       
00009684  mibspi1ParityCheck                    
0000978c  mibspi3ParityCheck                    
000098b0  mibspi5ParityCheck                    
000099d0  checkRAMECC                           
00009c18  checkClockMonitor                     
00009cf4  checkFlashEEPROMECC                   
00009e8c  checkPLL1Slip                         
00009f8c  checkPLL2Slip                         
0000a050  checkRAMAddrParity                    
0000a15c  checkRAMUERRTest                      
0000a2c4  fmcBus1ParityCheck                    
0000a3ec  pbistFail                             
0000a470  pbistGetConfigValue                   
0000a5bc  stcGetConfigValue                     
0000a660  efcGetConfigValue                     
0000a6fc  ccmr4GetConfigValue                   
0000a76c  errata_PBIST_4                        
0000aad0  enableParity                          
0000ab58  disableParity                         
0000acfc  MPU_xTaskCreate                       
0000ad60  MPU_xTaskCreateRestricted             
0000ada4  MPU_vTaskAllocateMPURegions           
0000add8  MPU_vTaskDelete                       
0000ae04  MPU_vTaskDelay                        
0000ae30  MPU_vTaskDelayUntil                   
0000ae64  MPU_xTaskAbortDelay                   
0000ae98  MPU_uxTaskPriorityGet                 
0000aecc  MPU_eTaskGetState                     
0000af00  MPU_vTaskPrioritySet                  
0000af34  MPU_vTaskSuspend                      
0000af60  MPU_vTaskResume                       
0000af8c  MPU_vTaskSuspendAll                   
0000afb0  MPU_xTaskResumeAll                    
0000afdc  MPU_xTaskGetTickCount                 
0000b008  MPU_uxTaskGetNumberOfTasks            
0000b034  MPU_pcTaskGetName                     
0000b068  MPU_xTaskGetHandle                    
0000b09c  MPU_uxTaskGetStackHighWaterMark       
0000b0d0  MPU_vTaskSetThreadLocalStoragePointer 
0000b114  MPU_pvTaskGetThreadLocalStoragePointer
0000b158  MPU_xTaskGetIdleTaskHandle            
0000b184  MPU_xTaskGenericNotify                
0000b1d8  MPU_xTaskNotifyWait                   
0000b22c  MPU_ulTaskNotifyTake                  
0000b270  MPU_xTaskNotifyStateClear             
0000b2a4  MPU_vTaskSetTimeOutState              
0000b2d0  MPU_xTaskCheckForTimeOut              
0000b314  MPU_xTaskGetSchedulerState            
0000b340  MPU_xQueueGenericSend                 
0000b394  MPU_xQueueGenericReceive              
0000b3e8  MPU_uxQueueMessagesWaiting            
0000b41c  MPU_uxQueueSpacesAvailable            
0000b450  MPU_vQueueDelete                      
0000b47c  MPU_xQueueGenericCreate               
0000b4c8  MPU_xQueueGenericReset                
0000b50c  MPU_xTimerCreate                      
0000b568  MPU_pvTimerGetTimerID                 
0000b59c  MPU_vTimerSetTimerID                  
0000b5d0  MPU_xTimerIsTimerActive               
0000b604  MPU_xTimerGetTimerDaemonTaskHandle    
0000b630  MPU_pcTimerGetName                    
0000b664  MPU_xTimerGetPeriod                   
0000b698  MPU_xTimerGetExpiryTime               
0000b6cc  MPU_xTimerGenericCommand              
0000b728  MPU_xEventGroupCreate                 
0000b754  MPU_xEventGroupWaitBits               
0000b7b0  MPU_xEventGroupClearBits              
0000b7f4  MPU_xEventGroupSetBits                
0000b838  MPU_xEventGroupSync                   
0000b88c  MPU_vEventGroupDelete                 
0000b8b8  setupPLL                              
0000b918  trimLPO                               
0000b98c  setupFlash                            
0000b9cc  periphInit                            
0000ba20  mapClocks                             
0000bb48  systemInit                            
0000bc14  systemPowerDown                       
0000bc44  systemGetConfigValue                  
0000c058  tcmflashGetConfigValue                
0000c204  sramGetConfigValue                    
0000c340  customTrimLPO                         
0000c41c  vimInit                               
0000c4f0  vimChannelMap                         
0000c594  vimEnableInterrupt                    
0000c75c  vimDisableInterrupt                   
0000c808  vimGetConfigValue                     
0000ce74  muxInit                               
0000d328  pinmuxGetConfigValue                  
0000d728  sciInit                               
0000d814  sciSetFunctional                      
0000d834  sciSetBaudrate                        
0000d8d0  sciIsTxReady                          
0000d8ec  sciSendByte                           
0000d91c  sciSend                               
0000da50  sciIsRxReady                          
0000da6c  sciIsIdleDetected                     
0000da88  sciRxError                            
0000dab8  sciReceiveByte                        
0000dae4  sciReceive                            
0000dbbc  sciEnableLoopback                     
0000dbf0  sciDisableLoopback                    
0000dc14  sciEnableNotification                 
0000dc7c  sciDisableNotification                
0000dce4  sciEnterResetState                    
0000dd04  sciExitResetState                     
0000dd24  scilinGetConfigValue                  
0000dee0  _errata_SSWF021_45_both_plls          
0000e0d4  _errata_SSWF021_45_pll1               
0000e24c  _errata_SSWF021_45_pll2               
0000e544  esmInit                               
0000e64c  esmError                              
0000e668  esmEnableError                        
0000e690  esmDisableError                       
0000e6b8  esmTriggerErrorPinReset               
0000e6c8  esmActivateNormalOperation            
0000e6d8  esmEnableInterrupt                    
0000e700  esmDisableInterrupt                   
0000e728  esmSetInterruptLevel                  
0000e79c  esmClearStatus                        
0000e7dc  esmClearStatusBuffer                  
0000e7f8  esmSetCounterPreloadValue             
0000e818  esmGetStatus                          
0000e89c  esmGetStatusBuffer                    
0000e8d4  esmEnterSelfTest                      
0000e95c  esmSelfTestStatus                     
0000e9ac  esmGetConfigValue                     
0000eb00  gioInit                               
0000ebd0  gioSetDirection                       
0000ebf0  gioSetBit                             
0000ec40  gioSetPort                            
0000ec60  gioGetBit                             
0000ec88  gioGetPort                            
0000eca0  gioToggleBit                          
0000ecf8  gioEnableNotification                 
0000ed60  gioDisableNotification                
0000edc8  gioGetConfigValue                     
0000ef84  _coreInitRegisters_                   
0000f090  _coreInitStackPointer_                
0000f0dc  _getCPSRValue_                        
0000f0e4  _gotoCPUIdle_                         
0000f0fc  _coreEnableVfp_                       
0000f114  _coreEnableEventBusExport_            
0000f124  _coreDisableEventBusExport_           
0000f134  _coreEnableRamEcc_                    
0000f144  _coreDisableRamEcc_                   
0000f154  _coreEnableFlashEcc_                  
0000f168  _coreDisableFlashEcc_                 
0000f178  _coreEnableIrqVicOffset_              
0000f188  _coreGetDataFault_                    
0000f190  _coreClearDataFault_                  
0000f19c  _coreGetInstructionFault_             
0000f1a4  _coreClearInstructionFault_           
0000f1b0  _coreGetDataFaultAddress_             
0000f1b8  _coreClearDataFaultAddress_           
0000f1c4  _coreGetInstructionFaultAddress_      
0000f1cc  _coreClearInstructionFaultAddress_    
0000f1d8  _coreGetAuxiliaryDataFault_           
0000f1e0  _coreClearAuxiliaryDataFault_         
0000f1ec  _coreGetAuxiliaryInstructionFault_    
0000f1f4  _coreClearAuxiliaryInstructionFault_  
0000f200  _disable_interrupt_                   
0000f208  _disable_FIQ_interrupt_               
0000f210  _disable_IRQ_interrupt_               
0000f218  _enable_interrupt_                    
0000f220  _esmCcmErrorsClear_                   
0000f2a8  _errata_CORTEXR4_57_                  
0000f2b8  _errata_CORTEXR4_66_                  
0000f2c8  __TI_PINIT_Base                       
0000f2cc  __TI_PINIT_Limit                      
0000f2d0  vimParityErrorHandler                 
0000f59c  _c_int00                              
0000fa9c  main                                  
0000faf4  start_task                            
0000fb5c  led0_task                             
0000fbb0  led1_task                             
0000fc28  sciNotification                       
0000fc58  esmGroup1Notification                 
0000fc68  esmGroup2Notification                 
0000fcd8  vListInitialise                       
0000fd30  vListInitialiseItem                   
0000fd4c  vListInsertEnd                        
0000fdc0  vListInsert                           
0000fe84  uxListRemove                          
0001019c  xTaskNotifyStateClear                 
00010218  esmHighInterrupt                      
0001032c  _dabort                               
00010415  floor                                 
00010415  floorl                                
000104f4  _pmuInit_                             
00010540  _pmuEnableCountersGlobal_             
00010550  _pmuDisableCountersGlobal_            
00010560  _pmuResetCycleCounter_                
00010570  _pmuResetEventCounters_               
00010580  _pmuResetCounters_                    
00010590  _pmuStartCounters_                    
00010598  _pmuStopCounters_                     
000105a0  _pmuSetCountEvent_                    
000105ac  _pmuGetCycleCount_                    
000105b4  _pmuGetEventCount_                    
000105c0  _pmuGetOverflow_                      
000105f4  memoryPort0TestFailNotification       
00010610  memoryPort1TestFailNotification       
0001062c  gioNotification                       
00010654  pwmNotification                       
0001066c  edgeNotification                      
00010680  hetNotification                       
00010694  dmaGroupANotification                 
000106a9  __aeabi_memcpy                        
000106a9  __aeabi_memcpy4                       
000106a9  __aeabi_memcpy8                       
000106a9  memcpy                                
00010745  __aeabi_memclr                        
00010745  __aeabi_memclr4                       
00010745  __aeabi_memclr8                       
00010747  __aeabi_memset                        
00010747  __aeabi_memset4                       
00010747  __aeabi_memset8                       
0001074d  memset                                
000107bf  __TI_decompress_lzss                  
0001082d  __TI_auto_init_nobinit_nopinit        
00010871  strlen                                
00010887  __TI_decompress_none                  
00010895  __TI_zero_init                        
000108a1  C$$EXIT                               
000108a1  abort                                 
000108a4  phantomInterrupt                      
000108a8  handlePLLLockFail                     
080008d0  pxCurrentTCB                          
08001000  __start___llvm_prf_cnts               
08001000  __stop___llvm_prf_cnts                
08003030  LED0Task_Handler                      
08003034  LED1Task_Handler                      
08003038  StartTask_Handler                     
08003050  ulCriticalNesting                     
08003054  ulTaskHasFPUContext                   
ffffffff  __TI_pprof_out_hndl                   
ffffffff  __TI_prof_data_size                   
ffffffff  __TI_prof_data_start                  
ffffffff  __binit__                             
ffffffff  __c_args__                            
ffffffff  binit                                 
UNDEFED   SHT$$INIT_ARRAY$$Base                 
UNDEFED   SHT$$INIT_ARRAY$$Limit                
UNDEFED   _system_post_cinit                    

[383 symbols]
