******************************************************************************
                  TI ARM Linker PC v20.2.5                     
******************************************************************************
>> Linked Mon Nov 29 14:26:05 2021

OUTPUT FILE NAME:   <FreeRTOS_test0.out>
ENTRY POINT SYMBOL: "_c_int00"  address: 00015db0


MEMORY CONFIGURATION

         name            origin    length      used     unused   attr    fill
----------------------  --------  ---------  --------  --------  ----  --------
  VECTORS               00000000   00000020  00000020  00000000     X
  KERNEL                00000020   00008000  00005624  000029dc  R  X
  FLASH0                00008020   00137fe0  00012a38  001255a8  R  X
  STACKS                08000000   00000800  00000000  00000800  RW  
  KRAM                  08000800   00000800  00000140  000006c0  RW  
  RAM                   08001000   0002f000  00002dd9  0002c227  RW  


SEGMENT ALLOCATION MAP

run origin  load origin   length   init length attrs members
----------  ----------- ---------- ----------- ----- -------
00000000    00000000    00005648   00005648    r-x
  00000000    00000000    00000020   00000020    r-x .intvecs
  00000020    00000020    00005554   00005554    r-x .kernelTEXT
  00005578    00005578    000000d0   000000d0    r-- .cinit
00008020    00008020    00012a38   00012a38    r-x
  00008020    00008020    00010590   00010590    r-x .text
  000185b0    000185b0    000021fc   000021fc    r-x FEE_TEXT_SECTION
  0001a7ac    0001a7ac    00000200   00000200    r-- .const
  0001a9ac    0001a9ac    000000ac   000000ac    r-- FEE_CONST_SECTION
08000800    08000800    00000140   00000000    rw-
  08000800    08000800    00000140   00000000    rw- .kernelBSS
08001000    08001000    00002ddd   00000000    rw-
  08001000    08001000    00002000   00000000    rw- .kernelHEAP
  08003000    08003000    00000800   00000000    rw- .sysmem
  08003800    08003800    0000026a   00000000    rw- .data
  08003a6c    08003a6c    00000236   00000000    rw- .bss
  08003ca4    08003ca4    00000139   00000000    rw- FEE_DATA_SECTION


SECTION ALLOCATION MAP

 output                                  attributes/
section   page    origin      length       input sections
--------  ----  ----------  ----------   ----------------
.intvecs   0    00000000    00000020     
                  00000000    00000020     sys_intvecs.obj (.intvecs)

.kernelTEXT 
*          0    00000020    00005554     
                  00000020    00002c28     os_tasks.obj (.kernelTEXT)
                  00002c48    00001264     os_queue.obj (.kernelTEXT)
                  00003eac    00000ab0     os_timer.obj (.kernelTEXT)
                  0000495c    000004bc     os_portasm.obj (.kernelTEXT)
                  00004e18    000003e0     os_port.obj (.kernelTEXT)
                  000051f8    0000037c     os_heap.obj (.kernelTEXT)

.cinit     0    00005578    000000d0     
                  00005578    00000071     (.cinit..data.load) [load image, compression = lzss]
                  000055e9    00000003     --HOLE-- [fill = 0]
                  000055ec    0000000c     (__TI_handler_table)
                  000055f8    00000009     (.cinit..kernelBSS.load) [load image, compression = lzss]
                  00005601    00000009     (.cinit.FEE_DATA_SECTION.load) [load image, compression = lzss]
                  0000560a    00000006     --HOLE-- [fill = 0]
                  00005610    00000008     (.cinit..bss.load) [load image, compression = zero_init]
                  00005618    00000008     (.cinit..kernelHEAP.load) [load image, compression = zero_init]
                  00005620    00000028     (__TI_cinit_table)

.text      0    00008020    00010590     
                  00008020    000057c8     ti_fee_util.obj (.text)
                  0000d7e8    00002cdc     sys_selftest.obj (.text)
                  000104c4    00001764     ti_fee_ini.obj (.text)
                  00011c28    000010e0     ti_fee_main.obj (.text)
                  00012d08    00000b64     system.obj (.text)
                  0001386c    00000a58     sys_vim.obj (.text)
                  000142c4    000008b4     pinmux.obj (.text)
                  00014b78    00000664     errata_SSWF021_45.obj (.text)
                  000151dc    000005bc     esm.obj (.text)
                  00015798    0000034c     sys_core.obj (.text)
                  00015ae4    000002cc     sys_vim.obj (.text:retain)
                  00015db0    00000288     sys_startup.obj (.text:retain)
                  00016038    00000278     os_heap.obj (.text)
                  000162b0    00000260     F021_API_CortexR4_LE_V3D16.lib : FlashStateMachine.InitializeFlashBanks.obj (.text:Fapi_initializeFlashBanks)
                  00016510    00000238     os_list.obj (.text)
                  00016748    00000226     rtsv7R4_T_le_v3D16_eabi.lib : _printfi_min.c.obj (.text:__TI_printfi_minimal)
                  0001696e    00000002                                 : _lock.c.obj (.text:_nop)
                  00016970    000001c0     sys_main4.obj (.text)
                  00016b30    000001b0     os_port.obj (.text)
                  00016ce0    0000017c     F021_API_CortexR4_LE_V3D16.lib : FlashStateMachine.SetActiveBank.obj (.text:Fapi_setActiveFlashBank)
                  00016e5c    00000158     os_tasks.obj (.text)
                  00016fb4    00000118     rtsv7R4_T_le_v3D16_eabi.lib : fputs.c.obj (.text:fputs)
                  000170cc    00000114     esm.obj (.text:retain)
                  000171e0    00000100     rtsv7R4_T_le_v3D16_eabi.lib : memory.c.obj (.text:aligned_alloc)
                  000172e0    000000e8     dabort.obj (.text)
                  000173c8    000000e4     rtsv7R4_T_le_v3D16_eabi.lib : memory.c.obj (.text:free)
                  000174ac    000000e0     sys_pmu.obj (.text)
                  0001758c    000000dc     rtsv7R4_T_le_v3D16_eabi.lib : setvbuf.c.obj (.text:setvbuf)
                  00017668    000000d4     notification.obj (.text)
                  0001773c    0000009c     rtsv7R4_T_le_v3D16_eabi.lib : memcpy_t2.asm.obj (.text)
                  000177d8    00000094     F021_API_CortexR4_LE_V3D16.lib : BlankCheck.obj (.text:Fapi_doBlankCheck)
                  0001786c    00000090     rtsv7R4_T_le_v3D16_eabi.lib : fputc.c.obj (.text:fputc)
                  000178fc    00000080     F021_API_CortexR4_LE_V3D16.lib : FlashStateMachine.EnableEepromSectors.obj (.text:Fapi_enableEepromBankSectors)
                  0001797c    0000007a     rtsv7R4_T_le_v3D16_eabi.lib : memset_t2.asm.obj (.text)
                  000179f6    00000002     --HOLE-- [fill = 0]
                  000179f8    00000074                                 : fclose.c.obj (.text:__TI_closefile)
                  00017a6c    00000074                                 : memory.c.obj (.text:split)
                  00017ae0    0000006c                                 : hostrename.c.obj (.text:HOSTrename)
                  00017b4c    0000006c                                 : copy_decompress_lzss.c.obj (.text:decompress:lzss:__TI_decompress_lzss)
                  00017bb8    00000068                                 : hostlseek.c.obj (.text:HOSTlseek)
                  00017c20    00000068                                 : printf.c.obj (.text:printf)
                  00017c88    00000064                                 : _io_perm.c.obj (.text:__TI_wrt_ok)
                  00017cec    00000064                                 : fseek.c.obj (.text:fseek)
                  00017d50    0000005e     F021_API_CortexR4_LE_V3D16.lib : Read.LoopDword.obj (.text:_Fapi_loopRegionForValue)
                  00017dae    00000002     --HOLE-- [fill = 0]
                  00017db0    0000005c     rtsv7R4_T_le_v3D16_eabi.lib : hostopen.c.obj (.text:HOSTopen)
                  00017e0c    0000005c                                 : hostread.c.obj (.text:HOSTread)
                  00017e68    00000058                                 : hostwrite.c.obj (.text:HOSTwrite)
                  00017ec0    00000058                                 : close.c.obj (.text:close)
                  00017f18    00000050     F021_API_CortexR4_LE_V3D16.lib : FlashStateMachine.Hercules.IsEccAddress.obj (.text:Fapi_isAddressEcc)
                  00017f68    0000004c     rtsv7R4_T_le_v3D16_eabi.lib : fflush.c.obj (.text:__TI_doflush)
                  00017fb4    00000044                                 : hostclose.c.obj (.text:HOSTclose)
                  00017ff8    00000044                                 : hostunlink.c.obj (.text:HOSTunlink)
                  0001803c    00000044     F021_API_CortexR4_LE_V3D16.lib : FlashStateMachine.EnableEepromSectors.obj (.text:_Fapi_EnableSectors)
                  00018080    00000044     rtsv7R4_T_le_v3D16_eabi.lib : autoinit.c.obj (.text:__TI_auto_init_nobinit_nopinit:__TI_auto_init_nobinit_nopinit)
                  000180c4    00000044                                 : exit.c.obj (.text:exit)
                  00018108    00000044                                 : getdevice.c.obj (.text:getdevice)
                  0001814c    00000040     F021_API_CortexR4_LE_V3D16.lib : Utilities.CalculateFletcher.obj (.text:Fapi_calculateFletcherChecksum)
                  0001818c    0000003c                                    : FlashStateMachine.IssueFsmCommand.obj (.text:_Fapi_issueFsmCommand)
                  000181c8    0000003c     rtsv7R4_T_le_v3D16_eabi.lib : trgmsg.c.obj (.text:__TI_writemsg)
                  00018204    00000036                                 : strncpy.c.obj (.text:strncpy)
                  0001823a    00000002     --HOLE-- [fill = 0]
                  0001823c    00000034                                 : fopen.c.obj (.text:__TI_cleanup)
                  00018270    00000034                                 : trgmsg.c.obj (.text:__TI_readmsg)
                  000182a4    00000034                                 : getdevice.c.obj (.text:finddevice)
                  000182d8    00000030     F021_API_CortexR4_LE_V3D16.lib : Async.WithAddress.obj (.text:Fapi_issueAsyncCommandWithAddress)
                  00018308    00000030                                    : Utilities.WaitDelay.obj (.text:Fapi_waitDelay)
                  00018338    0000002c                                    : Read.Common.obj (.text:_Fapi_readDword)
                  00018364    0000002c     rtsv7R4_T_le_v3D16_eabi.lib : unlink.c.obj (.text:unlink)
                  00018390    0000002a     F021_API_CortexR4_LE_V3D16.lib : Async.obj (.text:Fapi_issueAsyncCommand)
                  000183ba    00000002     --HOLE-- [fill = 0]
                  000183bc    00000028     rtsv7R4_T_le_v3D16_eabi.lib : memory.c.obj (.text:free_list_insert)
                  000183e4    00000028                                 : lseek.c.obj (.text:lseek)
                  0001840c    00000028                                 : write.c.obj (.text:write)
                  00018434    00000026                                 : memccpy.c.obj (.text:memccpy)
                  0001845a    00000022     F021_API_CortexR4_LE_V3D16.lib : Read.FlushPipeline.obj (.text:Fapi_flushPipeline)
                  0001847c    00000020     rtsv7R4_T_le_v3D16_eabi.lib : memchr.c.obj (.text:memchr)
                  0001849c    0000001c     F021_API_CortexR4_LE_V3D16.lib : FlashStateMachine.InitializeFlashBanks.obj (.text:_Fapi_divideUnsignedLong)
                  000184b8    0000001c     rtsv7R4_T_le_v3D16_eabi.lib : memory.c.obj (.text:free_list_remove)
                  000184d4    00000018                                 : strcmp.c.obj (.text:strcmp)
                  000184ec    00000016                                 : strchr.c.obj (.text:strchr)
                  00018502    00000016                                 : strlen.c.obj (.text:strlen)
                  00018518    00000014                                 : strcpy.c.obj (.text:strcpy)
                  0001852c    00000010     F021_API_CortexR4_LE_V3D16.lib : Utilities.GetNumberOfSectors.obj (.text:Fapi_getNumberOfBankSectors)
                  0001853c    00000010                                    : FlashStateMachine.ScaleFclk.obj (.text:_scaleEEFclk)
                  0001854c    00000010                                    : FlashStateMachine.ScaleFclk.obj (.text:_scaleMainFclk)
                  0001855c    0000000e     rtsv7R4_T_le_v3D16_eabi.lib : copy_decompress_none.c.obj (.text:decompress:none:__TI_decompress_none)
                  0001856a    0000000c     F021_API_CortexR4_LE_V3D16.lib : Read.WdService.obj (.text:_Fapi_checkWdService)
                  00018576    0000000c     rtsv7R4_T_le_v3D16_eabi.lib : copy_zero_init.c.obj (.text:decompress:ZI:__TI_zero_init)
                  00018582    00000002     --HOLE-- [fill = 0]
                  00018584    00000008     Fapi_UserDefinedFunctions.obj (.text)
                  0001858c    00000008     rtsv7R4_T_le_v3D16_eabi.lib : memory.c.obj (.text:malloc)
                  00018594    00000004                                 : printf.c.obj (.text:_outc)
                  00018598    00000004                                 : printf.c.obj (.text:_outs)
                  0001859c    00000004                                 : exit.c.obj (.text:abort:abort)
                  000185a0    00000004     sys_phantom.obj (.text:retain)
                  000185a4    00000004     sys_startup.obj (.text)
                  000185a8    00000008     Fapi_UserDefinedFunctions.obj (.tramp.Fapi_serviceWatchdogTimer.1)

FEE_TEXT_SECTION 
*          0    000185b0    000021fc     
                  000185b0    000011bc     ti_fee_writeSync.obj (FEE_TEXT_SECTION)
                  0001976c    000007a4     ti_fee_read.obj (FEE_TEXT_SECTION)
                  00019f10    000004b0     ti_fee_format.obj (FEE_TEXT_SECTION)
                  0001a3c0    000003ec     ti_fee_invalidateblock.obj (FEE_TEXT_SECTION)

.const     0    0001a7ac    00000200     
                  0001a7ac    00000200     sys_vim.obj (.const:s_vim_init)

FEE_CONST_SECTION 
*          0    0001a9ac    000000ac     
                  0001a9ac    00000084     Device_RM46.obj (FEE_CONST_SECTION)
                  0001aa30    00000028     ti_fee_cfg.obj (FEE_CONST_SECTION)

.kernelBSS 
*          0    08000800    00000140     UNINITIALIZED
                  08000800    000000d0     os_tasks.obj (.kernelBSS:uninit)
                  080008d0    00000034     os_tasks.obj (.kernelBSS:init)
                  08000904    00000030     os_timer.obj (.kernelBSS:uninit)
                  08000934    0000000c     os_timer.obj (.kernelBSS:init)

.kernelHEAP 
*          0    08001000    00002000     UNINITIALIZED
                  08001000    00002000     os_heap.obj (.kernelHEAP)

.sysmem    0    08003000    00000800     UNINITIALIZED
                  08003000    00000010     rtsv7R4_T_le_v3D16_eabi.lib : memory.c.obj (.sysmem)
                  08003010    000007f0     --HOLE--

.data      0    08003800    0000026a     UNINITIALIZED
                  08003800    000000f0     rtsv7R4_T_le_v3D16_eabi.lib : defs.c.obj (.data:_ftable)
                  080038f0    00000078                                 : host_device.c.obj (.data:_device)
                  08003968    00000064     sys_main4.obj (.data:read_data)
                  080039cc    00000050     rtsv7R4_T_le_v3D16_eabi.lib : host_device.c.obj (.data:_stream)
                  08003a1c    00000010     os_heap.obj (.data)
                  08003a2c    00000010     rtsv7R4_T_le_v3D16_eabi.lib : defs.c.obj (.data)
                  08003a3c    0000000c                                 : exit.c.obj (.data:$O1$$)
                  08003a48    00000008                                 : _lock.c.obj (.data:$O1$$)
                  08003a50    00000008                                 : memory.c.obj (.data:$O1$$)
                  08003a58    00000008     F021_API_CortexR4_LE_V3D16.lib : FlashStateMachine.ScaleFclk.obj (.data)
                  08003a60    00000008     os_port.obj (.data)
                  08003a68    00000001     F021_API_CortexR4_LE_V3D16.lib : FlashStateMachine.SetActiveBank.obj (.data)
                  08003a69    00000001     sys_main4.obj (.data)

.bss       0    08003a6c    00000236     UNINITIALIZED
                  08003a6c    00000120     rtsv7R4_T_le_v3D16_eabi.lib : trgmsg.c.obj (.bss:_CIOBUF_)
                  08003b8c    000000a0     (.common:__TI_tmpnams)
                  08003c2c    00000064     (.common:SpecialRamBlock)
                  08003c90    00000008     os_heap.obj (.bss:xStart)
                  08003c98    00000008     (.common:parmbuf)
                  08003ca0    00000002     (.common:Status)

FEE_DATA_SECTION 
*          0    08003ca4    00000139     UNINITIALIZED
                  08003ca4    000000fd     ti_fee_ini.obj (FEE_DATA_SECTION)
                  08003da1    00000001     ti_fee_main.obj (FEE_DATA_SECTION)
                  08003da2    00000002     --HOLE--
                  08003da4    0000002e     ti_fee_util.obj (FEE_DATA_SECTION:uninit)
                  08003dd2    00000002     --HOLE--
                  08003dd4    00000009     ti_fee_util.obj (FEE_DATA_SECTION:init)

__llvm_prf_cnts 
*          0    08001000    00000000     UNINITIALIZED

MODULE SUMMARY

       Module                                        code    ro data   rw data
       ------                                        ----    -------   -------
    .\source\
       ti_fee_util.obj                               22472   0         55     
       os_tasks.obj                                  11648   0         260    
       sys_selftest.obj                              11484   0         0      
       os_heap.obj                                   1524    0         8216   
       ti_fee_ini.obj                                5988    0         253    
       os_queue.obj                                  4708    0         0      
       ti_fee_writeSync.obj                          4540    0         0      
       ti_fee_main.obj                               4320    0         1      
       sys_vim.obj                                   3364    512       0      
       system.obj                                    2916    0         0      
       os_timer.obj                                  2736    0         60     
       pinmux.obj                                    2228    0         0      
       ti_fee_read.obj                               1956    0         0      
       esm.obj                                       1744    0         0      
       errata_SSWF021_45.obj                         1636    0         0      
       os_port.obj                                   1424    0         8      
       os_portasm.obj                                1212    0         0      
       ti_fee_format.obj                             1200    0         0      
       ti_fee_invalidateblock.obj                    1004    0         0      
       sys_core.obj                                  844     0         0      
       sys_startup.obj                               652     0         0      
       sys_main4.obj                                 448     0         203    
       os_list.obj                                   568     0         0      
       dabort.obj                                    232     0         0      
       sys_pmu.obj                                   224     0         0      
       notification.obj                              212     0         0      
       Device_RM46.obj                               0       132       0      
       ti_fee_cfg.obj                                0       40        0      
       sys_intvecs.obj                               32      0         0      
       Fapi_UserDefinedFunctions.obj                 16      0         0      
       sys_phantom.obj                               4       0         0      
    +--+---------------------------------------------+-------+---------+---------+
       Total:                                        91336   684       9056   
                                                                              
    C:/ti/Hercules/F021 Flash API/02.01.01/F021_API_CortexR4_LE_V3D16.lib
       FlashStateMachine.InitializeFlashBanks.obj    636     0         0      
       FlashStateMachine.SetActiveBank.obj           380     0         1      
       FlashStateMachine.EnableEepromSectors.obj     196     0         0      
       BlankCheck.obj                                148     0         0      
       Read.LoopDword.obj                            94      0         0      
       FlashStateMachine.Hercules.IsEccAddress.obj   80      0         0      
       Utilities.CalculateFletcher.obj               64      0         0      
       FlashStateMachine.IssueFsmCommand.obj         60      0         0      
       Async.WithAddress.obj                         48      0         0      
       Utilities.WaitDelay.obj                       48      0         0      
       Read.Common.obj                               44      0         0      
       Async.obj                                     42      0         0      
       FlashStateMachine.ScaleFclk.obj               32      0         8      
       Read.FlushPipeline.obj                        34      0         0      
       Utilities.GetNumberOfSectors.obj              16      0         0      
       Read.WdService.obj                            12      0         0      
    +--+---------------------------------------------+-------+---------+---------+
       Total:                                        1934    0         9      
                                                                              
    C:/ti/ccsv8/tools/compiler/ti-cgt-arm_20.2.5.LTS/lib/rtsv7R4_T_le_v3D16_eabi.lib
       memory.c.obj                                  676     0         8      
       _printfi_min.c.obj                            550     0         0      
       defs.c.obj                                    0       0         416    
       trgmsg.c.obj                                  112     0         288    
       fputs.c.obj                                   280     0         0      
       setvbuf.c.obj                                 220     0         0      
       host_device.c.obj                             0       0         200    
       memcpy_t2.asm.obj                             156     0         0      
       fputc.c.obj                                   144     0         0      
       memset_t2.asm.obj                             122     0         0      
       getdevice.c.obj                               120     0         0      
       fclose.c.obj                                  116     0         0      
       printf.c.obj                                  112     0         0      
       copy_decompress_lzss.c.obj                    108     0         0      
       hostrename.c.obj                              108     0         0      
       hostlseek.c.obj                               104     0         0      
       _io_perm.c.obj                                100     0         0      
       fseek.c.obj                                   100     0         0      
       hostopen.c.obj                                92      0         8      
       hostread.c.obj                                92      0         0      
       close.c.obj                                   88      0         0      
       hostwrite.c.obj                               88      0         0      
       exit.c.obj                                    72      0         12     
       fflush.c.obj                                  76      0         0      
       autoinit.c.obj                                68      0         0      
       hostclose.c.obj                               68      0         0      
       hostunlink.c.obj                              68      0         0      
       strncpy.c.obj                                 54      0         0      
       fopen.c.obj                                   52      0         0      
       unlink.c.obj                                  44      0         0      
       lseek.c.obj                                   40      0         0      
       write.c.obj                                   40      0         0      
       memccpy.c.obj                                 38      0         0      
       memchr.c.obj                                  32      0         0      
       strcmp.c.obj                                  24      0         0      
       strchr.c.obj                                  22      0         0      
       strlen.c.obj                                  22      0         0      
       strcpy.c.obj                                  20      0         0      
       copy_decompress_none.c.obj                    14      0         0      
       copy_zero_init.c.obj                          12      0         0      
       _lock.c.obj                                   2       0         8      
    +--+---------------------------------------------+-------+---------+---------+
       Total:                                        4256    0         940    
                                                                              
       Heap:                                         0       0         2048   
       Linker Generated:                             0       199       0      
    +--+---------------------------------------------+-------+---------+---------+
       Grand Total:                                  97526   883       12053  


LINKER GENERATED COPY TABLES

__TI_cinit_table @ 00005620 records: 5, size/record: 8, table size: 40
	.data: load addr=00005578, load size=00000071 bytes, run addr=08003800, run size=0000026a bytes, compression=lzss
	.kernelBSS: load addr=000055f8, load size=00000009 bytes, run addr=08000800, run size=00000140 bytes, compression=lzss
	FEE_DATA_SECTION: load addr=00005601, load size=00000009 bytes, run addr=08003ca4, run size=00000139 bytes, compression=lzss
	.bss: load addr=00005610, load size=00000008 bytes, run addr=08003a6c, run size=00000236 bytes, compression=zero_init
	.kernelHEAP: load addr=00005618, load size=00000008 bytes, run addr=08001000, run size=00002000 bytes, compression=zero_init


LINKER GENERATED HANDLER TABLE

__TI_handler_table @ 000055ec records: 3, size/record: 4, table size: 12
	index: 0, handler: __TI_decompress_lzss
	index: 1, handler: __TI_decompress_none
	index: 2, handler: __TI_zero_init

VENEERS

callee name               veneer name
   callee addr  veneer addr  call addr  call info
--------------  -----------  ---------  ----------------
Fapi_serviceWatchdogTimer  $Ven$TA$L$PI$$Fapi_serviceWatchdogTimer
   00018584     000185a8     00018570   F021_API_CortexR4_LE_V3D16.lib : Read.WdService.obj (.text:_Fapi_checkWdService)

[1 trampolines]
[1 trampoline calls]


GLOBAL SYMBOLS: SORTED ALPHABETICALLY BY Name 

address   name                                    
-------   ----                                    
0001859d  C$$EXIT                                 
000181fb  C$$IO$$                                 
0001a9ac  Device_FlashDevice                      
0001814d  Fapi_calculateFletcherChecksum          
000177d9  Fapi_doBlankCheck                       
000178fd  Fapi_enableEepromBankSectors            
0001845b  Fapi_flushPipeline                      
0001852d  Fapi_getNumberOfBankSectors             
000162b1  Fapi_initializeFlashBanks               
00017f19  Fapi_isAddressEcc                       
00018391  Fapi_issueAsyncCommand                  
000182d9  Fapi_issueAsyncCommandWithAddress       
00018584  Fapi_serviceWatchdogTimer               
00016ce1  Fapi_setActiveFlashBank                 
00018309  Fapi_waitDelay                          
0001aa48  Fee_BlockConfiguration                  
0001aa30  Fee_VirtualSectorConfiguration          
00017fb5  HOSTclose                               
00017bb9  HOSTlseek                               
00017db1  HOSTopen                                
00017e0d  HOSTread                                
00017ae1  HOSTrename                              
00017ff9  HOSTunlink                              
00017e69  HOSTwrite                               
UNDEFED   SHT$$INIT_ARRAY$$Base                   
UNDEFED   SHT$$INIT_ARRAY$$Limit                  
08003c2c  SpecialRamBlock                         
08003ca0  Status                                  
00008af8  TI_FeeInternal_AlignAddressForECC       
0000918c  TI_FeeInternal_BlankCheck               
0000cf30  TI_FeeInternal_CheckForError            
0000aa54  TI_FeeInternal_CheckModuleState         
0000aab4  TI_FeeInternal_CheckReadParameters      
0000d6c4  TI_FeeInternal_EnableRequiredFlashSector
0000b040  TI_FeeInternal_FeeManager               
00008ec8  TI_FeeInternal_FindNextVirtualSector    
0000d0ac  TI_FeeInternal_Fletcher16               
00009d28  TI_FeeInternal_GetArrayIndex            
00009c6c  TI_FeeInternal_GetBlockIndex            
00009c30  TI_FeeInternal_GetBlockNumber           
00008e88  TI_FeeInternal_GetBlockSize             
0000abe4  TI_FeeInternal_GetCurrentBlockAddress   
00009cec  TI_FeeInternal_GetDataSetIndex          
0000ace8  TI_FeeInternal_GetNextFlashAddress      
00009a54  TI_FeeInternal_GetVirtualSectorIndex    
00008020  TI_FeeInternal_GetVirtualSectorParameter
0000cb10  TI_FeeInternal_InvalidateErase          
00008e0c  TI_FeeInternal_PollFlashStatus          
0000ad38  TI_FeeInternal_SanityCheck              
0000af28  TI_FeeInternal_SetClearCopyBlockState   
0000cdc0  TI_FeeInternal_StartProgramBlock        
00009e90  TI_FeeInternal_UpdateBlockOffsetArray   
0000c4b8  TI_FeeInternal_WriteBlockHeader         
00008664  TI_FeeInternal_WriteDataF021            
00008b30  TI_FeeInternal_WriteInitialize          
0000c818  TI_FeeInternal_WritePreviousBlockHeader 
000081b8  TI_FeeInternal_WriteVirtualSectorHeader 
0000d1d8  TI_Fee_ErrorRecovery                    
08003da0  TI_Fee_FapiInitCalled                   
00019f10  TI_Fee_Format                           
0000cec4  TI_Fee_GetStatus                        
08003ca4  TI_Fee_GlobalVariables                  
00010548  TI_Fee_Init                             
0001a3c0  TI_Fee_InvalidateBlock                  
00011c28  TI_Fee_MainFunction                     
0001976c  TI_Fee_Read                             
0000d4b4  TI_Fee_SuspendResumeErase               
000185b8  TI_Fee_WriteSync                        
08003d89  TI_Fee_bEraseSuspended                  
08003d8a  TI_Fee_bIsMainFunctionCalled            
08003d8c  TI_Fee_oStatusWord                      
08003d84  TI_Fee_u32ActCpyVS                      
08003d7c  TI_Fee_u32BlockEraseCount               
08003d78  TI_Fee_u32FletcherChecksum              
08003d74  TI_Fee_u8DataSets                       
08003d80  TI_Fee_u8DeviceIndex                    
08003d88  TI_Fee_u8ErrEraseVS                     
08003d90  TI_FlashStatusWord                      
0001803d  _Fapi_EnableSectors                     
0001856b  _Fapi_checkWdService                    
0001818d  _Fapi_issueFsmCommand                   
00017d51  _Fapi_loopRegionForValue                
00018339  _Fapi_readDword                         
08003a6c  __CIOBUF_                               
00000800  __SYSMEM_SIZE                           
00005620  __TI_CINIT_Base                         
00005648  __TI_CINIT_Limit                        
000055ec  __TI_Handler_Table_Base                 
000055f8  __TI_Handler_Table_Limit                
00015adc  __TI_PINIT_Base                         
00015ae0  __TI_PINIT_Limit                        
00018081  __TI_auto_init_nobinit_nopinit          
0001823d  __TI_cleanup                            
08003a3c  __TI_cleanup_ptr                        
000179f9  __TI_closefile                          
00017b4d  __TI_decompress_lzss                    
0001855d  __TI_decompress_none                    
00017f69  __TI_doflush                            
08003a40  __TI_dtors_ptr                          
08003a44  __TI_enable_exit_profile_output         
08003a2c  __TI_ft_end                             
ffffffff  __TI_pprof_out_hndl                     
00016749  __TI_printfi_minimal                    
ffffffff  __TI_prof_data_size                     
ffffffff  __TI_prof_data_start                    
00018271  __TI_readmsg                            
00000000  __TI_static_base__                      
08003b8c  __TI_tmpnams                            
000181c9  __TI_writemsg                           
00017c89  __TI_wrt_ok                             
00018577  __TI_zero_init                          
0001797d  __aeabi_memclr                          
0001797d  __aeabi_memclr4                         
0001797d  __aeabi_memclr8                         
0001773d  __aeabi_memcpy                          
0001773d  __aeabi_memcpy4                         
0001773d  __aeabi_memcpy8                         
0001797f  __aeabi_memset                          
0001797f  __aeabi_memset4                         
0001797f  __aeabi_memset8                         
08003a38  __aeabi_stderr                          
08003a30  __aeabi_stdin                           
08003a34  __aeabi_stdout                          
ffffffff  __binit__                               
ffffffff  __c_args__                              
08001000  __start___llvm_prf_cnts                 
08001000  __stop___llvm_prf_cnts                  
00015db0  _c_int00                                
000159f4  _coreClearAuxiliaryDataFault_           
00015a08  _coreClearAuxiliaryInstructionFault_    
000159cc  _coreClearDataFaultAddress_             
000159a4  _coreClearDataFault_                    
000159e0  _coreClearInstructionFaultAddress_      
000159b8  _coreClearInstructionFault_             
00015938  _coreDisableEventBusExport_             
0001597c  _coreDisableFlashEcc_                   
00015958  _coreDisableRamEcc_                     
00015928  _coreEnableEventBusExport_              
00015968  _coreEnableFlashEcc_                    
0001598c  _coreEnableIrqVicOffset_                
00015948  _coreEnableRamEcc_                      
00015910  _coreEnableVfp_                         
000159ec  _coreGetAuxiliaryDataFault_             
00015a00  _coreGetAuxiliaryInstructionFault_      
000159c4  _coreGetDataFaultAddress_               
0001599c  _coreGetDataFault_                      
000159d8  _coreGetInstructionFaultAddress_        
000159b0  _coreGetInstructionFault_               
00015798  _coreInitRegisters_                     
000158a4  _coreInitStackPointer_                  
000172e0  _dabort                                 
080038f0  _device                                 
00015a1c  _disable_FIQ_interrupt_                 
00015a24  _disable_IRQ_interrupt_                 
00015a14  _disable_interrupt_                     
00015a2c  _enable_interrupt_                      
00015abc  _errata_CORTEXR4_57_                    
00015acc  _errata_CORTEXR4_66_                    
00014b78  _errata_SSWF021_45_both_plls            
00014d6c  _errata_SSWF021_45_pll1                 
00014ee4  _errata_SSWF021_45_pll2                 
00015a34  _esmCcmErrorsClear_                     
08003800  _ftable                                 
000158f0  _getCPSRValue_                          
000158f8  _gotoCPUIdle_                           
08003a48  _lock                                   
0001696f  _nop                                    
00017508  _pmuDisableCountersGlobal_              
000174f8  _pmuEnableCountersGlobal_               
00017564  _pmuGetCycleCount_                      
0001756c  _pmuGetEventCount_                      
00017578  _pmuGetOverflow_                        
000174ac  _pmuInit_                               
00017538  _pmuResetCounters_                      
00017518  _pmuResetCycleCounter_                  
00017528  _pmuResetEventCounters_                 
00017558  _pmuSetCountEvent_                      
00017548  _pmuStartCounters_                      
00017550  _pmuStopCounters_                       
0001853d  _scaleEEFclk                            
0001854d  _scaleMainFclk                          
080039cc  _stream                                 
08003000  _sys_memory                             
UNDEFED   _system_post_cinit                      
08003a4c  _unlock                                 
0001859d  abort                                   
0000ea34  adc1ParityCheck                         
0000eb20  adc2ParityCheck                         
000171e1  aligned_alloc                           
ffffffff  binit                                   
0000ebd8  can1ParityCheck                         
0000ecb0  can2ParityCheck                         
0000ed78  can3ParityCheck                         
0000d7f8  ccmSelfCheck                            
0000fec4  ccmr4GetConfigValue                     
0000e100  checkB0RAMECC                           
0000e2f0  checkB1RAMECC                           
0000f3e0  checkClockMonitor                       
0000e4e0  checkFlashECC                           
0000f4bc  checkFlashEEPROMECC                     
0000f654  checkPLL1Slip                           
0000f754  checkPLL2Slip                           
0000f818  checkRAMAddrParity                      
0000f198  checkRAMECC                             
0000f924  checkRAMUERRTest                        
0000df84  checkefcSelfTest                        
00017ec1  close                                   
0000d9fc  cpuSelfTest                             
0000e5c4  cpuSelfTestFail                         
00013790  customTrimLPO                           
0000e5bc  custom_dabort                           
00016970  delay                                   
00010320  disableParity                           
00017728  dmaGroupANotification                   
0000e674  dmaParityCheck                          
00001f74  eTaskConfirmSleepModeStatus             
00000888  eTaskGetState                           
00017700  edgeNotification                        
0000de28  efcCheck                                
0000fe28  efcGetConfigValue                       
0000df5c  efcSelfTest                             
0000deb0  efcStuckZeroTest                        
00010298  enableParity                            
0000ff34  errata_PBIST_4                          
00015360  esmActivateNormalOperation              
00015434  esmClearStatus                          
00015474  esmClearStatusBuffer                    
00015328  esmDisableError                         
00015398  esmDisableInterrupt                     
00015300  esmEnableError                          
00015370  esmEnableInterrupt                      
0001556c  esmEnterSelfTest                        
000152e4  esmError                                
00015644  esmGetConfigValue                       
000154b0  esmGetStatus                            
00015534  esmGetStatusBuffer                      
00017668  esmGroup1Notification                   
00017678  esmGroup2Notification                   
000170cc  esmHighInterrupt                        
000151dc  esmInit                                 
000155f4  esmSelfTestStatus                       
00015490  esmSetCounterPreloadValue               
000153c0  esmSetInterruptLevel                    
00015350  esmTriggerErrorPinReset                 
000180c5  exit                                    
000182a5  finddevice                              
0000fa8c  fmcBus1ParityCheck                      
0000e024  fmcBus2Check                            
0000e060  fmcECCcheck                             
0001786d  fputc                                   
00016fb5  fputs                                   
000173c9  free                                    
00017ced  fseek                                   
00018109  getdevice                               
000176c0  gioNotification                         
000185a4  handlePLLLockFail                       
0000e720  het1ParityCheck                         
0000e888  het2ParityCheck                         
00017714  hetNotification                         
0000e7cc  htu1ParityCheck                         
0000e984  htu2ParityCheck                         
000183e5  lseek                                   
0001699c  main                                    
0001858d  malloc                                  
00012e70  mapClocks                               
000171e1  memalign                                
00018435  memccpy                                 
0001847d  memchr                                  
0001773d  memcpy                                  
0000d93c  memoryInit                              
00017688  memoryPort0TestFailNotification         
000176a4  memoryPort1TestFailNotification         
00017985  memset                                  
0000ee4c  mibspi1ParityCheck                      
0000ef54  mibspi3ParityCheck                      
0000f078  mibspi5ParityCheck                      
000142c4  muxInit                                 
08003a69  oResult                                 
08003c98  parmbuf                                 
0000fbb4  pbistFail                               
0000fc38  pbistGetConfigValue                     
0000dd70  pbistIsTestCompleted                    
0000dd9c  pbistIsTestPassed                       
0000ddd0  pbistPortTestStatus                     
0000dc74  pbistRun                                
0000da94  pbistSelfCheck                          
0000dd40  pbistStop                               
00001358  pcTaskGetName                           
00004188  pcTimerGetName                          
00012e1c  periphInit                              
000185a0  phantomInterrupt                        
00014778  pinmuxGetConfigValue                    
00017c21  printf                                  
00004df0  prvMpuDisable                           
00004dd8  prvMpuEnable                            
00004dc0  prvMpuSetRegion                         
0001786d  putc                                    
000051f8  pvPortMalloc                            
00002050  pvTaskGetThreadLocalStoragePointer      
000048bc  pvTimerGetTimerID                       
000176e8  pwmNotification                         
080008d0  pxCurrentTCB                            
00004e18  pxPortInitialiseStack                   
08003968  read_data                               
00018365  remove                                  
00000000  resetEntry                              
000176d4  sciNotification                         
0000d7e8  selftestFailNotification                
00012ddc  setupFlash                              
00012d08  setupPLL                                
0001758d  setvbuf                                 
00013654  sramGetConfigValue                      
0000fd84  stcGetConfigValue                       
0000d980  stcSelfCheck                            
0000e5c0  stcSelfCheckFail                        
000184ed  strchr                                  
000184d5  strcmp                                  
00018519  strcpy                                  
00018503  strlen                                  
00018205  strncpy                                 
00013094  systemGetConfigValue                    
00012f98  systemInit                              
00013064  systemPowerDown                         
000134a8  tcmflashGetConfigValue                  
00012d68  trimLPO                                 
08003a60  ulCriticalNesting                       
00004cdc  ulPortCountLeadingZeros                 
08003a64  ulTaskHasFPUContext                     
000023e8  ulTaskNotifyTake                        
00018365  unlink                                  
000166bc  uxListRemove                            
00003958  uxQueueMessagesWaiting                  
000039dc  uxQueueMessagesWaitingFromISR           
00003990  uxQueueSpacesAvailable                  
0000134c  uxTaskGetNumberOfTasks                  
00002294  uxTaskGetStackHighWaterMark             
0000098c  uxTaskPriorityGet                       
000009d0  uxTaskPriorityGetFromISR                
000023ac  uxTaskResetEventItemValue               
00016510  vListInitialise                         
00016568  vListInitialiseItem                     
000165f8  vListInsert                             
00016584  vListInsertEnd                          
000051c4  vPortEndScheduler                       
0000544c  vPortFree                               
0000555c  vPortInitialiseBlocks                   
00004cd0  vPortInitialiseFPSCR                    
00004bd0  vPortPreemptiveTick                     
00004ce4  vPortSWI                                
00004960  vPortStartFirstTask                     
00004f2c  vPortStoreTaskMPUSettings               
00004adc  vPortYeildWithinAPI                     
000049f0  vPortYieldProcessor                     
00003a0c  vQueueDelete                            
00003e1c  vQueueWaitForMessageRestricted          
000020bc  vTaskAllocateMPURegions                 
00000804  vTaskDelay                              
00000698  vTaskDelayUntil                         
00000530  vTaskDelete                             
00001088  vTaskEndScheduler                       
00001f60  vTaskMissedYield                        
000029a0  vTaskNotifyGiveFromISR                  
00001acc  vTaskPlaceOnEventList                   
00001b94  vTaskPlaceOnEventListRestricted         
00001b10  vTaskPlaceOnUnorderedEventList          
00000a18  vTaskPrioritySet                        
00000e14  vTaskResume                             
00001ff8  vTaskSetThreadLocalStoragePointer       
00001de8  vTaskSetTimeOutState                    
00000fdc  vTaskStartScheduler                     
0000166c  vTaskStepTick                           
00000c10  vTaskSuspend                            
000010a4  vTaskSuspendAll                         
000019ec  vTaskSwitchContext                      
000048fc  vTimerSetTimerID                        
00013940  vimChannelMap                           
00013bac  vimDisableInterrupt                     
000139e4  vimEnableInterrupt                      
00013c58  vimGetConfigValue                       
0001386c  vimInit                                 
0000e5c8  vimParityCheck                          
00015ae4  vimParityErrorHandler                   
0001840d  write                                   
00005544  xPortGetFreeHeapSize                    
00005550  xPortGetMinimumEverFreeHeapSize         
000051a0  xPortStartScheduler                     
00002d70  xQueueGenericCreate                     
00003448  xQueueGenericReceive                    
00002c48  xQueueGenericReset                      
00002e8c  xQueueGenericSend                       
0000314c  xQueueGenericSendFromISR                
000032dc  xQueueGiveFromISR                       
00003d40  xQueueIsQueueEmptyFromISR               
00003dcc  xQueueIsQueueFullFromISR                
00003864  xQueuePeekFromISR                       
0000371c  xQueueReceiveFromISR                    
000016c8  xTaskAbortDelay                         
00001e28  xTaskCheckForTimeOut                    
000000fc  xTaskCreate                             
00000020  xTaskCreateRestricted                   
000025d0  xTaskGenericNotify                      
000027a0  xTaskGenericNotifyFromISR               
0000152c  xTaskGetHandle                          
00001634  xTaskGetIdleTaskHandle                  
0000235c  xTaskGetSchedulerState                  
0000130c  xTaskGetTickCount                       
00001328  xTaskGetTickCountFromISR                
000017c4  xTaskIncrementTick                      
00016f38  xTaskNotifyStateClear                   
000024bc  xTaskNotifyWait                         
00001bf0  xTaskRemoveFromEventList                
00001ce4  xTaskRemoveFromUnorderedEventList       
0000115c  xTaskResumeAll                          
00000ef4  xTaskResumeFromISR                      
00003f10  xTimerCreate                            
00003eac  xTimerCreateTimerTask                   
0000400c  xTimerGenericCommand                    
00004150  xTimerGetExpiryTime                     
00004120  xTimerGetPeriod                         
000040e8  xTimerGetTimerDaemonTaskHandle          
0000484c  xTimerIsTimerActive                     


GLOBAL SYMBOLS: SORTED BY Symbol Address 

address   name                                    
-------   ----                                    
00000000  __TI_static_base__                      
00000000  resetEntry                              
00000020  xTaskCreateRestricted                   
000000fc  xTaskCreate                             
00000530  vTaskDelete                             
00000698  vTaskDelayUntil                         
00000800  __SYSMEM_SIZE                           
00000804  vTaskDelay                              
00000888  eTaskGetState                           
0000098c  uxTaskPriorityGet                       
000009d0  uxTaskPriorityGetFromISR                
00000a18  vTaskPrioritySet                        
00000c10  vTaskSuspend                            
00000e14  vTaskResume                             
00000ef4  xTaskResumeFromISR                      
00000fdc  vTaskStartScheduler                     
00001088  vTaskEndScheduler                       
000010a4  vTaskSuspendAll                         
0000115c  xTaskResumeAll                          
0000130c  xTaskGetTickCount                       
00001328  xTaskGetTickCountFromISR                
0000134c  uxTaskGetNumberOfTasks                  
00001358  pcTaskGetName                           
0000152c  xTaskGetHandle                          
00001634  xTaskGetIdleTaskHandle                  
0000166c  vTaskStepTick                           
000016c8  xTaskAbortDelay                         
000017c4  xTaskIncrementTick                      
000019ec  vTaskSwitchContext                      
00001acc  vTaskPlaceOnEventList                   
00001b10  vTaskPlaceOnUnorderedEventList          
00001b94  vTaskPlaceOnEventListRestricted         
00001bf0  xTaskRemoveFromEventList                
00001ce4  xTaskRemoveFromUnorderedEventList       
00001de8  vTaskSetTimeOutState                    
00001e28  xTaskCheckForTimeOut                    
00001f60  vTaskMissedYield                        
00001f74  eTaskConfirmSleepModeStatus             
00001ff8  vTaskSetThreadLocalStoragePointer       
00002050  pvTaskGetThreadLocalStoragePointer      
000020bc  vTaskAllocateMPURegions                 
00002294  uxTaskGetStackHighWaterMark             
0000235c  xTaskGetSchedulerState                  
000023ac  uxTaskResetEventItemValue               
000023e8  ulTaskNotifyTake                        
000024bc  xTaskNotifyWait                         
000025d0  xTaskGenericNotify                      
000027a0  xTaskGenericNotifyFromISR               
000029a0  vTaskNotifyGiveFromISR                  
00002c48  xQueueGenericReset                      
00002d70  xQueueGenericCreate                     
00002e8c  xQueueGenericSend                       
0000314c  xQueueGenericSendFromISR                
000032dc  xQueueGiveFromISR                       
00003448  xQueueGenericReceive                    
0000371c  xQueueReceiveFromISR                    
00003864  xQueuePeekFromISR                       
00003958  uxQueueMessagesWaiting                  
00003990  uxQueueSpacesAvailable                  
000039dc  uxQueueMessagesWaitingFromISR           
00003a0c  vQueueDelete                            
00003d40  xQueueIsQueueEmptyFromISR               
00003dcc  xQueueIsQueueFullFromISR                
00003e1c  vQueueWaitForMessageRestricted          
00003eac  xTimerCreateTimerTask                   
00003f10  xTimerCreate                            
0000400c  xTimerGenericCommand                    
000040e8  xTimerGetTimerDaemonTaskHandle          
00004120  xTimerGetPeriod                         
00004150  xTimerGetExpiryTime                     
00004188  pcTimerGetName                          
0000484c  xTimerIsTimerActive                     
000048bc  pvTimerGetTimerID                       
000048fc  vTimerSetTimerID                        
00004960  vPortStartFirstTask                     
000049f0  vPortYieldProcessor                     
00004adc  vPortYeildWithinAPI                     
00004bd0  vPortPreemptiveTick                     
00004cd0  vPortInitialiseFPSCR                    
00004cdc  ulPortCountLeadingZeros                 
00004ce4  vPortSWI                                
00004dc0  prvMpuSetRegion                         
00004dd8  prvMpuEnable                            
00004df0  prvMpuDisable                           
00004e18  pxPortInitialiseStack                   
00004f2c  vPortStoreTaskMPUSettings               
000051a0  xPortStartScheduler                     
000051c4  vPortEndScheduler                       
000051f8  pvPortMalloc                            
0000544c  vPortFree                               
00005544  xPortGetFreeHeapSize                    
00005550  xPortGetMinimumEverFreeHeapSize         
0000555c  vPortInitialiseBlocks                   
000055ec  __TI_Handler_Table_Base                 
000055f8  __TI_Handler_Table_Limit                
00005620  __TI_CINIT_Base                         
00005648  __TI_CINIT_Limit                        
00008020  TI_FeeInternal_GetVirtualSectorParameter
000081b8  TI_FeeInternal_WriteVirtualSectorHeader 
00008664  TI_FeeInternal_WriteDataF021            
00008af8  TI_FeeInternal_AlignAddressForECC       
00008b30  TI_FeeInternal_WriteInitialize          
00008e0c  TI_FeeInternal_PollFlashStatus          
00008e88  TI_FeeInternal_GetBlockSize             
00008ec8  TI_FeeInternal_FindNextVirtualSector    
0000918c  TI_FeeInternal_BlankCheck               
00009a54  TI_FeeInternal_GetVirtualSectorIndex    
00009c30  TI_FeeInternal_GetBlockNumber           
00009c6c  TI_FeeInternal_GetBlockIndex            
00009cec  TI_FeeInternal_GetDataSetIndex          
00009d28  TI_FeeInternal_GetArrayIndex            
00009e90  TI_FeeInternal_UpdateBlockOffsetArray   
0000aa54  TI_FeeInternal_CheckModuleState         
0000aab4  TI_FeeInternal_CheckReadParameters      
0000abe4  TI_FeeInternal_GetCurrentBlockAddress   
0000ace8  TI_FeeInternal_GetNextFlashAddress      
0000ad38  TI_FeeInternal_SanityCheck              
0000af28  TI_FeeInternal_SetClearCopyBlockState   
0000b040  TI_FeeInternal_FeeManager               
0000c4b8  TI_FeeInternal_WriteBlockHeader         
0000c818  TI_FeeInternal_WritePreviousBlockHeader 
0000cb10  TI_FeeInternal_InvalidateErase          
0000cdc0  TI_FeeInternal_StartProgramBlock        
0000cec4  TI_Fee_GetStatus                        
0000cf30  TI_FeeInternal_CheckForError            
0000d0ac  TI_FeeInternal_Fletcher16               
0000d1d8  TI_Fee_ErrorRecovery                    
0000d4b4  TI_Fee_SuspendResumeErase               
0000d6c4  TI_FeeInternal_EnableRequiredFlashSector
0000d7e8  selftestFailNotification                
0000d7f8  ccmSelfCheck                            
0000d93c  memoryInit                              
0000d980  stcSelfCheck                            
0000d9fc  cpuSelfTest                             
0000da94  pbistSelfCheck                          
0000dc74  pbistRun                                
0000dd40  pbistStop                               
0000dd70  pbistIsTestCompleted                    
0000dd9c  pbistIsTestPassed                       
0000ddd0  pbistPortTestStatus                     
0000de28  efcCheck                                
0000deb0  efcStuckZeroTest                        
0000df5c  efcSelfTest                             
0000df84  checkefcSelfTest                        
0000e024  fmcBus2Check                            
0000e060  fmcECCcheck                             
0000e100  checkB0RAMECC                           
0000e2f0  checkB1RAMECC                           
0000e4e0  checkFlashECC                           
0000e5bc  custom_dabort                           
0000e5c0  stcSelfCheckFail                        
0000e5c4  cpuSelfTestFail                         
0000e5c8  vimParityCheck                          
0000e674  dmaParityCheck                          
0000e720  het1ParityCheck                         
0000e7cc  htu1ParityCheck                         
0000e888  het2ParityCheck                         
0000e984  htu2ParityCheck                         
0000ea34  adc1ParityCheck                         
0000eb20  adc2ParityCheck                         
0000ebd8  can1ParityCheck                         
0000ecb0  can2ParityCheck                         
0000ed78  can3ParityCheck                         
0000ee4c  mibspi1ParityCheck                      
0000ef54  mibspi3ParityCheck                      
0000f078  mibspi5ParityCheck                      
0000f198  checkRAMECC                             
0000f3e0  checkClockMonitor                       
0000f4bc  checkFlashEEPROMECC                     
0000f654  checkPLL1Slip                           
0000f754  checkPLL2Slip                           
0000f818  checkRAMAddrParity                      
0000f924  checkRAMUERRTest                        
0000fa8c  fmcBus1ParityCheck                      
0000fbb4  pbistFail                               
0000fc38  pbistGetConfigValue                     
0000fd84  stcGetConfigValue                       
0000fe28  efcGetConfigValue                       
0000fec4  ccmr4GetConfigValue                     
0000ff34  errata_PBIST_4                          
00010298  enableParity                            
00010320  disableParity                           
00010548  TI_Fee_Init                             
00011c28  TI_Fee_MainFunction                     
00012d08  setupPLL                                
00012d68  trimLPO                                 
00012ddc  setupFlash                              
00012e1c  periphInit                              
00012e70  mapClocks                               
00012f98  systemInit                              
00013064  systemPowerDown                         
00013094  systemGetConfigValue                    
000134a8  tcmflashGetConfigValue                  
00013654  sramGetConfigValue                      
00013790  customTrimLPO                           
0001386c  vimInit                                 
00013940  vimChannelMap                           
000139e4  vimEnableInterrupt                      
00013bac  vimDisableInterrupt                     
00013c58  vimGetConfigValue                       
000142c4  muxInit                                 
00014778  pinmuxGetConfigValue                    
00014b78  _errata_SSWF021_45_both_plls            
00014d6c  _errata_SSWF021_45_pll1                 
00014ee4  _errata_SSWF021_45_pll2                 
000151dc  esmInit                                 
000152e4  esmError                                
00015300  esmEnableError                          
00015328  esmDisableError                         
00015350  esmTriggerErrorPinReset                 
00015360  esmActivateNormalOperation              
00015370  esmEnableInterrupt                      
00015398  esmDisableInterrupt                     
000153c0  esmSetInterruptLevel                    
00015434  esmClearStatus                          
00015474  esmClearStatusBuffer                    
00015490  esmSetCounterPreloadValue               
000154b0  esmGetStatus                            
00015534  esmGetStatusBuffer                      
0001556c  esmEnterSelfTest                        
000155f4  esmSelfTestStatus                       
00015644  esmGetConfigValue                       
00015798  _coreInitRegisters_                     
000158a4  _coreInitStackPointer_                  
000158f0  _getCPSRValue_                          
000158f8  _gotoCPUIdle_                           
00015910  _coreEnableVfp_                         
00015928  _coreEnableEventBusExport_              
00015938  _coreDisableEventBusExport_             
00015948  _coreEnableRamEcc_                      
00015958  _coreDisableRamEcc_                     
00015968  _coreEnableFlashEcc_                    
0001597c  _coreDisableFlashEcc_                   
0001598c  _coreEnableIrqVicOffset_                
0001599c  _coreGetDataFault_                      
000159a4  _coreClearDataFault_                    
000159b0  _coreGetInstructionFault_               
000159b8  _coreClearInstructionFault_             
000159c4  _coreGetDataFaultAddress_               
000159cc  _coreClearDataFaultAddress_             
000159d8  _coreGetInstructionFaultAddress_        
000159e0  _coreClearInstructionFaultAddress_      
000159ec  _coreGetAuxiliaryDataFault_             
000159f4  _coreClearAuxiliaryDataFault_           
00015a00  _coreGetAuxiliaryInstructionFault_      
00015a08  _coreClearAuxiliaryInstructionFault_    
00015a14  _disable_interrupt_                     
00015a1c  _disable_FIQ_interrupt_                 
00015a24  _disable_IRQ_interrupt_                 
00015a2c  _enable_interrupt_                      
00015a34  _esmCcmErrorsClear_                     
00015abc  _errata_CORTEXR4_57_                    
00015acc  _errata_CORTEXR4_66_                    
00015adc  __TI_PINIT_Base                         
00015ae0  __TI_PINIT_Limit                        
00015ae4  vimParityErrorHandler                   
00015db0  _c_int00                                
000162b1  Fapi_initializeFlashBanks               
00016510  vListInitialise                         
00016568  vListInitialiseItem                     
00016584  vListInsertEnd                          
000165f8  vListInsert                             
000166bc  uxListRemove                            
00016749  __TI_printfi_minimal                    
0001696f  _nop                                    
00016970  delay                                   
0001699c  main                                    
00016ce1  Fapi_setActiveFlashBank                 
00016f38  xTaskNotifyStateClear                   
00016fb5  fputs                                   
000170cc  esmHighInterrupt                        
000171e1  aligned_alloc                           
000171e1  memalign                                
000172e0  _dabort                                 
000173c9  free                                    
000174ac  _pmuInit_                               
000174f8  _pmuEnableCountersGlobal_               
00017508  _pmuDisableCountersGlobal_              
00017518  _pmuResetCycleCounter_                  
00017528  _pmuResetEventCounters_                 
00017538  _pmuResetCounters_                      
00017548  _pmuStartCounters_                      
00017550  _pmuStopCounters_                       
00017558  _pmuSetCountEvent_                      
00017564  _pmuGetCycleCount_                      
0001756c  _pmuGetEventCount_                      
00017578  _pmuGetOverflow_                        
0001758d  setvbuf                                 
00017668  esmGroup1Notification                   
00017678  esmGroup2Notification                   
00017688  memoryPort0TestFailNotification         
000176a4  memoryPort1TestFailNotification         
000176c0  gioNotification                         
000176d4  sciNotification                         
000176e8  pwmNotification                         
00017700  edgeNotification                        
00017714  hetNotification                         
00017728  dmaGroupANotification                   
0001773d  __aeabi_memcpy                          
0001773d  __aeabi_memcpy4                         
0001773d  __aeabi_memcpy8                         
0001773d  memcpy                                  
000177d9  Fapi_doBlankCheck                       
0001786d  fputc                                   
0001786d  putc                                    
000178fd  Fapi_enableEepromBankSectors            
0001797d  __aeabi_memclr                          
0001797d  __aeabi_memclr4                         
0001797d  __aeabi_memclr8                         
0001797f  __aeabi_memset                          
0001797f  __aeabi_memset4                         
0001797f  __aeabi_memset8                         
00017985  memset                                  
000179f9  __TI_closefile                          
00017ae1  HOSTrename                              
00017b4d  __TI_decompress_lzss                    
00017bb9  HOSTlseek                               
00017c21  printf                                  
00017c89  __TI_wrt_ok                             
00017ced  fseek                                   
00017d51  _Fapi_loopRegionForValue                
00017db1  HOSTopen                                
00017e0d  HOSTread                                
00017e69  HOSTwrite                               
00017ec1  close                                   
00017f19  Fapi_isAddressEcc                       
00017f69  __TI_doflush                            
00017fb5  HOSTclose                               
00017ff9  HOSTunlink                              
0001803d  _Fapi_EnableSectors                     
00018081  __TI_auto_init_nobinit_nopinit          
000180c5  exit                                    
00018109  getdevice                               
0001814d  Fapi_calculateFletcherChecksum          
0001818d  _Fapi_issueFsmCommand                   
000181c9  __TI_writemsg                           
000181fb  C$$IO$$                                 
00018205  strncpy                                 
0001823d  __TI_cleanup                            
00018271  __TI_readmsg                            
000182a5  finddevice                              
000182d9  Fapi_issueAsyncCommandWithAddress       
00018309  Fapi_waitDelay                          
00018339  _Fapi_readDword                         
00018365  remove                                  
00018365  unlink                                  
00018391  Fapi_issueAsyncCommand                  
000183e5  lseek                                   
0001840d  write                                   
00018435  memccpy                                 
0001845b  Fapi_flushPipeline                      
0001847d  memchr                                  
000184d5  strcmp                                  
000184ed  strchr                                  
00018503  strlen                                  
00018519  strcpy                                  
0001852d  Fapi_getNumberOfBankSectors             
0001853d  _scaleEEFclk                            
0001854d  _scaleMainFclk                          
0001855d  __TI_decompress_none                    
0001856b  _Fapi_checkWdService                    
00018577  __TI_zero_init                          
00018584  Fapi_serviceWatchdogTimer               
0001858d  malloc                                  
0001859d  C$$EXIT                                 
0001859d  abort                                   
000185a0  phantomInterrupt                        
000185a4  handlePLLLockFail                       
000185b8  TI_Fee_WriteSync                        
0001976c  TI_Fee_Read                             
00019f10  TI_Fee_Format                           
0001a3c0  TI_Fee_InvalidateBlock                  
0001a9ac  Device_FlashDevice                      
0001aa30  Fee_VirtualSectorConfiguration          
0001aa48  Fee_BlockConfiguration                  
080008d0  pxCurrentTCB                            
08001000  __start___llvm_prf_cnts                 
08001000  __stop___llvm_prf_cnts                  
08003000  _sys_memory                             
08003800  _ftable                                 
080038f0  _device                                 
08003968  read_data                               
080039cc  _stream                                 
08003a2c  __TI_ft_end                             
08003a30  __aeabi_stdin                           
08003a34  __aeabi_stdout                          
08003a38  __aeabi_stderr                          
08003a3c  __TI_cleanup_ptr                        
08003a40  __TI_dtors_ptr                          
08003a44  __TI_enable_exit_profile_output         
08003a48  _lock                                   
08003a4c  _unlock                                 
08003a60  ulCriticalNesting                       
08003a64  ulTaskHasFPUContext                     
08003a69  oResult                                 
08003a6c  __CIOBUF_                               
08003b8c  __TI_tmpnams                            
08003c2c  SpecialRamBlock                         
08003c98  parmbuf                                 
08003ca0  Status                                  
08003ca4  TI_Fee_GlobalVariables                  
08003d74  TI_Fee_u8DataSets                       
08003d78  TI_Fee_u32FletcherChecksum              
08003d7c  TI_Fee_u32BlockEraseCount               
08003d80  TI_Fee_u8DeviceIndex                    
08003d84  TI_Fee_u32ActCpyVS                      
08003d88  TI_Fee_u8ErrEraseVS                     
08003d89  TI_Fee_bEraseSuspended                  
08003d8a  TI_Fee_bIsMainFunctionCalled            
08003d8c  TI_Fee_oStatusWord                      
08003d90  TI_FlashStatusWord                      
08003da0  TI_Fee_FapiInitCalled                   
ffffffff  __TI_pprof_out_hndl                     
ffffffff  __TI_prof_data_size                     
ffffffff  __TI_prof_data_start                    
ffffffff  __binit__                               
ffffffff  __c_args__                              
ffffffff  binit                                   
UNDEFED   SHT$$INIT_ARRAY$$Base                   
UNDEFED   SHT$$INIT_ARRAY$$Limit                  
UNDEFED   _system_post_cinit                      

[421 symbols]
