<?xml version="1.0" encoding="ISO-8859-1" ?>
<link_info>
   <banner>TI ARM Linker PC v20.2.5.LTS</banner>
   <copyright>Copyright (c) 1996-2018 Texas Instruments Incorporated</copyright>
   <link_time>0x6195ab9a</link_time>
   <link_errors>0x0</link_errors>
   <output_file>FreeRTOS_test0.out</output_file>
   <entry_point>
      <name>_c_int00</name>
      <address>0xfaa4</address>
   </entry_point>
   <input_file_list>
      <input_file id="fl-2">
         <path>.\source\</path>
         <kind>object</kind>
         <file>dabort.obj</file>
         <name>dabort.obj</name>
      </input_file>
      <input_file id="fl-3">
         <path>.\source\</path>
         <kind>object</kind>
         <file>errata_SSWF021_45.obj</file>
         <name>errata_SSWF021_45.obj</name>
      </input_file>
      <input_file id="fl-4">
         <path>.\source\</path>
         <kind>object</kind>
         <file>esm.obj</file>
         <name>esm.obj</name>
      </input_file>
      <input_file id="fl-5">
         <path>.\source\</path>
         <kind>object</kind>
         <file>gio.obj</file>
         <name>gio.obj</name>
      </input_file>
      <input_file id="fl-6">
         <path>.\source\</path>
         <kind>object</kind>
         <file>het.obj</file>
         <name>het.obj</name>
      </input_file>
      <input_file id="fl-7">
         <path>.\source\</path>
         <kind>object</kind>
         <file>notification.obj</file>
         <name>notification.obj</name>
      </input_file>
      <input_file id="fl-8">
         <path>.\source\</path>
         <kind>object</kind>
         <file>os_croutine.obj</file>
         <name>os_croutine.obj</name>
      </input_file>
      <input_file id="fl-9">
         <path>.\source\</path>
         <kind>object</kind>
         <file>os_event_groups.obj</file>
         <name>os_event_groups.obj</name>
      </input_file>
      <input_file id="fl-a">
         <path>.\source\</path>
         <kind>object</kind>
         <file>os_heap.obj</file>
         <name>os_heap.obj</name>
      </input_file>
      <input_file id="fl-b">
         <path>.\source\</path>
         <kind>object</kind>
         <file>os_list.obj</file>
         <name>os_list.obj</name>
      </input_file>
      <input_file id="fl-c">
         <path>.\source\</path>
         <kind>object</kind>
         <file>os_mpu_wrappers.obj</file>
         <name>os_mpu_wrappers.obj</name>
      </input_file>
      <input_file id="fl-d">
         <path>.\source\</path>
         <kind>object</kind>
         <file>os_port.obj</file>
         <name>os_port.obj</name>
      </input_file>
      <input_file id="fl-e">
         <path>.\source\</path>
         <kind>object</kind>
         <file>os_portasm.obj</file>
         <name>os_portasm.obj</name>
      </input_file>
      <input_file id="fl-f">
         <path>.\source\</path>
         <kind>object</kind>
         <file>os_queue.obj</file>
         <name>os_queue.obj</name>
      </input_file>
      <input_file id="fl-10">
         <path>.\source\</path>
         <kind>object</kind>
         <file>os_tasks.obj</file>
         <name>os_tasks.obj</name>
      </input_file>
      <input_file id="fl-11">
         <path>.\source\</path>
         <kind>object</kind>
         <file>os_timer.obj</file>
         <name>os_timer.obj</name>
      </input_file>
      <input_file id="fl-12">
         <path>.\source\</path>
         <kind>object</kind>
         <file>pinmux.obj</file>
         <name>pinmux.obj</name>
      </input_file>
      <input_file id="fl-13">
         <path>.\source\</path>
         <kind>object</kind>
         <file>sci.obj</file>
         <name>sci.obj</name>
      </input_file>
      <input_file id="fl-14">
         <path>.\source\</path>
         <kind>object</kind>
         <file>sys_core.obj</file>
         <name>sys_core.obj</name>
      </input_file>
      <input_file id="fl-15">
         <path>.\source\</path>
         <kind>object</kind>
         <file>sys_dma.obj</file>
         <name>sys_dma.obj</name>
      </input_file>
      <input_file id="fl-16">
         <path>.\source\</path>
         <kind>object</kind>
         <file>sys_intvecs.obj</file>
         <name>sys_intvecs.obj</name>
      </input_file>
      <input_file id="fl-17">
         <path>.\source\</path>
         <kind>object</kind>
         <file>sys_main3.obj</file>
         <name>sys_main3.obj</name>
      </input_file>
      <input_file id="fl-18">
         <path>.\source\</path>
         <kind>object</kind>
         <file>sys_mpu.obj</file>
         <name>sys_mpu.obj</name>
      </input_file>
      <input_file id="fl-19">
         <path>.\source\</path>
         <kind>object</kind>
         <file>sys_pcr.obj</file>
         <name>sys_pcr.obj</name>
      </input_file>
      <input_file id="fl-1a">
         <path>.\source\</path>
         <kind>object</kind>
         <file>sys_phantom.obj</file>
         <name>sys_phantom.obj</name>
      </input_file>
      <input_file id="fl-1b">
         <path>.\source\</path>
         <kind>object</kind>
         <file>sys_pmm.obj</file>
         <name>sys_pmm.obj</name>
      </input_file>
      <input_file id="fl-1c">
         <path>.\source\</path>
         <kind>object</kind>
         <file>sys_pmu.obj</file>
         <name>sys_pmu.obj</name>
      </input_file>
      <input_file id="fl-1d">
         <path>.\source\</path>
         <kind>object</kind>
         <file>sys_selftest.obj</file>
         <name>sys_selftest.obj</name>
      </input_file>
      <input_file id="fl-1e">
         <path>.\source\</path>
         <kind>object</kind>
         <file>sys_startup.obj</file>
         <name>sys_startup.obj</name>
      </input_file>
      <input_file id="fl-1f">
         <path>.\source\</path>
         <kind>object</kind>
         <file>sys_vim.obj</file>
         <name>sys_vim.obj</name>
      </input_file>
      <input_file id="fl-20">
         <path>.\source\</path>
         <kind>object</kind>
         <file>system.obj</file>
         <name>system.obj</name>
      </input_file>
      <input_file id="fl-24">
         <kind>object</kind>
         <file>&lt;internal&gt;</file>
         <name>&lt;internal&gt;</name>
      </input_file>
      <input_file id="fl-25">
         <path>C:\ti\ccsv8\tools\compiler\ti-cgt-arm_20.2.5.LTS\lib\</path>
         <kind>archive</kind>
         <file>rtsv7R4_T_le_v3D16_eabi.lib</file>
         <name>printf.c.obj</name>
      </input_file>
      <input_file id="fl-26">
         <path>C:\ti\ccsv8\tools\compiler\ti-cgt-arm_20.2.5.LTS\lib\</path>
         <kind>archive</kind>
         <file>rtsv7R4_T_le_v3D16_eabi.lib</file>
         <name>_printfi_min.c.obj</name>
      </input_file>
      <input_file id="fl-27">
         <path>C:\ti\ccsv8\tools\compiler\ti-cgt-arm_20.2.5.LTS\lib\</path>
         <kind>archive</kind>
         <file>rtsv7R4_T_le_v3D16_eabi.lib</file>
         <name>fputc.c.obj</name>
      </input_file>
      <input_file id="fl-28">
         <path>C:\ti\ccsv8\tools\compiler\ti-cgt-arm_20.2.5.LTS\lib\</path>
         <kind>archive</kind>
         <file>rtsv7R4_T_le_v3D16_eabi.lib</file>
         <name>fputs.c.obj</name>
      </input_file>
      <input_file id="fl-29">
         <path>C:\ti\ccsv8\tools\compiler\ti-cgt-arm_20.2.5.LTS\lib\</path>
         <kind>archive</kind>
         <file>rtsv7R4_T_le_v3D16_eabi.lib</file>
         <name>_io_perm.c.obj</name>
      </input_file>
      <input_file id="fl-2a">
         <path>C:\ti\ccsv8\tools\compiler\ti-cgt-arm_20.2.5.LTS\lib\</path>
         <kind>archive</kind>
         <file>rtsv7R4_T_le_v3D16_eabi.lib</file>
         <name>setvbuf.c.obj</name>
      </input_file>
      <input_file id="fl-2b">
         <path>C:\ti\ccsv8\tools\compiler\ti-cgt-arm_20.2.5.LTS\lib\</path>
         <kind>archive</kind>
         <file>rtsv7R4_T_le_v3D16_eabi.lib</file>
         <name>s_floor.c.obj</name>
      </input_file>
      <input_file id="fl-2c">
         <path>C:\ti\ccsv8\tools\compiler\ti-cgt-arm_20.2.5.LTS\lib\</path>
         <kind>archive</kind>
         <file>rtsv7R4_T_le_v3D16_eabi.lib</file>
         <name>memcpy_t2.asm.obj</name>
      </input_file>
      <input_file id="fl-2d">
         <path>C:\ti\ccsv8\tools\compiler\ti-cgt-arm_20.2.5.LTS\lib\</path>
         <kind>archive</kind>
         <file>rtsv7R4_T_le_v3D16_eabi.lib</file>
         <name>u_div32.asm.obj</name>
      </input_file>
      <input_file id="fl-2e">
         <path>C:\ti\ccsv8\tools\compiler\ti-cgt-arm_20.2.5.LTS\lib\</path>
         <kind>archive</kind>
         <file>rtsv7R4_T_le_v3D16_eabi.lib</file>
         <name>memset_t2.asm.obj</name>
      </input_file>
      <input_file id="fl-2f">
         <path>C:\ti\ccsv8\tools\compiler\ti-cgt-arm_20.2.5.LTS\lib\</path>
         <kind>archive</kind>
         <file>rtsv7R4_T_le_v3D16_eabi.lib</file>
         <name>autoinit.c.obj</name>
      </input_file>
      <input_file id="fl-30">
         <path>C:\ti\ccsv8\tools\compiler\ti-cgt-arm_20.2.5.LTS\lib\</path>
         <kind>archive</kind>
         <file>rtsv7R4_T_le_v3D16_eabi.lib</file>
         <name>cpy_tbl.c.obj</name>
      </input_file>
      <input_file id="fl-31">
         <path>C:\ti\ccsv8\tools\compiler\ti-cgt-arm_20.2.5.LTS\lib\</path>
         <kind>archive</kind>
         <file>rtsv7R4_T_le_v3D16_eabi.lib</file>
         <name>copy_zero_init.c.obj</name>
      </input_file>
      <input_file id="fl-32">
         <path>C:\ti\ccsv8\tools\compiler\ti-cgt-arm_20.2.5.LTS\lib\</path>
         <kind>archive</kind>
         <file>rtsv7R4_T_le_v3D16_eabi.lib</file>
         <name>copy_decompress_none.c.obj</name>
      </input_file>
      <input_file id="fl-33">
         <path>C:\ti\ccsv8\tools\compiler\ti-cgt-arm_20.2.5.LTS\lib\</path>
         <kind>archive</kind>
         <file>rtsv7R4_T_le_v3D16_eabi.lib</file>
         <name>copy_decompress_lzss.c.obj</name>
      </input_file>
      <input_file id="fl-34">
         <path>C:\ti\ccsv8\tools\compiler\ti-cgt-arm_20.2.5.LTS\lib\</path>
         <kind>archive</kind>
         <file>rtsv7R4_T_le_v3D16_eabi.lib</file>
         <name>exit.c.obj</name>
      </input_file>
      <input_file id="fl-35">
         <path>C:\ti\ccsv8\tools\compiler\ti-cgt-arm_20.2.5.LTS\lib\</path>
         <kind>archive</kind>
         <file>rtsv7R4_T_le_v3D16_eabi.lib</file>
         <name>_lock.c.obj</name>
      </input_file>
      <input_file id="fl-36">
         <path>C:\ti\ccsv8\tools\compiler\ti-cgt-arm_20.2.5.LTS\lib\</path>
         <kind>archive</kind>
         <file>rtsv7R4_T_le_v3D16_eabi.lib</file>
         <name>defs.c.obj</name>
      </input_file>
      <input_file id="fl-37">
         <path>C:\ti\ccsv8\tools\compiler\ti-cgt-arm_20.2.5.LTS\lib\</path>
         <kind>archive</kind>
         <file>rtsv7R4_T_le_v3D16_eabi.lib</file>
         <name>memccpy.c.obj</name>
      </input_file>
      <input_file id="fl-38">
         <path>C:\ti\ccsv8\tools\compiler\ti-cgt-arm_20.2.5.LTS\lib\</path>
         <kind>archive</kind>
         <file>rtsv7R4_T_le_v3D16_eabi.lib</file>
         <name>memchr.c.obj</name>
      </input_file>
      <input_file id="fl-39">
         <path>C:\ti\ccsv8\tools\compiler\ti-cgt-arm_20.2.5.LTS\lib\</path>
         <kind>archive</kind>
         <file>rtsv7R4_T_le_v3D16_eabi.lib</file>
         <name>memory.c.obj</name>
      </input_file>
      <input_file id="fl-3a">
         <path>C:\ti\ccsv8\tools\compiler\ti-cgt-arm_20.2.5.LTS\lib\</path>
         <kind>archive</kind>
         <file>rtsv7R4_T_le_v3D16_eabi.lib</file>
         <name>strlen.c.obj</name>
      </input_file>
      <input_file id="fl-3b">
         <path>C:\ti\ccsv8\tools\compiler\ti-cgt-arm_20.2.5.LTS\lib\</path>
         <kind>archive</kind>
         <file>rtsv7R4_T_le_v3D16_eabi.lib</file>
         <name>write.c.obj</name>
      </input_file>
      <input_file id="fl-3c">
         <path>C:\ti\ccsv8\tools\compiler\ti-cgt-arm_20.2.5.LTS\lib\</path>
         <kind>archive</kind>
         <file>rtsv7R4_T_le_v3D16_eabi.lib</file>
         <name>host_device.c.obj</name>
      </input_file>
      <input_file id="fl-3d">
         <path>C:\ti\ccsv8\tools\compiler\ti-cgt-arm_20.2.5.LTS\lib\</path>
         <kind>archive</kind>
         <file>rtsv7R4_T_le_v3D16_eabi.lib</file>
         <name>fflush.c.obj</name>
      </input_file>
      <input_file id="fl-3e">
         <path>C:\ti\ccsv8\tools\compiler\ti-cgt-arm_20.2.5.LTS\lib\</path>
         <kind>archive</kind>
         <file>rtsv7R4_T_le_v3D16_eabi.lib</file>
         <name>fopen.c.obj</name>
      </input_file>
      <input_file id="fl-3f">
         <path>C:\ti\ccsv8\tools\compiler\ti-cgt-arm_20.2.5.LTS\lib\</path>
         <kind>archive</kind>
         <file>rtsv7R4_T_le_v3D16_eabi.lib</file>
         <name>fseek.c.obj</name>
      </input_file>
      <input_file id="fl-40">
         <path>C:\ti\ccsv8\tools\compiler\ti-cgt-arm_20.2.5.LTS\lib\</path>
         <kind>archive</kind>
         <file>rtsv7R4_T_le_v3D16_eabi.lib</file>
         <name>div0.asm.obj</name>
      </input_file>
      <input_file id="fl-41">
         <path>C:\ti\ccsv8\tools\compiler\ti-cgt-arm_20.2.5.LTS\lib\</path>
         <kind>archive</kind>
         <file>rtsv7R4_T_le_v3D16_eabi.lib</file>
         <name>hostclose.c.obj</name>
      </input_file>
      <input_file id="fl-42">
         <path>C:\ti\ccsv8\tools\compiler\ti-cgt-arm_20.2.5.LTS\lib\</path>
         <kind>archive</kind>
         <file>rtsv7R4_T_le_v3D16_eabi.lib</file>
         <name>hostlseek.c.obj</name>
      </input_file>
      <input_file id="fl-43">
         <path>C:\ti\ccsv8\tools\compiler\ti-cgt-arm_20.2.5.LTS\lib\</path>
         <kind>archive</kind>
         <file>rtsv7R4_T_le_v3D16_eabi.lib</file>
         <name>hostopen.c.obj</name>
      </input_file>
      <input_file id="fl-44">
         <path>C:\ti\ccsv8\tools\compiler\ti-cgt-arm_20.2.5.LTS\lib\</path>
         <kind>archive</kind>
         <file>rtsv7R4_T_le_v3D16_eabi.lib</file>
         <name>hostread.c.obj</name>
      </input_file>
      <input_file id="fl-45">
         <path>C:\ti\ccsv8\tools\compiler\ti-cgt-arm_20.2.5.LTS\lib\</path>
         <kind>archive</kind>
         <file>rtsv7R4_T_le_v3D16_eabi.lib</file>
         <name>hostrename.c.obj</name>
      </input_file>
      <input_file id="fl-46">
         <path>C:\ti\ccsv8\tools\compiler\ti-cgt-arm_20.2.5.LTS\lib\</path>
         <kind>archive</kind>
         <file>rtsv7R4_T_le_v3D16_eabi.lib</file>
         <name>hostunlink.c.obj</name>
      </input_file>
      <input_file id="fl-47">
         <path>C:\ti\ccsv8\tools\compiler\ti-cgt-arm_20.2.5.LTS\lib\</path>
         <kind>archive</kind>
         <file>rtsv7R4_T_le_v3D16_eabi.lib</file>
         <name>hostwrite.c.obj</name>
      </input_file>
      <input_file id="fl-48">
         <path>C:\ti\ccsv8\tools\compiler\ti-cgt-arm_20.2.5.LTS\lib\</path>
         <kind>archive</kind>
         <file>rtsv7R4_T_le_v3D16_eabi.lib</file>
         <name>trgmsg.c.obj</name>
      </input_file>
      <input_file id="fl-49">
         <path>C:\ti\ccsv8\tools\compiler\ti-cgt-arm_20.2.5.LTS\lib\</path>
         <kind>archive</kind>
         <file>rtsv7R4_T_le_v3D16_eabi.lib</file>
         <name>open.c.obj</name>
      </input_file>
      <input_file id="fl-4a">
         <path>C:\ti\ccsv8\tools\compiler\ti-cgt-arm_20.2.5.LTS\lib\</path>
         <kind>archive</kind>
         <file>rtsv7R4_T_le_v3D16_eabi.lib</file>
         <name>lseek.c.obj</name>
      </input_file>
      <input_file id="fl-4b">
         <path>C:\ti\ccsv8\tools\compiler\ti-cgt-arm_20.2.5.LTS\lib\</path>
         <kind>archive</kind>
         <file>rtsv7R4_T_le_v3D16_eabi.lib</file>
         <name>fclose.c.obj</name>
      </input_file>
      <input_file id="fl-4c">
         <path>C:\ti\ccsv8\tools\compiler\ti-cgt-arm_20.2.5.LTS\lib\</path>
         <kind>archive</kind>
         <file>rtsv7R4_T_le_v3D16_eabi.lib</file>
         <name>getdevice.c.obj</name>
      </input_file>
      <input_file id="fl-4d">
         <path>C:\ti\ccsv8\tools\compiler\ti-cgt-arm_20.2.5.LTS\lib\</path>
         <kind>archive</kind>
         <file>rtsv7R4_T_le_v3D16_eabi.lib</file>
         <name>strchr.c.obj</name>
      </input_file>
      <input_file id="fl-4e">
         <path>C:\ti\ccsv8\tools\compiler\ti-cgt-arm_20.2.5.LTS\lib\</path>
         <kind>archive</kind>
         <file>rtsv7R4_T_le_v3D16_eabi.lib</file>
         <name>strcmp.c.obj</name>
      </input_file>
      <input_file id="fl-4f">
         <path>C:\ti\ccsv8\tools\compiler\ti-cgt-arm_20.2.5.LTS\lib\</path>
         <kind>archive</kind>
         <file>rtsv7R4_T_le_v3D16_eabi.lib</file>
         <name>strcpy.c.obj</name>
      </input_file>
      <input_file id="fl-50">
         <path>C:\ti\ccsv8\tools\compiler\ti-cgt-arm_20.2.5.LTS\lib\</path>
         <kind>archive</kind>
         <file>rtsv7R4_T_le_v3D16_eabi.lib</file>
         <name>strncpy.c.obj</name>
      </input_file>
      <input_file id="fl-51">
         <path>C:\ti\ccsv8\tools\compiler\ti-cgt-arm_20.2.5.LTS\lib\</path>
         <kind>archive</kind>
         <file>rtsv7R4_T_le_v3D16_eabi.lib</file>
         <name>remove.c.obj</name>
      </input_file>
      <input_file id="fl-52">
         <path>C:\ti\ccsv8\tools\compiler\ti-cgt-arm_20.2.5.LTS\lib\</path>
         <kind>archive</kind>
         <file>rtsv7R4_T_le_v3D16_eabi.lib</file>
         <name>close.c.obj</name>
      </input_file>
      <input_file id="fl-53">
         <path>C:\ti\ccsv8\tools\compiler\ti-cgt-arm_20.2.5.LTS\lib\</path>
         <kind>archive</kind>
         <file>rtsv7R4_T_le_v3D16_eabi.lib</file>
         <name>unlink.c.obj</name>
      </input_file>
   </input_file_list>
   <object_component_list>
      <object_component id="oc-2e">
         <name>.intvecs</name>
         <load_address>0x0</load_address>
         <run_address>0x0</run_address>
         <size>0x20</size>
         <input_file_ref idref="fl-16"/>
      </object_component>
      <object_component id="oc-148">
         <name>.kernelTEXT</name>
         <load_address>0x20</load_address>
         <run_address>0x20</run_address>
         <size>0x2c28</size>
         <input_file_ref idref="fl-10"/>
      </object_component>
      <object_component id="oc-258">
         <name>.kernelTEXT</name>
         <load_address>0x2c48</load_address>
         <run_address>0x2c48</run_address>
         <size>0x1264</size>
         <input_file_ref idref="fl-f"/>
      </object_component>
      <object_component id="oc-25e">
         <name>.kernelTEXT</name>
         <load_address>0x3eac</load_address>
         <run_address>0x3eac</run_address>
         <size>0xab0</size>
         <input_file_ref idref="fl-11"/>
      </object_component>
      <object_component id="oc-264">
         <name>.kernelTEXT</name>
         <load_address>0x495c</load_address>
         <run_address>0x495c</run_address>
         <size>0x818</size>
         <input_file_ref idref="fl-9"/>
      </object_component>
      <object_component id="oc-9d">
         <name>.kernelTEXT</name>
         <load_address>0x5174</load_address>
         <run_address>0x5174</run_address>
         <size>0x4bc</size>
         <input_file_ref idref="fl-e"/>
      </object_component>
      <object_component id="oc-291">
         <name>.kernelTEXT</name>
         <load_address>0x5630</load_address>
         <run_address>0x5630</run_address>
         <size>0x3e0</size>
         <input_file_ref idref="fl-d"/>
      </object_component>
      <object_component id="oc-285">
         <name>.kernelTEXT</name>
         <load_address>0x5a10</load_address>
         <run_address>0x5a10</run_address>
         <size>0x37c</size>
         <input_file_ref idref="fl-a"/>
      </object_component>
      <object_component id="oc-56d">
         <name>.cinit..data.load</name>
         <load_address>0x5d90</load_address>
         <run_address>0x5d90</run_address>
         <size>0x7f</size>
      </object_component>
      <object_component id="oc-568">
         <name>__TI_handler_table</name>
         <load_address>0x5e10</load_address>
         <run_address>0x5e10</run_address>
         <size>0xc</size>
      </object_component>
      <object_component id="oc-56a">
         <name>.cinit..kernelBSS.load</name>
         <load_address>0x5e1c</load_address>
         <run_address>0x5e1c</run_address>
         <size>0x9</size>
      </object_component>
      <object_component id="oc-56c">
         <name>.cinit..bss.load</name>
         <load_address>0x5e28</load_address>
         <run_address>0x5e28</run_address>
         <size>0x8</size>
      </object_component>
      <object_component id="oc-56b">
         <name>.cinit..kernelHEAP.load</name>
         <load_address>0x5e30</load_address>
         <run_address>0x5e30</run_address>
         <size>0x8</size>
      </object_component>
      <object_component id="oc-569">
         <name>__TI_cinit_table</name>
         <load_address>0x5e38</load_address>
         <run_address>0x5e38</run_address>
         <size>0x20</size>
      </object_component>
      <object_component id="oc-82">
         <name>.text</name>
         <load_address>0x8020</load_address>
         <run_address>0x8020</run_address>
         <size>0x2cdc</size>
         <input_file_ref idref="fl-1d"/>
      </object_component>
      <object_component id="oc-142">
         <name>.text</name>
         <load_address>0xacfc</load_address>
         <run_address>0xacfc</run_address>
         <size>0xbbc</size>
         <input_file_ref idref="fl-c"/>
      </object_component>
      <object_component id="oc-7c">
         <name>.text</name>
         <load_address>0xb8b8</load_address>
         <run_address>0xb8b8</run_address>
         <size>0xb64</size>
         <input_file_ref idref="fl-20"/>
      </object_component>
      <object_component id="oc-3b">
         <name>.text</name>
         <load_address>0xc41c</load_address>
         <run_address>0xc41c</run_address>
         <size>0xa58</size>
         <input_file_ref idref="fl-1f"/>
      </object_component>
      <object_component id="oc-e4">
         <name>.text</name>
         <load_address>0xce74</load_address>
         <run_address>0xce74</run_address>
         <size>0x8b4</size>
         <input_file_ref idref="fl-12"/>
      </object_component>
      <object_component id="oc-130">
         <name>.text</name>
         <load_address>0xd728</load_address>
         <run_address>0xd728</run_address>
         <size>0x7b8</size>
         <input_file_ref idref="fl-13"/>
      </object_component>
      <object_component id="oc-70">
         <name>.text</name>
         <load_address>0xdee0</load_address>
         <run_address>0xdee0</run_address>
         <size>0x664</size>
         <input_file_ref idref="fl-3"/>
      </object_component>
      <object_component id="oc-88">
         <name>.text</name>
         <load_address>0xe544</load_address>
         <run_address>0xe544</run_address>
         <size>0x5bc</size>
         <input_file_ref idref="fl-4"/>
      </object_component>
      <object_component id="oc-8f">
         <name>.text</name>
         <load_address>0xeb00</load_address>
         <run_address>0xeb00</run_address>
         <size>0x508</size>
         <input_file_ref idref="fl-17"/>
      </object_component>
      <object_component id="oc-13c">
         <name>.text</name>
         <load_address>0xf008</load_address>
         <run_address>0xf008</run_address>
         <size>0x484</size>
         <input_file_ref idref="fl-5"/>
      </object_component>
      <object_component id="oc-6b">
         <name>.text</name>
         <load_address>0xf48c</load_address>
         <run_address>0xf48c</run_address>
         <size>0x34c</size>
         <input_file_ref idref="fl-14"/>
      </object_component>
      <object_component id="oc-39">
         <name>.text:retain</name>
         <load_address>0xf7d8</load_address>
         <run_address>0xf7d8</run_address>
         <size>0x2cc</size>
         <input_file_ref idref="fl-1f"/>
      </object_component>
      <object_component id="oc-1f">
         <name>.text:retain</name>
         <load_address>0xfaa4</load_address>
         <run_address>0xfaa4</run_address>
         <size>0x288</size>
         <input_file_ref idref="fl-1e"/>
      </object_component>
      <object_component id="oc-356">
         <name>.text</name>
         <load_address>0xfd2c</load_address>
         <run_address>0xfd2c</run_address>
         <size>0x278</size>
         <input_file_ref idref="fl-a"/>
      </object_component>
      <object_component id="oc-28b">
         <name>.text</name>
         <load_address>0xffa4</load_address>
         <run_address>0xffa4</run_address>
         <size>0x238</size>
         <input_file_ref idref="fl-b"/>
      </object_component>
      <object_component id="oc-231">
         <name>.text:__TI_printfi_minimal</name>
         <load_address>0x101dc</load_address>
         <run_address>0x101dc</run_address>
         <size>0x226</size>
         <input_file_ref idref="fl-26"/>
      </object_component>
      <object_component id="oc-313">
         <name>.text:_nop</name>
         <load_address>0x10402</load_address>
         <run_address>0x10402</run_address>
         <size>0x2</size>
         <input_file_ref idref="fl-35"/>
      </object_component>
      <object_component id="oc-366">
         <name>.text</name>
         <load_address>0x10404</load_address>
         <run_address>0x10404</run_address>
         <size>0x1b0</size>
         <input_file_ref idref="fl-d"/>
      </object_component>
      <object_component id="oc-252">
         <name>.text</name>
         <load_address>0x105b4</load_address>
         <run_address>0x105b4</run_address>
         <size>0x158</size>
         <input_file_ref idref="fl-10"/>
      </object_component>
      <object_component id="oc-321">
         <name>.text:fputs</name>
         <load_address>0x1070c</load_address>
         <run_address>0x1070c</run_address>
         <size>0x118</size>
         <input_file_ref idref="fl-28"/>
      </object_component>
      <object_component id="oc-25">
         <name>.text:retain</name>
         <load_address>0x10824</load_address>
         <run_address>0x10824</run_address>
         <size>0x114</size>
         <input_file_ref idref="fl-4"/>
      </object_component>
      <object_component id="oc-462">
         <name>.text:aligned_alloc</name>
         <load_address>0x10938</load_address>
         <run_address>0x10938</run_address>
         <size>0x100</size>
         <input_file_ref idref="fl-39"/>
      </object_component>
      <object_component id="oc-a5">
         <name>.text</name>
         <load_address>0x10a38</load_address>
         <run_address>0x10a38</run_address>
         <size>0xe8</size>
         <input_file_ref idref="fl-2"/>
      </object_component>
      <object_component id="oc-420">
         <name>.text:free</name>
         <load_address>0x10b20</load_address>
         <run_address>0x10b20</run_address>
         <size>0xe4</size>
         <input_file_ref idref="fl-39"/>
      </object_component>
      <object_component id="oc-226">
         <name>.text:floor</name>
         <load_address>0x10c04</load_address>
         <run_address>0x10c04</run_address>
         <size>0xe0</size>
         <input_file_ref idref="fl-2b"/>
      </object_component>
      <object_component id="oc-f2">
         <name>.text</name>
         <load_address>0x10ce4</load_address>
         <run_address>0x10ce4</run_address>
         <size>0xe0</size>
         <input_file_ref idref="fl-1c"/>
      </object_component>
      <object_component id="oc-401">
         <name>.text:setvbuf</name>
         <load_address>0x10dc4</load_address>
         <run_address>0x10dc4</run_address>
         <size>0xdc</size>
         <input_file_ref idref="fl-2a"/>
      </object_component>
      <object_component id="oc-ec">
         <name>.text</name>
         <load_address>0x10ea0</load_address>
         <run_address>0x10ea0</run_address>
         <size>0xd4</size>
         <input_file_ref idref="fl-7"/>
      </object_component>
      <object_component id="oc-53">
         <name>.text</name>
         <load_address>0x10f74</load_address>
         <run_address>0x10f74</run_address>
         <size>0x9c</size>
         <input_file_ref idref="fl-2c"/>
      </object_component>
      <object_component id="oc-328">
         <name>.text:fputc</name>
         <load_address>0x11010</load_address>
         <run_address>0x11010</run_address>
         <size>0x90</size>
         <input_file_ref idref="fl-27"/>
      </object_component>
      <object_component id="oc-d6">
         <name>.text</name>
         <load_address>0x110a0</load_address>
         <run_address>0x110a0</run_address>
         <size>0x7a</size>
         <input_file_ref idref="fl-2e"/>
      </object_component>
      <object_component id="oc-469">
         <name>.text:__TI_closefile</name>
         <load_address>0x1111c</load_address>
         <run_address>0x1111c</run_address>
         <size>0x74</size>
         <input_file_ref idref="fl-4b"/>
      </object_component>
      <object_component id="oc-4aa">
         <name>.text:split</name>
         <load_address>0x11190</load_address>
         <run_address>0x11190</run_address>
         <size>0x74</size>
         <input_file_ref idref="fl-39"/>
      </object_component>
      <object_component id="oc-499">
         <name>.text:HOSTrename</name>
         <load_address>0x11204</load_address>
         <run_address>0x11204</run_address>
         <size>0x6c</size>
         <input_file_ref idref="fl-45"/>
      </object_component>
      <object_component id="oc-12">
         <name>.text:decompress:lzss:__TI_decompress_lzss</name>
         <load_address>0x11270</load_address>
         <run_address>0x11270</run_address>
         <size>0x6c</size>
         <input_file_ref idref="fl-33"/>
      </object_component>
      <object_component id="oc-48d">
         <name>.text:HOSTlseek</name>
         <load_address>0x112dc</load_address>
         <run_address>0x112dc</run_address>
         <size>0x68</size>
         <input_file_ref idref="fl-42"/>
      </object_component>
      <object_component id="oc-136">
         <name>.text:printf</name>
         <load_address>0x11344</load_address>
         <run_address>0x11344</run_address>
         <size>0x68</size>
         <input_file_ref idref="fl-25"/>
      </object_component>
      <object_component id="oc-3b3">
         <name>.text:__TI_wrt_ok</name>
         <load_address>0x113ac</load_address>
         <run_address>0x113ac</run_address>
         <size>0x64</size>
         <input_file_ref idref="fl-29"/>
      </object_component>
      <object_component id="oc-3fb">
         <name>.text:fseek</name>
         <load_address>0x11410</load_address>
         <run_address>0x11410</run_address>
         <size>0x64</size>
         <input_file_ref idref="fl-3f"/>
      </object_component>
      <object_component id="oc-475">
         <name>.text:HOSTopen</name>
         <load_address>0x11474</load_address>
         <run_address>0x11474</run_address>
         <size>0x5c</size>
         <input_file_ref idref="fl-43"/>
      </object_component>
      <object_component id="oc-481">
         <name>.text:HOSTread</name>
         <load_address>0x114d0</load_address>
         <run_address>0x114d0</run_address>
         <size>0x5c</size>
         <input_file_ref idref="fl-44"/>
      </object_component>
      <object_component id="oc-487">
         <name>.text:HOSTwrite</name>
         <load_address>0x1152c</load_address>
         <run_address>0x1152c</run_address>
         <size>0x58</size>
         <input_file_ref idref="fl-47"/>
      </object_component>
      <object_component id="oc-4b1">
         <name>.text:close</name>
         <load_address>0x11584</load_address>
         <run_address>0x11584</run_address>
         <size>0x58</size>
         <input_file_ref idref="fl-52"/>
      </object_component>
      <object_component id="oc-3bf">
         <name>.text:__TI_doflush</name>
         <load_address>0x115dc</load_address>
         <run_address>0x115dc</run_address>
         <size>0x4c</size>
         <input_file_ref idref="fl-3d"/>
      </object_component>
      <object_component id="oc-47b">
         <name>.text:HOSTclose</name>
         <load_address>0x11628</load_address>
         <run_address>0x11628</run_address>
         <size>0x44</size>
         <input_file_ref idref="fl-41"/>
      </object_component>
      <object_component id="oc-493">
         <name>.text:HOSTunlink</name>
         <load_address>0x1166c</load_address>
         <run_address>0x1166c</run_address>
         <size>0x44</size>
         <input_file_ref idref="fl-46"/>
      </object_component>
      <object_component id="oc-100">
         <name>.text:__TI_auto_init_nobinit_nopinit:__TI_auto_init_nobinit_nopinit</name>
         <load_address>0x116b0</load_address>
         <run_address>0x116b0</run_address>
         <size>0x44</size>
         <input_file_ref idref="fl-2f"/>
      </object_component>
      <object_component id="oc-16d">
         <name>.text:exit</name>
         <load_address>0x116f4</load_address>
         <run_address>0x116f4</run_address>
         <size>0x44</size>
         <input_file_ref idref="fl-34"/>
      </object_component>
      <object_component id="oc-4e9">
         <name>.text:getdevice</name>
         <load_address>0x11738</load_address>
         <run_address>0x11738</run_address>
         <size>0x44</size>
         <input_file_ref idref="fl-4c"/>
      </object_component>
      <object_component id="oc-4c2">
         <name>.text:__TI_writemsg</name>
         <load_address>0x1177c</load_address>
         <run_address>0x1177c</run_address>
         <size>0x3c</size>
         <input_file_ref idref="fl-48"/>
      </object_component>
      <object_component id="oc-511">
         <name>.text:strncpy</name>
         <load_address>0x117b8</load_address>
         <run_address>0x117b8</run_address>
         <size>0x36</size>
         <input_file_ref idref="fl-50"/>
      </object_component>
      <object_component id="oc-42c">
         <name>.text:__TI_cleanup</name>
         <load_address>0x117f0</load_address>
         <run_address>0x117f0</run_address>
         <size>0x34</size>
         <input_file_ref idref="fl-3e"/>
      </object_component>
      <object_component id="oc-4c8">
         <name>.text:__TI_readmsg</name>
         <load_address>0x11824</load_address>
         <run_address>0x11824</run_address>
         <size>0x34</size>
         <input_file_ref idref="fl-48"/>
      </object_component>
      <object_component id="oc-517">
         <name>.text:finddevice</name>
         <load_address>0x11858</load_address>
         <run_address>0x11858</run_address>
         <size>0x34</size>
         <input_file_ref idref="fl-4c"/>
      </object_component>
      <object_component id="oc-4b7">
         <name>.text:unlink</name>
         <load_address>0x1188c</load_address>
         <run_address>0x1188c</run_address>
         <size>0x2c</size>
         <input_file_ref idref="fl-53"/>
      </object_component>
      <object_component id="oc-45b">
         <name>.text:free_list_insert</name>
         <load_address>0x118b8</load_address>
         <run_address>0x118b8</run_address>
         <size>0x28</size>
         <input_file_ref idref="fl-39"/>
      </object_component>
      <object_component id="oc-418">
         <name>.text:lseek</name>
         <load_address>0x118e0</load_address>
         <run_address>0x118e0</run_address>
         <size>0x28</size>
         <input_file_ref idref="fl-4a"/>
      </object_component>
      <object_component id="oc-3c5">
         <name>.text:write</name>
         <load_address>0x11908</load_address>
         <run_address>0x11908</run_address>
         <size>0x28</size>
         <input_file_ref idref="fl-3b"/>
      </object_component>
      <object_component id="oc-306">
         <name>.text:memccpy</name>
         <load_address>0x11930</load_address>
         <run_address>0x11930</run_address>
         <size>0x26</size>
         <input_file_ref idref="fl-37"/>
      </object_component>
      <object_component id="oc-3b9">
         <name>.text:memchr</name>
         <load_address>0x11956</load_address>
         <run_address>0x11956</run_address>
         <size>0x20</size>
         <input_file_ref idref="fl-38"/>
      </object_component>
      <object_component id="oc-455">
         <name>.text:free_list_remove</name>
         <load_address>0x11978</load_address>
         <run_address>0x11978</run_address>
         <size>0x1c</size>
         <input_file_ref idref="fl-39"/>
      </object_component>
      <object_component id="oc-530">
         <name>.text:strcmp</name>
         <load_address>0x11994</load_address>
         <run_address>0x11994</run_address>
         <size>0x18</size>
         <input_file_ref idref="fl-4e"/>
      </object_component>
      <object_component id="oc-50b">
         <name>.text:strchr</name>
         <load_address>0x119ac</load_address>
         <run_address>0x119ac</run_address>
         <size>0x16</size>
         <input_file_ref idref="fl-4d"/>
      </object_component>
      <object_component id="oc-29a">
         <name>.text:strlen</name>
         <load_address>0x119c2</load_address>
         <run_address>0x119c2</run_address>
         <size>0x16</size>
         <input_file_ref idref="fl-3a"/>
      </object_component>
      <object_component id="oc-4dc">
         <name>.text:strcpy</name>
         <load_address>0x119d8</load_address>
         <run_address>0x119d8</run_address>
         <size>0x14</size>
         <input_file_ref idref="fl-4f"/>
      </object_component>
      <object_component id="oc-18">
         <name>.text:decompress:none:__TI_decompress_none</name>
         <load_address>0x119ec</load_address>
         <run_address>0x119ec</run_address>
         <size>0xe</size>
         <input_file_ref idref="fl-32"/>
      </object_component>
      <object_component id="oc-65">
         <name>.text:decompress:ZI:__TI_zero_init</name>
         <load_address>0x119fa</load_address>
         <run_address>0x119fa</run_address>
         <size>0xc</size>
         <input_file_ref idref="fl-31"/>
      </object_component>
      <object_component id="oc-426">
         <name>.text:malloc</name>
         <load_address>0x11a06</load_address>
         <run_address>0x11a06</run_address>
         <size>0x8</size>
         <input_file_ref idref="fl-39"/>
      </object_component>
      <object_component id="oc-243">
         <name>.text:_outc</name>
         <load_address>0x11a0e</load_address>
         <run_address>0x11a0e</run_address>
         <size>0x4</size>
         <input_file_ref idref="fl-25"/>
      </object_component>
      <object_component id="oc-23d">
         <name>.text:_outs</name>
         <load_address>0x11a12</load_address>
         <run_address>0x11a12</run_address>
         <size>0x4</size>
         <input_file_ref idref="fl-25"/>
      </object_component>
      <object_component id="oc-167">
         <name>.text:abort:abort</name>
         <load_address>0x11a16</load_address>
         <run_address>0x11a16</run_address>
         <size>0x4</size>
         <input_file_ref idref="fl-34"/>
      </object_component>
      <object_component id="oc-33">
         <name>.text:retain</name>
         <load_address>0x11a1c</load_address>
         <run_address>0x11a1c</run_address>
         <size>0x4</size>
         <input_file_ref idref="fl-1a"/>
      </object_component>
      <object_component id="oc-76">
         <name>.text</name>
         <load_address>0x11a20</load_address>
         <run_address>0x11a20</run_address>
         <size>0x4</size>
         <input_file_ref idref="fl-1e"/>
      </object_component>
      <object_component id="oc-2b">
         <name>.const:s_vim_init</name>
         <load_address>0x11a24</load_address>
         <run_address>0x11a24</run_address>
         <size>0x200</size>
         <input_file_ref idref="fl-1f"/>
      </object_component>
      <object_component id="oc-178">
         <name>.kernelBSS:init</name>
         <load_address>0x80008d0</load_address>
         <run_address>0x80008d0</run_address>
         <size>0x34</size>
         <input_file_ref idref="fl-10"/>
      </object_component>
      <object_component id="oc-297">
         <name>.kernelBSS:uninit</name>
         <load_address>0x8000800</load_address>
         <run_address>0x8000800</run_address>
         <size>0xd0</size>
         <input_file_ref idref="fl-10"/>
      </object_component>
      <object_component id="oc-348">
         <name>.kernelBSS:uninit</name>
         <load_address>0x8000904</load_address>
         <run_address>0x8000904</run_address>
         <size>0x30</size>
         <input_file_ref idref="fl-11"/>
      </object_component>
      <object_component id="oc-345">
         <name>.kernelBSS:init</name>
         <load_address>0x8000934</load_address>
         <run_address>0x8000934</run_address>
         <size>0xc</size>
         <input_file_ref idref="fl-11"/>
      </object_component>
      <object_component id="oc-3e3">
         <name>.kernelHEAP</name>
         <uninitialized>true</uninitialized>
         <run_address>0x8001000</run_address>
         <size>0x2000</size>
         <input_file_ref idref="fl-a"/>
      </object_component>
      <object_component id="oc-35f">
         <name>.bss:xStart</name>
         <uninitialized>true</uninitialized>
         <run_address>0x8003c10</run_address>
         <size>0x8</size>
         <input_file_ref idref="fl-a"/>
      </object_component>
      <object_component id="oc-22c">
         <name>.bss:g_sciTransfer_t</name>
         <uninitialized>true</uninitialized>
         <run_address>0x8003be8</run_address>
         <size>0x28</size>
         <input_file_ref idref="fl-13"/>
      </object_component>
      <object_component id="oc-15e">
         <name>.bss</name>
         <uninitialized>true</uninitialized>
         <run_address>0x8003c34</run_address>
         <size>0x1</size>
         <input_file_ref idref="fl-17"/>
      </object_component>
      <object_component id="oc-4f3">
         <name>.bss:_CIOBUF_</name>
         <uninitialized>true</uninitialized>
         <run_address>0x8003a28</run_address>
         <size>0x120</size>
         <input_file_ref idref="fl-48"/>
      </object_component>
      <object_component id="oc-14e">
         <name>.common:StartTask_Handler</name>
         <uninitialized>true</uninitialized>
         <run_address>0x8003c20</run_address>
         <size>0x4</size>
      </object_component>
      <object_component id="oc-154">
         <name>.common:tx1Task_Handler</name>
         <uninitialized>true</uninitialized>
         <run_address>0x8003c2c</run_address>
         <size>0x4</size>
      </object_component>
      <object_component id="oc-155">
         <name>.common:rxTask_Handler</name>
         <uninitialized>true</uninitialized>
         <run_address>0x8003c28</run_address>
         <size>0x4</size>
      </object_component>
      <object_component id="oc-156">
         <name>.common:tx2Task_Handler</name>
         <uninitialized>true</uninitialized>
         <run_address>0x8003c30</run_address>
         <size>0x4</size>
      </object_component>
      <object_component id="oc-15a">
         <name>.common:TxTaskCntr</name>
         <uninitialized>true</uninitialized>
         <run_address>0x8003c24</run_address>
         <size>0x4</size>
      </object_component>
      <object_component id="oc-4bd">
         <name>.common:__TI_tmpnams</name>
         <uninitialized>true</uninitialized>
         <run_address>0x8003b48</run_address>
         <size>0xa0</size>
      </object_component>
      <object_component id="oc-4ce">
         <name>.common:parmbuf</name>
         <uninitialized>true</uninitialized>
         <run_address>0x8003c18</run_address>
         <size>0x8</size>
      </object_component>
      <object_component id="oc-35c">
         <name>.data</name>
         <load_address>0x80039b8</load_address>
         <run_address>0x80039b8</run_address>
         <size>0x10</size>
         <input_file_ref idref="fl-a"/>
      </object_component>
      <object_component id="oc-17b">
         <name>.data</name>
         <load_address>0x8003a20</load_address>
         <run_address>0x8003a20</run_address>
         <size>0x8</size>
         <input_file_ref idref="fl-d"/>
      </object_component>
      <object_component id="oc-151">
         <name>.data</name>
         <load_address>0x8003a04</load_address>
         <run_address>0x8003a04</run_address>
         <size>0xc</size>
         <input_file_ref idref="fl-17"/>
      </object_component>
      <object_component id="oc-157">
         <name>.data:HWstring</name>
         <load_address>0x80039e7</load_address>
         <run_address>0x80039e7</run_address>
         <size>0xf</size>
         <input_file_ref idref="fl-17"/>
      </object_component>
      <object_component id="oc-15b">
         <name>.data:HWstring2</name>
         <load_address>0x80039d8</load_address>
         <run_address>0x80039d8</run_address>
         <size>0xf</size>
         <input_file_ref idref="fl-17"/>
      </object_component>
      <object_component id="oc-2bd">
         <name>.data:$O1$$</name>
         <load_address>0x80039f8</load_address>
         <run_address>0x80039f8</run_address>
         <size>0xc</size>
         <input_file_ref idref="fl-34"/>
      </object_component>
      <object_component id="oc-237">
         <name>.data:$O1$$</name>
         <load_address>0x8003a10</load_address>
         <run_address>0x8003a10</run_address>
         <size>0x8</size>
         <input_file_ref idref="fl-35"/>
      </object_component>
      <object_component id="oc-23a">
         <name>.data:_ftable</name>
         <load_address>0x8003800</load_address>
         <run_address>0x8003800</run_address>
         <size>0xf0</size>
         <input_file_ref idref="fl-36"/>
      </object_component>
      <object_component id="oc-46f">
         <name>.data</name>
         <load_address>0x80039c8</load_address>
         <run_address>0x80039c8</run_address>
         <size>0x10</size>
         <input_file_ref idref="fl-36"/>
      </object_component>
      <object_component id="oc-4a5">
         <name>.data:$O1$$</name>
         <load_address>0x8003a18</load_address>
         <run_address>0x8003a18</run_address>
         <size>0x8</size>
         <input_file_ref idref="fl-39"/>
      </object_component>
      <object_component id="oc-43f">
         <name>.data:_device</name>
         <load_address>0x80038f0</load_address>
         <run_address>0x80038f0</run_address>
         <size>0x78</size>
         <input_file_ref idref="fl-3c"/>
      </object_component>
      <object_component id="oc-40d">
         <name>.data:_stream</name>
         <load_address>0x8003968</load_address>
         <run_address>0x8003968</run_address>
         <size>0x50</size>
         <input_file_ref idref="fl-3c"/>
      </object_component>
      <object_component id="oc-45">
         <name>.sysmem</name>
         <uninitialized>true</uninitialized>
         <run_address>0x8003000</run_address>
         <size>0x10</size>
         <input_file_ref idref="fl-39"/>
      </object_component>
      <object_component id="oc-56f">
         <name>.sysmem</name>
         <uninitialized>true</uninitialized>
         <run_address>0x8003000</run_address>
         <size>0x0</size>
      </object_component>
      <object_component id="oc-a6">
         <name>.debug_info</name>
         <load_address>0x0</load_address>
         <run_address>0x0</run_address>
         <size>0x105</size>
         <input_file_ref idref="fl-2"/>
      </object_component>
      <object_component id="oc-1c5">
         <name>.debug_info</name>
         <load_address>0x105</load_address>
         <run_address>0x105</run_address>
         <size>0x2c4</size>
         <input_file_ref idref="fl-3"/>
      </object_component>
      <object_component id="oc-71">
         <name>.debug_info</name>
         <load_address>0x3c9</load_address>
         <run_address>0x3c9</run_address>
         <size>0x645</size>
         <input_file_ref idref="fl-3"/>
      </object_component>
      <object_component id="oc-4e">
         <name>.debug_info</name>
         <load_address>0xa0e</load_address>
         <run_address>0xa0e</run_address>
         <size>0x84</size>
         <input_file_ref idref="fl-3"/>
      </object_component>
      <object_component id="oc-de">
         <name>.debug_info</name>
         <load_address>0xa92</load_address>
         <run_address>0xa92</run_address>
         <size>0x9e7</size>
         <input_file_ref idref="fl-3"/>
      </object_component>
      <object_component id="oc-ff">
         <name>.debug_info</name>
         <load_address>0x1479</load_address>
         <run_address>0x1479</run_address>
         <size>0x31c</size>
         <input_file_ref idref="fl-4"/>
      </object_component>
      <object_component id="oc-89">
         <name>.debug_info</name>
         <load_address>0x1795</load_address>
         <run_address>0x1795</run_address>
         <size>0xb31</size>
         <input_file_ref idref="fl-4"/>
      </object_component>
      <object_component id="oc-28">
         <name>.debug_info</name>
         <load_address>0x22c6</load_address>
         <run_address>0x22c6</run_address>
         <size>0x191</size>
         <input_file_ref idref="fl-4"/>
      </object_component>
      <object_component id="oc-181">
         <name>.debug_info</name>
         <load_address>0x2457</load_address>
         <run_address>0x2457</run_address>
         <size>0x26b</size>
         <input_file_ref idref="fl-4"/>
      </object_component>
      <object_component id="oc-98">
         <name>.debug_info</name>
         <load_address>0x26c2</load_address>
         <run_address>0x26c2</run_address>
         <size>0x157</size>
         <input_file_ref idref="fl-4"/>
      </object_component>
      <object_component id="oc-b2">
         <name>.debug_info</name>
         <load_address>0x2819</load_address>
         <run_address>0x2819</run_address>
         <size>0x8b</size>
         <input_file_ref idref="fl-4"/>
      </object_component>
      <object_component id="oc-ad">
         <name>.debug_info</name>
         <load_address>0x28a4</load_address>
         <run_address>0x28a4</run_address>
         <size>0x18c</size>
         <input_file_ref idref="fl-4"/>
      </object_component>
      <object_component id="oc-2c3">
         <name>.debug_info</name>
         <load_address>0x2a30</load_address>
         <run_address>0x2a30</run_address>
         <size>0x2a4</size>
         <input_file_ref idref="fl-4"/>
      </object_component>
      <object_component id="oc-173">
         <name>.debug_info</name>
         <load_address>0x2cd4</load_address>
         <run_address>0x2cd4</run_address>
         <size>0xbb</size>
         <input_file_ref idref="fl-4"/>
      </object_component>
      <object_component id="oc-b7">
         <name>.debug_info</name>
         <load_address>0x2d8f</load_address>
         <run_address>0x2d8f</run_address>
         <size>0x86</size>
         <input_file_ref idref="fl-4"/>
      </object_component>
      <object_component id="oc-186">
         <name>.debug_info</name>
         <load_address>0x2e15</load_address>
         <run_address>0x2e15</run_address>
         <size>0x1de</size>
         <input_file_ref idref="fl-4"/>
      </object_component>
      <object_component id="oc-fa">
         <name>.debug_info</name>
         <load_address>0x2ff3</load_address>
         <run_address>0x2ff3</run_address>
         <size>0x129</size>
         <input_file_ref idref="fl-4"/>
      </object_component>
      <object_component id="oc-19f">
         <name>.debug_info</name>
         <load_address>0x311c</load_address>
         <run_address>0x311c</run_address>
         <size>0x2d0</size>
         <input_file_ref idref="fl-4"/>
      </object_component>
      <object_component id="oc-251">
         <name>.debug_info</name>
         <load_address>0x33ec</load_address>
         <run_address>0x33ec</run_address>
         <size>0x29f</size>
         <input_file_ref idref="fl-5"/>
      </object_component>
      <object_component id="oc-13d">
         <name>.debug_info</name>
         <load_address>0x368b</load_address>
         <run_address>0x368b</run_address>
         <size>0x6e9</size>
         <input_file_ref idref="fl-5"/>
      </object_component>
      <object_component id="oc-190">
         <name>.debug_info</name>
         <load_address>0x3d74</load_address>
         <run_address>0x3d74</run_address>
         <size>0x1f9</size>
         <input_file_ref idref="fl-5"/>
      </object_component>
      <object_component id="oc-338">
         <name>.debug_info</name>
         <load_address>0x3f6d</load_address>
         <run_address>0x3f6d</run_address>
         <size>0x12a</size>
         <input_file_ref idref="fl-5"/>
      </object_component>
      <object_component id="oc-2d5">
         <name>.debug_info</name>
         <load_address>0x4097</load_address>
         <run_address>0x4097</run_address>
         <size>0x2fb</size>
         <input_file_ref idref="fl-6"/>
      </object_component>
      <object_component id="oc-1bd">
         <name>.debug_info</name>
         <load_address>0x4392</load_address>
         <run_address>0x4392</run_address>
         <size>0x2c</size>
         <input_file_ref idref="fl-6"/>
      </object_component>
      <object_component id="oc-1d9">
         <name>.debug_info</name>
         <load_address>0x43be</load_address>
         <run_address>0x43be</run_address>
         <size>0x35</size>
         <input_file_ref idref="fl-6"/>
      </object_component>
      <object_component id="oc-1e8">
         <name>.debug_info</name>
         <load_address>0x43f3</load_address>
         <run_address>0x43f3</run_address>
         <size>0x3d3</size>
         <input_file_ref idref="fl-6"/>
      </object_component>
      <object_component id="oc-386">
         <name>.debug_info</name>
         <load_address>0x47c6</load_address>
         <run_address>0x47c6</run_address>
         <size>0x2e3</size>
         <input_file_ref idref="fl-6"/>
      </object_component>
      <object_component id="oc-207">
         <name>.debug_info</name>
         <load_address>0x4aa9</load_address>
         <run_address>0x4aa9</run_address>
         <size>0x4ac</size>
         <input_file_ref idref="fl-7"/>
      </object_component>
      <object_component id="oc-ed">
         <name>.debug_info</name>
         <load_address>0x4f55</load_address>
         <run_address>0x4f55</run_address>
         <size>0x990</size>
         <input_file_ref idref="fl-7"/>
      </object_component>
      <object_component id="oc-1ca">
         <name>.debug_info</name>
         <load_address>0x58e5</load_address>
         <run_address>0x58e5</run_address>
         <size>0x791</size>
         <input_file_ref idref="fl-7"/>
      </object_component>
      <object_component id="oc-1cf">
         <name>.debug_info</name>
         <load_address>0x6076</load_address>
         <run_address>0x6076</run_address>
         <size>0x4de</size>
         <input_file_ref idref="fl-7"/>
      </object_component>
      <object_component id="oc-1d4">
         <name>.debug_info</name>
         <load_address>0x6554</load_address>
         <run_address>0x6554</run_address>
         <size>0x3ce</size>
         <input_file_ref idref="fl-7"/>
      </object_component>
      <object_component id="oc-2d9">
         <name>.debug_info</name>
         <load_address>0x6922</load_address>
         <run_address>0x6922</run_address>
         <size>0x7cd</size>
         <input_file_ref idref="fl-7"/>
      </object_component>
      <object_component id="oc-208">
         <name>.debug_info</name>
         <load_address>0x70ef</load_address>
         <run_address>0x70ef</run_address>
         <size>0x673</size>
         <input_file_ref idref="fl-7"/>
      </object_component>
      <object_component id="oc-1de">
         <name>.debug_info</name>
         <load_address>0x7762</load_address>
         <run_address>0x7762</run_address>
         <size>0x437</size>
         <input_file_ref idref="fl-7"/>
      </object_component>
      <object_component id="oc-210">
         <name>.debug_info</name>
         <load_address>0x7b99</load_address>
         <run_address>0x7b99</run_address>
         <size>0x37b</size>
         <input_file_ref idref="fl-7"/>
      </object_component>
      <object_component id="oc-1e3">
         <name>.debug_info</name>
         <load_address>0x7f14</load_address>
         <run_address>0x7f14</run_address>
         <size>0x1ca</size>
         <input_file_ref idref="fl-7"/>
      </object_component>
      <object_component id="oc-18b">
         <name>.debug_info</name>
         <load_address>0x80de</load_address>
         <run_address>0x80de</run_address>
         <size>0x435</size>
         <input_file_ref idref="fl-7"/>
      </object_component>
      <object_component id="oc-1fc">
         <name>.debug_info</name>
         <load_address>0x8513</load_address>
         <run_address>0x8513</run_address>
         <size>0x551</size>
         <input_file_ref idref="fl-7"/>
      </object_component>
      <object_component id="oc-1f2">
         <name>.debug_info</name>
         <load_address>0x8a64</load_address>
         <run_address>0x8a64</run_address>
         <size>0x1de</size>
         <input_file_ref idref="fl-7"/>
      </object_component>
      <object_component id="oc-2a4">
         <name>.debug_info</name>
         <load_address>0x8c42</load_address>
         <run_address>0x8c42</run_address>
         <size>0x243</size>
         <input_file_ref idref="fl-7"/>
      </object_component>
      <object_component id="oc-301">
         <name>.debug_info</name>
         <load_address>0x8e85</load_address>
         <run_address>0x8e85</run_address>
         <size>0x18e</size>
         <input_file_ref idref="fl-7"/>
      </object_component>
      <object_component id="oc-201">
         <name>.debug_info</name>
         <load_address>0x9013</load_address>
         <run_address>0x9013</run_address>
         <size>0x17a</size>
         <input_file_ref idref="fl-7"/>
      </object_component>
      <object_component id="oc-195">
         <name>.debug_info</name>
         <load_address>0x918d</load_address>
         <run_address>0x918d</run_address>
         <size>0x6a6</size>
         <input_file_ref idref="fl-7"/>
      </object_component>
      <object_component id="oc-19a">
         <name>.debug_info</name>
         <load_address>0x9833</load_address>
         <run_address>0x9833</run_address>
         <size>0x13e</size>
         <input_file_ref idref="fl-7"/>
      </object_component>
      <object_component id="oc-353">
         <name>.debug_info</name>
         <load_address>0x9971</load_address>
         <run_address>0x9971</run_address>
         <size>0x1dd</size>
         <input_file_ref idref="fl-8"/>
      </object_component>
      <object_component id="oc-276">
         <name>.debug_info</name>
         <load_address>0x9b4e</load_address>
         <run_address>0x9b4e</run_address>
         <size>0x30c</size>
         <input_file_ref idref="fl-8"/>
      </object_component>
      <object_component id="oc-2ae">
         <name>.debug_info</name>
         <load_address>0x9e5a</load_address>
         <run_address>0x9e5a</run_address>
         <size>0x37f</size>
         <input_file_ref idref="fl-8"/>
      </object_component>
      <object_component id="oc-26b">
         <name>.debug_info</name>
         <load_address>0xa1d9</load_address>
         <run_address>0xa1d9</run_address>
         <size>0xe1</size>
         <input_file_ref idref="fl-8"/>
      </object_component>
      <object_component id="oc-3de">
         <name>.debug_info</name>
         <load_address>0xa2ba</load_address>
         <run_address>0xa2ba</run_address>
         <size>0xcc</size>
         <input_file_ref idref="fl-8"/>
      </object_component>
      <object_component id="oc-270">
         <name>.debug_info</name>
         <load_address>0xa386</load_address>
         <run_address>0xa386</run_address>
         <size>0x2c</size>
         <input_file_ref idref="fl-8"/>
      </object_component>
      <object_component id="oc-2a9">
         <name>.debug_info</name>
         <load_address>0xa3b2</load_address>
         <run_address>0xa3b2</run_address>
         <size>0x14c</size>
         <input_file_ref idref="fl-8"/>
      </object_component>
      <object_component id="oc-2bb">
         <name>.debug_info</name>
         <load_address>0xa4fe</load_address>
         <run_address>0xa4fe</run_address>
         <size>0x682</size>
         <input_file_ref idref="fl-9"/>
      </object_component>
      <object_component id="oc-265">
         <name>.debug_info</name>
         <load_address>0xab80</load_address>
         <run_address>0xab80</run_address>
         <size>0x1480</size>
         <input_file_ref idref="fl-9"/>
      </object_component>
      <object_component id="oc-340">
         <name>.debug_info</name>
         <load_address>0xc000</load_address>
         <run_address>0xc000</run_address>
         <size>0x110</size>
         <input_file_ref idref="fl-9"/>
      </object_component>
      <object_component id="oc-280">
         <name>.debug_info</name>
         <load_address>0xc110</load_address>
         <run_address>0xc110</run_address>
         <size>0x39</size>
         <input_file_ref idref="fl-9"/>
      </object_component>
      <object_component id="oc-162">
         <name>.debug_info</name>
         <load_address>0xc149</load_address>
         <run_address>0xc149</run_address>
         <size>0x46</size>
         <input_file_ref idref="fl-9"/>
      </object_component>
      <object_component id="oc-37b">
         <name>.debug_info</name>
         <load_address>0xc18f</load_address>
         <run_address>0xc18f</run_address>
         <size>0x62</size>
         <input_file_ref idref="fl-9"/>
      </object_component>
      <object_component id="oc-363">
         <name>.debug_info</name>
         <load_address>0xc1f1</load_address>
         <run_address>0xc1f1</run_address>
         <size>0x42a</size>
         <input_file_ref idref="fl-a"/>
      </object_component>
      <object_component id="oc-3e4">
         <name>.debug_info</name>
         <load_address>0xc61b</load_address>
         <run_address>0xc61b</run_address>
         <size>0xe2</size>
         <input_file_ref idref="fl-a"/>
      </object_component>
      <object_component id="oc-360">
         <name>.debug_info</name>
         <load_address>0xc6fd</load_address>
         <run_address>0xc6fd</run_address>
         <size>0xe2</size>
         <input_file_ref idref="fl-a"/>
      </object_component>
      <object_component id="oc-35d">
         <name>.debug_info</name>
         <load_address>0xc7df</load_address>
         <run_address>0xc7df</run_address>
         <size>0x196</size>
         <input_file_ref idref="fl-a"/>
      </object_component>
      <object_component id="oc-286">
         <name>.debug_info</name>
         <load_address>0xc975</load_address>
         <run_address>0xc975</run_address>
         <size>0x53f</size>
         <input_file_ref idref="fl-a"/>
      </object_component>
      <object_component id="oc-357">
         <name>.debug_info</name>
         <load_address>0xceb4</load_address>
         <run_address>0xceb4</run_address>
         <size>0x2b9</size>
         <input_file_ref idref="fl-a"/>
      </object_component>
      <object_component id="oc-3eb">
         <name>.debug_info</name>
         <load_address>0xd16d</load_address>
         <run_address>0xd16d</run_address>
         <size>0x62</size>
         <input_file_ref idref="fl-a"/>
      </object_component>
      <object_component id="oc-365">
         <name>.debug_info</name>
         <load_address>0xd1cf</load_address>
         <run_address>0xd1cf</run_address>
         <size>0x365</size>
         <input_file_ref idref="fl-b"/>
      </object_component>
      <object_component id="oc-28d">
         <name>.debug_info</name>
         <load_address>0xd534</load_address>
         <run_address>0xd534</run_address>
         <size>0x4c0</size>
         <input_file_ref idref="fl-b"/>
      </object_component>
      <object_component id="oc-275">
         <name>.debug_info</name>
         <load_address>0xd9f4</load_address>
         <run_address>0xd9f4</run_address>
         <size>0x1073</size>
         <input_file_ref idref="fl-c"/>
      </object_component>
      <object_component id="oc-144">
         <name>.debug_info</name>
         <load_address>0xea67</load_address>
         <run_address>0xea67</run_address>
         <size>0x47ca</size>
         <input_file_ref idref="fl-c"/>
      </object_component>
      <object_component id="oc-27b">
         <name>.debug_info</name>
         <load_address>0x13231</load_address>
         <run_address>0x13231</run_address>
         <size>0x46</size>
         <input_file_ref idref="fl-c"/>
      </object_component>
      <object_component id="oc-36d">
         <name>.debug_info</name>
         <load_address>0x13277</load_address>
         <run_address>0x13277</run_address>
         <size>0x47d</size>
         <input_file_ref idref="fl-d"/>
      </object_component>
      <object_component id="oc-17c">
         <name>.debug_info</name>
         <load_address>0x136f4</load_address>
         <run_address>0x136f4</run_address>
         <size>0x130</size>
         <input_file_ref idref="fl-d"/>
      </object_component>
      <object_component id="oc-293">
         <name>.debug_info</name>
         <load_address>0x13824</load_address>
         <run_address>0x13824</run_address>
         <size>0x5c4</size>
         <input_file_ref idref="fl-d"/>
      </object_component>
      <object_component id="oc-367">
         <name>.debug_info</name>
         <load_address>0x13de8</load_address>
         <run_address>0x13de8</run_address>
         <size>0x369</size>
         <input_file_ref idref="fl-d"/>
      </object_component>
      <object_component id="oc-9f">
         <name>.debug_info</name>
         <load_address>0x14151</load_address>
         <run_address>0x14151</run_address>
         <size>0x4e6</size>
         <input_file_ref idref="fl-e"/>
      </object_component>
      <object_component id="oc-33f">
         <name>.debug_info</name>
         <load_address>0x14637</load_address>
         <run_address>0x14637</run_address>
         <size>0x73d</size>
         <input_file_ref idref="fl-f"/>
      </object_component>
      <object_component id="oc-25a">
         <name>.debug_info</name>
         <load_address>0x14d74</load_address>
         <run_address>0x14d74</run_address>
         <size>0x25d7</size>
         <input_file_ref idref="fl-f"/>
      </object_component>
      <object_component id="oc-3d1">
         <name>.debug_info</name>
         <load_address>0x1734b</load_address>
         <run_address>0x1734b</run_address>
         <size>0x155</size>
         <input_file_ref idref="fl-f"/>
      </object_component>
      <object_component id="oc-2a1">
         <name>.debug_info</name>
         <load_address>0x174a0</load_address>
         <run_address>0x174a0</run_address>
         <size>0x890</size>
         <input_file_ref idref="fl-10"/>
      </object_component>
      <object_component id="oc-179">
         <name>.debug_info</name>
         <load_address>0x17d30</load_address>
         <run_address>0x17d30</run_address>
         <size>0x353</size>
         <input_file_ref idref="fl-10"/>
      </object_component>
      <object_component id="oc-298">
         <name>.debug_info</name>
         <load_address>0x18083</load_address>
         <run_address>0x18083</run_address>
         <size>0x27f</size>
         <input_file_ref idref="fl-10"/>
      </object_component>
      <object_component id="oc-149">
         <name>.debug_info</name>
         <load_address>0x18302</load_address>
         <run_address>0x18302</run_address>
         <size>0x4d69</size>
         <input_file_ref idref="fl-10"/>
      </object_component>
      <object_component id="oc-253">
         <name>.debug_info</name>
         <load_address>0x1d06b</load_address>
         <run_address>0x1d06b</run_address>
         <size>0x401</size>
         <input_file_ref idref="fl-10"/>
      </object_component>
      <object_component id="oc-374">
         <name>.debug_info</name>
         <load_address>0x1d46c</load_address>
         <run_address>0x1d46c</run_address>
         <size>0x14e</size>
         <input_file_ref idref="fl-10"/>
      </object_component>
      <object_component id="oc-34c">
         <name>.debug_info</name>
         <load_address>0x1d5ba</load_address>
         <run_address>0x1d5ba</run_address>
         <size>0x83a</size>
         <input_file_ref idref="fl-11"/>
      </object_component>
      <object_component id="oc-349">
         <name>.debug_info</name>
         <load_address>0x1ddf4</load_address>
         <run_address>0x1ddf4</run_address>
         <size>0x195</size>
         <input_file_ref idref="fl-11"/>
      </object_component>
      <object_component id="oc-346">
         <name>.debug_info</name>
         <load_address>0x1df89</load_address>
         <run_address>0x1df89</run_address>
         <size>0x11d</size>
         <input_file_ref idref="fl-11"/>
      </object_component>
      <object_component id="oc-25f">
         <name>.debug_info</name>
         <load_address>0x1e0a6</load_address>
         <run_address>0x1e0a6</run_address>
         <size>0x1c74</size>
         <input_file_ref idref="fl-11"/>
      </object_component>
      <object_component id="oc-34d">
         <name>.debug_info</name>
         <load_address>0x1fd1a</load_address>
         <run_address>0x1fd1a</run_address>
         <size>0x1ba</size>
         <input_file_ref idref="fl-11"/>
      </object_component>
      <object_component id="oc-1c7">
         <name>.debug_info</name>
         <load_address>0x1fed4</load_address>
         <run_address>0x1fed4</run_address>
         <size>0x286</size>
         <input_file_ref idref="fl-12"/>
      </object_component>
      <object_component id="oc-e5">
         <name>.debug_info</name>
         <load_address>0x2015a</load_address>
         <run_address>0x2015a</run_address>
         <size>0x1ef</size>
         <input_file_ref idref="fl-12"/>
      </object_component>
      <object_component id="oc-1ed">
         <name>.debug_info</name>
         <load_address>0x20349</load_address>
         <run_address>0x20349</run_address>
         <size>0x508</size>
         <input_file_ref idref="fl-12"/>
      </object_component>
      <object_component id="oc-2d0">
         <name>.debug_info</name>
         <load_address>0x20851</load_address>
         <run_address>0x20851</run_address>
         <size>0x43c</size>
         <input_file_ref idref="fl-12"/>
      </object_component>
      <object_component id="oc-230">
         <name>.debug_info</name>
         <load_address>0x20c8d</load_address>
         <run_address>0x20c8d</run_address>
         <size>0x2ec</size>
         <input_file_ref idref="fl-13"/>
      </object_component>
      <object_component id="oc-22d">
         <name>.debug_info</name>
         <load_address>0x20f79</load_address>
         <run_address>0x20f79</run_address>
         <size>0xf0</size>
         <input_file_ref idref="fl-13"/>
      </object_component>
      <object_component id="oc-132">
         <name>.debug_info</name>
         <load_address>0x21069</load_address>
         <run_address>0x21069</run_address>
         <size>0xc40</size>
         <input_file_ref idref="fl-13"/>
      </object_component>
      <object_component id="oc-2fc">
         <name>.debug_info</name>
         <load_address>0x21ca9</load_address>
         <run_address>0x21ca9</run_address>
         <size>0x91</size>
         <input_file_ref idref="fl-13"/>
      </object_component>
      <object_component id="oc-6d">
         <name>.debug_info</name>
         <load_address>0x21d3a</load_address>
         <run_address>0x21d3a</run_address>
         <size>0x7fa</size>
         <input_file_ref idref="fl-14"/>
      </object_component>
      <object_component id="oc-2f">
         <name>.debug_info</name>
         <load_address>0x22534</load_address>
         <run_address>0x22534</run_address>
         <size>0x10d</size>
         <input_file_ref idref="fl-16"/>
      </object_component>
      <object_component id="oc-14f">
         <name>.debug_info</name>
         <load_address>0x22641</load_address>
         <run_address>0x22641</run_address>
         <size>0x9e0</size>
         <input_file_ref idref="fl-17"/>
      </object_component>
      <object_component id="oc-152">
         <name>.debug_info</name>
         <load_address>0x23021</load_address>
         <run_address>0x23021</run_address>
         <size>0x125</size>
         <input_file_ref idref="fl-17"/>
      </object_component>
      <object_component id="oc-158">
         <name>.debug_info</name>
         <load_address>0x23146</load_address>
         <run_address>0x23146</run_address>
         <size>0xe9</size>
         <input_file_ref idref="fl-17"/>
      </object_component>
      <object_component id="oc-15c">
         <name>.debug_info</name>
         <load_address>0x2322f</load_address>
         <run_address>0x2322f</run_address>
         <size>0xeb</size>
         <input_file_ref idref="fl-17"/>
      </object_component>
      <object_component id="oc-15f">
         <name>.debug_info</name>
         <load_address>0x2331a</load_address>
         <run_address>0x2331a</run_address>
         <size>0xe6</size>
         <input_file_ref idref="fl-17"/>
      </object_component>
      <object_component id="oc-91">
         <name>.debug_info</name>
         <load_address>0x23400</load_address>
         <run_address>0x23400</run_address>
         <size>0x9bc</size>
         <input_file_ref idref="fl-17"/>
      </object_component>
      <object_component id="oc-24b">
         <name>.debug_info</name>
         <load_address>0x23dbc</load_address>
         <run_address>0x23dbc</run_address>
         <size>0x2c</size>
         <input_file_ref idref="fl-17"/>
      </object_component>
      <object_component id="oc-2d6">
         <name>.debug_info</name>
         <load_address>0x23de8</load_address>
         <run_address>0x23de8</run_address>
         <size>0x2a5</size>
         <input_file_ref idref="fl-19"/>
      </object_component>
      <object_component id="oc-38d">
         <name>.debug_info</name>
         <load_address>0x2408d</load_address>
         <run_address>0x2408d</run_address>
         <size>0x242</size>
         <input_file_ref idref="fl-19"/>
      </object_component>
      <object_component id="oc-1f7">
         <name>.debug_info</name>
         <load_address>0x242cf</load_address>
         <run_address>0x242cf</run_address>
         <size>0x2af</size>
         <input_file_ref idref="fl-19"/>
      </object_component>
      <object_component id="oc-34">
         <name>.debug_info</name>
         <load_address>0x2457e</load_address>
         <run_address>0x2457e</run_address>
         <size>0x142</size>
         <input_file_ref idref="fl-1a"/>
      </object_component>
      <object_component id="oc-f4">
         <name>.debug_info</name>
         <load_address>0x246c0</load_address>
         <run_address>0x246c0</run_address>
         <size>0x36c</size>
         <input_file_ref idref="fl-1c"/>
      </object_component>
      <object_component id="oc-f8">
         <name>.debug_info</name>
         <load_address>0x24a2c</load_address>
         <run_address>0x24a2c</run_address>
         <size>0x67b</size>
         <input_file_ref idref="fl-1d"/>
      </object_component>
      <object_component id="oc-83">
         <name>.debug_info</name>
         <load_address>0x250a7</load_address>
         <run_address>0x250a7</run_address>
         <size>0x2e94</size>
         <input_file_ref idref="fl-1d"/>
      </object_component>
      <object_component id="oc-20">
         <name>.debug_info</name>
         <load_address>0x27f3b</load_address>
         <run_address>0x27f3b</run_address>
         <size>0x5e8</size>
         <input_file_ref idref="fl-1e"/>
      </object_component>
      <object_component id="oc-77">
         <name>.debug_info</name>
         <load_address>0x28523</load_address>
         <run_address>0x28523</run_address>
         <size>0x13b</size>
         <input_file_ref idref="fl-1e"/>
      </object_component>
      <object_component id="oc-a4">
         <name>.debug_info</name>
         <load_address>0x2865e</load_address>
         <run_address>0x2865e</run_address>
         <size>0x4ad</size>
         <input_file_ref idref="fl-1f"/>
      </object_component>
      <object_component id="oc-2c">
         <name>.debug_info</name>
         <load_address>0x28b0b</load_address>
         <run_address>0x28b0b</run_address>
         <size>0xea</size>
         <input_file_ref idref="fl-1f"/>
      </object_component>
      <object_component id="oc-3e">
         <name>.debug_info</name>
         <load_address>0x28bf5</load_address>
         <run_address>0x28bf5</run_address>
         <size>0x47c</size>
         <input_file_ref idref="fl-1f"/>
      </object_component>
      <object_component id="oc-42">
         <name>.debug_info</name>
         <load_address>0x29071</load_address>
         <run_address>0x29071</run_address>
         <size>0x205</size>
         <input_file_ref idref="fl-1f"/>
      </object_component>
      <object_component id="oc-1a4">
         <name>.debug_info</name>
         <load_address>0x29276</load_address>
         <run_address>0x29276</run_address>
         <size>0x4f</size>
         <input_file_ref idref="fl-1f"/>
[...]
         <value>0x8608</value>
         <object_component_ref idref="oc-82"/>
      </symbol>
      <symbol id="sm-b34">
         <name>checkFlashEEPROMECC</name>
         <value>0x9cf4</value>
         <object_component_ref idref="oc-82"/>
      </symbol>
      <symbol id="sm-b35">
         <name>pbistGetConfigValue</name>
         <value>0xa470</value>
         <object_component_ref idref="oc-82"/>
      </symbol>
      <symbol id="sm-b36">
         <name>vimParityCheck</name>
         <value>0x8e00</value>
         <object_component_ref idref="oc-82"/>
      </symbol>
      <symbol id="sm-b37">
         <name>pbistIsTestCompleted</name>
         <value>0x85a8</value>
         <object_component_ref idref="oc-82"/>
      </symbol>
      <symbol id="sm-b38">
         <name>disableParity</name>
         <value>0xab58</value>
         <object_component_ref idref="oc-82"/>
      </symbol>
      <symbol id="sm-b39">
         <name>pbistRun</name>
         <value>0x84ac</value>
         <object_component_ref idref="oc-82"/>
      </symbol>
      <symbol id="sm-b3a">
         <name>pbistFail</name>
         <value>0xa3ec</value>
         <object_component_ref idref="oc-82"/>
      </symbol>
      <symbol id="sm-b3b">
         <name>selftestFailNotification</name>
         <value>0x8020</value>
         <object_component_ref idref="oc-82"/>
      </symbol>
      <symbol id="sm-b3c">
         <name>errata_PBIST_4</name>
         <value>0xa76c</value>
         <object_component_ref idref="oc-82"/>
      </symbol>
      <symbol id="sm-b3d">
         <name>mibspi3ParityCheck</name>
         <value>0x978c</value>
         <object_component_ref idref="oc-82"/>
      </symbol>
      <symbol id="sm-b3e">
         <name>efcSelfTest</name>
         <value>0x8794</value>
         <object_component_ref idref="oc-82"/>
      </symbol>
      <symbol id="sm-b3f">
         <name>checkB1RAMECC</name>
         <value>0x8b28</value>
         <object_component_ref idref="oc-82"/>
      </symbol>
      <symbol id="sm-b40">
         <name>pbistStop</name>
         <value>0x8578</value>
         <object_component_ref idref="oc-82"/>
      </symbol>
      <symbol id="sm-b41">
         <name>can3ParityCheck</name>
         <value>0x95b0</value>
         <object_component_ref idref="oc-82"/>
      </symbol>
      <symbol id="sm-b42">
         <name>checkRAMAddrParity</name>
         <value>0xa050</value>
         <object_component_ref idref="oc-82"/>
      </symbol>
      <symbol id="sm-b43">
         <name>mibspi5ParityCheck</name>
         <value>0x98b0</value>
         <object_component_ref idref="oc-82"/>
      </symbol>
      <symbol id="sm-b44">
         <name>checkB0RAMECC</name>
         <value>0x8938</value>
         <object_component_ref idref="oc-82"/>
      </symbol>
      <symbol id="sm-b45">
         <name>stcGetConfigValue</name>
         <value>0xa5bc</value>
         <object_component_ref idref="oc-82"/>
      </symbol>
      <symbol id="sm-b46">
         <name>pbistIsTestPassed</name>
         <value>0x85d4</value>
         <object_component_ref idref="oc-82"/>
      </symbol>
      <symbol id="sm-b47">
         <name>checkClockMonitor</name>
         <value>0x9c18</value>
         <object_component_ref idref="oc-82"/>
      </symbol>
      <symbol id="sm-b48">
         <name>fmcECCcheck</name>
         <value>0x8898</value>
         <object_component_ref idref="oc-82"/>
      </symbol>
      <symbol id="sm-b49">
         <name>fmcBus2Check</name>
         <value>0x885c</value>
         <object_component_ref idref="oc-82"/>
      </symbol>
      <symbol id="sm-b4a">
         <name>checkRAMUERRTest</name>
         <value>0xa15c</value>
         <object_component_ref idref="oc-82"/>
      </symbol>
      <symbol id="sm-b4b">
         <name>efcStuckZeroTest</name>
         <value>0x86e8</value>
         <object_component_ref idref="oc-82"/>
      </symbol>
      <symbol id="sm-b4c">
         <name>checkPLL2Slip</name>
         <value>0x9f8c</value>
         <object_component_ref idref="oc-82"/>
      </symbol>
      <symbol id="sm-b7e">
         <name>_c_int00</name>
         <value>0xfaa4</value>
         <object_component_ref idref="oc-1f"/>
      </symbol>
      <symbol id="sm-b7f">
         <name>handlePLLLockFail</name>
         <value>0x11a20</value>
         <object_component_ref idref="oc-76"/>
      </symbol>
      <symbol id="sm-c2f">
         <name>vimChannelMap</name>
         <value>0xc4f0</value>
         <object_component_ref idref="oc-3b"/>
      </symbol>
      <symbol id="sm-c30">
         <name>vimInit</name>
         <value>0xc41c</value>
         <object_component_ref idref="oc-3b"/>
      </symbol>
      <symbol id="sm-c31">
         <name>vimEnableInterrupt</name>
         <value>0xc594</value>
         <object_component_ref idref="oc-3b"/>
      </symbol>
      <symbol id="sm-c32">
         <name>vimDisableInterrupt</name>
         <value>0xc75c</value>
         <object_component_ref idref="oc-3b"/>
      </symbol>
      <symbol id="sm-c33">
         <name>vimGetConfigValue</name>
         <value>0xc808</value>
         <object_component_ref idref="oc-3b"/>
      </symbol>
      <symbol id="sm-c34">
         <name>vimParityErrorHandler</name>
         <value>0xf7d8</value>
         <object_component_ref idref="oc-39"/>
      </symbol>
      <symbol id="sm-c8f">
         <name>systemGetConfigValue</name>
         <value>0xbc44</value>
         <object_component_ref idref="oc-7c"/>
      </symbol>
      <symbol id="sm-c90">
         <name>trimLPO</name>
         <value>0xb918</value>
         <object_component_ref idref="oc-7c"/>
      </symbol>
      <symbol id="sm-c91">
         <name>systemInit</name>
         <value>0xbb48</value>
         <object_component_ref idref="oc-7c"/>
      </symbol>
      <symbol id="sm-c92">
         <name>customTrimLPO</name>
         <value>0xc340</value>
         <object_component_ref idref="oc-7c"/>
      </symbol>
      <symbol id="sm-c93">
         <name>tcmflashGetConfigValue</name>
         <value>0xc058</value>
         <object_component_ref idref="oc-7c"/>
      </symbol>
      <symbol id="sm-c94">
         <name>sramGetConfigValue</name>
         <value>0xc204</value>
         <object_component_ref idref="oc-7c"/>
      </symbol>
      <symbol id="sm-c95">
         <name>periphInit</name>
         <value>0xb9cc</value>
         <object_component_ref idref="oc-7c"/>
      </symbol>
      <symbol id="sm-c96">
         <name>setupFlash</name>
         <value>0xb98c</value>
         <object_component_ref idref="oc-7c"/>
      </symbol>
      <symbol id="sm-c97">
         <name>setupPLL</name>
         <value>0xb8b8</value>
         <object_component_ref idref="oc-7c"/>
      </symbol>
      <symbol id="sm-c98">
         <name>mapClocks</name>
         <value>0xba20</value>
         <object_component_ref idref="oc-7c"/>
      </symbol>
      <symbol id="sm-c99">
         <name>systemPowerDown</name>
         <value>0xbc14</value>
         <object_component_ref idref="oc-7c"/>
      </symbol>
      <symbol id="sm-cc5">
         <name>printf</name>
         <value>0x11345</value>
         <object_component_ref idref="oc-136"/>
      </symbol>
      <symbol id="sm-cf8">
         <name>__TI_printfi_minimal</name>
         <value>0x101dd</value>
         <object_component_ref idref="oc-231"/>
      </symbol>
      <symbol id="sm-d0d">
         <name>putc</name>
         <value>0x11011</value>
         <object_component_ref idref="oc-328"/>
      </symbol>
      <symbol id="sm-d0e">
         <name>fputc</name>
         <value>0x11011</value>
         <object_component_ref idref="oc-328"/>
      </symbol>
      <symbol id="sm-d2c">
         <name>fputs</name>
         <value>0x1070d</value>
         <object_component_ref idref="oc-321"/>
      </symbol>
      <symbol id="sm-d44">
         <name>__TI_wrt_ok</name>
         <value>0x113ad</value>
         <object_component_ref idref="oc-3b3"/>
      </symbol>
      <symbol id="sm-d60">
         <name>setvbuf</name>
         <value>0x10dc5</value>
         <object_component_ref idref="oc-401"/>
      </symbol>
      <symbol id="sm-d86">
         <name>floorl</name>
         <value>0x10c05</value>
         <object_component_ref idref="oc-226"/>
      </symbol>
      <symbol id="sm-d87">
         <name>floor</name>
         <value>0x10c05</value>
         <object_component_ref idref="oc-226"/>
      </symbol>
      <symbol id="sm-da2">
         <name>memcpy</name>
         <value>0x10f75</value>
         <object_component_ref idref="oc-53"/>
      </symbol>
      <symbol id="sm-da3">
         <name>__aeabi_memcpy</name>
         <value>0x10f75</value>
         <object_component_ref idref="oc-53"/>
      </symbol>
      <symbol id="sm-da4">
         <name>__aeabi_memcpy8</name>
         <value>0x10f75</value>
         <object_component_ref idref="oc-53"/>
      </symbol>
      <symbol id="sm-da5">
         <name>__aeabi_memcpy4</name>
         <value>0x10f75</value>
         <object_component_ref idref="oc-53"/>
      </symbol>
      <symbol id="sm-db5">
         <name>__aeabi_memset</name>
         <value>0x110a3</value>
         <object_component_ref idref="oc-d6"/>
      </symbol>
      <symbol id="sm-db6">
         <name>memset</name>
         <value>0x110a9</value>
         <object_component_ref idref="oc-d6"/>
      </symbol>
      <symbol id="sm-db7">
         <name>__aeabi_memset8</name>
         <value>0x110a3</value>
         <object_component_ref idref="oc-d6"/>
      </symbol>
      <symbol id="sm-db8">
         <name>__aeabi_memset4</name>
         <value>0x110a3</value>
         <object_component_ref idref="oc-d6"/>
      </symbol>
      <symbol id="sm-db9">
         <name>__aeabi_memclr8</name>
         <value>0x110a1</value>
         <object_component_ref idref="oc-d6"/>
      </symbol>
      <symbol id="sm-dba">
         <name>__aeabi_memclr4</name>
         <value>0x110a1</value>
         <object_component_ref idref="oc-d6"/>
      </symbol>
      <symbol id="sm-dbb">
         <name>__aeabi_memclr</name>
         <value>0x110a1</value>
         <object_component_ref idref="oc-d6"/>
      </symbol>
      <symbol id="sm-de3">
         <name>__TI_auto_init_nobinit_nopinit</name>
         <value>0x116b1</value>
         <object_component_ref idref="oc-100"/>
      </symbol>
      <symbol id="sm-df6">
         <name>__TI_zero_init</name>
         <value>0x119fb</value>
         <object_component_ref idref="oc-65"/>
      </symbol>
      <symbol id="sm-e0d">
         <name>__TI_decompress_none</name>
         <value>0x119ed</value>
         <object_component_ref idref="oc-18"/>
      </symbol>
      <symbol id="sm-e30">
         <name>__TI_decompress_lzss</name>
         <value>0x11271</value>
         <object_component_ref idref="oc-12"/>
      </symbol>
      <symbol id="sm-e56">
         <name>C$$EXIT</name>
         <value>0x11a17</value>
         <object_component_ref idref="oc-167"/>
      </symbol>
      <symbol id="sm-e57">
         <name>abort</name>
         <value>0x11a17</value>
         <object_component_ref idref="oc-167"/>
      </symbol>
      <symbol id="sm-e58">
         <name>__TI_dtors_ptr</name>
         <value>0x80039fc</value>
         <object_component_ref idref="oc-2bd"/>
      </symbol>
      <symbol id="sm-e59">
         <name>__TI_cleanup_ptr</name>
         <value>0x80039f8</value>
         <object_component_ref idref="oc-2bd"/>
      </symbol>
      <symbol id="sm-e5a">
         <name>__TI_enable_exit_profile_output</name>
         <value>0x8003a00</value>
         <object_component_ref idref="oc-2bd"/>
      </symbol>
      <symbol id="sm-e5b">
         <name>exit</name>
         <value>0x116f5</value>
         <object_component_ref idref="oc-16d"/>
      </symbol>
      <symbol id="sm-e70">
         <name>_nop</name>
         <value>0x10403</value>
         <object_component_ref idref="oc-313"/>
      </symbol>
      <symbol id="sm-e71">
         <name>_lock</name>
         <value>0x8003a10</value>
         <object_component_ref idref="oc-237"/>
      </symbol>
      <symbol id="sm-e72">
         <name>_unlock</name>
         <value>0x8003a14</value>
         <object_component_ref idref="oc-237"/>
      </symbol>
      <symbol id="sm-e87">
         <name>__TI_tmpnams</name>
         <value>0x8003b48</value>
      </symbol>
      <symbol id="sm-e88">
         <name>__aeabi_stdout</name>
         <value>0x80039d0</value>
         <object_component_ref idref="oc-46f"/>
      </symbol>
      <symbol id="sm-e89">
         <name>__aeabi_stderr</name>
         <value>0x80039d4</value>
         <object_component_ref idref="oc-46f"/>
      </symbol>
      <symbol id="sm-e8a">
         <name>__aeabi_stdin</name>
         <value>0x80039cc</value>
         <object_component_ref idref="oc-46f"/>
      </symbol>
      <symbol id="sm-e8b">
         <name>_ftable</name>
         <value>0x8003800</value>
         <object_component_ref idref="oc-23a"/>
      </symbol>
      <symbol id="sm-e8c">
         <name>__TI_ft_end</name>
         <value>0x80039c8</value>
         <object_component_ref idref="oc-46f"/>
      </symbol>
      <symbol id="sm-e9c">
         <name>memccpy</name>
         <value>0x11931</value>
         <object_component_ref idref="oc-306"/>
      </symbol>
      <symbol id="sm-eac">
         <name>memchr</name>
         <value>0x11957</value>
         <object_component_ref idref="oc-3b9"/>
      </symbol>
      <symbol id="sm-f34">
         <name>_sys_memory</name>
         <value>0x8003000</value>
         <object_component_ref idref="oc-45"/>
      </symbol>
      <symbol id="sm-f35">
         <name>free</name>
         <value>0x10b21</value>
         <object_component_ref idref="oc-420"/>
      </symbol>
      <symbol id="sm-f36">
         <name>memalign</name>
         <value>0x10939</value>
         <object_component_ref idref="oc-462"/>
      </symbol>
      <symbol id="sm-f37">
         <name>malloc</name>
         <value>0x11a07</value>
         <object_component_ref idref="oc-426"/>
      </symbol>
      <symbol id="sm-f38">
         <name>aligned_alloc</name>
         <value>0x10939</value>
         <object_component_ref idref="oc-462"/>
      </symbol>
      <symbol id="sm-f46">
         <name>strlen</name>
         <value>0x119c3</value>
         <object_component_ref idref="oc-29a"/>
      </symbol>
      <symbol id="sm-f60">
         <name>write</name>
         <value>0x11909</value>
         <object_component_ref idref="oc-3c5"/>
      </symbol>
      <symbol id="sm-f71">
         <name>_stream</name>
         <value>0x8003968</value>
         <object_component_ref idref="oc-40d"/>
      </symbol>
      <symbol id="sm-f72">
         <name>_device</name>
         <value>0x80038f0</value>
         <object_component_ref idref="oc-43f"/>
      </symbol>
      <symbol id="sm-f82">
         <name>__TI_doflush</name>
         <value>0x115dd</value>
         <object_component_ref idref="oc-3bf"/>
      </symbol>
      <symbol id="sm-f92">
         <name>__TI_cleanup</name>
         <value>0x117f1</value>
         <object_component_ref idref="oc-42c"/>
      </symbol>
      <symbol id="sm-fa4">
         <name>fseek</name>
         <value>0x11411</value>
         <object_component_ref idref="oc-3fb"/>
      </symbol>
      <symbol id="sm-fb6">
         <name>HOSTclose</name>
         <value>0x11629</value>
         <object_component_ref idref="oc-47b"/>
      </symbol>
      <symbol id="sm-fc7">
         <name>HOSTlseek</name>
         <value>0x112dd</value>
         <object_component_ref idref="oc-48d"/>
      </symbol>
      <symbol id="sm-fd9">
         <name>parmbuf</name>
         <value>0x8003c18</value>
      </symbol>
      <symbol id="sm-fda">
         <name>HOSTopen</name>
         <value>0x11475</value>
         <object_component_ref idref="oc-475"/>
      </symbol>
      <symbol id="sm-feb">
         <name>HOSTread</name>
         <value>0x114d1</value>
         <object_component_ref idref="oc-481"/>
      </symbol>
      <symbol id="sm-ffc">
         <name>HOSTrename</name>
         <value>0x11205</value>
         <object_component_ref idref="oc-499"/>
      </symbol>
      <symbol id="sm-100d">
         <name>HOSTunlink</name>
         <value>0x1166d</value>
         <object_component_ref idref="oc-493"/>
      </symbol>
      <symbol id="sm-101e">
         <name>HOSTwrite</name>
         <value>0x1152d</value>
         <object_component_ref idref="oc-487"/>
      </symbol>
      <symbol id="sm-1042">
         <name>__TI_readmsg</name>
         <value>0x11825</value>
         <object_component_ref idref="oc-4c8"/>
      </symbol>
      <symbol id="sm-1043">
         <name>C$$IO$$</name>
         <value>0x117af</value>
         <object_component_ref idref="oc-4c2"/>
      </symbol>
      <symbol id="sm-1044">
         <name>__CIOBUF_</name>
         <value>0x8003a28</value>
         <object_component_ref idref="oc-4f3"/>
      </symbol>
      <symbol id="sm-1045">
         <name>__TI_writemsg</name>
         <value>0x1177d</value>
         <object_component_ref idref="oc-4c2"/>
      </symbol>
      <symbol id="sm-1056">
         <name>lseek</name>
         <value>0x118e1</value>
         <object_component_ref idref="oc-418"/>
      </symbol>
      <symbol id="sm-106b">
         <name>__TI_closefile</name>
         <value>0x1111d</value>
         <object_component_ref idref="oc-469"/>
      </symbol>
      <symbol id="sm-108e">
         <name>finddevice</name>
         <value>0x11859</value>
         <object_component_ref idref="oc-517"/>
      </symbol>
      <symbol id="sm-108f">
         <name>getdevice</name>
         <value>0x11739</value>
         <object_component_ref idref="oc-4e9"/>
      </symbol>
      <symbol id="sm-109f">
         <name>strchr</name>
         <value>0x119ad</value>
         <object_component_ref idref="oc-50b"/>
      </symbol>
      <symbol id="sm-10ae">
         <name>strcmp</name>
         <value>0x11995</value>
         <object_component_ref idref="oc-530"/>
      </symbol>
      <symbol id="sm-10bc">
         <name>strcpy</name>
         <value>0x119d9</value>
         <object_component_ref idref="oc-4dc"/>
      </symbol>
      <symbol id="sm-10cc">
         <name>strncpy</name>
         <value>0x117b9</value>
         <object_component_ref idref="oc-511"/>
      </symbol>
      <symbol id="sm-10e1">
         <name>close</name>
         <value>0x11585</value>
         <object_component_ref idref="oc-4b1"/>
      </symbol>
      <symbol id="sm-10f1">
         <name>unlink</name>
         <value>0x1188d</value>
         <object_component_ref idref="oc-4b7"/>
      </symbol>
      <symbol id="sm-10f2">
         <name>__TI_static_base__</name>
         <value>0x0</value>
      </symbol>
      <symbol id="sm-10f6">
         <name>SHT$$INIT_ARRAY$$Base</name>
         <value>0x0</value>
      </symbol>
      <symbol id="sm-10f7">
         <name>SHT$$INIT_ARRAY$$Limit</name>
         <value>0x0</value>
      </symbol>
      <symbol id="sm-10f8">
         <name>_system_post_cinit</name>
         <value>0x0</value>
      </symbol>
      <symbol id="sm-10f9">
         <name>remove</name>
         <value>0x1188d</value>
      </symbol>
   </symbol_table>
   <title>Link successful</title>
</link_info>
