******************************************************************************
                  TI ARM Linker PC v20.2.5                     
******************************************************************************
>> Linked Wed Nov 17 18:25:46 2021

OUTPUT FILE NAME:   <FreeRTOS_test0.out>
ENTRY POINT SYMBOL: "_c_int00"  address: 0000faa4


MEMORY CONFIGURATION

         name            origin    length      used     unused   attr    fill
----------------------  --------  ---------  --------  --------  ----  --------
  VECTORS               00000000   00000020  00000020  00000000     X
  KERNEL                00000020   00008000  00005e34  000021cc  R  X
  FLASH0                00008020   00137fe0  00009c04  0012e3dc  R  X
  STACKS                08000000   00000800  00000000  00000800  RW  
  KRAM                  08000800   00000800  00000140  000006c0  RW  
  RAM                   08001000   0002f000  00002c35  0002c3cb  RW  


SEGMENT ALLOCATION MAP

run origin  load origin   length   init length attrs members
----------  ----------- ---------- ----------- ----- -------
00000000    00000000    00005e58   00005e58    r-x
  00000000    00000000    00000020   00000020    r-x .intvecs
  00000020    00000020    00005d6c   00005d6c    r-x .kernelTEXT
  00005d90    00005d90    000000c8   000000c8    r-- .cinit
00008020    00008020    00009c04   00009c04    r-x
  00008020    00008020    00009a04   00009a04    r-x .text
  00011a24    00011a24    00000200   00000200    r-- .const
08000800    08000800    00000140   00000000    rw-
  08000800    08000800    00000140   00000000    rw- .kernelBSS
08001000    08001000    00002c35   00000000    rw-
  08001000    08001000    00002000   00000000    rw- .kernelHEAP
  08003000    08003000    00000800   00000000    rw- .sysmem
  08003800    08003800    00000228   00000000    rw- .data
  08003a28    08003a28    0000020d   00000000    rw- .bss


SECTION ALLOCATION MAP

 output                                  attributes/
section   page    origin      length       input sections
--------  ----  ----------  ----------   ----------------
.intvecs   0    00000000    00000020     
                  00000000    00000020     sys_intvecs.obj (.intvecs)

.kernelTEXT 
*          0    00000020    00005d6c     
                  00000020    00002c28     os_tasks.obj (.kernelTEXT)
                  00002c48    00001264     os_queue.obj (.kernelTEXT)
                  00003eac    00000ab0     os_timer.obj (.kernelTEXT)
                  0000495c    00000818     os_event_groups.obj (.kernelTEXT)
                  00005174    000004bc     os_portasm.obj (.kernelTEXT)
                  00005630    000003e0     os_port.obj (.kernelTEXT)
                  00005a10    0000037c     os_heap.obj (.kernelTEXT)

.cinit     0    00005d90    000000c8     
                  00005d90    0000007f     (.cinit..data.load) [load image, compression = lzss]
                  00005e0f    00000001     --HOLE-- [fill = 0]
                  00005e10    0000000c     (__TI_handler_table)
                  00005e1c    00000009     (.cinit..kernelBSS.load) [load image, compression = lzss]
                  00005e25    00000003     --HOLE-- [fill = 0]
                  00005e28    00000008     (.cinit..bss.load) [load image, compression = zero_init]
                  00005e30    00000008     (.cinit..kernelHEAP.load) [load image, compression = zero_init]
                  00005e38    00000020     (__TI_cinit_table)

.text      0    00008020    00009a04     
                  00008020    00002cdc     sys_selftest.obj (.text)
                  0000acfc    00000bbc     os_mpu_wrappers.obj (.text)
                  0000b8b8    00000b64     system.obj (.text)
                  0000c41c    00000a58     sys_vim.obj (.text)
                  0000ce74    000008b4     pinmux.obj (.text)
                  0000d728    000007b8     sci.obj (.text)
                  0000dee0    00000664     errata_SSWF021_45.obj (.text)
                  0000e544    000005bc     esm.obj (.text)
                  0000eb00    00000508     sys_main3.obj (.text)
                  0000f008    00000484     gio.obj (.text)
                  0000f48c    0000034c     sys_core.obj (.text)
                  0000f7d8    000002cc     sys_vim.obj (.text:retain)
                  0000faa4    00000288     sys_startup.obj (.text:retain)
                  0000fd2c    00000278     os_heap.obj (.text)
                  0000ffa4    00000238     os_list.obj (.text)
                  000101dc    00000226     rtsv7R4_T_le_v3D16_eabi.lib : _printfi_min.c.obj (.text:__TI_printfi_minimal)
                  00010402    00000002                                 : _lock.c.obj (.text:_nop)
                  00010404    000001b0     os_port.obj (.text)
                  000105b4    00000158     os_tasks.obj (.text)
                  0001070c    00000118     rtsv7R4_T_le_v3D16_eabi.lib : fputs.c.obj (.text:fputs)
                  00010824    00000114     esm.obj (.text:retain)
                  00010938    00000100     rtsv7R4_T_le_v3D16_eabi.lib : memory.c.obj (.text:aligned_alloc)
                  00010a38    000000e8     dabort.obj (.text)
                  00010b20    000000e4     rtsv7R4_T_le_v3D16_eabi.lib : memory.c.obj (.text:free)
                  00010c04    000000e0                                 : s_floor.c.obj (.text:floor)
                  00010ce4    000000e0     sys_pmu.obj (.text)
                  00010dc4    000000dc     rtsv7R4_T_le_v3D16_eabi.lib : setvbuf.c.obj (.text:setvbuf)
                  00010ea0    000000d4     notification.obj (.text)
                  00010f74    0000009c     rtsv7R4_T_le_v3D16_eabi.lib : memcpy_t2.asm.obj (.text)
                  00011010    00000090                                 : fputc.c.obj (.text:fputc)
                  000110a0    0000007a                                 : memset_t2.asm.obj (.text)
                  0001111a    00000002     --HOLE-- [fill = 0]
                  0001111c    00000074                                 : fclose.c.obj (.text:__TI_closefile)
                  00011190    00000074                                 : memory.c.obj (.text:split)
                  00011204    0000006c                                 : hostrename.c.obj (.text:HOSTrename)
                  00011270    0000006c                                 : copy_decompress_lzss.c.obj (.text:decompress:lzss:__TI_decompress_lzss)
                  000112dc    00000068                                 : hostlseek.c.obj (.text:HOSTlseek)
                  00011344    00000068                                 : printf.c.obj (.text:printf)
                  000113ac    00000064                                 : _io_perm.c.obj (.text:__TI_wrt_ok)
                  00011410    00000064                                 : fseek.c.obj (.text:fseek)
                  00011474    0000005c                                 : hostopen.c.obj (.text:HOSTopen)
                  000114d0    0000005c                                 : hostread.c.obj (.text:HOSTread)
                  0001152c    00000058                                 : hostwrite.c.obj (.text:HOSTwrite)
                  00011584    00000058                                 : close.c.obj (.text:close)
                  000115dc    0000004c                                 : fflush.c.obj (.text:__TI_doflush)
                  00011628    00000044                                 : hostclose.c.obj (.text:HOSTclose)
                  0001166c    00000044                                 : hostunlink.c.obj (.text:HOSTunlink)
                  000116b0    00000044                                 : autoinit.c.obj (.text:__TI_auto_init_nobinit_nopinit:__TI_auto_init_nobinit_nopinit)
                  000116f4    00000044                                 : exit.c.obj (.text:exit)
                  00011738    00000044                                 : getdevice.c.obj (.text:getdevice)
                  0001177c    0000003c                                 : trgmsg.c.obj (.text:__TI_writemsg)
                  000117b8    00000036                                 : strncpy.c.obj (.text:strncpy)
                  000117ee    00000002     --HOLE-- [fill = 0]
                  000117f0    00000034                                 : fopen.c.obj (.text:__TI_cleanup)
                  00011824    00000034                                 : trgmsg.c.obj (.text:__TI_readmsg)
                  00011858    00000034                                 : getdevice.c.obj (.text:finddevice)
                  0001188c    0000002c                                 : unlink.c.obj (.text:unlink)
                  000118b8    00000028                                 : memory.c.obj (.text:free_list_insert)
                  000118e0    00000028                                 : lseek.c.obj (.text:lseek)
                  00011908    00000028                                 : write.c.obj (.text:write)
                  00011930    00000026                                 : memccpy.c.obj (.text:memccpy)
                  00011956    00000020                                 : memchr.c.obj (.text:memchr)
                  00011976    00000002     --HOLE-- [fill = 0]
                  00011978    0000001c                                 : memory.c.obj (.text:free_list_remove)
                  00011994    00000018                                 : strcmp.c.obj (.text:strcmp)
                  000119ac    00000016                                 : strchr.c.obj (.text:strchr)
                  000119c2    00000016                                 : strlen.c.obj (.text:strlen)
                  000119d8    00000014                                 : strcpy.c.obj (.text:strcpy)
                  000119ec    0000000e                                 : copy_decompress_none.c.obj (.text:decompress:none:__TI_decompress_none)
                  000119fa    0000000c                                 : copy_zero_init.c.obj (.text:decompress:ZI:__TI_zero_init)
                  00011a06    00000008                                 : memory.c.obj (.text:malloc)
                  00011a0e    00000004                                 : printf.c.obj (.text:_outc)
                  00011a12    00000004                                 : printf.c.obj (.text:_outs)
                  00011a16    00000004                                 : exit.c.obj (.text:abort:abort)
                  00011a1a    00000002     --HOLE-- [fill = 0]
                  00011a1c    00000004     sys_phantom.obj (.text:retain)
                  00011a20    00000004     sys_startup.obj (.text)

.const     0    00011a24    00000200     
                  00011a24    00000200     sys_vim.obj (.const:s_vim_init)

.kernelBSS 
*          0    08000800    00000140     UNINITIALIZED
                  08000800    000000d0     os_tasks.obj (.kernelBSS:uninit)
                  080008d0    00000034     os_tasks.obj (.kernelBSS:init)
                  08000904    00000030     os_timer.obj (.kernelBSS:uninit)
                  08000934    0000000c     os_timer.obj (.kernelBSS:init)

.kernelHEAP 
*          0    08001000    00002000     UNINITIALIZED
                  08001000    00002000     os_heap.obj (.kernelHEAP)

.sysmem    0    08003000    00000800     UNINITIALIZED
                  08003000    00000010     rtsv7R4_T_le_v3D16_eabi.lib : memory.c.obj (.sysmem)
                  08003010    000007f0     --HOLE--

.data      0    08003800    00000228     UNINITIALIZED
                  08003800    000000f0     rtsv7R4_T_le_v3D16_eabi.lib : defs.c.obj (.data:_ftable)
                  080038f0    00000078                                 : host_device.c.obj (.data:_device)
                  08003968    00000050                                 : host_device.c.obj (.data:_stream)
                  080039b8    00000010     os_heap.obj (.data)
                  080039c8    00000010     rtsv7R4_T_le_v3D16_eabi.lib : defs.c.obj (.data)
                  080039d8    0000000f     sys_main3.obj (.data:HWstring2)
                  080039e7    0000000f     sys_main3.obj (.data:HWstring)
                  080039f6    00000002     --HOLE--
                  080039f8    0000000c     rtsv7R4_T_le_v3D16_eabi.lib : exit.c.obj (.data:$O1$$)
                  08003a04    0000000c     sys_main3.obj (.data)
                  08003a10    00000008     rtsv7R4_T_le_v3D16_eabi.lib : _lock.c.obj (.data:$O1$$)
                  08003a18    00000008                                 : memory.c.obj (.data:$O1$$)
                  08003a20    00000008     os_port.obj (.data)

.bss       0    08003a28    0000020d     UNINITIALIZED
                  08003a28    00000120     rtsv7R4_T_le_v3D16_eabi.lib : trgmsg.c.obj (.bss:_CIOBUF_)
                  08003b48    000000a0     (.common:__TI_tmpnams)
                  08003be8    00000028     sci.obj (.bss:g_sciTransfer_t)
                  08003c10    00000008     os_heap.obj (.bss:xStart)
                  08003c18    00000008     (.common:parmbuf)
                  08003c20    00000004     (.common:StartTask_Handler)
                  08003c24    00000004     (.common:TxTaskCntr)
                  08003c28    00000004     (.common:rxTask_Handler)
                  08003c2c    00000004     (.common:tx1Task_Handler)
                  08003c30    00000004     (.common:tx2Task_Handler)
                  08003c34    00000001     sys_main3.obj (.bss)

__llvm_prf_cnts 
*          0    08001000    00000000     UNINITIALIZED

MODULE SUMMARY

       Module                       code    ro data   rw data
       ------                       ----    -------   -------
    .\source\
       os_tasks.obj                 11648   0         260    
       sys_selftest.obj             11484   0         0      
       os_heap.obj                  1524    0         8216   
       os_queue.obj                 4708    0         0      
       sys_vim.obj                  3364    512       0      
       os_mpu_wrappers.obj          3004    0         0      
       system.obj                   2916    0         0      
       os_timer.obj                 2736    0         60     
       pinmux.obj                   2228    0         0      
       os_event_groups.obj          2072    0         0      
       sci.obj                      1976    0         40     
       esm.obj                      1744    0         0      
       errata_SSWF021_45.obj        1636    0         0      
       os_port.obj                  1424    0         8      
       sys_main3.obj                1288    0         63     
       os_portasm.obj               1212    0         0      
       gio.obj                      1156    0         0      
       sys_core.obj                 844     0         0      
       sys_startup.obj              652     0         0      
       os_list.obj                  568     0         0      
       dabort.obj                   232     0         0      
       sys_pmu.obj                  224     0         0      
       notification.obj             212     0         0      
       sys_intvecs.obj              32      0         0      
       sys_phantom.obj              4       0         0      
    +--+----------------------------+-------+---------+---------+
       Total:                       58888   512       8647   
                                                             
    C:/ti/ccsv8/tools/compiler/ti-cgt-arm_20.2.5.LTS/lib/rtsv7R4_T_le_v3D16_eabi.lib
       memory.c.obj                 676     0         8      
       _printfi_min.c.obj           550     0         0      
       defs.c.obj                   0       0         416    
       trgmsg.c.obj                 112     0         288    
       fputs.c.obj                  280     0         0      
       s_floor.c.obj                224     0         0      
       setvbuf.c.obj                220     0         0      
       host_device.c.obj            0       0         200    
       memcpy_t2.asm.obj            156     0         0      
       fputc.c.obj                  144     0         0      
       memset_t2.asm.obj            122     0         0      
       getdevice.c.obj              120     0         0      
       fclose.c.obj                 116     0         0      
       printf.c.obj                 112     0         0      
       copy_decompress_lzss.c.obj   108     0         0      
       hostrename.c.obj             108     0         0      
       hostlseek.c.obj              104     0         0      
       _io_perm.c.obj               100     0         0      
       fseek.c.obj                  100     0         0      
       hostopen.c.obj               92      0         8      
       hostread.c.obj               92      0         0      
       close.c.obj                  88      0         0      
       hostwrite.c.obj              88      0         0      
       exit.c.obj                   72      0         12     
       fflush.c.obj                 76      0         0      
       autoinit.c.obj               68      0         0      
       hostclose.c.obj              68      0         0      
       hostunlink.c.obj             68      0         0      
       strncpy.c.obj                54      0         0      
       fopen.c.obj                  52      0         0      
       unlink.c.obj                 44      0         0      
       lseek.c.obj                  40      0         0      
       write.c.obj                  40      0         0      
       memccpy.c.obj                38      0         0      
       memchr.c.obj                 32      0         0      
       strcmp.c.obj                 24      0         0      
       strchr.c.obj                 22      0         0      
       strlen.c.obj                 22      0         0      
       strcpy.c.obj                 20      0         0      
       copy_decompress_none.c.obj   14      0         0      
       copy_zero_init.c.obj         12      0         0      
       _lock.c.obj                  2       0         8      
    +--+----------------------------+-------+---------+---------+
       Total:                       4480    0         940    
                                                             
       Heap:                        0       0         2048   
       Linker Generated:            0       196       0      
    +--+----------------------------+-------+---------+---------+
       Grand Total:                 63368   708       11635  


LINKER GENERATED COPY TABLES

__TI_cinit_table @ 00005e38 records: 4, size/record: 8, table size: 32
	.data: load addr=00005d90, load size=0000007f bytes, run addr=08003800, run size=00000228 bytes, compression=lzss
	.kernelBSS: load addr=00005e1c, load size=00000009 bytes, run addr=08000800, run size=00000140 bytes, compression=lzss
	.bss: load addr=00005e28, load size=00000008 bytes, run addr=08003a28, run size=0000020d bytes, compression=zero_init
	.kernelHEAP: load addr=00005e30, load size=00000008 bytes, run addr=08001000, run size=00002000 bytes, compression=zero_init


LINKER GENERATED HANDLER TABLE

__TI_handler_table @ 00005e10 records: 3, size/record: 4, table size: 12
	index: 0, handler: __TI_decompress_lzss
	index: 1, handler: __TI_decompress_none
	index: 2, handler: __TI_zero_init


GLOBAL SYMBOLS: SORTED ALPHABETICALLY BY Name 

address   name                                  
-------   ----                                  
00011a17  C$$EXIT                               
000117af  C$$IO$$                               
00011629  HOSTclose                             
000112dd  HOSTlseek                             
00011475  HOSTopen                              
000114d1  HOSTread                              
00011205  HOSTrename                            
0001166d  HOSTunlink                            
0001152d  HOSTwrite                             
080039e7  HWstring                              
080039d8  HWstring2                             
0000aecc  MPU_eTaskGetState                     
0000b034  MPU_pcTaskGetName                     
0000b630  MPU_pcTimerGetName                    
0000b114  MPU_pvTaskGetThreadLocalStoragePointer
0000b568  MPU_pvTimerGetTimerID                 
0000b22c  MPU_ulTaskNotifyTake                  
0000b3e8  MPU_uxQueueMessagesWaiting            
0000b41c  MPU_uxQueueSpacesAvailable            
0000b008  MPU_uxTaskGetNumberOfTasks            
0000b09c  MPU_uxTaskGetStackHighWaterMark       
0000ae98  MPU_uxTaskPriorityGet                 
0000b88c  MPU_vEventGroupDelete                 
0000b450  MPU_vQueueDelete                      
0000ada4  MPU_vTaskAllocateMPURegions           
0000ae04  MPU_vTaskDelay                        
0000ae30  MPU_vTaskDelayUntil                   
0000add8  MPU_vTaskDelete                       
0000af00  MPU_vTaskPrioritySet                  
0000af60  MPU_vTaskResume                       
0000b0d0  MPU_vTaskSetThreadLocalStoragePointer 
0000b2a4  MPU_vTaskSetTimeOutState              
0000af34  MPU_vTaskSuspend                      
0000af8c  MPU_vTaskSuspendAll                   
0000b59c  MPU_vTimerSetTimerID                  
0000b7b0  MPU_xEventGroupClearBits              
0000b728  MPU_xEventGroupCreate                 
0000b7f4  MPU_xEventGroupSetBits                
0000b838  MPU_xEventGroupSync                   
0000b754  MPU_xEventGroupWaitBits               
0000b47c  MPU_xQueueGenericCreate               
0000b394  MPU_xQueueGenericReceive              
0000b4c8  MPU_xQueueGenericReset                
0000b340  MPU_xQueueGenericSend                 
0000ae64  MPU_xTaskAbortDelay                   
0000b2d0  MPU_xTaskCheckForTimeOut              
0000acfc  MPU_xTaskCreate                       
0000ad60  MPU_xTaskCreateRestricted             
0000b184  MPU_xTaskGenericNotify                
0000b068  MPU_xTaskGetHandle                    
0000b158  MPU_xTaskGetIdleTaskHandle            
0000b314  MPU_xTaskGetSchedulerState            
0000afdc  MPU_xTaskGetTickCount                 
0000b270  MPU_xTaskNotifyStateClear             
0000b1d8  MPU_xTaskNotifyWait                   
0000afb0  MPU_xTaskResumeAll                    
0000b50c  MPU_xTimerCreate                      
0000b6cc  MPU_xTimerGenericCommand              
0000b698  MPU_xTimerGetExpiryTime               
0000b664  MPU_xTimerGetPeriod                   
0000b604  MPU_xTimerGetTimerDaemonTaskHandle    
0000b5d0  MPU_xTimerIsTimerActive               
08003a0c  RxTaskCntr                            
UNDEFED   SHT$$INIT_ARRAY$$Base                 
UNDEFED   SHT$$INIT_ARRAY$$Limit                
08003c20  StartTask_Handler                     
08003c24  TxTaskCntr                            
08003a28  __CIOBUF_                             
00000800  __SYSMEM_SIZE                         
00005e38  __TI_CINIT_Base                       
00005e58  __TI_CINIT_Limit                      
00005e10  __TI_Handler_Table_Base               
00005e1c  __TI_Handler_Table_Limit              
0000f7d0  __TI_PINIT_Base                       
0000f7d4  __TI_PINIT_Limit                      
000116b1  __TI_auto_init_nobinit_nopinit        
000117f1  __TI_cleanup                          
080039f8  __TI_cleanup_ptr                      
0001111d  __TI_closefile                        
00011271  __TI_decompress_lzss                  
000119ed  __TI_decompress_none                  
000115dd  __TI_doflush                          
080039fc  __TI_dtors_ptr                        
08003a00  __TI_enable_exit_profile_output       
080039c8  __TI_ft_end                           
ffffffff  __TI_pprof_out_hndl                   
000101dd  __TI_printfi_minimal                  
ffffffff  __TI_prof_data_size                   
ffffffff  __TI_prof_data_start                  
00011825  __TI_readmsg                          
00000000  __TI_static_base__                    
08003b48  __TI_tmpnams                          
0001177d  __TI_writemsg                         
000113ad  __TI_wrt_ok                           
000119fb  __TI_zero_init                        
000110a1  __aeabi_memclr                        
000110a1  __aeabi_memclr4                       
000110a1  __aeabi_memclr8                       
00010f75  __aeabi_memcpy                        
00010f75  __aeabi_memcpy4                       
00010f75  __aeabi_memcpy8                       
000110a3  __aeabi_memset                        
000110a3  __aeabi_memset4                       
000110a3  __aeabi_memset8                       
080039d4  __aeabi_stderr                        
080039cc  __aeabi_stdin                         
080039d0  __aeabi_stdout                        
ffffffff  __binit__                             
ffffffff  __c_args__                            
08001000  __start___llvm_prf_cnts               
08001000  __stop___llvm_prf_cnts                
0000faa4  _c_int00                              
0000f6e8  _coreClearAuxiliaryDataFault_         
0000f6fc  _coreClearAuxiliaryInstructionFault_  
0000f6c0  _coreClearDataFaultAddress_           
0000f698  _coreClearDataFault_                  
0000f6d4  _coreClearInstructionFaultAddress_    
0000f6ac  _coreClearInstructionFault_           
0000f62c  _coreDisableEventBusExport_           
0000f670  _coreDisableFlashEcc_                 
0000f64c  _coreDisableRamEcc_                   
0000f61c  _coreEnableEventBusExport_            
0000f65c  _coreEnableFlashEcc_                  
0000f680  _coreEnableIrqVicOffset_              
0000f63c  _coreEnableRamEcc_                    
0000f604  _coreEnableVfp_                       
0000f6e0  _coreGetAuxiliaryDataFault_           
0000f6f4  _coreGetAuxiliaryInstructionFault_    
0000f6b8  _coreGetDataFaultAddress_             
0000f690  _coreGetDataFault_                    
0000f6cc  _coreGetInstructionFaultAddress_      
0000f6a4  _coreGetInstructionFault_             
0000f48c  _coreInitRegisters_                   
0000f598  _coreInitStackPointer_                
00010a38  _dabort                               
080038f0  _device                               
0000f710  _disable_FIQ_interrupt_               
0000f718  _disable_IRQ_interrupt_               
0000f708  _disable_interrupt_                   
0000f720  _enable_interrupt_                    
0000f7b0  _errata_CORTEXR4_57_                  
0000f7c0  _errata_CORTEXR4_66_                  
0000dee0  _errata_SSWF021_45_both_plls          
0000e0d4  _errata_SSWF021_45_pll1               
0000e24c  _errata_SSWF021_45_pll2               
0000f728  _esmCcmErrorsClear_                   
08003800  _ftable                               
0000f5e4  _getCPSRValue_                        
0000f5ec  _gotoCPUIdle_                         
08003a10  _lock                                 
00010403  _nop                                  
00010d40  _pmuDisableCountersGlobal_            
00010d30  _pmuEnableCountersGlobal_             
00010d9c  _pmuGetCycleCount_                    
00010da4  _pmuGetEventCount_                    
00010db0  _pmuGetOverflow_                      
00010ce4  _pmuInit_                             
00010d70  _pmuResetCounters_                    
00010d50  _pmuResetCycleCounter_                
00010d60  _pmuResetEventCounters_               
00010d90  _pmuSetCountEvent_                    
00010d80  _pmuStartCounters_                    
00010d88  _pmuStopCounters_                     
08003968  _stream                               
08003000  _sys_memory                           
UNDEFED   _system_post_cinit                    
08003a14  _unlock                               
00011a17  abort                                 
0000926c  adc1ParityCheck                       
00009358  adc2ParityCheck                       
00010939  aligned_alloc                         
ffffffff  binit                                 
00009410  can1ParityCheck                       
000094e8  can2ParityCheck                       
000095b0  can3ParityCheck                       
00008030  ccmSelfCheck                          
0000a6fc  ccmr4GetConfigValue                   
00008938  checkB0RAMECC                         
00008b28  checkB1RAMECC                         
00009c18  checkClockMonitor                     
00008d18  checkFlashECC                         
00009cf4  checkFlashEEPROMECC                   
00009e8c  checkPLL1Slip                         
00009f8c  checkPLL2Slip                         
0000a050  checkRAMAddrParity                    
000099d0  checkRAMECC                           
0000a15c  checkRAMUERRTest                      
000087bc  checkefcSelfTest                      
00011585  close                                 
00008234  cpuSelfTest                           
00008dfc  cpuSelfTestFail                       
0000c340  customTrimLPO                         
00008df4  custom_dabort                         
0000ab58  disableParity                         
00010f60  dmaGroupANotification                 
00008eac  dmaParityCheck                        
00001f74  eTaskConfirmSleepModeStatus           
00000888  eTaskGetState                         
00010f38  edgeNotification                      
00008660  efcCheck                              
0000a660  efcGetConfigValue                     
00008794  efcSelfTest                           
000086e8  efcStuckZeroTest                      
0000aad0  enableParity                          
0000a76c  errata_PBIST_4                        
0000e6c8  esmActivateNormalOperation            
0000e79c  esmClearStatus                        
0000e7dc  esmClearStatusBuffer                  
0000e690  esmDisableError                       
0000e700  esmDisableInterrupt                   
0000e668  esmEnableError                        
0000e6d8  esmEnableInterrupt                    
0000e8d4  esmEnterSelfTest                      
0000e64c  esmError                              
0000e9ac  esmGetConfigValue                     
0000e818  esmGetStatus                          
0000e89c  esmGetStatusBuffer                    
0000ee5c  esmGroup1Notification                 
0000ee6c  esmGroup2Notification                 
00010824  esmHighInterrupt                      
0000e544  esmInit                               
0000e95c  esmSelfTestStatus                     
0000e7f8  esmSetCounterPreloadValue             
0000e728  esmSetInterruptLevel                  
0000e6b8  esmTriggerErrorPinReset               
000116f5  exit                                  
00011859  finddevice                            
00010c05  floor                                 
00010c05  floorl                                
0000a2c4  fmcBus1ParityCheck                    
0000885c  fmcBus2Check                          
00008898  fmcECCcheck                           
00011011  fputc                                 
0001070d  fputs                                 
00010b21  free                                  
00011411  fseek                                 
00011739  getdevice                             
0000f268  gioDisableNotification                
0000f200  gioEnableNotification                 
0000f168  gioGetBit                             
0000f2d0  gioGetConfigValue                     
0000f190  gioGetPort                            
0000f008  gioInit                               
00010ef8  gioNotification                       
0000f0f8  gioSetBit                             
0000f0d8  gioSetDirection                       
0000f148  gioSetPort                            
0000f1a8  gioToggleBit                          
00011a20  handlePLLLockFail                     
00008f58  het1ParityCheck                       
000090c0  het2ParityCheck                       
00010f4c  hetNotification                       
00009004  htu1ParityCheck                       
000091bc  htu2ParityCheck                       
000118e1  lseek                                 
0000eb00  main                                  
00011a07  malloc                                
0000ba20  mapClocks                             
00010939  memalign                              
00011931  memccpy                               
00011957  memchr                                
00010f75  memcpy                                
00008174  memoryInit                            
00010ec0  memoryPort0TestFailNotification       
00010edc  memoryPort1TestFailNotification       
000110a9  memset                                
00009684  mibspi1ParityCheck                    
0000978c  mibspi3ParityCheck                    
000098b0  mibspi5ParityCheck                    
0000ce74  muxInit                               
08003c18  parmbuf                               
0000a3ec  pbistFail                             
0000a470  pbistGetConfigValue                   
000085a8  pbistIsTestCompleted                  
000085d4  pbistIsTestPassed                     
00008608  pbistPortTestStatus                   
000084ac  pbistRun                              
000082cc  pbistSelfCheck                        
00008578  pbistStop                             
00001358  pcTaskGetName                         
00004188  pcTimerGetName                        
0000b9cc  periphInit                            
00011a1c  phantomInterrupt                      
0000d328  pinmuxGetConfigValue                  
00011345  printf                                
00005608  prvMpuDisable                         
000055f0  prvMpuEnable                          
000055d8  prvMpuSetRegion                       
00011011  putc                                  
00005a10  pvPortMalloc                          
00002050  pvTaskGetThreadLocalStoragePointer    
000048bc  pvTimerGetTimerID                     
00010f20  pwmNotification                       
080008d0  pxCurrentTCB                          
00005630  pxPortInitialiseStack                 
0001188d  remove                                
00000000  resetEntry                            
08003c28  rxTask_Handler                        
0000ed6c  rx_task                               
0000dbf0  sciDisableLoopback                    
0000dc7c  sciDisableNotification                
0000dbbc  sciEnableLoopback                     
0000dc14  sciEnableNotification                 
0000dce4  sciEnterResetState                    
0000dd04  sciExitResetState                     
0000d728  sciInit                               
0000da6c  sciIsIdleDetected                     
0000da50  sciIsRxReady                          
0000d8d0  sciIsTxReady                          
0000ee2c  sciNotification                       
0000dae4  sciReceive                            
0000dab8  sciReceiveByte                        
0000da88  sciRxError                            
0000d91c  sciSend                               
0000d8ec  sciSendByte                           
0000d834  sciSetBaudrate                        
0000d814  sciSetFunctional                      
0000dd24  scilinGetConfigValue                  
00008020  selftestFailNotification              
0000b98c  setupFlash                            
0000b8b8  setupPLL                              
00010dc5  setvbuf                               
0000c204  sramGetConfigValue                    
0000ec1c  start_task                            
0000a5bc  stcGetConfigValue                     
000081b8  stcSelfCheck                          
00008df8  stcSelfCheckFail                      
000119ad  strchr                                
00011995  strcmp                                
000119d9  strcpy                                
000119c3  strlen                                
000117b9  strncpy                               
0000bc44  systemGetConfigValue                  
0000bb48  systemInit                            
0000bc14  systemPowerDown                       
0000c058  tcmflashGetConfigValue                
0000b918  trimLPO                               
08003c2c  tx1Task_Handler                       
0000ece4  tx1_task                              
08003c30  tx2Task_Handler                       
0000ed28  tx2_task                              
08003a20  ulCriticalNesting                     
000054f4  ulPortCountLeadingZeros               
08003a24  ulTaskHasFPUContext                   
000023e8  ulTaskNotifyTake                      
0001188d  unlink                                
00010150  uxListRemove                          
00003958  uxQueueMessagesWaiting                
000039dc  uxQueueMessagesWaitingFromISR         
00003990  uxQueueSpacesAvailable                
0000134c  uxTaskGetNumberOfTasks                
00002294  uxTaskGetStackHighWaterMark           
0000098c  uxTaskPriorityGet                     
000009d0  uxTaskPriorityGetFromISR              
000023ac  uxTaskResetEventItemValue             
000050ec  vEventGroupClearBitsCallback          
0000504c  vEventGroupDelete                     
000050d0  vEventGroupSetBitsCallback            
0000ffa4  vListInitialise                       
0000fffc  vListInitialiseItem                   
0001008c  vListInsert                           
00010018  vListInsertEnd                        
000059dc  vPortEndScheduler                     
00005c64  vPortFree                             
00005d74  vPortInitialiseBlocks                 
000054e8  vPortInitialiseFPSCR                  
000053e8  vPortPreemptiveTick                   
000054fc  vPortSWI                              
00005178  vPortStartFirstTask                   
00005744  vPortStoreTaskMPUSettings             
000052f4  vPortYeildWithinAPI                   
00005208  vPortYieldProcessor                   
00003a0c  vQueueDelete                          
00003e1c  vQueueWaitForMessageRestricted        
000020bc  vTaskAllocateMPURegions               
00000804  vTaskDelay                            
00000698  vTaskDelayUntil                       
00000530  vTaskDelete                           
00001088  vTaskEndScheduler                     
00001f60  vTaskMissedYield                      
000029a0  vTaskNotifyGiveFromISR                
00001acc  vTaskPlaceOnEventList                 
00001b94  vTaskPlaceOnEventListRestricted       
00001b10  vTaskPlaceOnUnorderedEventList        
00000a18  vTaskPrioritySet                      
00000e14  vTaskResume                           
00001ff8  vTaskSetThreadLocalStoragePointer     
00001de8  vTaskSetTimeOutState                  
00000fdc  vTaskStartScheduler                   
0000166c  vTaskStepTick                         
00000c10  vTaskSuspend                          
000010a4  vTaskSuspendAll                       
000019ec  vTaskSwitchContext                    
000048fc  vTimerSetTimerID                      
0000c4f0  vimChannelMap                         
0000c75c  vimDisableInterrupt                   
0000c594  vimEnableInterrupt                    
0000c808  vimGetConfigValue                     
0000c41c  vimInit                               
00008e00  vimParityCheck                        
0000f7d8  vimParityErrorHandler                 
00011909  write                                 
00004de8  xEventGroupClearBits                  
0000495c  xEventGroupCreate                     
00004e6c  xEventGroupGetBitsFromISR             
00004e9c  xEventGroupSetBits                    
00004998  xEventGroupSync                       
00004b98  xEventGroupWaitBits                   
00005d5c  xPortGetFreeHeapSize                  
00005d68  xPortGetMinimumEverFreeHeapSize       
000059b8  xPortStartScheduler                   
00002d70  xQueueGenericCreate                   
00003448  xQueueGenericReceive                  
00002c48  xQueueGenericReset                    
00002e8c  xQueueGenericSend                     
0000314c  xQueueGenericSendFromISR              
000032dc  xQueueGiveFromISR                     
00003d40  xQueueIsQueueEmptyFromISR             
00003dcc  xQueueIsQueueFullFromISR              
00003864  xQueuePeekFromISR                     
0000371c  xQueueReceiveFromISR                  
000016c8  xTaskAbortDelay                       
00001e28  xTaskCheckForTimeOut                  
000000fc  xTaskCreate                           
00000020  xTaskCreateRestricted                 
000025d0  xTaskGenericNotify                    
000027a0  xTaskGenericNotifyFromISR             
0000152c  xTaskGetHandle                        
00001634  xTaskGetIdleTaskHandle                
0000235c  xTaskGetSchedulerState                
0000130c  xTaskGetTickCount                     
00001328  xTaskGetTickCountFromISR              
000017c4  xTaskIncrementTick                    
00010690  xTaskNotifyStateClear                 
000024bc  xTaskNotifyWait                       
00001bf0  xTaskRemoveFromEventList              
00001ce4  xTaskRemoveFromUnorderedEventList     
0000115c  xTaskResumeAll                        
00000ef4  xTaskResumeFromISR                    
00003f10  xTimerCreate                          
00003eac  xTimerCreateTimerTask                 
0000400c  xTimerGenericCommand                  
00004150  xTimerGetExpiryTime                   
00004120  xTimerGetPeriod                       
000040e8  xTimerGetTimerDaemonTaskHandle        
0000484c  xTimerIsTimerActive                   


GLOBAL SYMBOLS: SORTED BY Symbol Address 

address   name                                  
-------   ----                                  
00000000  __TI_static_base__                    
00000000  resetEntry                            
00000020  xTaskCreateRestricted                 
000000fc  xTaskCreate                           
00000530  vTaskDelete                           
00000698  vTaskDelayUntil                       
00000800  __SYSMEM_SIZE                         
00000804  vTaskDelay                            
00000888  eTaskGetState                         
0000098c  uxTaskPriorityGet                     
000009d0  uxTaskPriorityGetFromISR              
00000a18  vTaskPrioritySet                      
00000c10  vTaskSuspend                          
00000e14  vTaskResume                           
00000ef4  xTaskResumeFromISR                    
00000fdc  vTaskStartScheduler                   
00001088  vTaskEndScheduler                     
000010a4  vTaskSuspendAll                       
0000115c  xTaskResumeAll                        
0000130c  xTaskGetTickCount                     
00001328  xTaskGetTickCountFromISR              
0000134c  uxTaskGetNumberOfTasks                
00001358  pcTaskGetName                         
0000152c  xTaskGetHandle                        
00001634  xTaskGetIdleTaskHandle                
0000166c  vTaskStepTick                         
000016c8  xTaskAbortDelay                       
000017c4  xTaskIncrementTick                    
000019ec  vTaskSwitchContext                    
00001acc  vTaskPlaceOnEventList                 
00001b10  vTaskPlaceOnUnorderedEventList        
00001b94  vTaskPlaceOnEventListRestricted       
00001bf0  xTaskRemoveFromEventList              
00001ce4  xTaskRemoveFromUnorderedEventList     
00001de8  vTaskSetTimeOutState                  
00001e28  xTaskCheckForTimeOut                  
00001f60  vTaskMissedYield                      
00001f74  eTaskConfirmSleepModeStatus           
00001ff8  vTaskSetThreadLocalStoragePointer     
00002050  pvTaskGetThreadLocalStoragePointer    
000020bc  vTaskAllocateMPURegions               
00002294  uxTaskGetStackHighWaterMark           
0000235c  xTaskGetSchedulerState                
000023ac  uxTaskResetEventItemValue             
000023e8  ulTaskNotifyTake                      
000024bc  xTaskNotifyWait                       
000025d0  xTaskGenericNotify                    
000027a0  xTaskGenericNotifyFromISR             
000029a0  vTaskNotifyGiveFromISR                
00002c48  xQueueGenericReset                    
00002d70  xQueueGenericCreate                   
00002e8c  xQueueGenericSend                     
0000314c  xQueueGenericSendFromISR              
000032dc  xQueueGiveFromISR                     
00003448  xQueueGenericReceive                  
0000371c  xQueueReceiveFromISR                  
00003864  xQueuePeekFromISR                     
00003958  uxQueueMessagesWaiting                
00003990  uxQueueSpacesAvailable                
000039dc  uxQueueMessagesWaitingFromISR         
00003a0c  vQueueDelete                          
00003d40  xQueueIsQueueEmptyFromISR             
00003dcc  xQueueIsQueueFullFromISR              
00003e1c  vQueueWaitForMessageRestricted        
00003eac  xTimerCreateTimerTask                 
00003f10  xTimerCreate                          
0000400c  xTimerGenericCommand                  
000040e8  xTimerGetTimerDaemonTaskHandle        
00004120  xTimerGetPeriod                       
00004150  xTimerGetExpiryTime                   
00004188  pcTimerGetName                        
0000484c  xTimerIsTimerActive                   
000048bc  pvTimerGetTimerID                     
000048fc  vTimerSetTimerID                      
0000495c  xEventGroupCreate                     
00004998  xEventGroupSync                       
00004b98  xEventGroupWaitBits                   
00004de8  xEventGroupClearBits                  
00004e6c  xEventGroupGetBitsFromISR             
00004e9c  xEventGroupSetBits                    
0000504c  vEventGroupDelete                     
000050d0  vEventGroupSetBitsCallback            
000050ec  vEventGroupClearBitsCallback          
00005178  vPortStartFirstTask                   
00005208  vPortYieldProcessor                   
000052f4  vPortYeildWithinAPI                   
000053e8  vPortPreemptiveTick                   
000054e8  vPortInitialiseFPSCR                  
000054f4  ulPortCountLeadingZeros               
000054fc  vPortSWI                              
000055d8  prvMpuSetRegion                       
000055f0  prvMpuEnable                          
00005608  prvMpuDisable                         
00005630  pxPortInitialiseStack                 
00005744  vPortStoreTaskMPUSettings             
000059b8  xPortStartScheduler                   
000059dc  vPortEndScheduler                     
00005a10  pvPortMalloc                          
00005c64  vPortFree                             
00005d5c  xPortGetFreeHeapSize                  
00005d68  xPortGetMinimumEverFreeHeapSize       
00005d74  vPortInitialiseBlocks                 
00005e10  __TI_Handler_Table_Base               
00005e1c  __TI_Handler_Table_Limit              
00005e38  __TI_CINIT_Base                       
00005e58  __TI_CINIT_Limit                      
00008020  selftestFailNotification              
00008030  ccmSelfCheck                          
00008174  memoryInit                            
000081b8  stcSelfCheck                          
00008234  cpuSelfTest                           
000082cc  pbistSelfCheck                        
000084ac  pbistRun                              
00008578  pbistStop                             
000085a8  pbistIsTestCompleted                  
000085d4  pbistIsTestPassed                     
00008608  pbistPortTestStatus                   
00008660  efcCheck                              
000086e8  efcStuckZeroTest                      
00008794  efcSelfTest                           
000087bc  checkefcSelfTest                      
0000885c  fmcBus2Check                          
00008898  fmcECCcheck                           
00008938  checkB0RAMECC                         
00008b28  checkB1RAMECC                         
00008d18  checkFlashECC                         
00008df4  custom_dabort                         
00008df8  stcSelfCheckFail                      
00008dfc  cpuSelfTestFail                       
00008e00  vimParityCheck                        
00008eac  dmaParityCheck                        
00008f58  het1ParityCheck                       
00009004  htu1ParityCheck                       
000090c0  het2ParityCheck                       
000091bc  htu2ParityCheck                       
0000926c  adc1ParityCheck                       
00009358  adc2ParityCheck                       
00009410  can1ParityCheck                       
000094e8  can2ParityCheck                       
000095b0  can3ParityCheck                       
00009684  mibspi1ParityCheck                    
0000978c  mibspi3ParityCheck                    
000098b0  mibspi5ParityCheck                    
000099d0  checkRAMECC                           
00009c18  checkClockMonitor                     
00009cf4  checkFlashEEPROMECC                   
00009e8c  checkPLL1Slip                         
00009f8c  checkPLL2Slip                         
0000a050  checkRAMAddrParity                    
0000a15c  checkRAMUERRTest                      
0000a2c4  fmcBus1ParityCheck                    
0000a3ec  pbistFail                             
0000a470  pbistGetConfigValue                   
0000a5bc  stcGetConfigValue                     
0000a660  efcGetConfigValue                     
0000a6fc  ccmr4GetConfigValue                   
0000a76c  errata_PBIST_4                        
0000aad0  enableParity                          
0000ab58  disableParity                         
0000acfc  MPU_xTaskCreate                       
0000ad60  MPU_xTaskCreateRestricted             
0000ada4  MPU_vTaskAllocateMPURegions           
0000add8  MPU_vTaskDelete                       
0000ae04  MPU_vTaskDelay                        
0000ae30  MPU_vTaskDelayUntil                   
0000ae64  MPU_xTaskAbortDelay                   
0000ae98  MPU_uxTaskPriorityGet                 
0000aecc  MPU_eTaskGetState                     
0000af00  MPU_vTaskPrioritySet                  
0000af34  MPU_vTaskSuspend                      
0000af60  MPU_vTaskResume                       
0000af8c  MPU_vTaskSuspendAll                   
0000afb0  MPU_xTaskResumeAll                    
0000afdc  MPU_xTaskGetTickCount                 
0000b008  MPU_uxTaskGetNumberOfTasks            
0000b034  MPU_pcTaskGetName                     
0000b068  MPU_xTaskGetHandle                    
0000b09c  MPU_uxTaskGetStackHighWaterMark       
0000b0d0  MPU_vTaskSetThreadLocalStoragePointer 
0000b114  MPU_pvTaskGetThreadLocalStoragePointer
0000b158  MPU_xTaskGetIdleTaskHandle            
0000b184  MPU_xTaskGenericNotify                
0000b1d8  MPU_xTaskNotifyWait                   
0000b22c  MPU_ulTaskNotifyTake                  
0000b270  MPU_xTaskNotifyStateClear             
0000b2a4  MPU_vTaskSetTimeOutState              
0000b2d0  MPU_xTaskCheckForTimeOut              
0000b314  MPU_xTaskGetSchedulerState            
0000b340  MPU_xQueueGenericSend                 
0000b394  MPU_xQueueGenericReceive              
0000b3e8  MPU_uxQueueMessagesWaiting            
0000b41c  MPU_uxQueueSpacesAvailable            
0000b450  MPU_vQueueDelete                      
0000b47c  MPU_xQueueGenericCreate               
0000b4c8  MPU_xQueueGenericReset                
0000b50c  MPU_xTimerCreate                      
0000b568  MPU_pvTimerGetTimerID                 
0000b59c  MPU_vTimerSetTimerID                  
0000b5d0  MPU_xTimerIsTimerActive               
0000b604  MPU_xTimerGetTimerDaemonTaskHandle    
0000b630  MPU_pcTimerGetName                    
0000b664  MPU_xTimerGetPeriod                   
0000b698  MPU_xTimerGetExpiryTime               
0000b6cc  MPU_xTimerGenericCommand              
0000b728  MPU_xEventGroupCreate                 
0000b754  MPU_xEventGroupWaitBits               
0000b7b0  MPU_xEventGroupClearBits              
0000b7f4  MPU_xEventGroupSetBits                
0000b838  MPU_xEventGroupSync                   
0000b88c  MPU_vEventGroupDelete                 
0000b8b8  setupPLL                              
0000b918  trimLPO                               
0000b98c  setupFlash                            
0000b9cc  periphInit                            
0000ba20  mapClocks                             
0000bb48  systemInit                            
0000bc14  systemPowerDown                       
0000bc44  systemGetConfigValue                  
0000c058  tcmflashGetConfigValue                
0000c204  sramGetConfigValue                    
0000c340  customTrimLPO                         
0000c41c  vimInit                               
0000c4f0  vimChannelMap                         
0000c594  vimEnableInterrupt                    
0000c75c  vimDisableInterrupt                   
0000c808  vimGetConfigValue                     
0000ce74  muxInit                               
0000d328  pinmuxGetConfigValue                  
0000d728  sciInit                               
0000d814  sciSetFunctional                      
0000d834  sciSetBaudrate                        
0000d8d0  sciIsTxReady                          
0000d8ec  sciSendByte                           
0000d91c  sciSend                               
0000da50  sciIsRxReady                          
0000da6c  sciIsIdleDetected                     
0000da88  sciRxError                            
0000dab8  sciReceiveByte                        
0000dae4  sciReceive                            
0000dbbc  sciEnableLoopback                     
0000dbf0  sciDisableLoopback                    
0000dc14  sciEnableNotification                 
0000dc7c  sciDisableNotification                
0000dce4  sciEnterResetState                    
0000dd04  sciExitResetState                     
0000dd24  scilinGetConfigValue                  
0000dee0  _errata_SSWF021_45_both_plls          
0000e0d4  _errata_SSWF021_45_pll1               
0000e24c  _errata_SSWF021_45_pll2               
0000e544  esmInit                               
0000e64c  esmError                              
0000e668  esmEnableError                        
0000e690  esmDisableError                       
0000e6b8  esmTriggerErrorPinReset               
0000e6c8  esmActivateNormalOperation            
0000e6d8  esmEnableInterrupt                    
0000e700  esmDisableInterrupt                   
0000e728  esmSetInterruptLevel                  
0000e79c  esmClearStatus                        
0000e7dc  esmClearStatusBuffer                  
0000e7f8  esmSetCounterPreloadValue             
0000e818  esmGetStatus                          
0000e89c  esmGetStatusBuffer                    
0000e8d4  esmEnterSelfTest                      
0000e95c  esmSelfTestStatus                     
0000e9ac  esmGetConfigValue                     
0000eb00  main                                  
0000ec1c  start_task                            
0000ece4  tx1_task                              
0000ed28  tx2_task                              
0000ed6c  rx_task                               
0000ee2c  sciNotification                       
0000ee5c  esmGroup1Notification                 
0000ee6c  esmGroup2Notification                 
0000f008  gioInit                               
0000f0d8  gioSetDirection                       
0000f0f8  gioSetBit                             
0000f148  gioSetPort                            
0000f168  gioGetBit                             
0000f190  gioGetPort                            
0000f1a8  gioToggleBit                          
0000f200  gioEnableNotification                 
0000f268  gioDisableNotification                
0000f2d0  gioGetConfigValue                     
0000f48c  _coreInitRegisters_                   
0000f598  _coreInitStackPointer_                
0000f5e4  _getCPSRValue_                        
0000f5ec  _gotoCPUIdle_                         
0000f604  _coreEnableVfp_                       
0000f61c  _coreEnableEventBusExport_            
0000f62c  _coreDisableEventBusExport_           
0000f63c  _coreEnableRamEcc_                    
0000f64c  _coreDisableRamEcc_                   
0000f65c  _coreEnableFlashEcc_                  
0000f670  _coreDisableFlashEcc_                 
0000f680  _coreEnableIrqVicOffset_              
0000f690  _coreGetDataFault_                    
0000f698  _coreClearDataFault_                  
0000f6a4  _coreGetInstructionFault_             
0000f6ac  _coreClearInstructionFault_           
0000f6b8  _coreGetDataFaultAddress_             
0000f6c0  _coreClearDataFaultAddress_           
0000f6cc  _coreGetInstructionFaultAddress_      
0000f6d4  _coreClearInstructionFaultAddress_    
0000f6e0  _coreGetAuxiliaryDataFault_           
0000f6e8  _coreClearAuxiliaryDataFault_         
0000f6f4  _coreGetAuxiliaryInstructionFault_    
0000f6fc  _coreClearAuxiliaryInstructionFault_  
0000f708  _disable_interrupt_                   
0000f710  _disable_FIQ_interrupt_               
0000f718  _disable_IRQ_interrupt_               
0000f720  _enable_interrupt_                    
0000f728  _esmCcmErrorsClear_                   
0000f7b0  _errata_CORTEXR4_57_                  
0000f7c0  _errata_CORTEXR4_66_                  
0000f7d0  __TI_PINIT_Base                       
0000f7d4  __TI_PINIT_Limit                      
0000f7d8  vimParityErrorHandler                 
0000faa4  _c_int00                              
0000ffa4  vListInitialise                       
0000fffc  vListInitialiseItem                   
00010018  vListInsertEnd                        
0001008c  vListInsert                           
00010150  uxListRemove                          
000101dd  __TI_printfi_minimal                  
00010403  _nop                                  
00010690  xTaskNotifyStateClear                 
0001070d  fputs                                 
00010824  esmHighInterrupt                      
00010939  aligned_alloc                         
00010939  memalign                              
00010a38  _dabort                               
00010b21  free                                  
00010c05  floor                                 
00010c05  floorl                                
00010ce4  _pmuInit_                             
00010d30  _pmuEnableCountersGlobal_             
00010d40  _pmuDisableCountersGlobal_            
00010d50  _pmuResetCycleCounter_                
00010d60  _pmuResetEventCounters_               
00010d70  _pmuResetCounters_                    
00010d80  _pmuStartCounters_                    
00010d88  _pmuStopCounters_                     
00010d90  _pmuSetCountEvent_                    
00010d9c  _pmuGetCycleCount_                    
00010da4  _pmuGetEventCount_                    
00010db0  _pmuGetOverflow_                      
00010dc5  setvbuf                               
00010ec0  memoryPort0TestFailNotification       
00010edc  memoryPort1TestFailNotification       
00010ef8  gioNotification                       
00010f20  pwmNotification                       
00010f38  edgeNotification                      
00010f4c  hetNotification                       
00010f60  dmaGroupANotification                 
00010f75  __aeabi_memcpy                        
00010f75  __aeabi_memcpy4                       
00010f75  __aeabi_memcpy8                       
00010f75  memcpy                                
00011011  fputc                                 
00011011  putc                                  
000110a1  __aeabi_memclr                        
000110a1  __aeabi_memclr4                       
000110a1  __aeabi_memclr8                       
000110a3  __aeabi_memset                        
000110a3  __aeabi_memset4                       
000110a3  __aeabi_memset8                       
000110a9  memset                                
0001111d  __TI_closefile                        
00011205  HOSTrename                            
00011271  __TI_decompress_lzss                  
000112dd  HOSTlseek                             
00011345  printf                                
000113ad  __TI_wrt_ok                           
00011411  fseek                                 
00011475  HOSTopen                              
000114d1  HOSTread                              
0001152d  HOSTwrite                             
00011585  close                                 
000115dd  __TI_doflush                          
00011629  HOSTclose                             
0001166d  HOSTunlink                            
000116b1  __TI_auto_init_nobinit_nopinit        
000116f5  exit                                  
00011739  getdevice                             
0001177d  __TI_writemsg                         
000117af  C$$IO$$                               
000117b9  strncpy                               
000117f1  __TI_cleanup                          
00011825  __TI_readmsg                          
00011859  finddevice                            
0001188d  remove                                
0001188d  unlink                                
000118e1  lseek                                 
00011909  write                                 
00011931  memccpy                               
00011957  memchr                                
00011995  strcmp                                
000119ad  strchr                                
000119c3  strlen                                
000119d9  strcpy                                
000119ed  __TI_decompress_none                  
000119fb  __TI_zero_init                        
00011a07  malloc                                
00011a17  C$$EXIT                               
00011a17  abort                                 
00011a1c  phantomInterrupt                      
00011a20  handlePLLLockFail                     
080008d0  pxCurrentTCB                          
08001000  __start___llvm_prf_cnts               
08001000  __stop___llvm_prf_cnts                
08003000  _sys_memory                           
08003800  _ftable                               
080038f0  _device                               
08003968  _stream                               
080039c8  __TI_ft_end                           
080039cc  __aeabi_stdin                         
080039d0  __aeabi_stdout                        
080039d4  __aeabi_stderr                        
080039d8  HWstring2                             
080039e7  HWstring                              
080039f8  __TI_cleanup_ptr                      
080039fc  __TI_dtors_ptr                        
08003a00  __TI_enable_exit_profile_output       
08003a0c  RxTaskCntr                            
08003a10  _lock                                 
08003a14  _unlock                               
08003a20  ulCriticalNesting                     
08003a24  ulTaskHasFPUContext                   
08003a28  __CIOBUF_                             
08003b48  __TI_tmpnams                          
08003c18  parmbuf                               
08003c20  StartTask_Handler                     
08003c24  TxTaskCntr                            
08003c28  rxTask_Handler                        
08003c2c  tx1Task_Handler                       
08003c30  tx2Task_Handler                       
ffffffff  __TI_pprof_out_hndl                   
ffffffff  __TI_prof_data_size                   
ffffffff  __TI_prof_data_start                  
ffffffff  __binit__                             
ffffffff  __c_args__                            
ffffffff  binit                                 
UNDEFED   SHT$$INIT_ARRAY$$Base                 
UNDEFED   SHT$$INIT_ARRAY$$Limit                
UNDEFED   _system_post_cinit                    

[446 symbols]
