<?xml version="1.0" encoding="ISO-8859-1" ?>
<link_info>
   <banner>TI ARM Linker PC v20.2.5.LTS</banner>
   <copyright>Copyright (c) 1996-2018 Texas Instruments Incorporated</copyright>
   <link_time>0x639cee3d</link_time>
   <link_errors>0x0</link_errors>
   <output_file>TMS570_Final_Test.out</output_file>
   <entry_point>
      <name>_c_int00</name>
      <address>0x225c0</address>
   </entry_point>
   <input_file_list>
      <input_file id="fl-2">
         <path>.\source\</path>
         <kind>object</kind>
         <file>Device_TMS570LS12.obj</file>
         <name>Device_TMS570LS12.obj</name>
      </input_file>
      <input_file id="fl-3">
         <path>.\source\</path>
         <kind>object</kind>
         <file>Fapi_UserDefinedFunctions.obj</file>
         <name>Fapi_UserDefinedFunctions.obj</name>
      </input_file>
      <input_file id="fl-4">
         <path>.\source\</path>
         <kind>object</kind>
         <file>can.obj</file>
         <name>can.obj</name>
      </input_file>
      <input_file id="fl-5">
         <path>.\source\</path>
         <kind>object</kind>
         <file>dabort.obj</file>
         <name>dabort.obj</name>
      </input_file>
      <input_file id="fl-6">
         <path>.\source\</path>
         <kind>object</kind>
         <file>errata_SSWF021_45.obj</file>
         <name>errata_SSWF021_45.obj</name>
      </input_file>
      <input_file id="fl-7">
         <path>.\source\</path>
         <kind>object</kind>
         <file>esm.obj</file>
         <name>esm.obj</name>
      </input_file>
      <input_file id="fl-8">
         <path>.\source\</path>
         <kind>object</kind>
         <file>gio.obj</file>
         <name>gio.obj</name>
      </input_file>
      <input_file id="fl-9">
         <path>.\source\</path>
         <kind>object</kind>
         <file>het.obj</file>
         <name>het.obj</name>
      </input_file>
      <input_file id="fl-a">
         <path>.\source\</path>
         <kind>object</kind>
         <file>i2c.obj</file>
         <name>i2c.obj</name>
      </input_file>
      <input_file id="fl-b">
         <path>.\source\</path>
         <kind>object</kind>
         <file>mibspi.obj</file>
         <name>mibspi.obj</name>
      </input_file>
      <input_file id="fl-c">
         <path>.\source\</path>
         <kind>object</kind>
         <file>notification.obj</file>
         <name>notification.obj</name>
      </input_file>
      <input_file id="fl-d">
         <path>.\source\</path>
         <kind>object</kind>
         <file>os_croutine.obj</file>
         <name>os_croutine.obj</name>
      </input_file>
      <input_file id="fl-e">
         <path>.\source\</path>
         <kind>object</kind>
         <file>os_event_groups.obj</file>
         <name>os_event_groups.obj</name>
      </input_file>
      <input_file id="fl-f">
         <path>.\source\</path>
         <kind>object</kind>
         <file>os_heap.obj</file>
         <name>os_heap.obj</name>
      </input_file>
      <input_file id="fl-10">
         <path>.\source\</path>
         <kind>object</kind>
         <file>os_list.obj</file>
         <name>os_list.obj</name>
      </input_file>
      <input_file id="fl-11">
         <path>.\source\</path>
         <kind>object</kind>
         <file>os_mpu_wrappers.obj</file>
         <name>os_mpu_wrappers.obj</name>
      </input_file>
      <input_file id="fl-12">
         <path>.\source\</path>
         <kind>object</kind>
         <file>os_port.obj</file>
         <name>os_port.obj</name>
      </input_file>
      <input_file id="fl-13">
         <path>.\source\</path>
         <kind>object</kind>
         <file>os_portasm.obj</file>
         <name>os_portasm.obj</name>
      </input_file>
      <input_file id="fl-14">
         <path>.\source\</path>
         <kind>object</kind>
         <file>os_queue.obj</file>
         <name>os_queue.obj</name>
      </input_file>
      <input_file id="fl-15">
         <path>.\source\</path>
         <kind>object</kind>
         <file>os_tasks.obj</file>
         <name>os_tasks.obj</name>
      </input_file>
      <input_file id="fl-16">
         <path>.\source\</path>
         <kind>object</kind>
         <file>os_timer.obj</file>
         <name>os_timer.obj</name>
      </input_file>
      <input_file id="fl-17">
         <path>.\source\</path>
         <kind>object</kind>
         <file>pinmux.obj</file>
         <name>pinmux.obj</name>
      </input_file>
      <input_file id="fl-18">
         <path>.\source\</path>
         <kind>object</kind>
         <file>rti.obj</file>
         <name>rti.obj</name>
      </input_file>
      <input_file id="fl-19">
         <path>.\source\</path>
         <kind>object</kind>
         <file>sci.obj</file>
         <name>sci.obj</name>
      </input_file>
      <input_file id="fl-1a">
         <path>.\source\</path>
         <kind>object</kind>
         <file>sys_core.obj</file>
         <name>sys_core.obj</name>
      </input_file>
      <input_file id="fl-1b">
         <path>.\source\</path>
         <kind>object</kind>
         <file>sys_dma.obj</file>
         <name>sys_dma.obj</name>
      </input_file>
      <input_file id="fl-1c">
         <path>.\source\</path>
         <kind>object</kind>
         <file>sys_intvecs.obj</file>
         <name>sys_intvecs.obj</name>
      </input_file>
      <input_file id="fl-1d">
         <path>.\source\</path>
         <kind>object</kind>
         <file>sys_mpu.obj</file>
         <name>sys_mpu.obj</name>
      </input_file>
      <input_file id="fl-1e">
         <path>.\source\</path>
         <kind>object</kind>
         <file>sys_pcr.obj</file>
         <name>sys_pcr.obj</name>
      </input_file>
      <input_file id="fl-1f">
         <path>.\source\</path>
         <kind>object</kind>
         <file>sys_phantom.obj</file>
         <name>sys_phantom.obj</name>
      </input_file>
      <input_file id="fl-20">
         <path>.\source\</path>
         <kind>object</kind>
         <file>sys_pmm.obj</file>
         <name>sys_pmm.obj</name>
      </input_file>
      <input_file id="fl-21">
         <path>.\source\</path>
         <kind>object</kind>
         <file>sys_pmu.obj</file>
         <name>sys_pmu.obj</name>
      </input_file>
      <input_file id="fl-22">
         <path>.\source\</path>
         <kind>object</kind>
         <file>sys_selftest.obj</file>
         <name>sys_selftest.obj</name>
      </input_file>
      <input_file id="fl-23">
         <path>.\source\</path>
         <kind>object</kind>
         <file>sys_startup.obj</file>
         <name>sys_startup.obj</name>
      </input_file>
      <input_file id="fl-24">
         <path>.\source\</path>
         <kind>object</kind>
         <file>sys_vim.obj</file>
         <name>sys_vim.obj</name>
      </input_file>
      <input_file id="fl-25">
         <path>.\source\</path>
         <kind>object</kind>
         <file>system.obj</file>
         <name>system.obj</name>
      </input_file>
      <input_file id="fl-26">
         <path>.\source\</path>
         <kind>object</kind>
         <file>ti_fee_Info.obj</file>
         <name>ti_fee_Info.obj</name>
      </input_file>
      <input_file id="fl-27">
         <path>.\source\</path>
         <kind>object</kind>
         <file>ti_fee_cancel.obj</file>
         <name>ti_fee_cancel.obj</name>
      </input_file>
      <input_file id="fl-28">
         <path>.\source\</path>
         <kind>object</kind>
         <file>ti_fee_cfg.obj</file>
         <name>ti_fee_cfg.obj</name>
      </input_file>
      <input_file id="fl-29">
         <path>.\source\</path>
         <kind>object</kind>
         <file>ti_fee_eraseimmediateblock.obj</file>
         <name>ti_fee_eraseimmediateblock.obj</name>
      </input_file>
      <input_file id="fl-2a">
         <path>.\source\</path>
         <kind>object</kind>
         <file>ti_fee_format.obj</file>
         <name>ti_fee_format.obj</name>
      </input_file>
      <input_file id="fl-2b">
         <path>.\source\</path>
         <kind>object</kind>
         <file>ti_fee_ini.obj</file>
         <name>ti_fee_ini.obj</name>
      </input_file>
      <input_file id="fl-2c">
         <path>.\source\</path>
         <kind>object</kind>
         <file>ti_fee_invalidateblock.obj</file>
         <name>ti_fee_invalidateblock.obj</name>
      </input_file>
      <input_file id="fl-2d">
         <path>.\source\</path>
         <kind>object</kind>
         <file>ti_fee_main.obj</file>
         <name>ti_fee_main.obj</name>
      </input_file>
      <input_file id="fl-2e">
         <path>.\source\</path>
         <kind>object</kind>
         <file>ti_fee_read.obj</file>
         <name>ti_fee_read.obj</name>
      </input_file>
      <input_file id="fl-2f">
         <path>.\source\</path>
         <kind>object</kind>
         <file>ti_fee_readSync.obj</file>
         <name>ti_fee_readSync.obj</name>
      </input_file>
      <input_file id="fl-30">
         <path>.\source\</path>
         <kind>object</kind>
         <file>ti_fee_shutdown.obj</file>
         <name>ti_fee_shutdown.obj</name>
      </input_file>
      <input_file id="fl-31">
         <path>.\source\</path>
         <kind>object</kind>
         <file>ti_fee_util.obj</file>
         <name>ti_fee_util.obj</name>
      </input_file>
      <input_file id="fl-32">
         <path>.\source\</path>
         <kind>object</kind>
         <file>ti_fee_writeAsync.obj</file>
         <name>ti_fee_writeAsync.obj</name>
      </input_file>
      <input_file id="fl-33">
         <path>.\source\</path>
         <kind>object</kind>
         <file>ti_fee_writeSync.obj</file>
         <name>ti_fee_writeSync.obj</name>
      </input_file>
      <input_file id="fl-34">
         <path>.\source_custom\</path>
         <kind>object</kind>
         <file>ad5324.obj</file>
         <name>ad5324.obj</name>
      </input_file>
      <input_file id="fl-35">
         <path>.\source_custom\</path>
         <kind>object</kind>
         <file>battery.obj</file>
         <name>battery.obj</name>
      </input_file>
      <input_file id="fl-36">
         <path>.\source_custom\</path>
         <kind>object</kind>
         <file>channel.obj</file>
         <name>channel.obj</name>
      </input_file>
      <input_file id="fl-37">
         <path>.\source_custom\</path>
         <kind>object</kind>
         <file>cmd_interface.obj</file>
         <name>cmd_interface.obj</name>
      </input_file>
      <input_file id="fl-38">
         <path>.\source_custom\</path>
         <kind>object</kind>
         <file>custom_crc.obj</file>
         <name>custom_crc.obj</name>
      </input_file>
      <input_file id="fl-39">
         <path>.\source_custom\</path>
         <kind>object</kind>
         <file>error_message.obj</file>
         <name>error_message.obj</name>
      </input_file>
      <input_file id="fl-3a">
         <path>.\source_custom\</path>
         <kind>object</kind>
         <file>fee_function.obj</file>
         <name>fee_function.obj</name>
      </input_file>
      <input_file id="fl-3b">
         <path>.\source_custom\</path>
         <kind>object</kind>
         <file>heater.obj</file>
         <name>heater.obj</name>
      </input_file>
      <input_file id="fl-3c">
         <path>.\source_custom\</path>
         <kind>object</kind>
         <file>ina226.obj</file>
         <name>ina226.obj</name>
      </input_file>
      <input_file id="fl-3d">
         <path>.\source_custom\</path>
         <kind>object</kind>
         <file>ina3221.obj</file>
         <name>ina3221.obj</name>
      </input_file>
      <input_file id="fl-3e">
         <path>.\source_custom\</path>
         <kind>object</kind>
         <file>low_power_mode.obj</file>
         <name>low_power_mode.obj</name>
      </input_file>
      <input_file id="fl-3f">
         <path>.\source_custom\</path>
         <kind>object</kind>
         <file>max6698.obj</file>
         <name>max6698.obj</name>
      </input_file>
      <input_file id="fl-40">
         <path>.\source_custom\</path>
         <kind>object</kind>
         <file>mppt.obj</file>
         <name>mppt.obj</name>
      </input_file>
      <input_file id="fl-41">
         <path>.\source_custom\</path>
         <kind>object</kind>
         <file>realtimeClock.obj</file>
         <name>realtimeClock.obj</name>
      </input_file>
      <input_file id="fl-42">
         <path>.\source_custom\</path>
         <kind>object</kind>
         <file>sys_main.obj</file>
         <name>sys_main.obj</name>
      </input_file>
      <input_file id="fl-43">
         <path>.\source_custom\</path>
         <kind>object</kind>
         <file>uart_cmd.obj</file>
         <name>uart_cmd.obj</name>
      </input_file>
      <input_file id="fl-48">
         <kind>object</kind>
         <file>&lt;internal&gt;</file>
         <name>&lt;internal&gt;</name>
      </input_file>
      <input_file id="fl-49">
         <path>C:\ti\Hercules\F021 Flash API\02.01.01\</path>
         <kind>archive</kind>
         <file>F021_API_CortexR4_BE_V3D16.lib</file>
         <name>Async.obj</name>
      </input_file>
      <input_file id="fl-4a">
         <path>C:\ti\Hercules\F021 Flash API\02.01.01\</path>
         <kind>archive</kind>
         <file>F021_API_CortexR4_BE_V3D16.lib</file>
         <name>Async.WithAddress.obj</name>
      </input_file>
      <input_file id="fl-4b">
         <path>C:\ti\Hercules\F021 Flash API\02.01.01\</path>
         <kind>archive</kind>
         <file>F021_API_CortexR4_BE_V3D16.lib</file>
         <name>BlankCheck.obj</name>
      </input_file>
      <input_file id="fl-4c">
         <path>C:\ti\Hercules\F021 Flash API\02.01.01\</path>
         <kind>archive</kind>
         <file>F021_API_CortexR4_BE_V3D16.lib</file>
         <name>FlashStateMachine.EnableEepromSectors.obj</name>
      </input_file>
      <input_file id="fl-4d">
         <path>C:\ti\Hercules\F021 Flash API\02.01.01\</path>
         <kind>archive</kind>
         <file>F021_API_CortexR4_BE_V3D16.lib</file>
         <name>FlashStateMachine.InitializeFlashBanks.obj</name>
      </input_file>
      <input_file id="fl-4e">
         <path>C:\ti\Hercules\F021 Flash API\02.01.01\</path>
         <kind>archive</kind>
         <file>F021_API_CortexR4_BE_V3D16.lib</file>
         <name>FlashStateMachine.IssueFsmCommand.obj</name>
      </input_file>
      <input_file id="fl-4f">
         <path>C:\ti\Hercules\F021 Flash API\02.01.01\</path>
         <kind>archive</kind>
         <file>F021_API_CortexR4_BE_V3D16.lib</file>
         <name>FlashStateMachine.ScaleFclk.obj</name>
      </input_file>
      <input_file id="fl-50">
         <path>C:\ti\Hercules\F021 Flash API\02.01.01\</path>
         <kind>archive</kind>
         <file>F021_API_CortexR4_BE_V3D16.lib</file>
         <name>FlashStateMachine.SetActiveBank.obj</name>
      </input_file>
      <input_file id="fl-51">
         <path>C:\ti\Hercules\F021 Flash API\02.01.01\</path>
         <kind>archive</kind>
         <file>F021_API_CortexR4_BE_V3D16.lib</file>
         <name>Read.FlushPipeline.obj</name>
      </input_file>
      <input_file id="fl-52">
         <path>C:\ti\Hercules\F021 Flash API\02.01.01\</path>
         <kind>archive</kind>
         <file>F021_API_CortexR4_BE_V3D16.lib</file>
         <name>Read.LoopDword.obj</name>
      </input_file>
      <input_file id="fl-53">
         <path>C:\ti\Hercules\F021 Flash API\02.01.01\</path>
         <kind>archive</kind>
         <file>F021_API_CortexR4_BE_V3D16.lib</file>
         <name>Read.WdService.obj</name>
      </input_file>
      <input_file id="fl-54">
         <path>C:\ti\Hercules\F021 Flash API\02.01.01\</path>
         <kind>archive</kind>
         <file>F021_API_CortexR4_BE_V3D16.lib</file>
         <name>Utilities.CalculateFletcher.obj</name>
      </input_file>
      <input_file id="fl-55">
         <path>C:\ti\Hercules\F021 Flash API\02.01.01\</path>
         <kind>archive</kind>
         <file>F021_API_CortexR4_BE_V3D16.lib</file>
         <name>Utilities.WaitDelay.obj</name>
      </input_file>
      <input_file id="fl-56">
         <path>C:\ti\Hercules\F021 Flash API\02.01.01\</path>
         <kind>archive</kind>
         <file>F021_API_CortexR4_BE_V3D16.lib</file>
         <name>Utilities.GetNumberOfSectors.obj</name>
      </input_file>
      <input_file id="fl-57">
         <path>C:\ti\Hercules\F021 Flash API\02.01.01\</path>
         <kind>archive</kind>
         <file>F021_API_CortexR4_BE_V3D16.lib</file>
         <name>Read.Common.obj</name>
      </input_file>
      <input_file id="fl-58">
         <path>C:\ti\Hercules\F021 Flash API\02.01.01\</path>
         <kind>archive</kind>
         <file>F021_API_CortexR4_BE_V3D16.lib</file>
         <name>FlashStateMachine.Hercules.IsEccAddress.obj</name>
      </input_file>
      <input_file id="fl-59">
         <path>C:\ti\ccs1040\ccs\tools\compiler\ti-cgt-arm_20.2.5.LTS\lib\</path>
         <kind>archive</kind>
         <file>rtsv7R4_T_be_v3D16_eabi.lib</file>
         <name>sprintf.c.obj</name>
      </input_file>
      <input_file id="fl-5a">
         <path>C:\ti\ccs1040\ccs\tools\compiler\ti-cgt-arm_20.2.5.LTS\lib\</path>
         <kind>archive</kind>
         <file>rtsv7R4_T_be_v3D16_eabi.lib</file>
         <name>s_floor.c.obj</name>
      </input_file>
      <input_file id="fl-5b">
         <path>C:\ti\ccs1040\ccs\tools\compiler\ti-cgt-arm_20.2.5.LTS\lib\</path>
         <kind>archive</kind>
         <file>rtsv7R4_T_be_v3D16_eabi.lib</file>
         <name>memcpy_t2.asm.obj</name>
      </input_file>
      <input_file id="fl-5c">
         <path>C:\ti\ccs1040\ccs\tools\compiler\ti-cgt-arm_20.2.5.LTS\lib\</path>
         <kind>archive</kind>
         <file>rtsv7R4_T_be_v3D16_eabi.lib</file>
         <name>i_div32.asm.obj</name>
      </input_file>
      <input_file id="fl-5d">
         <path>C:\ti\ccs1040\ccs\tools\compiler\ti-cgt-arm_20.2.5.LTS\lib\</path>
         <kind>archive</kind>
         <file>rtsv7R4_T_be_v3D16_eabi.lib</file>
         <name>u_div32.asm.obj</name>
      </input_file>
      <input_file id="fl-5e">
         <path>C:\ti\ccs1040\ccs\tools\compiler\ti-cgt-arm_20.2.5.LTS\lib\</path>
         <kind>archive</kind>
         <file>rtsv7R4_T_be_v3D16_eabi.lib</file>
         <name>ull_div32.asm.obj</name>
      </input_file>
      <input_file id="fl-5f">
         <path>C:\ti\ccs1040\ccs\tools\compiler\ti-cgt-arm_20.2.5.LTS\lib\</path>
         <kind>archive</kind>
         <file>rtsv7R4_T_be_v3D16_eabi.lib</file>
         <name>memset_t2.asm.obj</name>
      </input_file>
      <input_file id="fl-60">
         <path>C:\ti\ccs1040\ccs\tools\compiler\ti-cgt-arm_20.2.5.LTS\lib\</path>
         <kind>archive</kind>
         <file>rtsv7R4_T_be_v3D16_eabi.lib</file>
         <name>autoinit.c.obj</name>
      </input_file>
      <input_file id="fl-61">
         <path>C:\ti\ccs1040\ccs\tools\compiler\ti-cgt-arm_20.2.5.LTS\lib\</path>
         <kind>archive</kind>
         <file>rtsv7R4_T_be_v3D16_eabi.lib</file>
         <name>cpy_tbl.c.obj</name>
      </input_file>
      <input_file id="fl-62">
         <path>C:\ti\ccs1040\ccs\tools\compiler\ti-cgt-arm_20.2.5.LTS\lib\</path>
         <kind>archive</kind>
         <file>rtsv7R4_T_be_v3D16_eabi.lib</file>
         <name>copy_zero_init.c.obj</name>
      </input_file>
      <input_file id="fl-63">
         <path>C:\ti\ccs1040\ccs\tools\compiler\ti-cgt-arm_20.2.5.LTS\lib\</path>
         <kind>archive</kind>
         <file>rtsv7R4_T_be_v3D16_eabi.lib</file>
         <name>copy_decompress_none.c.obj</name>
      </input_file>
      <input_file id="fl-64">
         <path>C:\ti\ccs1040\ccs\tools\compiler\ti-cgt-arm_20.2.5.LTS\lib\</path>
         <kind>archive</kind>
         <file>rtsv7R4_T_be_v3D16_eabi.lib</file>
         <name>copy_decompress_lzss.c.obj</name>
      </input_file>
      <input_file id="fl-65">
         <path>C:\ti\ccs1040\ccs\tools\compiler\ti-cgt-arm_20.2.5.LTS\lib\</path>
         <kind>archive</kind>
         <file>rtsv7R4_T_be_v3D16_eabi.lib</file>
         <name>exit.c.obj</name>
      </input_file>
      <input_file id="fl-66">
         <path>C:\ti\ccs1040\ccs\tools\compiler\ti-cgt-arm_20.2.5.LTS\lib\</path>
         <kind>archive</kind>
         <file>rtsv7R4_T_be_v3D16_eabi.lib</file>
         <name>_lock.c.obj</name>
      </input_file>
      <input_file id="fl-67">
         <path>C:\ti\ccs1040\ccs\tools\compiler\ti-cgt-arm_20.2.5.LTS\lib\</path>
         <kind>archive</kind>
         <file>rtsv7R4_T_be_v3D16_eabi.lib</file>
         <name>atoi.c.obj</name>
      </input_file>
      <input_file id="fl-68">
         <path>C:\ti\ccs1040\ccs\tools\compiler\ti-cgt-arm_20.2.5.LTS\lib\</path>
         <kind>archive</kind>
         <file>rtsv7R4_T_be_v3D16_eabi.lib</file>
         <name>ctype.c.obj</name>
      </input_file>
      <input_file id="fl-69">
         <path>C:\ti\ccs1040\ccs\tools\compiler\ti-cgt-arm_20.2.5.LTS\lib\</path>
         <kind>archive</kind>
         <file>rtsv7R4_T_be_v3D16_eabi.lib</file>
         <name>strcmp.c.obj</name>
      </input_file>
      <input_file id="fl-6a">
         <path>C:\ti\ccs1040\ccs\tools\compiler\ti-cgt-arm_20.2.5.LTS\lib\</path>
         <kind>archive</kind>
         <file>rtsv7R4_T_be_v3D16_eabi.lib</file>
         <name>strlen.c.obj</name>
      </input_file>
      <input_file id="fl-6b">
         <path>C:\ti\ccs1040\ccs\tools\compiler\ti-cgt-arm_20.2.5.LTS\lib\</path>
         <kind>archive</kind>
         <file>rtsv7R4_T_be_v3D16_eabi.lib</file>
         <name>time.c.obj</name>
      </input_file>
      <input_file id="fl-6c">
         <path>C:\ti\ccs1040\ccs\tools\compiler\ti-cgt-arm_20.2.5.LTS\lib\</path>
         <kind>archive</kind>
         <file>rtsv7R4_T_be_v3D16_eabi.lib</file>
         <name>_printfi.c.obj</name>
      </input_file>
      <input_file id="fl-6d">
         <path>C:\ti\ccs1040\ccs\tools\compiler\ti-cgt-arm_20.2.5.LTS\lib\</path>
         <kind>archive</kind>
         <file>rtsv7R4_T_be_v3D16_eabi.lib</file>
         <name>s_frexp.c.obj</name>
      </input_file>
      <input_file id="fl-6e">
         <path>C:\ti\ccs1040\ccs\tools\compiler\ti-cgt-arm_20.2.5.LTS\lib\</path>
         <kind>archive</kind>
         <file>rtsv7R4_T_be_v3D16_eabi.lib</file>
         <name>s_scalbn.c.obj</name>
      </input_file>
      <input_file id="fl-6f">
         <path>C:\ti\ccs1040\ccs\tools\compiler\ti-cgt-arm_20.2.5.LTS\lib\</path>
         <kind>archive</kind>
         <file>rtsv7R4_T_be_v3D16_eabi.lib</file>
         <name>wcslen.c.obj</name>
      </input_file>
      <input_file id="fl-70">
         <path>C:\ti\ccs1040\ccs\tools\compiler\ti-cgt-arm_20.2.5.LTS\lib\</path>
         <kind>archive</kind>
         <file>rtsv7R4_T_be_v3D16_eabi.lib</file>
         <name>div0.asm.obj</name>
      </input_file>
      <input_file id="fl-71">
         <path>C:\ti\ccs1040\ccs\tools\compiler\ti-cgt-arm_20.2.5.LTS\lib\</path>
         <kind>archive</kind>
         <file>rtsv7R4_T_be_v3D16_eabi.lib</file>
         <name>_ltoa.c.obj</name>
      </input_file>
      <input_file id="fl-72">
         <path>C:\ti\ccs1040\ccs\tools\compiler\ti-cgt-arm_20.2.5.LTS\lib\</path>
         <kind>archive</kind>
         <file>rtsv7R4_T_be_v3D16_eabi.lib</file>
         <name>memccpy.c.obj</name>
      </input_file>
      <input_file id="fl-73">
         <path>C:\ti\ccs1040\ccs\tools\compiler\ti-cgt-arm_20.2.5.LTS\lib\</path>
         <kind>archive</kind>
         <file>rtsv7R4_T_be_v3D16_eabi.lib</file>
         <name>strchr.c.obj</name>
      </input_file>
      <input_file id="fl-74">
         <path>C:\ti\ccs1040\ccs\tools\compiler\ti-cgt-arm_20.2.5.LTS\lib\</path>
         <kind>archive</kind>
         <file>rtsv7R4_T_be_v3D16_eabi.lib</file>
         <name>errno.c.obj</name>
      </input_file>
      <input_file id="fl-75">
         <path>C:\ti\ccs1040\ccs\tools\compiler\ti-cgt-arm_20.2.5.LTS\lib\</path>
         <kind>archive</kind>
         <file>rtsv7R4_T_be_v3D16_eabi.lib</file>
         <name>hosttime.c.obj</name>
      </input_file>
      <input_file id="fl-76">
         <path>C:\ti\ccs1040\ccs\tools\compiler\ti-cgt-arm_20.2.5.LTS\lib\</path>
         <kind>archive</kind>
         <file>rtsv7R4_T_be_v3D16_eabi.lib</file>
         <name>trgmsg.c.obj</name>
      </input_file>
      <input_file id="fl-77">
         <path>C:\ti\ccs1040\ccs\tools\compiler\ti-cgt-arm_20.2.5.LTS\lib\</path>
         <kind>archive</kind>
         <file>rtsv7R4_T_be_v3D16_eabi.lib</file>
         <name>s_copysign.c.obj</name>
      </input_file>
      <input_file id="fl-78">
         <path>C:\ti\ccs1040\ccs\tools\compiler\ti-cgt-arm_20.2.5.LTS\lib\</path>
         <kind>archive</kind>
         <file>rtsv7R4_T_be_v3D16_eabi.lib</file>
         <name>hostopen.c.obj</name>
      </input_file>
   </input_file_list>
   <object_component_list>
      <object_component id="oc-3d">
         <name>.intvecs</name>
         <load_address>0x0</load_address>
         <run_address>0x0</run_address>
         <size>0x20</size>
         <input_file_ref idref="fl-1c"/>
      </object_component>
      <object_component id="oc-17f">
         <name>.kernelTEXT</name>
         <load_address>0x20</load_address>
         <run_address>0x20</run_address>
         <size>0x2cd4</size>
         <input_file_ref idref="fl-15"/>
      </object_component>
      <object_component id="oc-331">
         <name>.kernelTEXT</name>
         <load_address>0x2cf4</load_address>
         <run_address>0x2cf4</run_address>
         <size>0x1264</size>
         <input_file_ref idref="fl-14"/>
      </object_component>
      <object_component id="oc-337">
         <name>.kernelTEXT</name>
         <load_address>0x3f58</load_address>
         <run_address>0x3f58</run_address>
         <size>0xab0</size>
         <input_file_ref idref="fl-16"/>
      </object_component>
      <object_component id="oc-33d">
         <name>.kernelTEXT</name>
         <load_address>0x4a08</load_address>
         <run_address>0x4a08</run_address>
         <size>0x818</size>
         <input_file_ref idref="fl-e"/>
      </object_component>
      <object_component id="oc-af">
         <name>.kernelTEXT</name>
         <load_address>0x5220</load_address>
         <run_address>0x5220</run_address>
         <size>0x4b0</size>
         <input_file_ref idref="fl-13"/>
      </object_component>
      <object_component id="oc-379">
         <name>.kernelTEXT</name>
         <load_address>0x56d0</load_address>
         <run_address>0x56d0</run_address>
         <size>0x3e0</size>
         <input_file_ref idref="fl-12"/>
      </object_component>
      <object_component id="oc-36d">
         <name>.kernelTEXT</name>
         <load_address>0x5ab0</load_address>
         <run_address>0x5ab0</run_address>
         <size>0x37c</size>
         <input_file_ref idref="fl-f"/>
      </object_component>
      <object_component id="oc-803">
         <name>.cinit..data.load</name>
         <load_address>0x5e30</load_address>
         <run_address>0x5e30</run_address>
         <size>0xe6</size>
      </object_component>
      <object_component id="oc-7fe">
         <name>__TI_handler_table</name>
         <load_address>0x5f18</load_address>
         <run_address>0x5f18</run_address>
         <size>0xc</size>
      </object_component>
      <object_component id="oc-800">
         <name>.cinit..kernelBSS.load</name>
         <load_address>0x5f24</load_address>
         <run_address>0x5f24</run_address>
         <size>0x9</size>
      </object_component>
      <object_component id="oc-804">
         <name>.cinit.FEE_DATA_SECTION.load</name>
         <load_address>0x5f2d</load_address>
         <run_address>0x5f2d</run_address>
         <size>0x9</size>
      </object_component>
      <object_component id="oc-802">
         <name>.cinit..bss.load</name>
         <load_address>0x5f38</load_address>
         <run_address>0x5f38</run_address>
         <size>0x8</size>
      </object_component>
      <object_component id="oc-801">
         <name>.cinit..kernelHEAP.load</name>
         <load_address>0x5f40</load_address>
         <run_address>0x5f40</run_address>
         <size>0x8</size>
      </object_component>
      <object_component id="oc-7ff">
         <name>__TI_cinit_table</name>
         <load_address>0x5f48</load_address>
         <run_address>0x5f48</run_address>
         <size>0x28</size>
      </object_component>
      <object_component id="oc-311">
         <name>.text</name>
         <load_address>0x8020</load_address>
         <run_address>0x8020</run_address>
         <size>0x57d0</size>
         <input_file_ref idref="fl-31"/>
      </object_component>
      <object_component id="oc-8e">
         <name>.text</name>
         <load_address>0xd7f0</load_address>
         <run_address>0xd7f0</run_address>
         <size>0x2cdc</size>
         <input_file_ref idref="fl-22"/>
      </object_component>
      <object_component id="oc-167">
         <name>.text</name>
         <load_address>0x104cc</load_address>
         <run_address>0x104cc</run_address>
         <size>0x2544</size>
         <input_file_ref idref="fl-3a"/>
      </object_component>
      <object_component id="oc-9b">
         <name>.text</name>
         <load_address>0x12a10</load_address>
         <run_address>0x12a10</run_address>
         <size>0x2150</size>
         <input_file_ref idref="fl-42"/>
      </object_component>
      <object_component id="oc-305">
         <name>.text</name>
         <load_address>0x14b60</load_address>
         <run_address>0x14b60</run_address>
         <size>0x1768</size>
         <input_file_ref idref="fl-2b"/>
      </object_component>
      <object_component id="oc-30b">
         <name>.text</name>
         <load_address>0x162c8</load_address>
         <run_address>0x162c8</run_address>
         <size>0x10e0</size>
         <input_file_ref idref="fl-2d"/>
      </object_component>
      <object_component id="oc-1a6">
         <name>.text</name>
         <load_address>0x173a8</load_address>
         <run_address>0x173a8</run_address>
         <size>0x109c</size>
         <input_file_ref idref="fl-3f"/>
      </object_component>
      <object_component id="oc-16d">
         <name>.text</name>
         <load_address>0x18444</load_address>
         <run_address>0x18444</run_address>
         <size>0xc14</size>
         <input_file_ref idref="fl-11"/>
      </object_component>
      <object_component id="oc-161">
         <name>.text</name>
         <load_address>0x19058</load_address>
         <run_address>0x19058</run_address>
         <size>0xbd4</size>
         <input_file_ref idref="fl-9"/>
      </object_component>
      <object_component id="oc-88">
         <name>.text</name>
         <load_address>0x19c2c</load_address>
         <run_address>0x19c2c</run_address>
         <size>0xb64</size>
         <input_file_ref idref="fl-25"/>
      </object_component>
      <object_component id="oc-1c1">
         <name>.text</name>
         <load_address>0x1a790</load_address>
         <run_address>0x1a790</run_address>
         <size>0xa60</size>
         <input_file_ref idref="fl-36"/>
      </object_component>
      <object_component id="oc-4e">
         <name>.text</name>
         <load_address>0x1b1f0</load_address>
         <run_address>0x1b1f0</run_address>
         <size>0xa58</size>
         <input_file_ref idref="fl-24"/>
      </object_component>
      <object_component id="oc-3f6">
         <name>.text:__TI_printfi</name>
         <load_address>0x1bc48</load_address>
         <run_address>0x1bc48</run_address>
         <size>0xa4e</size>
         <input_file_ref idref="fl-6c"/>
      </object_component>
      <object_component id="oc-5ee">
         <name>.text:_nop</name>
         <load_address>0x1c696</load_address>
         <run_address>0x1c696</run_address>
         <size>0x2</size>
         <input_file_ref idref="fl-66"/>
      </object_component>
      <object_component id="oc-155">
         <name>.text</name>
         <load_address>0x1c698</load_address>
         <run_address>0x1c698</run_address>
         <size>0xa48</size>
         <input_file_ref idref="fl-4"/>
      </object_component>
      <object_component id="oc-15b">
         <name>.text</name>
         <load_address>0x1d0e0</load_address>
         <run_address>0x1d0e0</run_address>
         <size>0xa20</size>
         <input_file_ref idref="fl-b"/>
      </object_component>
      <object_component id="oc-194">
         <name>.text</name>
         <load_address>0x1db00</load_address>
         <run_address>0x1db00</run_address>
         <size>0x9d0</size>
         <input_file_ref idref="fl-3c"/>
      </object_component>
      <object_component id="oc-14f">
         <name>.text</name>
         <load_address>0x1e4d0</load_address>
         <run_address>0x1e4d0</run_address>
         <size>0x9c4</size>
         <input_file_ref idref="fl-a"/>
      </object_component>
      <object_component id="oc-fd">
         <name>.text</name>
         <load_address>0x1ee94</load_address>
         <run_address>0x1ee94</run_address>
         <size>0x8bc</size>
         <input_file_ref idref="fl-17"/>
      </object_component>
      <object_component id="oc-143">
         <name>.text</name>
         <load_address>0x1f750</load_address>
         <run_address>0x1f750</run_address>
         <size>0x7b8</size>
         <input_file_ref idref="fl-19"/>
      </object_component>
      <object_component id="oc-1ee">
         <name>.text</name>
         <load_address>0x1ff08</load_address>
         <run_address>0x1ff08</run_address>
         <size>0x690</size>
         <input_file_ref idref="fl-37"/>
      </object_component>
      <object_component id="oc-7c">
         <name>.text</name>
         <load_address>0x20598</load_address>
         <run_address>0x20598</run_address>
         <size>0x664</size>
         <input_file_ref idref="fl-6"/>
      </object_component>
      <object_component id="oc-94">
         <name>.text</name>
         <load_address>0x20bfc</load_address>
         <run_address>0x20bfc</run_address>
         <size>0x5bc</size>
         <input_file_ref idref="fl-7"/>
      </object_component>
      <object_component id="oc-149">
         <name>.text</name>
         <load_address>0x211b8</load_address>
         <run_address>0x211b8</run_address>
         <size>0x484</size>
         <input_file_ref idref="fl-8"/>
      </object_component>
      <object_component id="oc-1dc">
         <name>.text</name>
         <load_address>0x2163c</load_address>
         <run_address>0x2163c</run_address>
         <size>0x3dc</size>
         <input_file_ref idref="fl-35"/>
      </object_component>
      <object_component id="oc-77">
         <name>.text</name>
         <load_address>0x21a18</load_address>
         <run_address>0x21a18</run_address>
         <size>0x34c</size>
         <input_file_ref idref="fl-1a"/>
      </object_component>
      <object_component id="oc-1d6">
         <name>.text</name>
         <load_address>0x21d64</load_address>
         <run_address>0x21d64</run_address>
         <size>0x2d8</size>
         <input_file_ref idref="fl-40"/>
      </object_component>
      <object_component id="oc-48">
         <name>.text:retain</name>
         <load_address>0x2203c</load_address>
         <run_address>0x2203c</run_address>
         <size>0x2cc</size>
         <input_file_ref idref="fl-24"/>
      </object_component>
      <object_component id="oc-41f">
         <name>.text</name>
         <load_address>0x22308</load_address>
         <run_address>0x22308</run_address>
         <size>0x2b8</size>
         <input_file_ref idref="fl-5e"/>
      </object_component>
      <object_component id="oc-22">
         <name>.text:retain</name>
         <load_address>0x225c0</load_address>
         <run_address>0x225c0</run_address>
         <size>0x288</size>
         <input_file_ref idref="fl-23"/>
      </object_component>
      <object_component id="oc-1fa">
         <name>.text</name>
         <load_address>0x22848</load_address>
         <run_address>0x22848</run_address>
         <size>0x284</size>
         <input_file_ref idref="fl-3e"/>
      </object_component>
      <object_component id="oc-553">
         <name>.text</name>
         <load_address>0x22acc</load_address>
         <run_address>0x22acc</run_address>
         <size>0x278</size>
         <input_file_ref idref="fl-f"/>
      </object_component>
      <object_component id="oc-1d0">
         <name>.text</name>
         <load_address>0x22d44</load_address>
         <run_address>0x22d44</run_address>
         <size>0x270</size>
         <input_file_ref idref="fl-34"/>
      </object_component>
      <object_component id="oc-1c9">
         <name>.text</name>
         <load_address>0x22fb4</load_address>
         <run_address>0x22fb4</run_address>
         <size>0x268</size>
         <input_file_ref idref="fl-3b"/>
      </object_component>
      <object_component id="oc-4dd">
         <name>.text:Fapi_initializeFlashBanks</name>
         <load_address>0x2321c</load_address>
         <run_address>0x2321c</run_address>
         <size>0x260</size>
         <input_file_ref idref="fl-4d"/>
      </object_component>
      <object_component id="oc-597">
         <name>.text:_pconv_a</name>
         <load_address>0x2347c</load_address>
         <run_address>0x2347c</run_address>
         <size>0x248</size>
         <input_file_ref idref="fl-6c"/>
      </object_component>
      <object_component id="oc-373">
         <name>.text</name>
         <load_address>0x236c4</load_address>
         <run_address>0x236c4</run_address>
         <size>0x238</size>
         <input_file_ref idref="fl-10"/>
      </object_component>
      <object_component id="oc-37">
         <name>.text:retain</name>
         <load_address>0x238fc</load_address>
         <run_address>0x238fc</run_address>
         <size>0x204</size>
         <input_file_ref idref="fl-19"/>
      </object_component>
      <object_component id="oc-179">
         <name>.text</name>
         <load_address>0x23b00</load_address>
         <run_address>0x23b00</run_address>
         <size>0x1f8</size>
         <input_file_ref idref="fl-41"/>
      </object_component>
      <object_component id="oc-563">
         <name>.text</name>
         <load_address>0x23cf8</load_address>
         <run_address>0x23cf8</run_address>
         <size>0x1e0</size>
         <input_file_ref idref="fl-12"/>
      </object_component>
      <object_component id="oc-b8">
         <name>.text</name>
         <load_address>0x23ed8</load_address>
         <run_address>0x23ed8</run_address>
         <size>0x1cc</size>
         <input_file_ref idref="fl-43"/>
      </object_component>
      <object_component id="oc-585">
         <name>.text:_pconv_g</name>
         <load_address>0x240a4</load_address>
         <run_address>0x240a4</run_address>
         <size>0x1a0</size>
         <input_file_ref idref="fl-6c"/>
      </object_component>
      <object_component id="oc-4e3">
         <name>.text:Fapi_setActiveFlashBank</name>
         <load_address>0x24244</load_address>
         <run_address>0x24244</run_address>
         <size>0x17c</size>
         <input_file_ref idref="fl-50"/>
      </object_component>
      <object_component id="oc-32b">
         <name>.text</name>
         <load_address>0x243c0</load_address>
         <run_address>0x243c0</run_address>
         <size>0x15c</size>
         <input_file_ref idref="fl-15"/>
      </object_component>
      <object_component id="oc-a3">
         <name>.text</name>
         <load_address>0x2451c</load_address>
         <run_address>0x2451c</run_address>
         <size>0x14c</size>
         <input_file_ref idref="fl-c"/>
      </object_component>
      <object_component id="oc-173">
         <name>.text</name>
         <load_address>0x24668</load_address>
         <run_address>0x24668</run_address>
         <size>0x144</size>
         <input_file_ref idref="fl-39"/>
      </object_component>
      <object_component id="oc-28">
         <name>.text:retain</name>
         <load_address>0x247ac</load_address>
         <run_address>0x247ac</run_address>
         <size>0x114</size>
         <input_file_ref idref="fl-7"/>
      </object_component>
      <object_component id="oc-591">
         <name>.text:_pconv_e</name>
         <load_address>0x248c0</load_address>
         <run_address>0x248c0</run_address>
         <size>0x104</size>
         <input_file_ref idref="fl-6c"/>
      </object_component>
      <object_component id="oc-6da">
         <name>.text:fcvt</name>
         <load_address>0x249c4</load_address>
         <run_address>0x249c4</run_address>
         <size>0xfc</size>
         <input_file_ref idref="fl-6c"/>
      </object_component>
      <object_component id="oc-6ee">
         <name>.text:scalbn</name>
         <load_address>0x24ac0</load_address>
         <run_address>0x24ac0</run_address>
         <size>0xf0</size>
         <input_file_ref idref="fl-6e"/>
      </object_component>
      <object_component id="oc-c2">
         <name>.text</name>
         <load_address>0x24bb0</load_address>
         <run_address>0x24bb0</run_address>
         <size>0xe8</size>
         <input_file_ref idref="fl-5"/>
      </object_component>
      <object_component id="oc-2cf">
         <name>.text:floor</name>
         <load_address>0x24c98</load_address>
         <run_address>0x24c98</run_address>
         <size>0xe0</size>
         <input_file_ref idref="fl-5a"/>
      </object_component>
      <object_component id="oc-105">
         <name>.text</name>
         <load_address>0x24d78</load_address>
         <run_address>0x24d78</run_address>
         <size>0xe0</size>
         <input_file_ref idref="fl-21"/>
      </object_component>
      <object_component id="oc-31">
         <name>.text:retain</name>
         <load_address>0x24e58</load_address>
         <run_address>0x24e58</run_address>
         <size>0xdc</size>
         <input_file_ref idref="fl-18"/>
      </object_component>
      <object_component id="oc-31a">
         <name>.text</name>
         <load_address>0x24f34</load_address>
         <run_address>0x24f34</run_address>
         <size>0xb8</size>
         <input_file_ref idref="fl-38"/>
      </object_component>
      <object_component id="oc-57f">
         <name>.text:_ltostr</name>
         <load_address>0x24fec</load_address>
         <run_address>0x24fec</run_address>
         <size>0xad</size>
         <input_file_ref idref="fl-6c"/>
      </object_component>
      <object_component id="oc-5f">
         <name>.text</name>
         <load_address>0x2509a</load_address>
         <run_address>0x2509a</run_address>
         <size>0x9c</size>
         <input_file_ref idref="fl-5b"/>
      </object_component>
      <object_component id="oc-4c4">
         <name>.text</name>
         <load_address>0x25136</load_address>
         <run_address>0x25136</run_address>
         <size>0x2</size>
         <input_file_ref idref="fl-70"/>
      </object_component>
      <object_component id="oc-4f9">
         <name>.text:Fapi_doBlankCheck</name>
         <load_address>0x25138</load_address>
         <run_address>0x25138</run_address>
         <size>0x94</size>
         <input_file_ref idref="fl-4b"/>
      </object_component>
      <object_component id="oc-4e9">
         <name>.text:Fapi_enableEepromBankSectors</name>
         <load_address>0x251cc</load_address>
         <run_address>0x251cc</run_address>
         <size>0x80</size>
         <input_file_ref idref="fl-4c"/>
      </object_component>
      <object_component id="oc-6d3">
         <name>.text:_mcpy</name>
         <load_address>0x2524c</load_address>
         <run_address>0x2524c</run_address>
         <size>0x7a</size>
         <input_file_ref idref="fl-6c"/>
      </object_component>
      <object_component id="oc-ef">
         <name>.text</name>
         <load_address>0x252c6</load_address>
         <run_address>0x252c6</run_address>
         <size>0x7a</size>
         <input_file_ref idref="fl-5f"/>
      </object_component>
      <object_component id="oc-6e8">
         <name>.text:frexp</name>
         <load_address>0x25340</load_address>
         <run_address>0x25340</run_address>
         <size>0x74</size>
         <input_file_ref idref="fl-6d"/>
      </object_component>
      <object_component id="oc-15">
         <name>.text:decompress:lzss:__TI_decompress_lzss</name>
         <load_address>0x253b4</load_address>
         <run_address>0x253b4</run_address>
         <size>0x6c</size>
         <input_file_ref idref="fl-64"/>
      </object_component>
      <object_component id="oc-65e">
         <name>.text:_Fapi_loopRegionForValue</name>
         <load_address>0x25420</load_address>
         <run_address>0x25420</run_address>
         <size>0x5e</size>
         <input_file_ref idref="fl-52"/>
      </object_component>
      <object_component id="oc-6c7">
         <name>.text:__TI_ltoa</name>
         <load_address>0x2547e</load_address>
         <run_address>0x2547e</run_address>
         <size>0x54</size>
         <input_file_ref idref="fl-71"/>
      </object_component>
      <object_component id="oc-6cd">
         <name>.text:_ecpy</name>
         <load_address>0x254d2</load_address>
         <run_address>0x254d2</run_address>
         <size>0x54</size>
         <input_file_ref idref="fl-6c"/>
      </object_component>
      <object_component id="oc-35e">
         <name>.text</name>
         <load_address>0x25528</load_address>
         <run_address>0x25528</run_address>
         <size>0x54</size>
         <input_file_ref idref="fl-5c"/>
      </object_component>
      <object_component id="oc-7a3">
         <name>.text:Fapi_isAddressEcc</name>
         <load_address>0x2557c</load_address>
         <run_address>0x2557c</run_address>
         <size>0x50</size>
         <input_file_ref idref="fl-58"/>
      </object_component>
      <object_component id="oc-58b">
         <name>.text:_pconv_f</name>
         <load_address>0x255cc</load_address>
         <run_address>0x255cc</run_address>
         <size>0x50</size>
         <input_file_ref idref="fl-6c"/>
      </object_component>
      <object_component id="oc-1f4">
         <name>.text:atoi</name>
         <load_address>0x2561c</load_address>
         <run_address>0x2561c</run_address>
         <size>0x50</size>
         <input_file_ref idref="fl-67"/>
      </object_component>
      <object_component id="oc-2ed">
         <name>.text</name>
         <load_address>0x2566c</load_address>
         <run_address>0x2566c</run_address>
         <size>0x50</size>
         <input_file_ref idref="fl-5d"/>
      </object_component>
      <object_component id="oc-53a">
         <name>.text:HOSTtime</name>
         <load_address>0x256bc</load_address>
         <run_address>0x256bc</run_address>
         <size>0x48</size>
         <input_file_ref idref="fl-75"/>
      </object_component>
      <object_component id="oc-64b">
         <name>.text:_Fapi_EnableSectors</name>
         <load_address>0x25704</load_address>
         <run_address>0x25704</run_address>
         <size>0x44</size>
         <input_file_ref idref="fl-4c"/>
      </object_component>
      <object_component id="oc-113">
         <name>.text:__TI_auto_init_nobinit_nopinit:__TI_auto_init_nobinit_nopinit</name>
         <load_address>0x25748</load_address>
         <run_address>0x25748</run_address>
         <size>0x44</size>
         <input_file_ref idref="fl-60"/>
      </object_component>
      <object_component id="oc-6e0">
         <name>.text:_fcpy</name>
         <load_address>0x2578c</load_address>
         <run_address>0x2578c</run_address>
         <size>0x40</size>
         <input_file_ref idref="fl-6c"/>
      </object_component>
      <object_component id="oc-19a">
         <name>.text:sprintf</name>
         <load_address>0x257cc</load_address>
         <run_address>0x257cc</run_address>
         <size>0x40</size>
         <input_file_ref idref="fl-59"/>
      </object_component>
      <object_component id="oc-666">
         <name>.text:_Fapi_issueFsmCommand</name>
         <load_address>0x2580c</load_address>
         <run_address>0x2580c</run_address>
         <size>0x3c</size>
         <input_file_ref idref="fl-4e"/>
      </object_component>
      <object_component id="oc-68f">
         <name>.text:__TI_writemsg</name>
         <load_address>0x25848</load_address>
         <run_address>0x25848</run_address>
         <size>0x3c</size>
         <input_file_ref idref="fl-76"/>
      </object_component>
      <object_component id="oc-61e">
         <name>.text:Fapi_calculateFletcherChecksum</name>
         <load_address>0x25884</load_address>
         <run_address>0x25884</run_address>
         <size>0x36</size>
         <input_file_ref idref="fl-54"/>
      </object_component>
      <object_component id="oc-695">
         <name>.text:__TI_readmsg</name>
         <load_address>0x258bc</load_address>
         <run_address>0x258bc</run_address>
         <size>0x34</size>
         <input_file_ref idref="fl-76"/>
      </object_component>
      <object_component id="oc-505">
         <name>.text:Fapi_issueAsyncCommandWithAddress</name>
         <load_address>0x258f0</load_address>
         <run_address>0x258f0</run_address>
         <size>0x30</size>
         <input_file_ref idref="fl-4a"/>
      </object_component>
      <object_component id="oc-73e">
         <name>.text:Fapi_waitDelay</name>
         <load_address>0x25920</load_address>
         <run_address>0x25920</run_address>
         <size>0x30</size>
         <input_file_ref idref="fl-55"/>
      </object_component>
      <object_component id="oc-746">
         <name>.text:_Fapi_readDword</name>
         <load_address>0x25950</load_address>
         <run_address>0x25950</run_address>
         <size>0x2c</size>
         <input_file_ref idref="fl-57"/>
      </object_component>
      <object_component id="oc-4ff">
         <name>.text:Fapi_issueAsyncCommand</name>
         <load_address>0x2597c</load_address>
         <run_address>0x2597c</run_address>
         <size>0x2a</size>
         <input_file_ref idref="fl-49"/>
      </object_component>
      <object_component id="oc-59d">
         <name>.text:memccpy</name>
         <load_address>0x259a6</load_address>
         <run_address>0x259a6</run_address>
         <size>0x26</size>
         <input_file_ref idref="fl-72"/>
      </object_component>
      <object_component id="oc-658">
         <name>.text:Fapi_flushPipeline</name>
         <load_address>0x259cc</load_address>
         <run_address>0x259cc</run_address>
         <size>0x22</size>
         <input_file_ref idref="fl-51"/>
      </object_component>
      <object_component id="oc-77d">
         <name>.text:copysign</name>
         <load_address>0x259ee</load_address>
         <run_address>0x259ee</run_address>
         <size>0x1e</size>
         <input_file_ref idref="fl-77"/>
      </object_component>
      <object_component id="oc-624">
         <name>.text:_Fapi_divideUnsignedLong</name>
         <load_address>0x25a0c</load_address>
         <run_address>0x25a0c</run_address>
         <size>0x1c</size>
         <input_file_ref idref="fl-4d"/>
      </object_component>
      <object_component id="oc-3fc">
         <name>.text:_outs</name>
         <load_address>0x25a28</load_address>
         <run_address>0x25a28</run_address>
         <size>0x1a</size>
         <input_file_ref idref="fl-59"/>
      </object_component>
      <object_component id="oc-1e8">
         <name>.text:strcmp</name>
         <load_address>0x25a42</load_address>
         <run_address>0x25a42</run_address>
         <size>0x18</size>
         <input_file_ref idref="fl-69"/>
      </object_component>
      <object_component id="oc-6f4">
         <name>.text:strchr</name>
         <load_address>0x25a5a</load_address>
         <run_address>0x25a5a</run_address>
         <size>0x16</size>
         <input_file_ref idref="fl-73"/>
      </object_component>
      <object_component id="oc-1a0">
         <name>.text:strlen</name>
         <load_address>0x25a70</load_address>
         <run_address>0x25a70</run_address>
         <size>0x16</size>
         <input_file_ref idref="fl-6a"/>
      </object_component>
      <object_component id="oc-5a3">
         <name>.text:wcslen</name>
         <load_address>0x25a86</load_address>
         <run_address>0x25a86</run_address>
         <size>0x12</size>
         <input_file_ref idref="fl-6f"/>
      </object_component>
      <object_component id="oc-645">
         <name>.text:Fapi_getNumberOfBankSectors</name>
         <load_address>0x25a98</load_address>
         <run_address>0x25a98</run_address>
         <size>0x10</size>
         <input_file_ref idref="fl-56"/>
      </object_component>
      <object_component id="oc-630">
         <name>.text:_scaleEEFclk</name>
         <load_address>0x25aa8</load_address>
         <run_address>0x25aa8</run_address>
         <size>0x10</size>
         <input_file_ref idref="fl-4f"/>
      </object_component>
      <object_component id="oc-62a">
         <name>.text:_scaleMainFclk</name>
         <load_address>0x25ab8</load_address>
         <run_address>0x25ab8</run_address>
         <size>0x10</size>
         <input_file_ref idref="fl-4f"/>
      </object_component>
      <object_component id="oc-365">
         <name>.text:__time32</name>
         <load_address>0x25ac8</load_address>
         <run_address>0x25ac8</run_address>
         <size>0xe</size>
         <input_file_ref idref="fl-6b"/>
      </object_component>
      <object_component id="oc-1b">
         <name>.text:decompress:none:__TI_decompress_none</name>
         <load_address>0x25ad6</load_address>
         <run_address>0x25ad6</run_address>
         <size>0xe</size>
         <input_file_ref idref="fl-63"/>
      </object_component>
      <object_component id="oc-74c">
         <name>.text:_Fapi_checkWdService</name>
         <load_address>0x25ae4</load_address>
         <run_address>0x25ae4</run_address>
         <size>0xc</size>
         <input_file_ref idref="fl-53"/>
      </object_component>
      <object_component id="oc-71">
         <name>.text:decompress:ZI:__TI_zero_init</name>
         <load_address>0x25af0</load_address>
         <run_address>0x25af0</run_address>
         <size>0xc</size>
         <input_file_ref idref="fl-62"/>
      </object_component>
      <object_component id="oc-402">
         <name>.text:_outc</name>
         <load_address>0x25afc</load_address>
         <run_address>0x25afc</run_address>
         <size>0xa</size>
         <input_file_ref idref="fl-59"/>
      </object_component>
      <object_component id="oc-7ab">
         <name>.text</name>
         <load_address>0x25b08</load_address>
         <run_address>0x25b08</run_address>
         <size>0x8</size>
         <input_file_ref idref="fl-3"/>
      </object_component>
      <object_component id="oc-5a9">
         <name>.text:__aeabi_errno_addr</name>
         <load_address>0x25b10</load_address>
         <run_address>0x25b10</run_address>
         <size>0x8</size>
         <input_file_ref idref="fl-74"/>
      </object_component>
      <object_component id="oc-215">
         <name>.text:abort:abort</name>
         <load_address>0x25b18</load_address>
         <run_address>0x25b18</run_address>
         <size>0x4</size>
         <input_file_ref idref="fl-65"/>
      </object_component>
      <object_component id="oc-42">
         <name>.text:retain</name>
         <load_address>0x25b1c</load_address>
         <run_address>0x25b1c</run_address>
         <size>0x4</size>
         <input_file_ref idref="fl-1f"/>
      </object_component>
      <object_component id="oc-82">
         <name>.text</name>
         <load_address>0x25b20</load_address>
         <run_address>0x25b20</run_address>
         <size>0x4</size>
         <input_file_ref idref="fl-23"/>
      </object_component>
      <object_component id="oc-806">
         <name>.tramp.Fapi_serviceWatchdogTimer.1</name>
         <load_address>0x25b24</load_address>
         <run_address>0x25b24</run_address>
         <size>0x8</size>
         <input_file_ref idref="fl-3"/>
      </object_component>
      <object_component id="oc-2f2">
         <name>.const:het1PROGRAM</name>
         <load_address>0x25b2c</load_address>
         <run_address>0x25b2c</run_address>
         <size>0x3a0</size>
         <input_file_ref idref="fl-9"/>
      </object_component>
      <object_component id="oc-2f5">
         <name>.const:het2PROGRAM</name>
         <load_address>0x25ecc</load_address>
         <run_address>0x25ecc</run_address>
         <size>0x3a0</size>
         <input_file_ref idref="fl-9"/>
      </object_component>
      <object_component id="oc-2e">
         <name>.const:s_vim_init</name>
         <load_address>0x2626c</load_address>
         <run_address>0x2626c</run_address>
         <size>0x200</size>
         <input_file_ref idref="fl-24"/>
      </object_component>
      <object_component id="oc-44b">
         <name>.const:.string:_ctypes_</name>
         <load_address>0x2646c</load_address>
         <run_address>0x2646c</run_address>
         <size>0x101</size>
         <input_file_ref idref="fl-68"/>
      </object_component>
      <object_component id="oc-2dd">
         <name>.const:s_canByteOrder</name>
         <load_address>0x26570</load_address>
         <run_address>0x26570</run_address>
         <size>0x20</size>
         <input_file_ref idref="fl-4"/>
      </object_component>
      <object_component id="oc-2f8">
         <name>.const:s_het1pwmPolarity</name>
         <load_address>0x26590</load_address>
         <run_address>0x26590</run_address>
         <size>0x20</size>
         <input_file_ref idref="fl-9"/>
      </object_component>
      <object_component id="oc-2fb">
         <name>.const:s_het2pwmPolarity</name>
         <load_address>0x265b0</load_address>
         <run_address>0x265b0</run_address>
         <size>0x20</size>
         <input_file_ref idref="fl-9"/>
      </object_component>
      <object_component id="oc-228">
         <name>.kernelBSS:init</name>
         <load_address>0x80009fc</load_address>
         <run_address>0x80009fc</run_address>
         <size>0x3c</size>
         <input_file_ref idref="fl-15"/>
      </object_component>
      <object_component id="oc-37f">
         <name>.kernelBSS:uninit</name>
         <load_address>0x8000800</load_address>
         <run_address>0x8000800</run_address>
         <size>0x1fc</size>
         <input_file_ref idref="fl-15"/>
      </object_component>
      <object_component id="oc-529">
         <name>.kernelBSS:uninit</name>
         <load_address>0x8000a38</load_address>
         <run_address>0x8000a38</run_address>
         <size>0x30</size>
         <input_file_ref idref="fl-16"/>
      </object_component>
      <object_component id="oc-526">
         <name>.kernelBSS:init</name>
         <load_address>0x8000a68</load_address>
         <run_address>0x8000a68</run_address>
         <size>0xc</size>
         <input_file_ref idref="fl-16"/>
      </object_component>
      <object_component id="oc-6ab">
         <name>.kernelHEAP</name>
         <uninitialized>true</uninitialized>
         <run_address>0x8001000</run_address>
         <size>0x2000</size>
         <input_file_ref idref="fl-f"/>
      </object_component>
      <object_component id="oc-2d8">
         <name>.bss:g_i2cTransfer_t</name>
         <uninitialized>true</uninitialized>
         <run_address>0x80036f0</run_address>
         <size>0xc</size>
         <input_file_ref idref="fl-a"/>
      </object_component>
      <object_component id="oc-55c">
         <name>.bss:xStart</name>
         <uninitialized>true</uninitialized>
         <run_address>0x8003710</run_address>
         <size>0x8</size>
         <input_file_ref idref="fl-f"/>
      </object_component>
      <object_component id="oc-be">
         <name>.bss:g_sciTransfer_t</name>
         <uninitialized>true</uninitialized>
         <run_address>0x800366c</run_address>
         <size>0x28</size>
         <input_file_ref idref="fl-19"/>
      </object_component>
      <object_component id="oc-317">
         <name>.bss</name>
         <uninitialized>true</uninitialized>
         <run_address>0x8003740</run_address>
         <size>0x2</size>
         <input_file_ref idref="fl-3a"/>
      </object_component>
      <object_component id="oc-3e0">
         <name>.bss:global_realtimeClock</name>
         <uninitialized>true</uninitialized>
         <run_address>0x80036e0</run_address>
         <size>0x10</size>
         <input_file_ref idref="fl-42"/>
      </object_component>
      <object_component id="oc-191">
         <name>.bss:global_ina226D</name>
         <uninitialized>true</uninitialized>
         <run_address>0x8003000</run_address>
         <size>0x26c</size>
         <input_file_ref idref="fl-42"/>
      </object_component>
      <object_component id="oc-1af">
         <name>.bss:global_ina3221D</name>
         <uninitialized>true</uninitialized>
         <run_address>0x800362c</run_address>
         <size>0x40</size>
         <input_file_ref idref="fl-42"/>
      </object_component>
      <object_component id="oc-1b2">
         <name>.bss:global_max6698D</name>
         <uninitialized>true</uninitialized>
         <run_address>0x80036fc</run_address>
         <size>0xc</size>
         <input_file_ref idref="fl-42"/>
      </object_component>
      <object_component id="oc-18b">
         <name>.bss:global_mpptD</name>
         <uninitialized>true</uninitialized>
         <run_address>0x80035cc</run_address>
         <size>0x60</size>
         <input_file_ref idref="fl-42"/>
      </object_component>
      <object_component id="oc-1b8">
         <name>.bss:global_battD</name>
         <uninitialized>true</uninitialized>
         <run_address>0x80036b4</run_address>
         <size>0x18</size>
         <input_file_ref idref="fl-42"/>
      </object_component>
      <object_component id="oc-1b5">
         <name>.bss:global_heaterD</name>
         <uninitialized>true</uninitialized>
         <run_address>0x8003694</run_address>
         <size>0x20</size>
         <input_file_ref idref="fl-42"/>
      </object_component>
      <object_component id="oc-1bb">
         <name>.bss:global_channelD</name>
         <uninitialized>true</uninitialized>
         <run_address>0x800326c</run_address>
         <size>0x240</size>
         <input_file_ref idref="fl-42"/>
      </object_component>
      <object_component id="oc-207">
         <name>.bss</name>
         <uninitialized>true</uninitialized>
         <run_address>0x8003720</run_address>
         <size>0x4</size>
         <input_file_ref idref="fl-42"/>
      </object_component>
      <object_component id="oc-259">
         <name>.bss</name>
         <uninitialized>true</uninitialized>
         <run_address>0x8003708</run_address>
         <size>0x8</size>
         <input_file_ref idref="fl-43"/>
      </object_component>
      <object_component id="oc-25c">
         <name>.bss:cmd1</name>
         <uninitialized>true</uninitialized>
         <run_address>0x80036cc</run_address>
         <size>0x14</size>
         <input_file_ref idref="fl-43"/>
      </object_component>
      <object_component id="oc-761">
         <name>.bss:_CIOBUF_</name>
         <uninitialized>true</uninitialized>
         <run_address>0x80034ac</run_address>
         <size>0x120</size>
         <input_file_ref idref="fl-76"/>
      </object_component>
      <object_component id="oc-185">
         <name>.common:initTask_Handle</name>
         <uninitialized>true</uninitialized>
         <run_address>0x8003730</run_address>
         <size>0x4</size>
      </object_component>
      <object_component id="oc-1c0">
         <name>.common:receiveCMDTask_Handle</name>
         <uninitialized>true</uninitialized>
         <run_address>0x800373c</run_address>
         <size>0x4</size>
      </object_component>
      <object_component id="oc-1be">
         <name>.common:getHKTask_Handle</name>
         <uninitialized>true</uninitialized>
         <run_address>0x8003728</run_address>
         <size>0x4</size>
      </object_component>
      <object_component id="oc-1c7">
         <name>.common:checkActiveTask_Handle</name>
         <uninitialized>true</uninitialized>
         <run_address>0x8003724</run_address>
         <size>0x4</size>
      </object_component>
      <object_component id="oc-1c8">
         <name>.common:heaterCtrlTask_Handle</name>
         <uninitialized>true</uninitialized>
         <run_address>0x800372c</run_address>
         <size>0x4</size>
      </object_component>
      <object_component id="oc-1cf">
         <name>.common:powerConversion_and_battCtrlTask_Handle</name>
         <uninitialized>true</uninitialized>
         <run_address>0x8003738</run_address>
         <size>0x4</size>
      </object_component>
      <object_component id="oc-1bf">
         <name>.common:outputchanCtrlTask_Handle</name>
         <uninitialized>true</uninitialized>
         <run_address>0x8003734</run_address>
         <size>0x4</size>
      </object_component>
      <object_component id="oc-69b">
         <name>.common:parmbuf</name>
         <uninitialized>true</uninitialized>
         <run_address>0x8003718</run_address>
         <size>0x8</size>
      </object_component>
      <object_component id="oc-559">
         <name>.data</name>
         <load_address>0x8003dfc</load_address>
         <run_address>0x8003dfc</run_address>
         <size>0x10</size>
         <input_file_ref idref="fl-f"/>
      </object_component>
      <object_component id="oc-22b">
         <name>.data</name>
         <load_address>0x8003e24</load_address>
         <run_address>0x8003e24</run_address>
         <size>0x8</size>
         <input_file_ref idref="fl-12"/>
      </object_component>
      <object_component id="oc-434">
         <name>.data:binary</name>
         <load_address>0x8003d68</load_address>
         <run_address>0x8003d68</run_address>
         <size>0x20</size>
         <input_file_ref idref="fl-34"/>
      </object_component>
      <object_component id="oc-43b">
         <name>.data:BSW</name>
         <load_address>0x8003ddc</load_address>
         <run_address>0x8003ddc</run_address>
         <size>0x10</size>
         <input_file_ref idref="fl-35"/>
      </object_component>
      <object_component id="oc-43e">
         <name>.data:BSW_num</name>
         <load_address>0x8003dec</load_address>
         <run_address>0x8003dec</run_address>
         <size>0x10</size>
         <input_file_ref idref="fl-35"/>
      </object_component>
      <object_component id="oc-424">
         <name>.data:CH</name>
         <load_address>0x8003cd8</load_address>
         <run_address>0x8003cd8</run_address>
         <size>0x48</size>
         <input_file_ref idref="fl-36"/>
      </object_component>
      <object_component id="oc-427">
         <name>.data:CH_num</name>
         <load_address>0x8003db8</load_address>
         <run_address>0x8003db8</run_address>
         <size>0x12</size>
         <input_file_ref idref="fl-36"/>
      </object_component>
      <object_component id="oc-326">
         <name>.data</name>
         <load_address>0x8003e32</load_address>
         <run_address>0x8003e32</run_address>
         <size>0x1</size>
         <input_file_ref idref="fl-3a"/>
      </object_component>
      <object_component id="oc-42c">
         <name>.data:HEAT</name>
         <load_address>0x8003e1c</load_address>
         <run_address>0x8003e1c</run_address>
         <size>0x8</size>
         <input_file_ref idref="fl-3b"/>
      </object_component>
      <object_component id="oc-42f">
         <name>.data:HEAT_num</name>
         <load_address>0x8003c66</load_address>
         <run_address>0x8003c66</run_address>
         <size>0x2</size>
         <input_file_ref idref="fl-3b"/>
      </object_component>
      <object_component id="oc-1ac">
         <name>.data:INA226_ADDR</name>
         <load_address>0x8003cd5</load_address>
         <run_address>0x8003cd5</run_address>
         <size>0x2</size>
         <input_file_ref idref="fl-42"/>
      </object_component>
      <object_component id="oc-1e2">
         <name>.data:CH</name>
         <load_address>0x8003d20</load_address>
         <run_address>0x8003d20</run_address>
         <size>0x48</size>
         <input_file_ref idref="fl-42"/>
      </object_component>
      <object_component id="oc-1e5">
         <name>.data:CH_num</name>
         <load_address>0x8003dca</load_address>
         <run_address>0x8003dca</run_address>
         <size>0x12</size>
         <input_file_ref idref="fl-42"/>
      </object_component>
      <object_component id="oc-188">
         <name>.data</name>
         <load_address>0x8003c68</load_address>
         <run_address>0x8003c68</run_address>
         <size>0x6d</size>
         <input_file_ref idref="fl-42"/>
      </object_component>
      <object_component id="oc-18e">
         <name>.data:global_RAM_copyD</name>
         <load_address>0x8003744</load_address>
         <run_address>0x8003744</run_address>
         <size>0x200</size>
         <input_file_ref idref="fl-42"/>
      </object_component>
      <object_component id="oc-200">
         <name>.data:global_wdt_counter</name>
         <load_address>0x8003d88</load_address>
         <run_address>0x8003d88</run_address>
         <size>0x18</size>
         <input_file_ref idref="fl-42"/>
      </object_component>
      <object_component id="oc-203">
         <name>.data:global_wdt_timeout_flag</name>
         <load_address>0x8003e2c</load_address>
         <run_address>0x8003e2c</run_address>
         <size>0x6</size>
         <input_file_ref idref="fl-42"/>
      </object_component>
      <object_component id="oc-3e3">
         <name>.data:global_err_msg_buffer</name>
         <load_address>0x8003ad4</load_address>
         <run_address>0x8003ad4</run_address>
         <size>0xca</size>
         <input_file_ref idref="fl-42"/>
      </object_component>
      <object_component id="oc-3e6">
         <name>.data:global_err_msg_timestamp_s_buffer</name>
         <load_address>0x8003944</load_address>
         <run_address>0x8003944</run_address>
         <size>0x190</size>
         <input_file_ref idref="fl-42"/>
      </object_component>
      <object_component id="oc-3e9">
         <name>.data:global_err_msg_timestamp_ms_buffer</name>
         <load_address>0x8003b9e</load_address>
         <run_address>0x8003b9e</run_address>
         <size>0xc8</size>
         <input_file_ref idref="fl-42"/>
      </object_component>
      <object_component id="oc-206">
         <name>.data:preTick$1</name>
         <load_address>0x8003da0</load_address>
         <run_address>0x8003da0</run_address>
         <size>0x18</size>
         <input_file_ref idref="fl-42"/>
      </object_component>
      <object_component id="oc-724">
         <name>.data</name>
         <load_address>0x8003e14</load_address>
         <run_address>0x8003e14</run_address>
         <size>0x8</size>
         <input_file_ref idref="fl-4f"/>
      </object_component>
      <object_component id="oc-642">
         <name>.data</name>
         <load_address>0x8003cd7</load_address>
         <run_address>0x8003cd7</run_address>
         <size>0x1</size>
         <input_file_ref idref="fl-50"/>
      </object_component>
      <object_component id="oc-461">
         <name>.data:$O1$$</name>
         <load_address>0x8003e0c</load_address>
         <run_address>0x8003e0c</run_address>
         <size>0x8</size>
         <input_file_ref idref="fl-66"/>
      </object_component>
      <object_component id="oc-704">
         <name>.data</name>
         <load_address>0x8003e34</load_address>
         <run_address>0x8003e34</run_address>
         <size>0x4</size>
         <input_file_ref idref="fl-74"/>
      </object_component>
      <object_component id="oc-320">
         <name>FEE_TEXT_SECTION</name>
         <load_address>0x265d0</load_address>
         <run_address>0x265d0</run_address>
         <size>0x7a8</size>
         <input_file_ref idref="fl-2e"/>
      </object_component>
      <object_component id="oc-4d7">
         <name>FEE_CONST_SECTION</name>
         <load_address>0x26d78</load_address>
         <run_address>0x26d78</run_address>
         <size>0x84</size>
         <input_file_ref idref="fl-2"/>
      </object_component>
      <object_component id="oc-4da">
         <name>FEE_CONST_SECTION</name>
         <load_address>0x26dfc</load_address>
         <run_address>0x26dfc</run_address>
         <size>0x6c</size>
         <input_file_ref idref="fl-28"/>
      </object_component>
      <object_component id="oc-4d4">
         <name>FEE_DATA_SECTION</name>
         <load_address>0x8003e38</load_address>
         <run_address>0x8003e38</run_address>
         <size>0x101</size>
         <input_file_ref idref="fl-2b"/>
      </object_component>
      <object_component id="oc-4f6">
         <name>FEE_DATA_SECTION</name>
         <load_address>0x8003f39</load_address>
         <run_address>0x8003f39</run_address>
         <size>0x1</size>
         <input_file_ref idref="fl-2d"/>
      </object_component>
      <object_component id="oc-50c">
         <name>FEE_DATA_SECTION:uninit</name>
         <load_address>0x8003f3c</load_address>
         <run_address>0x8003f3c</run_address>
         <size>0x2e</size>
         <input_file_ref idref="fl-31"/>
      </object_component>
      <object_component id="oc-50b">
         <name>FEE_DATA_SECTION:init</name>
         <load_address>0x8003f6c</load_address>
         <run_address>0x8003f6c</run_address>
         <size>0x9</size>
         <input_file_ref idref="fl-31"/>
      </object_component>
      <object_component id="oc-472">
         <name>.debug_info</name>
         <load_address>0x0</load_address>
         <run_address>0x0</run_address>
         <size>0x1fc</size>
         <input_file_ref idref="fl-2"/>
      </object_component>
      <object_component id="oc-4d8">
         <name>.debug_info</name>
         <load_address>0x1fc</load_address>
         <run_address>0x1fc</run_address>
         <size>0x10c</size>
         <input_file_ref idref="fl-2"/>
      </object_component>
      <object_component id="oc-3b3">
         <name>.debug_info</name>
         <load_address>0x308</load_address>
         <run_address>0x308</run_address>
         <size>0xe57</size>
         <input_file_ref idref="fl-2"/>
      </object_component>
      <object_component id="oc-3b8">
         <name>.debug_info</name>
         <load_address>0x115f</load_address>
         <run_address>0x115f</run_address>
         <size>0x225</size>
         <input_file_ref idref="fl-2"/>
      </object_component>
      <object_component id="oc-3c2">
         <name>.debug_info</name>
         <load_address>0x1384</load_address>
         <run_address>0x1384</run_address>
         <size>0x26d5</size>
         <input_file_ref idref="fl-2"/>
      </object_component>
      <object_component id="oc-231">
         <name>.debug_info</name>
         <load_address>0x3a59</load_address>
         <run_address>0x3a59</run_address>
         <size>0x26b</size>
         <input_file_ref idref="fl-2"/>
      </object_component>
      <object_component id="oc-aa">
         <name>.debug_info</name>
         <load_address>0x3cc4</load_address>
         <run_address>0x3cc4</run_address>
         <size>0x157</size>
         <input_file_ref idref="fl-2"/>
      </object_component>
      <object_component id="oc-672">
         <name>.debug_info</name>
         <load_address>0x3e1b</load_address>
         <run_address>0x3e1b</run_address>
         <size>0x46</size>
         <input_file_ref idref="fl-2"/>
      </object_component>
      <object_component id="oc-d0">
         <name>.debug_info</name>
         <load_address>0x3e61</load_address>
         <run_address>0x3e61</run_address>
         <size>0x8b</size>
         <input_file_ref idref="fl-2"/>
      </object_component>
      <object_component id="oc-457">
         <name>.debug_info</name>
         <load_address>0x3eec</load_address>
         <run_address>0x3eec</run_address>
         <size>0x2a4</size>
         <input_file_ref idref="fl-2"/>
      </object_component>
      <object_component id="oc-20b">
         <name>.debug_info</name>
         <load_address>0x4190</load_address>
         <run_address>0x4190</run_address>
         <size>0xbb</size>
         <input_file_ref idref="fl-2"/>
      </object_component>
      <object_component id="oc-7ac">
         <name>.debug_info</name>
         <load_address>0x424b</load_address>
         <run_address>0x424b</run_address>
         <size>0x188</size>
         <input_file_ref idref="fl-3"/>
      </object_component>
      <object_component id="oc-5a">
         <name>.debug_info</name>
         <load_address>0x43d3</load_address>
         <run_address>0x43d3</run_address>
         <size>0x84</size>
         <input_file_ref idref="fl-3"/>
      </object_component>
      <object_component id="oc-265">
         <name>.debug_info</name>
         <load_address>0x4457</load_address>
         <run_address>0x4457</run_address>
         <size>0x33e</size>
         <input_file_ref idref="fl-4"/>
      </object_component>
      <object_component id="oc-2de">
         <name>.debug_info</name>
         <load_address>0x4795</load_address>
         <run_address>0x4795</run_address>
         <size>0x115</size>
         <input_file_ref idref="fl-4"/>
      </object_component>
      <object_component id="oc-158">
         <name>.debug_info</name>
         <load_address>0x48aa</load_address>
         <run_address>0x48aa</run_address>
         <size>0x13d3</size>
         <input_file_ref idref="fl-4"/>
      </object_component>
      <object_component id="oc-cb">
         <name>.debug_info</name>
[...]
      </symbol>
      <symbol id="sm-146e">
         <name>INA226_ConvToVoltage_mV</name>
         <value>0x1e480</value>
         <object_component_ref idref="oc-194"/>
      </symbol>
      <symbol id="sm-146f">
         <name>INA226_Init_withReturn</name>
         <value>0x1dfd0</value>
         <object_component_ref idref="oc-194"/>
      </symbol>
      <symbol id="sm-1470">
         <name>INA226_ReadCurrent_Raw</name>
         <value>0x1e35c</value>
         <object_component_ref idref="oc-194"/>
      </symbol>
      <symbol id="sm-1471">
         <name>INA226_Init</name>
         <value>0x1de8c</value>
         <object_component_ref idref="oc-194"/>
      </symbol>
      <symbol id="sm-1472">
         <name>INA226_ReceiveData</name>
         <value>0x1dcd4</value>
         <object_component_ref idref="oc-194"/>
      </symbol>
      <symbol id="sm-1490">
         <name>enter_snooze</name>
         <value>0x22930</value>
         <object_component_ref idref="oc-1fa"/>
      </symbol>
      <symbol id="sm-1491">
         <name>post_wakeup</name>
         <value>0x22a18</value>
         <object_component_ref idref="oc-1fa"/>
      </symbol>
      <symbol id="sm-1492">
         <name>enter_doze</name>
         <value>0x22848</value>
         <object_component_ref idref="oc-1fa"/>
      </symbol>
      <symbol id="sm-150d">
         <name>MAX6698_Init</name>
         <value>0x175d0</value>
         <object_component_ref idref="oc-1a6"/>
      </symbol>
      <symbol id="sm-150e">
         <name>MAX6698_ReadTemp_Raw</name>
         <value>0x17680</value>
         <object_component_ref idref="oc-1a6"/>
      </symbol>
      <symbol id="sm-150f">
         <name>MAX6698_SendData</name>
         <value>0x173a8</value>
         <object_component_ref idref="oc-1a6"/>
      </symbol>
      <symbol id="sm-1510">
         <name>MAX6698_ConvertTemp_C</name>
         <value>0x17714</value>
         <object_component_ref idref="oc-1a6"/>
      </symbol>
      <symbol id="sm-1511">
         <name>MAX6698_ReceiveData</name>
         <value>0x17488</value>
         <object_component_ref idref="oc-1a6"/>
      </symbol>
      <symbol id="sm-1530">
         <name>mppt_reset_dac_if_no_power</name>
         <value>0x21fe0</value>
         <object_component_ref idref="oc-1d6"/>
      </symbol>
      <symbol id="sm-1531">
         <name>mppt_getPower</name>
         <value>0x21e04</value>
         <object_component_ref idref="oc-1d6"/>
      </symbol>
      <symbol id="sm-1532">
         <name>mppt_hunts</name>
         <value>0x21d64</value>
         <object_component_ref idref="oc-1d6"/>
      </symbol>
      <symbol id="sm-1533">
         <name>mppt_getPower_ina226</name>
         <value>0x21e34</value>
         <object_component_ref idref="oc-1d6"/>
      </symbol>
      <symbol id="sm-1534">
         <name>mppt_pno_fb</name>
         <value>0x21e64</value>
         <object_component_ref idref="oc-1d6"/>
      </symbol>
      <symbol id="sm-1555">
         <name>getrunTime_sec</name>
         <value>0x23c70</value>
         <object_component_ref idref="oc-179"/>
      </symbol>
      <symbol id="sm-1556">
         <name>getcurrTime_ms</name>
         <value>0x23bec</value>
         <object_component_ref idref="oc-179"/>
      </symbol>
      <symbol id="sm-1557">
         <name>getcurrTime_sec</name>
         <value>0x23b48</value>
         <object_component_ref idref="oc-179"/>
      </symbol>
      <symbol id="sm-1558">
         <name>resetRTC_debug</name>
         <value>0x23b00</value>
         <object_component_ref idref="oc-179"/>
      </symbol>
      <symbol id="sm-1559">
         <name>resetRTC</name>
         <value>0x23b34</value>
         <object_component_ref idref="oc-179"/>
      </symbol>
      <symbol id="sm-172c">
         <name>initTask_Handle</name>
         <value>0x8003730</value>
      </symbol>
      <symbol id="sm-172d">
         <name>receiveCMDTask_Handle</name>
         <value>0x800373c</value>
      </symbol>
      <symbol id="sm-172e">
         <name>getHKTask_Handle</name>
         <value>0x8003728</value>
      </symbol>
      <symbol id="sm-172f">
         <name>checkActiveTask_Handle</name>
         <value>0x8003724</value>
      </symbol>
      <symbol id="sm-1730">
         <name>heaterCtrlTask_Handle</name>
         <value>0x800372c</value>
      </symbol>
      <symbol id="sm-1731">
         <name>powerConversion_and_battCtrlTask_Handle</name>
         <value>0x8003738</value>
      </symbol>
      <symbol id="sm-1732">
         <name>outputchanCtrlTask_Handle</name>
         <value>0x8003734</value>
      </symbol>
      <symbol id="sm-1733">
         <name>init_task</name>
         <value>0x12b0c</value>
         <object_component_ref idref="oc-9b"/>
      </symbol>
      <symbol id="sm-1734">
         <name>powerConversion_and_battCtrl_task</name>
         <value>0x144ec</value>
         <object_component_ref idref="oc-9b"/>
      </symbol>
      <symbol id="sm-1735">
         <name>outputchanCtrl_task</name>
         <value>0x14278</value>
         <object_component_ref idref="oc-9b"/>
      </symbol>
      <symbol id="sm-1736">
         <name>rtiNotification</name>
         <value>0x14960</value>
         <object_component_ref idref="oc-9b"/>
      </symbol>
      <symbol id="sm-1737">
         <name>vApplicationIdleHook</name>
         <value>0x1495c</value>
         <object_component_ref idref="oc-9b"/>
      </symbol>
      <symbol id="sm-1738">
         <name>receiveCMD_task</name>
         <value>0x14744</value>
         <object_component_ref idref="oc-9b"/>
      </symbol>
      <symbol id="sm-1739">
         <name>check_other_tasks_activity_task</name>
         <value>0x13e68</value>
         <object_component_ref idref="oc-9b"/>
      </symbol>
      <symbol id="sm-173a">
         <name>main</name>
         <value>0x12a10</value>
         <object_component_ref idref="oc-9b"/>
      </symbol>
      <symbol id="sm-173b">
         <name>RTOS_AppGetRuntimeCounterValueFromISR</name>
         <value>0x149a8</value>
         <object_component_ref idref="oc-9b"/>
      </symbol>
      <symbol id="sm-173c">
         <name>heaterCtrl_task</name>
         <value>0x14400</value>
         <object_component_ref idref="oc-9b"/>
      </symbol>
      <symbol id="sm-173d">
         <name>getHK_task</name>
         <value>0x13718</value>
         <object_component_ref idref="oc-9b"/>
      </symbol>
      <symbol id="sm-173e">
         <name>RTOS_AppConfigureTimerForRuntimeStats</name>
         <value>0x14998</value>
         <object_component_ref idref="oc-9b"/>
      </symbol>
      <symbol id="sm-176a">
         <name>sciNotification</name>
         <value>0x23fd0</value>
         <object_component_ref idref="oc-b8"/>
      </symbol>
      <symbol id="sm-176b">
         <name>uart_tx</name>
         <value>0x23ed8</value>
         <object_component_ref idref="oc-b8"/>
      </symbol>
      <symbol id="sm-1793">
         <name>Fapi_issueAsyncCommand</name>
         <value>0x2597d</value>
         <object_component_ref idref="oc-4ff"/>
      </symbol>
      <symbol id="sm-17a4">
         <name>Fapi_issueAsyncCommandWithAddress</name>
         <value>0x258f1</value>
         <object_component_ref idref="oc-505"/>
      </symbol>
      <symbol id="sm-17b5">
         <name>Fapi_doBlankCheck</name>
         <value>0x25139</value>
         <object_component_ref idref="oc-4f9"/>
      </symbol>
      <symbol id="sm-17d5">
         <name>_Fapi_EnableSectors</name>
         <value>0x25705</value>
         <object_component_ref idref="oc-64b"/>
      </symbol>
      <symbol id="sm-17d6">
         <name>Fapi_enableEepromBankSectors</name>
         <value>0x251cd</value>
         <object_component_ref idref="oc-4e9"/>
      </symbol>
      <symbol id="sm-17f9">
         <name>Fapi_initializeFlashBanks</name>
         <value>0x2321d</value>
         <object_component_ref idref="oc-4dd"/>
      </symbol>
      <symbol id="sm-1808">
         <name>_Fapi_issueFsmCommand</name>
         <value>0x2580d</value>
         <object_component_ref idref="oc-666"/>
      </symbol>
      <symbol id="sm-1825">
         <name>_scaleMainFclk</name>
         <value>0x25ab9</value>
         <object_component_ref idref="oc-62a"/>
      </symbol>
      <symbol id="sm-1826">
         <name>_scaleEEFclk</name>
         <value>0x25aa9</value>
         <object_component_ref idref="oc-630"/>
      </symbol>
      <symbol id="sm-1840">
         <name>Fapi_setActiveFlashBank</name>
         <value>0x24245</value>
         <object_component_ref idref="oc-4e3"/>
      </symbol>
      <symbol id="sm-184d">
         <name>Fapi_flushPipeline</name>
         <value>0x259cd</value>
         <object_component_ref idref="oc-658"/>
      </symbol>
      <symbol id="sm-185e">
         <name>_Fapi_loopRegionForValue</name>
         <value>0x25421</value>
         <object_component_ref idref="oc-65e"/>
      </symbol>
      <symbol id="sm-186c">
         <name>_Fapi_checkWdService</name>
         <value>0x25ae5</value>
         <object_component_ref idref="oc-74c"/>
      </symbol>
      <symbol id="sm-187b">
         <name>Fapi_calculateFletcherChecksum</name>
         <value>0x25885</value>
         <object_component_ref idref="oc-61e"/>
      </symbol>
      <symbol id="sm-188b">
         <name>Fapi_waitDelay</name>
         <value>0x25921</value>
         <object_component_ref idref="oc-73e"/>
      </symbol>
      <symbol id="sm-189a">
         <name>Fapi_getNumberOfBankSectors</name>
         <value>0x25a99</value>
         <object_component_ref idref="oc-645"/>
      </symbol>
      <symbol id="sm-18a9">
         <name>_Fapi_readDword</name>
         <value>0x25951</value>
         <object_component_ref idref="oc-746"/>
      </symbol>
      <symbol id="sm-18be">
         <name>Fapi_isAddressEcc</name>
         <value>0x2557d</value>
         <object_component_ref idref="oc-7a3"/>
      </symbol>
      <symbol id="sm-18e5">
         <name>sprintf</name>
         <value>0x257cd</value>
         <object_component_ref idref="oc-19a"/>
      </symbol>
      <symbol id="sm-190b">
         <name>floorl</name>
         <value>0x24c99</value>
         <object_component_ref idref="oc-2cf"/>
      </symbol>
      <symbol id="sm-190c">
         <name>floor</name>
         <value>0x24c99</value>
         <object_component_ref idref="oc-2cf"/>
      </symbol>
      <symbol id="sm-1927">
         <name>memcpy</name>
         <value>0x2509b</value>
         <object_component_ref idref="oc-5f"/>
      </symbol>
      <symbol id="sm-1928">
         <name>__aeabi_memcpy</name>
         <value>0x2509b</value>
         <object_component_ref idref="oc-5f"/>
      </symbol>
      <symbol id="sm-1929">
         <name>__aeabi_memcpy8</name>
         <value>0x2509b</value>
         <object_component_ref idref="oc-5f"/>
      </symbol>
      <symbol id="sm-192a">
         <name>__aeabi_memcpy4</name>
         <value>0x2509b</value>
         <object_component_ref idref="oc-5f"/>
      </symbol>
      <symbol id="sm-1936">
         <name>__aeabi_idivmod</name>
         <value>0x25528</value>
         <object_component_ref idref="oc-35e"/>
      </symbol>
      <symbol id="sm-1937">
         <name>__aeabi_idiv</name>
         <value>0x25528</value>
         <object_component_ref idref="oc-35e"/>
      </symbol>
      <symbol id="sm-1943">
         <name>__aeabi_uidivmod</name>
         <value>0x2566c</value>
         <object_component_ref idref="oc-2ed"/>
      </symbol>
      <symbol id="sm-1944">
         <name>__aeabi_uidiv</name>
         <value>0x2566c</value>
         <object_component_ref idref="oc-2ed"/>
      </symbol>
      <symbol id="sm-1960">
         <name>__aeabi_uldivmod</name>
         <value>0x22308</value>
         <object_component_ref idref="oc-41f"/>
      </symbol>
      <symbol id="sm-196f">
         <name>__aeabi_memset</name>
         <value>0x252c9</value>
         <object_component_ref idref="oc-ef"/>
      </symbol>
      <symbol id="sm-1970">
         <name>memset</name>
         <value>0x252cf</value>
         <object_component_ref idref="oc-ef"/>
      </symbol>
      <symbol id="sm-1971">
         <name>__aeabi_memset8</name>
         <value>0x252c9</value>
         <object_component_ref idref="oc-ef"/>
      </symbol>
      <symbol id="sm-1972">
         <name>__aeabi_memset4</name>
         <value>0x252c9</value>
         <object_component_ref idref="oc-ef"/>
      </symbol>
      <symbol id="sm-1973">
         <name>__aeabi_memclr8</name>
         <value>0x252c7</value>
         <object_component_ref idref="oc-ef"/>
      </symbol>
      <symbol id="sm-1974">
         <name>__aeabi_memclr4</name>
         <value>0x252c7</value>
         <object_component_ref idref="oc-ef"/>
      </symbol>
      <symbol id="sm-1975">
         <name>__aeabi_memclr</name>
         <value>0x252c7</value>
         <object_component_ref idref="oc-ef"/>
      </symbol>
      <symbol id="sm-199d">
         <name>__TI_auto_init_nobinit_nopinit</name>
         <value>0x25749</value>
         <object_component_ref idref="oc-113"/>
      </symbol>
      <symbol id="sm-19b0">
         <name>__TI_zero_init</name>
         <value>0x25af1</value>
         <object_component_ref idref="oc-71"/>
      </symbol>
      <symbol id="sm-19c7">
         <name>__TI_decompress_none</name>
         <value>0x25ad7</value>
         <object_component_ref idref="oc-1b"/>
      </symbol>
      <symbol id="sm-19ea">
         <name>__TI_decompress_lzss</name>
         <value>0x253b5</value>
         <object_component_ref idref="oc-15"/>
      </symbol>
      <symbol id="sm-19f5">
         <name>C$$EXIT</name>
         <value>0x25b19</value>
         <object_component_ref idref="oc-215"/>
      </symbol>
      <symbol id="sm-19f6">
         <name>abort</name>
         <value>0x25b19</value>
         <object_component_ref idref="oc-215"/>
      </symbol>
      <symbol id="sm-1a0b">
         <name>_nop</name>
         <value>0x1c697</value>
         <object_component_ref idref="oc-5ee"/>
      </symbol>
      <symbol id="sm-1a0c">
         <name>_lock</name>
         <value>0x8003e0c</value>
         <object_component_ref idref="oc-461"/>
      </symbol>
      <symbol id="sm-1a0d">
         <name>_unlock</name>
         <value>0x8003e10</value>
         <object_component_ref idref="oc-461"/>
      </symbol>
      <symbol id="sm-1a22">
         <name>atoi</name>
         <value>0x2561d</value>
         <object_component_ref idref="oc-1f4"/>
      </symbol>
      <symbol id="sm-1a2d">
         <name>_ctypes_</name>
         <value>0x2646c</value>
         <object_component_ref idref="oc-44b"/>
      </symbol>
      <symbol id="sm-1a3c">
         <name>strcmp</name>
         <value>0x25a43</value>
         <object_component_ref idref="oc-1e8"/>
      </symbol>
      <symbol id="sm-1a4a">
         <name>strlen</name>
         <value>0x25a71</value>
         <object_component_ref idref="oc-1a0"/>
      </symbol>
      <symbol id="sm-1a62">
         <name>__time32</name>
         <value>0x25ac9</value>
         <object_component_ref idref="oc-365"/>
      </symbol>
      <symbol id="sm-1a63">
         <name>time</name>
         <value>0x25ac9</value>
         <object_component_ref idref="oc-365"/>
      </symbol>
      <symbol id="sm-1bba">
         <name>__TI_printfi</name>
         <value>0x1bc49</value>
         <object_component_ref idref="oc-3f6"/>
      </symbol>
      <symbol id="sm-1bd8">
         <name>frexpl</name>
         <value>0x25341</value>
         <object_component_ref idref="oc-6e8"/>
      </symbol>
      <symbol id="sm-1bd9">
         <name>frexp</name>
         <value>0x25341</value>
         <object_component_ref idref="oc-6e8"/>
      </symbol>
      <symbol id="sm-1bf6">
         <name>scalbn</name>
         <value>0x24ac1</value>
         <object_component_ref idref="oc-6ee"/>
      </symbol>
      <symbol id="sm-1bf7">
         <name>scalbnl</name>
         <value>0x24ac1</value>
         <object_component_ref idref="oc-6ee"/>
      </symbol>
      <symbol id="sm-1bf8">
         <name>ldexpl</name>
         <value>0x24ac1</value>
         <object_component_ref idref="oc-6ee"/>
      </symbol>
      <symbol id="sm-1bf9">
         <name>ldexp</name>
         <value>0x24ac1</value>
         <object_component_ref idref="oc-6ee"/>
      </symbol>
      <symbol id="sm-1c12">
         <name>wcslen</name>
         <value>0x25a87</value>
         <object_component_ref idref="oc-5a3"/>
      </symbol>
      <symbol id="sm-1c1c">
         <name>__aeabi_idiv0</name>
         <value>0x25137</value>
         <object_component_ref idref="oc-4c4"/>
      </symbol>
      <symbol id="sm-1c1d">
         <name>__aeabi_ldiv0</name>
         <value>0x25137</value>
         <object_component_ref idref="oc-4c4"/>
      </symbol>
      <symbol id="sm-1c2c">
         <name>__TI_ltoa</name>
         <value>0x2547f</value>
         <object_component_ref idref="oc-6c7"/>
      </symbol>
      <symbol id="sm-1c3c">
         <name>memccpy</name>
         <value>0x259a7</value>
         <object_component_ref idref="oc-59d"/>
      </symbol>
      <symbol id="sm-1c4c">
         <name>strchr</name>
         <value>0x25a5b</value>
         <object_component_ref idref="oc-6f4"/>
      </symbol>
      <symbol id="sm-1c62">
         <name>__aeabi_errno_addr</name>
         <value>0x25b11</value>
         <object_component_ref idref="oc-5a9"/>
      </symbol>
      <symbol id="sm-1c63">
         <name>errno</name>
         <value>0x8003e34</value>
         <object_component_ref idref="oc-704"/>
      </symbol>
      <symbol id="sm-1c7b">
         <name>HOSTtime</name>
         <value>0x256bd</value>
         <object_component_ref idref="oc-53a"/>
      </symbol>
      <symbol id="sm-1c9f">
         <name>__TI_readmsg</name>
         <value>0x258bd</value>
         <object_component_ref idref="oc-695"/>
      </symbol>
      <symbol id="sm-1ca0">
         <name>C$$IO$$</name>
         <value>0x2587b</value>
         <object_component_ref idref="oc-68f"/>
      </symbol>
      <symbol id="sm-1ca1">
         <name>__CIOBUF_</name>
         <value>0x80034ac</value>
         <object_component_ref idref="oc-761"/>
      </symbol>
      <symbol id="sm-1ca2">
         <name>__TI_writemsg</name>
         <value>0x25849</value>
         <object_component_ref idref="oc-68f"/>
      </symbol>
      <symbol id="sm-1cac">
         <name>copysign</name>
         <value>0x259ef</value>
         <object_component_ref idref="oc-77d"/>
      </symbol>
      <symbol id="sm-1cad">
         <name>copysignl</name>
         <value>0x259ef</value>
         <object_component_ref idref="oc-77d"/>
      </symbol>
      <symbol id="sm-1cb3">
         <name>parmbuf</name>
         <value>0x8003718</value>
      </symbol>
      <symbol id="sm-1cb4">
         <name>__TI_static_base__</name>
         <value>0x0</value>
      </symbol>
      <symbol id="sm-1cbb">
         <name>SHT$$INIT_ARRAY$$Base</name>
         <value>0x0</value>
      </symbol>
      <symbol id="sm-1cbc">
         <name>SHT$$INIT_ARRAY$$Limit</name>
         <value>0x0</value>
      </symbol>
      <symbol id="sm-1cbd">
         <name>_system_post_cinit</name>
         <value>0x0</value>
      </symbol>
   </symbol_table>
   <title>Link successful</title>
</link_info>
