******************************************************************************
                  TI ARM Linker PC v20.2.5                     
******************************************************************************
>> Linked Mon Nov 21 23:21:34 2022

OUTPUT FILE NAME:   <TMS570_Final_Test.out>
ENTRY POINT SYMBOL: "_c_int00"  address: 000221a4


MEMORY CONFIGURATION

         name            origin    length      used     unused   attr    fill
----------------------  --------  ---------  --------  --------  ----  --------
  VECTORS               00000000   00000020  00000020  00000000     X
  KERNEL                00000020   00008000  00005ea8  00002158  R  X
  FLASH0                00008020   00137fe0  0001e4dc  00119b04  R  X
  STACKS                08000000   00000800  00000000  00000800  RW  
  KRAM                  08000800   00000800  0000026c  00000594  RW  
  RAM                   08001000   0002f000  00002e3c  0002c1c4  RW  


SEGMENT ALLOCATION MAP

run origin  load origin   length   init length attrs members
----------  ----------- ---------- ----------- ----- -------
00000000    00000000    00005ec8   00005ec8    r-x
  00000000    00000000    00000020   00000020    r-x .intvecs
  00000020    00000020    00005d60   00005d60    r-x .kernelTEXT
  00005d80    00005d80    00000148   00000148    r-- .cinit
00008020    00008020    0001e4dc   0001e4dc    r-x
  00008020    00008020    0001d1a0   0001d1a0    r-x .text
  000251c0    000251c0    00000aa4   00000aa4    r-- .const
  00025c64    00025c64    000007a8   000007a8    r-x FEE_TEXT_SECTION
  0002640c    0002640c    000000f0   000000f0    r-- FEE_CONST_SECTION
08000800    08000800    0000026c   00000000    rw-
  08000800    08000800    0000026c   00000000    rw- .kernelBSS
08001000    08001000    00002e41   00000000    rw-
  08001000    08001000    00002000   00000000    rw- .kernelHEAP
  08003000    08003000    000006e9   00000000    rw- .data
  080036ec    080036ec    00000616   00000000    rw- .bss
  08003d04    08003d04    0000013d   00000000    rw- FEE_DATA_SECTION


SECTION ALLOCATION MAP

 output                                  attributes/
section   page    origin      length       input sections
--------  ----  ----------  ----------   ----------------
.intvecs   0    00000000    00000020     
                  00000000    00000020     sys_intvecs.obj (.intvecs)

.kernelTEXT 
*          0    00000020    00005d60     
                  00000020    00002c28     os_tasks.obj (.kernelTEXT)
                  00002c48    00001264     os_queue.obj (.kernelTEXT)
                  00003eac    00000ab0     os_timer.obj (.kernelTEXT)
                  0000495c    00000818     os_event_groups.obj (.kernelTEXT)
                  00005174    000004b0     os_portasm.obj (.kernelTEXT)
                  00005624    000003e0     os_port.obj (.kernelTEXT)
                  00005a04    0000037c     os_heap.obj (.kernelTEXT)

.cinit     0    00005d80    00000148     
                  00005d80    000000ef     (.cinit..data.load) [load image, compression = lzss]
                  00005e6f    00000001     --HOLE-- [fill = 0]
                  00005e70    0000000c     (__TI_handler_table)
                  00005e7c    00000009     (.cinit..kernelBSS.load) [load image, compression = lzss]
                  00005e85    00000009     (.cinit.FEE_DATA_SECTION.load) [load image, compression = lzss]
                  00005e8e    00000002     --HOLE-- [fill = 0]
                  00005e90    00000008     (.cinit..bss.load) [load image, compression = zero_init]
                  00005e98    00000008     (.cinit..kernelHEAP.load) [load image, compression = zero_init]
                  00005ea0    00000028     (__TI_cinit_table)

.text      0    00008020    0001d1a0     
                  00008020    000057d0     ti_fee_util.obj (.text)
                  0000d7f0    00002cdc     sys_selftest.obj (.text)
                  000104cc    00002664     fee_function.obj (.text)
                  00012b30    00001f8c     sys_main.obj (.text)
                  00014abc    00001768     ti_fee_ini.obj (.text)
                  00016224    000010e0     ti_fee_main.obj (.text)
                  00017304    0000109c     max6698.obj (.text)
                  000183a0    00000bd4     het.obj (.text)
                  00018f74    00000bbc     os_mpu_wrappers.obj (.text)
                  00019b30    00000b64     system.obj (.text)
                  0001a694    00000a58     sys_vim.obj (.text)
                  0001b0ec    00000a4e     rtsv7R4_T_be_v3D16_eabi.lib : _printfi.c.obj (.text:__TI_printfi)
                  0001bb3a    00000002                                 : div0.asm.obj (.text)
                  0001bb3c    00000a48     can.obj (.text)
                  0001c584    00000a20     mibspi.obj (.text)
                  0001cfa4    000008d8     i2c.obj (.text)
                  0001d87c    000008bc     pinmux.obj (.text)
                  0001e138    00000804     channel.obj (.text)
                  0001e93c    000007b8     sci.obj (.text)
                  0001f0f4    00000738     ina226.obj (.text)
                  0001f82c    00000690     cmd_interface.obj (.text)
                  0001febc    00000664     errata_SSWF021_45.obj (.text)
                  00020520    000005c4     ina3221.obj (.text)
                  00020ae4    000005bc     esm.obj (.text)
                  000210a0    00000484     gio.obj (.text)
                  00021524    000003b0     battery.obj (.text)
                  000218d4    0000034c     sys_core.obj (.text)
                  00021c20    000002cc     sys_vim.obj (.text:retain)
                  00021eec    000002b8     rtsv7R4_T_be_v3D16_eabi.lib : ull_div32.asm.obj (.text)
                  000221a4    00000288     sys_startup.obj (.text:retain)
                  0002242c    00000278     os_heap.obj (.text)
                  000226a4    00000270     ad5324.obj (.text)
                  00022914    00000260     F021_API_CortexR4_BE_V3D16.lib : FlashStateMachine.InitializeFlashBanks.obj (.text:Fapi_initializeFlashBanks)
                  00022b74    0000025c     heater.obj (.text)
                  00022dd0    00000248     rtsv7R4_T_be_v3D16_eabi.lib : _printfi.c.obj (.text:_pconv_a)
                  00023018    00000238     os_list.obj (.text)
                  00023250    00000204     sci.obj (.text:retain)
                  00023454    000001cc     uart_cmd.obj (.text)
                  00023620    000001b0     os_port.obj (.text)
                  000237d0    000001a0     rtsv7R4_T_be_v3D16_eabi.lib : _printfi.c.obj (.text:_pconv_g)
                  00023970    0000017c     F021_API_CortexR4_BE_V3D16.lib : FlashStateMachine.SetActiveBank.obj (.text:Fapi_setActiveFlashBank)
                  00023aec    0000015c     os_tasks.obj (.text)
                  00023c48    0000014c     notification.obj (.text)
                  00023d94    00000144     error_message.obj (.text)
                  00023ed8    00000114     esm.obj (.text:retain)
                  00023fec    00000104     rtsv7R4_T_be_v3D16_eabi.lib : _printfi.c.obj (.text:_pconv_e)
                  000240f0    000000fc                                 : _printfi.c.obj (.text:fcvt)
                  000241ec    000000f0                                 : s_scalbn.c.obj (.text:scalbn)
                  000242dc    000000e8     dabort.obj (.text)
                  000243c4    000000e0     rtsv7R4_T_be_v3D16_eabi.lib : s_floor.c.obj (.text:floor)
                  000244a4    000000e0     sys_pmu.obj (.text)
                  00024584    000000b8     custom_crc.obj (.text)
                  0002463c    000000ad     rtsv7R4_T_be_v3D16_eabi.lib : _printfi.c.obj (.text:_ltostr)
                  000246e9    00000001     --HOLE-- [fill = 0]
                  000246ea    0000009c                                 : memcpy_t2.asm.obj (.text)
                  00024786    00000002     --HOLE-- [fill = 0]
                  00024788    00000094     F021_API_CortexR4_BE_V3D16.lib : BlankCheck.obj (.text:Fapi_doBlankCheck)
                  0002481c    00000094     rti.obj (.text:retain)
                  000248b0    00000080     F021_API_CortexR4_BE_V3D16.lib : FlashStateMachine.EnableEepromSectors.obj (.text:Fapi_enableEepromBankSectors)
                  00024930    0000007a     rtsv7R4_T_be_v3D16_eabi.lib : _printfi.c.obj (.text:_mcpy)
                  000249aa    0000007a                                 : memset_t2.asm.obj (.text)
                  00024a24    00000078     realtimeClock.obj (.text)
                  00024a9c    00000074     rtsv7R4_T_be_v3D16_eabi.lib : s_frexp.c.obj (.text:frexp)
                  00024b10    0000006c                                 : copy_decompress_lzss.c.obj (.text:decompress:lzss:__TI_decompress_lzss)
                  00024b7c    0000005e     F021_API_CortexR4_BE_V3D16.lib : Read.LoopDword.obj (.text:_Fapi_loopRegionForValue)
                  00024bda    00000054     rtsv7R4_T_be_v3D16_eabi.lib : _ltoa.c.obj (.text:__TI_ltoa)
                  00024c2e    00000054                                 : _printfi.c.obj (.text:_ecpy)
                  00024c82    00000002     --HOLE-- [fill = 0]
                  00024c84    00000054                                 : i_div32.asm.obj (.text)
                  00024cd8    00000050     F021_API_CortexR4_BE_V3D16.lib : FlashStateMachine.Hercules.IsEccAddress.obj (.text:Fapi_isAddressEcc)
                  00024d28    00000050     rtsv7R4_T_be_v3D16_eabi.lib : _printfi.c.obj (.text:_pconv_f)
                  00024d78    00000050                                 : atoi.c.obj (.text:atoi)
                  00024dc8    00000050                                 : u_div32.asm.obj (.text)
                  00024e18    00000044     F021_API_CortexR4_BE_V3D16.lib : FlashStateMachine.EnableEepromSectors.obj (.text:_Fapi_EnableSectors)
                  00024e5c    00000044     rtsv7R4_T_be_v3D16_eabi.lib : autoinit.c.obj (.text:__TI_auto_init_nobinit_nopinit:__TI_auto_init_nobinit_nopinit)
                  00024ea0    00000040                                 : _printfi.c.obj (.text:_fcpy)
                  00024ee0    00000040                                 : sprintf.c.obj (.text:sprintf)
                  00024f20    0000003c     F021_API_CortexR4_BE_V3D16.lib : FlashStateMachine.IssueFsmCommand.obj (.text:_Fapi_issueFsmCommand)
                  00024f5c    00000036                                    : Utilities.CalculateFletcher.obj (.text:Fapi_calculateFletcherChecksum)
                  00024f92    00000002     --HOLE-- [fill = 0]
                  00024f94    00000030                                    : Async.WithAddress.obj (.text:Fapi_issueAsyncCommandWithAddress)
                  00024fc4    00000030                                    : Utilities.WaitDelay.obj (.text:Fapi_waitDelay)
                  00024ff4    0000002c                                    : Read.Common.obj (.text:_Fapi_readDword)
                  00025020    0000002a                                    : Async.obj (.text:Fapi_issueAsyncCommand)
                  0002504a    00000026     rtsv7R4_T_be_v3D16_eabi.lib : memccpy.c.obj (.text:memccpy)
                  00025070    00000022     F021_API_CortexR4_BE_V3D16.lib : Read.FlushPipeline.obj (.text:Fapi_flushPipeline)
                  00025092    0000001e     rtsv7R4_T_be_v3D16_eabi.lib : s_copysign.c.obj (.text:copysign)
                  000250b0    0000001c     F021_API_CortexR4_BE_V3D16.lib : FlashStateMachine.InitializeFlashBanks.obj (.text:_Fapi_divideUnsignedLong)
                  000250cc    0000001a     rtsv7R4_T_be_v3D16_eabi.lib : sprintf.c.obj (.text:_outs)
                  000250e6    00000018                                 : strcmp.c.obj (.text:strcmp)
                  000250fe    00000016                                 : strchr.c.obj (.text:strchr)
                  00025114    00000016                                 : strlen.c.obj (.text:strlen)
                  0002512a    00000012                                 : wcslen.c.obj (.text:wcslen)
                  0002513c    00000010     F021_API_CortexR4_BE_V3D16.lib : Utilities.GetNumberOfSectors.obj (.text:Fapi_getNumberOfBankSectors)
                  0002514c    00000010                                    : FlashStateMachine.ScaleFclk.obj (.text:_scaleEEFclk)
                  0002515c    00000010                                    : FlashStateMachine.ScaleFclk.obj (.text:_scaleMainFclk)
                  0002516c    0000000e     rtsv7R4_T_be_v3D16_eabi.lib : copy_decompress_none.c.obj (.text:decompress:none:__TI_decompress_none)
                  0002517a    0000000c     F021_API_CortexR4_BE_V3D16.lib : Read.WdService.obj (.text:_Fapi_checkWdService)
                  00025186    0000000c     rtsv7R4_T_be_v3D16_eabi.lib : copy_zero_init.c.obj (.text:decompress:ZI:__TI_zero_init)
                  00025192    0000000a                                 : sprintf.c.obj (.text:_outc)
                  0002519c    00000008     Fapi_UserDefinedFunctions.obj (.text)
                  000251a4    00000008     rtsv7R4_T_be_v3D16_eabi.lib : errno.c.obj (.text:__aeabi_errno_addr)
                  000251ac    00000004                                 : exit.c.obj (.text:abort:abort)
                  000251b0    00000004     sys_phantom.obj (.text:retain)
                  000251b4    00000004     sys_startup.obj (.text)
                  000251b8    00000008     Fapi_UserDefinedFunctions.obj (.tramp.Fapi_serviceWatchdogTimer.1)

.const     0    000251c0    00000aa4     
                  000251c0    000003a0     het.obj (.const:het1PROGRAM)
                  00025560    000003a0     het.obj (.const:het2PROGRAM)
                  00025900    00000200     sys_vim.obj (.const:s_vim_init)
                  00025b00    00000101     rtsv7R4_T_be_v3D16_eabi.lib : ctype.c.obj (.const:.string:_ctypes_)
                  00025c01    00000003     --HOLE-- [fill = 0]
                  00025c04    00000020     can.obj (.const:s_canByteOrder)
                  00025c24    00000020     het.obj (.const:s_het1pwmPolarity)
                  00025c44    00000020     het.obj (.const:s_het2pwmPolarity)

.kernelBSS 
*          0    08000800    0000026c     UNINITIALIZED
                  08000800    000001fc     os_tasks.obj (.kernelBSS:uninit)
                  080009fc    00000034     os_tasks.obj (.kernelBSS:init)
                  08000a30    00000030     os_timer.obj (.kernelBSS:uninit)
                  08000a60    0000000c     os_timer.obj (.kernelBSS:init)

.kernelHEAP 
*          0    08001000    00002000     UNINITIALIZED
                  08001000    00002000     os_heap.obj (.kernelHEAP)

.data      0    08003000    000006e9     UNINITIALIZED
                  08003000    00000200     sys_main.obj (.data:global_RAM_copyD)
                  08003200    00000190     sys_main.obj (.data:global_err_msg_timestamp_s_buffer)
                  08003390    000000ca     sys_main.obj (.data:global_err_msg_buffer)
                  0800345a    000000c8     sys_main.obj (.data:global_err_msg_timestamp_ms_buffer)
                  08003522    00000002     heater.obj (.data:HEAT_num)
                  08003524    0000006c     sys_main.obj (.data)
                  08003590    00000048     channel.obj (.data:CH)
                  080035d8    00000048     sys_main.obj (.data:CH)
                  08003620    00000020     ad5324.obj (.data:binary)
                  08003640    00000018     sys_main.obj (.data:global_wdt_counter)
                  08003658    00000018     sys_main.obj (.data:preTick$1)
                  08003670    00000012     channel.obj (.data:CH_num)
                  08003682    00000012     sys_main.obj (.data:CH_num)
                  08003694    00000010     battery.obj (.data:BSW)
                  080036a4    00000010     battery.obj (.data:BSW_num)
                  080036b4    00000010     os_heap.obj (.data)
                  080036c4    00000008     F021_API_CortexR4_BE_V3D16.lib : FlashStateMachine.ScaleFclk.obj (.data)
                  080036cc    00000008     heater.obj (.data:HEAT)
                  080036d4    00000008     os_port.obj (.data)
                  080036dc    00000006     sys_main.obj (.data:global_wdt_timeout_flag)
                  080036e2    00000001     F021_API_CortexR4_BE_V3D16.lib : FlashStateMachine.SetActiveBank.obj (.data)
                  080036e3    00000001     sys_main.obj (.data:INA226_ADDR)
                  080036e4    00000004     rtsv7R4_T_be_v3D16_eabi.lib : errno.c.obj (.data)
                  080036e8    00000001     fee_function.obj (.data)

.bss       0    080036ec    00000616     UNINITIALIZED
                  080036ec    0000026c     sys_main.obj (.bss:global_ina226D)
                  08003958    00000240     sys_main.obj (.bss:global_channelD)
                  08003b98    00000060     sys_main.obj (.bss:global_mpptD)
                  08003bf8    00000040     sys_main.obj (.bss:global_ina3221D)
                  08003c38    00000028     sci.obj (.bss:g_sciTransfer_t)
                  08003c60    00000020     sys_main.obj (.bss:global_heaterD)
                  08003c80    00000018     sys_main.obj (.bss:global_battD)
                  08003c98    00000014     uart_cmd.obj (.bss:cmd1)
                  08003cac    00000010     sys_main.obj (.bss:global_realtimeClock)
                  08003cbc    0000000c     i2c.obj (.bss:g_i2cTransfer_t)
                  08003cc8    0000000c     sys_main.obj (.bss:global_max6698D)
                  08003cd4    00000008     uart_cmd.obj (.bss)
                  08003cdc    00000008     os_heap.obj (.bss:xStart)
                  08003ce4    00000004     (.common:checkActiveTask_Handle)
                  08003ce8    00000004     (.common:getHKTask_Handle)
                  08003cec    00000004     (.common:heaterCtrlTask_Handle)
                  08003cf0    00000004     (.common:initTask_Handle)
                  08003cf4    00000004     (.common:outputchanCtrlTask_Handle)
                  08003cf8    00000004     (.common:powerConversion_and_battCtrlTask_Handle)
                  08003cfc    00000004     (.common:receiveCMDTask_Handle)
                  08003d00    00000002     fee_function.obj (.bss)

FEE_TEXT_SECTION 
*          0    00025c64    000007a8     
                  00025c64    000007a8     ti_fee_read.obj (FEE_TEXT_SECTION)

FEE_CONST_SECTION 
*          0    0002640c    000000f0     
                  0002640c    00000084     Device_TMS570LS12.obj (FEE_CONST_SECTION)
                  00026490    0000006c     ti_fee_cfg.obj (FEE_CONST_SECTION)

FEE_DATA_SECTION 
*          0    08003d04    0000013d     UNINITIALIZED
                  08003d04    00000101     ti_fee_ini.obj (FEE_DATA_SECTION)
                  08003e05    00000001     ti_fee_main.obj (FEE_DATA_SECTION)
                  08003e06    00000002     --HOLE--
                  08003e08    0000002e     ti_fee_util.obj (FEE_DATA_SECTION:uninit)
                  08003e36    00000002     --HOLE--
                  08003e38    00000009     ti_fee_util.obj (FEE_DATA_SECTION:init)

__llvm_prf_cnts 
*          0    08001000    00000000     UNINITIALIZED

MODULE SUMMARY

       Module                                        code     ro data   rw data
       ------                                        ----     -------   -------
    .\source\
       ti_fee_util.obj                               22480    0         55     
       os_tasks.obj                                  11652    0         560    
       sys_selftest.obj                              11484    0         0      
       os_heap.obj                                   1524     0         8216   
       ti_fee_ini.obj                                5992     0         257    
       het.obj                                       3028     1920      0      
       os_queue.obj                                  4708     0         0      
       ti_fee_main.obj                               4320     0         1      
       sys_vim.obj                                   3364     512       0      
       os_mpu_wrappers.obj                           3004     0         0      
       system.obj                                    2916     0         0      
       os_timer.obj                                  2736     0         60     
       can.obj                                       2632     32        0      
       mibspi.obj                                    2592     0         0      
       sci.obj                                       2492     0         40     
       i2c.obj                                       2264     0         12     
       pinmux.obj                                    2236     0         0      
       os_event_groups.obj                           2072     0         0      
       ti_fee_read.obj                               1960     0         0      
       esm.obj                                       1744     0         0      
       errata_SSWF021_45.obj                         1636     0         0      
       os_port.obj                                   1424     0         8      
       os_portasm.obj                                1200     0         0      
       gio.obj                                       1156     0         0      
       sys_core.obj                                  844      0         0      
       sys_startup.obj                               652      0         0      
       os_list.obj                                   568      0         0      
       notification.obj                              332      0         0      
       dabort.obj                                    232      0         0      
       sys_pmu.obj                                   224      0         0      
       rti.obj                                       148      0         0      
       Device_TMS570LS12.obj                         0        132       0      
       ti_fee_cfg.obj                                0        108       0      
       sys_intvecs.obj                               32       0         0      
       Fapi_UserDefinedFunctions.obj                 16       0         0      
       sys_phantom.obj                               4        0         0      
    +--+---------------------------------------------+--------+---------+---------+
       Total:                                        103668   2704      9209   
                                                                               
    .\source_custom\
       sys_main.obj                                  8076     0         3035   
       fee_function.obj                              9828     0         3      
       max6698.obj                                   4252     0         0      
       channel.obj                                   2052     0         90     
       ina226.obj                                    1848     0         0      
       cmd_interface.obj                             1680     0         0      
       ina3221.obj                                   1476     0         0      
       battery.obj                                   944      0         32     
       ad5324.obj                                    624      0         32     
       heater.obj                                    604      0         10     
       uart_cmd.obj                                  460      0         28     
       error_message.obj                             324      0         0      
       custom_crc.obj                                184      0         0      
       realtimeClock.obj                             120      0         0      
    +--+---------------------------------------------+--------+---------+---------+
       Total:                                        32472    0         3230   
                                                                               
    C:/ti/Hercules/F021 Flash API/02.01.01/F021_API_CortexR4_BE_V3D16.lib
       FlashStateMachine.InitializeFlashBanks.obj    636      0         0      
       FlashStateMachine.SetActiveBank.obj           380      0         1      
       FlashStateMachine.EnableEepromSectors.obj     196      0         0      
       BlankCheck.obj                                148      0         0      
       Read.LoopDword.obj                            94       0         0      
       FlashStateMachine.Hercules.IsEccAddress.obj   80       0         0      
       FlashStateMachine.IssueFsmCommand.obj         60       0         0      
       Utilities.CalculateFletcher.obj               54       0         0      
       Async.WithAddress.obj                         48       0         0      
       Utilities.WaitDelay.obj                       48       0         0      
       Read.Common.obj                               44       0         0      
       Async.obj                                     42       0         0      
       FlashStateMachine.ScaleFclk.obj               32       0         8      
       Read.FlushPipeline.obj                        34       0         0      
       Utilities.GetNumberOfSectors.obj              16       0         0      
       Read.WdService.obj                            12       0         0      
    +--+---------------------------------------------+--------+---------+---------+
       Total:                                        1924     0         9      
                                                                               
    F:/Program Files/ti/ccs8/ccsv8/tools/compiler/ti-cgt-arm_20.2.5.LTS/lib/rtsv7R4_T_be_v3D16_eabi.lib
       _printfi.c.obj                                4673     0         0      
       ull_div32.asm.obj                             696      0         0      
       ctype.c.obj                                   0        257       0      
       s_scalbn.c.obj                                240      0         0      
       s_floor.c.obj                                 224      0         0      
       memcpy_t2.asm.obj                             156      0         0      
       memset_t2.asm.obj                             122      0         0      
       s_frexp.c.obj                                 116      0         0      
       copy_decompress_lzss.c.obj                    108      0         0      
       sprintf.c.obj                                 100      0         0      
       _ltoa.c.obj                                   84       0         0      
       i_div32.asm.obj                               84       0         0      
       atoi.c.obj                                    80       0         0      
       u_div32.asm.obj                               80       0         0      
       autoinit.c.obj                                68       0         0      
       memccpy.c.obj                                 38       0         0      
       s_copysign.c.obj                              30       0         0      
       strcmp.c.obj                                  24       0         0      
       strchr.c.obj                                  22       0         0      
       strlen.c.obj                                  22       0         0      
       wcslen.c.obj                                  18       0         0      
       copy_decompress_none.c.obj                    14       0         0      
       copy_zero_init.c.obj                          12       0         0      
       errno.c.obj                                   8        0         4      
       exit.c.obj                                    4        0         0      
       div0.asm.obj                                  2        0         0      
    +--+---------------------------------------------+--------+---------+---------+
       Total:                                        7025     257       4      
                                                                               
       Linker Generated:                             0        325       0      
    +--+---------------------------------------------+--------+---------+---------+
       Grand Total:                                  145089   3286      12452  


LINKER GENERATED COPY TABLES

__TI_cinit_table @ 00005ea0 records: 5, size/record: 8, table size: 40
	.data: load addr=00005d80, load size=000000ef bytes, run addr=08003000, run size=000006e9 bytes, compression=lzss
	.kernelBSS: load addr=00005e7c, load size=00000009 bytes, run addr=08000800, run size=0000026c bytes, compression=lzss
	FEE_DATA_SECTION: load addr=00005e85, load size=00000009 bytes, run addr=08003d04, run size=0000013d bytes, compression=lzss
	.bss: load addr=00005e90, load size=00000008 bytes, run addr=080036ec, run size=00000616 bytes, compression=zero_init
	.kernelHEAP: load addr=00005e98, load size=00000008 bytes, run addr=08001000, run size=00002000 bytes, compression=zero_init


LINKER GENERATED HANDLER TABLE

__TI_handler_table @ 00005e70 records: 3, size/record: 4, table size: 12
	index: 0, handler: __TI_decompress_lzss
	index: 1, handler: __TI_decompress_none
	index: 2, handler: __TI_zero_init

VENEERS

callee name               veneer name
   callee addr  veneer addr  call addr  call info
--------------  -----------  ---------  ----------------
Fapi_serviceWatchdogTimer  $Ven$TA$L$PI$$Fapi_serviceWatchdogTimer
   0002519c     000251b8     00025180   F021_API_CortexR4_BE_V3D16.lib : Read.WdService.obj (.text:_Fapi_checkWdService)

[1 trampolines]
[1 trampoline calls]


GLOBAL SYMBOLS: SORTED ALPHABETICALLY BY Name 

address   name                                            
-------   ----                                            
000251ad  C$$EXIT                                         
0002640c  Device_FlashDevice                              
00024f5d  Fapi_calculateFletcherChecksum                  
00024789  Fapi_doBlankCheck                               
000248b1  Fapi_enableEepromBankSectors                    
00025071  Fapi_flushPipeline                              
0002513d  Fapi_getNumberOfBankSectors                     
00022915  Fapi_initializeFlashBanks                       
00024cd9  Fapi_isAddressEcc                               
00025021  Fapi_issueAsyncCommand                          
00024f95  Fapi_issueAsyncCommandWithAddress               
0002519c  Fapi_serviceWatchdogTimer                       
00023971  Fapi_setActiveFlashBank                         
00024fc5  Fapi_waitDelay                                  
0002649c  Fee_BlockConfiguration                          
00026490  Fee_VirtualSectorConfiguration                  
0001f7c4  INA226_ConvToCurrent_mA                         
0001f808  INA226_ConvToPower_mW                           
0001f7dc  INA226_ConvToVoltage_mV                         
0001f31c  INA226_CurrentToAlert_ShuntVoltage_Raw          
0001f38c  INA226_Init                                     
0001f65c  INA226_ReadBusVoltage_Raw                       
0001f6d4  INA226_ReadCurrent_Raw                          
0001f59c  INA226_ReadMaskReg                              
0001f74c  INA226_ReadPower_Raw                            
0001f5e4  INA226_ReadShuntVoltage_Raw                     
0001f1d4  INA226_ReceiveData                              
0001f36c  INA226_RshuntToCalReg                           
0001f0f4  INA226_SendData                                 
0001f528  INA226_SetAlertReg                              
0001f4d0  INA226_SetMaskReg                               
0001f344  INA226_VoltageToAlert_BusVoltage_Raw            
00020a18  INA3221_ConvToCurrent_mA                        
00020a88  INA3221_ConvToPower_mW                          
00020a58  INA3221_ConvToVoltage_mV                        
000207b0  INA3221_Init                                    
00020930  INA3221_ReadBusVoltage_Raw                      
00020848  INA3221_ReadShuntVoltage_Raw                    
00020668  INA3221_ReceiveData                             
00020520  INA3221_SendData                                
00017670  MAX6698_ConvertTemp_C                           
0001752c  MAX6698_Init                                    
000175dc  MAX6698_ReadTemp_Raw                            
000173e4  MAX6698_ReceiveData                             
00017304  MAX6698_SendData                                
00019144  MPU_eTaskGetState                               
000192ac  MPU_pcTaskGetName                               
000198a8  MPU_pcTimerGetName                              
0001938c  MPU_pvTaskGetThreadLocalStoragePointer          
000197e0  MPU_pvTimerGetTimerID                           
000194a4  MPU_ulTaskNotifyTake                            
00019660  MPU_uxQueueMessagesWaiting                      
00019694  MPU_uxQueueSpacesAvailable                      
00019280  MPU_uxTaskGetNumberOfTasks                      
00019314  MPU_uxTaskGetStackHighWaterMark                 
00019110  MPU_uxTaskPriorityGet                           
00019b04  MPU_vEventGroupDelete                           
000196c8  MPU_vQueueDelete                                
0001901c  MPU_vTaskAllocateMPURegions                     
0001907c  MPU_vTaskDelay                                  
000190a8  MPU_vTaskDelayUntil                             
00019050  MPU_vTaskDelete                                 
00019178  MPU_vTaskPrioritySet                            
000191d8  MPU_vTaskResume                                 
00019348  MPU_vTaskSetThreadLocalStoragePointer           
0001951c  MPU_vTaskSetTimeOutState                        
000191ac  MPU_vTaskSuspend                                
00019204  MPU_vTaskSuspendAll                             
00019814  MPU_vTimerSetTimerID                            
00019a28  MPU_xEventGroupClearBits                        
000199a0  MPU_xEventGroupCreate                           
00019a6c  MPU_xEventGroupSetBits                          
00019ab0  MPU_xEventGroupSync                             
000199cc  MPU_xEventGroupWaitBits                         
000196f4  MPU_xQueueGenericCreate                         
0001960c  MPU_xQueueGenericReceive                        
00019740  MPU_xQueueGenericReset                          
000195b8  MPU_xQueueGenericSend                           
000190dc  MPU_xTaskAbortDelay                             
00019548  MPU_xTaskCheckForTimeOut                        
00018f74  MPU_xTaskCreate                                 
00018fd8  MPU_xTaskCreateRestricted                       
000193fc  MPU_xTaskGenericNotify                          
000192e0  MPU_xTaskGetHandle                              
000193d0  MPU_xTaskGetIdleTaskHandle                      
0001958c  MPU_xTaskGetSchedulerState                      
00019254  MPU_xTaskGetTickCount                           
000194e8  MPU_xTaskNotifyStateClear                       
00019450  MPU_xTaskNotifyWait                             
00019228  MPU_xTaskResumeAll                              
00019784  MPU_xTimerCreate                                
00019944  MPU_xTimerGenericCommand                        
00019910  MPU_xTimerGetExpiryTime                         
000198dc  MPU_xTimerGetPeriod                             
0001987c  MPU_xTimerGetTimerDaemonTaskHandle              
00019848  MPU_xTimerIsTimerActive                         
UNDEFED   SHT$$INIT_ARRAY$$Base                           
UNDEFED   SHT$$INIT_ARRAY$$Limit                          
00008af4  TI_FeeInternal_AlignAddressForECC               
00009188  TI_FeeInternal_BlankCheck                       
0000cf34  TI_FeeInternal_CheckForError                    
0000aa54  TI_FeeInternal_CheckModuleState                 
0000aab4  TI_FeeInternal_CheckReadParameters              
0000d6cc  TI_FeeInternal_EnableRequiredFlashSector        
0000b044  TI_FeeInternal_FeeManager                       
00008ec4  TI_FeeInternal_FindNextVirtualSector            
0000d0b4  TI_FeeInternal_Fletcher16                       
00009d24  TI_FeeInternal_GetArrayIndex                    
00009c68  TI_FeeInternal_GetBlockIndex                    
00009c2c  TI_FeeInternal_GetBlockNumber                   
00008e84  TI_FeeInternal_GetBlockSize                     
0000abe4  TI_FeeInternal_GetCurrentBlockAddress           
00009ce8  TI_FeeInternal_GetDataSetIndex                  
0000ace8  TI_FeeInternal_GetNextFlashAddress              
00009a50  TI_FeeInternal_GetVirtualSectorIndex            
00008020  TI_FeeInternal_GetVirtualSectorParameter        
0000cb14  TI_FeeInternal_InvalidateErase                  
00008e08  TI_FeeInternal_PollFlashStatus                  
0000ad38  TI_FeeInternal_SanityCheck                      
0000af28  TI_FeeInternal_SetClearCopyBlockState           
0000cdc4  TI_FeeInternal_StartProgramBlock                
00009e90  TI_FeeInternal_UpdateBlockOffsetArray           
0000c4bc  TI_FeeInternal_WriteBlockHeader                 
00008664  TI_FeeInternal_WriteDataF021                    
00008b2c  TI_FeeInternal_WriteInitialize                  
0000c81c  TI_FeeInternal_WritePreviousBlockHeader         
000081b8  TI_FeeInternal_WriteVirtualSectorHeader         
0000d1e0  TI_Fee_ErrorRecovery                            
08003e04  TI_Fee_FapiInitCalled                           
0000cec8  TI_Fee_GetStatus                                
08003d04  TI_Fee_GlobalVariables                          
00014b40  TI_Fee_Init                                     
00016224  TI_Fee_MainFunction                             
00025c64  TI_Fee_Read                                     
0000d4bc  TI_Fee_SuspendResumeErase                       
08003ded  TI_Fee_bEraseSuspended                          
08003dee  TI_Fee_bIsMainFunctionCalled                    
08003df0  TI_Fee_oStatusWord                              
08003de8  TI_Fee_u32ActCpyVS                              
08003de0  TI_Fee_u32BlockEraseCount                       
08003ddc  TI_Fee_u32FletcherChecksum                      
08003dd8  TI_Fee_u8DataSets                               
08003de4  TI_Fee_u8DeviceIndex                            
08003dec  TI_Fee_u8ErrEraseVS                             
08003df4  TI_FlashStatusWord                              
00024e19  _Fapi_EnableSectors                             
0002517b  _Fapi_checkWdService                            
00024f21  _Fapi_issueFsmCommand                           
00024b7d  _Fapi_loopRegionForValue                        
00024ff5  _Fapi_readDword                                 
00005ea0  __TI_CINIT_Base                                 
00005ec8  __TI_CINIT_Limit                                
00005e70  __TI_Handler_Table_Base                         
00005e7c  __TI_Handler_Table_Limit                        
00021c18  __TI_PINIT_Base                                 
00021c1c  __TI_PINIT_Limit                                
00024e5d  __TI_auto_init_nobinit_nopinit                  
00024b11  __TI_decompress_lzss                            
0002516d  __TI_decompress_none                            
00024bdb  __TI_ltoa                                       
ffffffff  __TI_pprof_out_hndl                             
0001b0ed  __TI_printfi                                    
ffffffff  __TI_prof_data_size                             
ffffffff  __TI_prof_data_start                            
00000000  __TI_static_base__                              
00025187  __TI_zero_init                                  
000251a5  __aeabi_errno_addr                              
00024c84  __aeabi_idiv                                    
0001bb3b  __aeabi_idiv0                                   
00024c84  __aeabi_idivmod                                 
0001bb3b  __aeabi_ldiv0                                   
000249ab  __aeabi_memclr                                  
000249ab  __aeabi_memclr4                                 
000249ab  __aeabi_memclr8                                 
000246eb  __aeabi_memcpy                                  
000246eb  __aeabi_memcpy4                                 
000246eb  __aeabi_memcpy8                                 
000249ad  __aeabi_memset                                  
000249ad  __aeabi_memset4                                 
000249ad  __aeabi_memset8                                 
00024dc8  __aeabi_uidiv                                   
00024dc8  __aeabi_uidivmod                                
00021eec  __aeabi_uldivmod                                
ffffffff  __binit__                                       
ffffffff  __c_args__                                      
08001000  __start___llvm_prf_cnts                         
08001000  __stop___llvm_prf_cnts                          
000221a4  _c_int00                                        
00021b30  _coreClearAuxiliaryDataFault_                   
00021b44  _coreClearAuxiliaryInstructionFault_            
00021b08  _coreClearDataFaultAddress_                     
00021ae0  _coreClearDataFault_                            
00021b1c  _coreClearInstructionFaultAddress_              
00021af4  _coreClearInstructionFault_                     
00021a74  _coreDisableEventBusExport_                     
00021ab8  _coreDisableFlashEcc_                           
00021a94  _coreDisableRamEcc_                             
00021a64  _coreEnableEventBusExport_                      
00021aa4  _coreEnableFlashEcc_                            
00021ac8  _coreEnableIrqVicOffset_                        
00021a84  _coreEnableRamEcc_                              
00021a4c  _coreEnableVfp_                                 
00021b28  _coreGetAuxiliaryDataFault_                     
00021b3c  _coreGetAuxiliaryInstructionFault_              
00021b00  _coreGetDataFaultAddress_                       
00021ad8  _coreGetDataFault_                              
00021b14  _coreGetInstructionFaultAddress_                
00021aec  _coreGetInstructionFault_                       
000218d4  _coreInitRegisters_                             
000219e0  _coreInitStackPointer_                          
00025b00  _ctypes_                                        
000242dc  _dabort                                         
00021b58  _disable_FIQ_interrupt_                         
00021b60  _disable_IRQ_interrupt_                         
00021b50  _disable_interrupt_                             
00021b68  _enable_interrupt_                              
00021bf8  _errata_CORTEXR4_57_                            
00021c08  _errata_CORTEXR4_66_                            
0001febc  _errata_SSWF021_45_both_plls                    
000200b0  _errata_SSWF021_45_pll1                         
00020228  _errata_SSWF021_45_pll2                         
00021b70  _esmCcmErrorsClear_                             
00021a2c  _getCPSRValue_                                  
00021a34  _gotoCPUIdle_                                   
00024500  _pmuDisableCountersGlobal_                      
000244f0  _pmuEnableCountersGlobal_                       
0002455c  _pmuGetCycleCount_                              
00024564  _pmuGetEventCount_                              
00024570  _pmuGetOverflow_                                
000244a4  _pmuInit_                                       
00024530  _pmuResetCounters_                              
00024510  _pmuResetCycleCounter_                          
00024520  _pmuResetEventCounters_                         
00024550  _pmuSetCountEvent_                              
00024540  _pmuStartCounters_                              
00024548  _pmuStopCounters_                               
0002514d  _scaleEEFclk                                    
0002515d  _scaleMainFclk                                  
UNDEFED   _system_post_cinit                              
000251ad  abort                                           
0000ea3c  adc1ParityCheck                                 
0000eb28  adc2ParityCheck                                 
00024d79  atoi                                            
00021574  battery_chargingSW_off                          
00021524  battery_chargingSW_on                           
00021664  battery_check_charging_status                   
0002179c  battery_check_overcurrent_then_change_MPP       
000216f0  battery_check_temp_then_SW                      
00021614  battery_dischargingSW_off                       
000215c4  battery_dischargingSW_on                        
000216a4  battery_read_rawdata_and_convert                
ffffffff  binit                                           
0001c3dc  can1GetConfigValue                              
0000ebe0  can1ParityCheck                                 
0000ecb8  can2ParityCheck                                 
0000ed80  can3ParityCheck                                 
0001c27c  canDisableErrorNotification                     
0001c25c  canDisableStatusChangeNotification              
0001c2d4  canDisableloopback                              
0001c21c  canEnableErrorNotification                      
0001c23c  canEnableStatusChangeNotification               
0001c29c  canEnableloopback                               
00023ca0  canErrorNotification                            
0001bfc4  canFillMessageObjectData                        
0001bcec  canGetData                                      
0001c1f8  canGetErrorLevel                                
0001be44  canGetID                                        
0001c1d4  canGetLastError                                 
0001bb3c  canInit                                         
0001c3c0  canIoRxGetBit                                   
0001c304  canIoSetDirection                               
0001c354  canIoSetPort                                    
0001c3a4  canIoTxGetBit                                   
0001c178  canIsMessageBoxValid                            
0001c11c  canIsRxMessageArrived                           
0001c0c0  canIsTxMessagePending                           
00023cc8  canMessageNotification                          
0001bf24  canSendRemoteFrame                              
00023cb4  canStatusChangeNotification                     
0001bbf0  canTransmit                                     
0001beac  canUpdateID                                     
00018ab8  capGetSignal                                    
0000d800  ccmSelfCheck                                    
0000fecc  ccmr4GetConfigValue                             
0001e644  channel_check_batteryI_then_update_switch       
0001e548  channel_check_batteryV_then_update_switch       
0001e72c  channel_check_chanV_then_update_switch          
0001e39c  channel_check_mode                              
0001e8c4  channel_check_overcurrent_then_config_and_resume
0001e1e4  channel_off                                     
0001e138  channel_on                                      
0001e4a4  channel_read_rawdata_and_convert                
0001e834  channel_resume                                  
0001e290  channel_set_group_mask                          
08003ce4  checkActiveTask_Handle                          
0000e108  checkB0RAMECC                                   
0000e2f8  checkB1RAMECC                                   
0000f3e8  checkClockMonitor                               
0000e4e8  checkFlashECC                                   
0000f4c4  checkFlashEEPROMECC                             
0000f65c  checkPLL1Slip                                   
0000f75c  checkPLL2Slip                                   
0000f820  checkRAMAddrParity                              
0000f1a0  checkRAMECC                                     
0000f92c  checkRAMUERRTest                                
00013d40  check_other_tasks_activity_task                 
0000df8c  checkefcSelfTest                                
00010574  combine_8bit_to_uint16                          
000105a8  combine_8bit_to_uint32                          
00025093  copysign                                        
00025093  copysignl                                       
0000da04  cpuSelfTest                                     
0000e5cc  cpuSelfTestFail                                 
00024584  crc32_calculate                                 
0001a5b8  customTrimLPO                                   
0000e5c4  custom_dabort                                   
00022764  dac_write_fb                                    
000104cc  delay                                           
00010328  disableParity                                   
00023d80  dmaGroupANotification                           
0000e67c  dmaParityCheck                                  
00001f74  eTaskConfirmSleepModeStatus                     
00000888  eTaskGetState                                   
00018a78  edgeDisableNotification                         
00018a3c  edgeEnableNotification                          
00018a10  edgeGetCounter                                  
00023d58  edgeNotification                                
000189e4  edgeResetCounter                                
0000de30  efcCheck                                        
0000fe30  efcGetConfigValue                               
0000df64  efcSelfTest                                     
0000deb8  efcStuckZeroTest                                
000102a0  enableParity                                    
0000ff3c  errata_PBIST_4                                  
080036e4  errno                                           
00023d94  error_buffer_init                               
00023dbc  error_log_the_data                              
00023e88  error_log_the_timestamp                         
00020c68  esmActivateNormalOperation                      
00020d3c  esmClearStatus                                  
00020d7c  esmClearStatusBuffer                            
00020c30  esmDisableError                                 
00020ca0  esmDisableInterrupt                             
00020c08  esmEnableError                                  
00020c78  esmEnableInterrupt                              
00020e74  esmEnterSelfTest                                
00020bec  esmError                                        
00020f4c  esmGetConfigValue                               
00020db8  esmGetStatus                                    
00020e3c  esmGetStatusBuffer                              
00023c48  esmGroup1Notification                           
00023c58  esmGroup2Notification                           
00023ed8  esmHighInterrupt                                
00020ae4  esmInit                                         
00020efc  esmSelfTestStatus                               
00020d98  esmSetCounterPreloadValue                       
00020cc8  esmSetInterruptLevel                            
00020c58  esmTriggerErrorPinReset                         
0001179c  fee_check_crc_then_unpackage_data               
000105f8  fee_initial                                     
00010630  fee_package_data_with_crc                       
00012a0c  fee_package_err_msg_timestamp_ms                
000128ac  fee_package_err_msg_timestamp_s                 
00012854  fee_read_flashed_data                           
00012024  fee_unpackage_data_ignore_crc                   
00012ab0  fee_unpackage_err_msg_timestamp_ms              
00012998  fee_unpackage_err_msg_timestamp_s               
000243c5  floor                                           
000243c5  floorl                                          
0000fa94  fmcBus1ParityCheck                              
0000e02c  fmcBus2Check                                    
0000e068  fmcECCcheck                                     
00024a9d  frexp                                           
00024a9d  frexpl                                          
08003ce8  getHKTask_Handle                                
000138d4  getHK_task                                      
000226a4  get_binary                                      
0001f9a8  get_hk_batt                                     
0001f82c  get_hk_bc                                       
0001fcb8  get_hk_channel                                  
00024a64  getcurrTime_ms                                  
00024a48  getcurrTime_sec                                 
00024a80  getrunTime_sec                                  
00021300  gioDisableNotification                          
00021298  gioEnableNotification                           
00021200  gioGetBit                                       
00021368  gioGetConfigValue                               
00021228  gioGetPort                                      
000210a0  gioInit                                         
00023cdc  gioNotification                                 
00021190  gioSetBit                                       
00021170  gioSetDirection                                 
000211e0  gioSetPort                                      
00021240  gioToggleBit                                    
000251b4  handlePLLLockFail                               
08003cec  heaterCtrlTask_Handle                           
0001451c  heaterCtrl_task                                 
00022bc0  heater_off                                      
00022b74  heater_on                                       
00022c0c  heater_read_rawdata_and_convert                 
00022c34  heater_temp_SW                                  
00022ce0  heater_update_profile                           
00018bc4  het1GetConfigValue                              
0000e728  het1ParityCheck                                 
00018d54  het2GetConfigValue                              
0000e890  het2ParityCheck                                 
00018bac  hetGetTimestamp                                 
000183a0  hetInit                                         
00023d6c  hetNotification                                 
00018b90  hetResetTimestamp                               
0000e7d4  htu1ParityCheck                                 
0000e98c  htu2ParityCheck                                 
0001d3b0  i2cClearSCD                                     
0001d4b4  i2cDisableLoopback                              
0001d528  i2cDisableNotification                          
0001d494  i2cEnableLoopback                               
0001d4ec  i2cEnableNotification                           
0001d5b0  i2cGetConfigValue                               
0001cfa4  i2cInit                                         
0001d7f0  i2cIsBusBusy                                    
0001d7b0  i2cIsMasterReady                                
0001d348  i2cIsRxReady                                    
0001d364  i2cIsStopDetected                               
0001d230  i2cIsTxReady                                    
00023cf0  i2cNotification                                 
0001d3f4  i2cReceive                                      
0001d3cc  i2cReceiveByte                                  
0001d380  i2cRxError                                      
0001d27c  i2cSend                                         
0001d24c  i2cSendByte                                     
0001d0d0  i2cSetBaudrate                                  
0001d210  i2cSetCount                                     
0001d778  i2cSetDirection                                 
0001d578  i2cSetMode                                      
0001d090  i2cSetOwnAdd                                    
0001d0b0  i2cSetSlaveAdd                                  
0001d1d0  i2cSetStart                                     
0001d1f0  i2cSetStop                                      
08003cf0  initTask_Handle                                 
00012c38  init_task                                       
000241ed  ldexp                                           
000241ed  ldexpl                                          
00023250  linHighLevelInterrupt                           
00012b30  main                                            
00019c98  mapClocks                                       
0002504b  memccpy                                         
000246eb  memcpy                                          
0000d944  memoryInit                                      
00023c68  memoryPort0TestFailNotification                 
00023c84  memoryPort1TestFailNotification                 
000249b3  memset                                          
0000ee54  mibspi1ParityCheck                              
0001cc44  mibspi3GetConfigValue                           
0000ef5c  mibspi3ParityCheck                              
0000f080  mibspi5ParityCheck                              
0001cc10  mibspiDisableGroupNotification                  
0001cb1c  mibspiDisableLoopback                           
0001cb88  mibspiEnableGroupNotification                   
0001cae8  mibspiEnableLoopback                            
0001c900  mibspiGetData                                   
00023d18  mibspiGroupNotification                         
0001c584  mibspiInit                                      
0001ca7c  mibspiIsTransferComplete                        
00023d04  mibspiNotification                              
0001cb38  mibspiPmodeSet                                  
0001c7f4  mibspiSetData                                   
0001c7d4  mibspiSetFunctional                             
0001ca4c  mibspiTransfer                                  
0001d87c  muxInit                                         
08003cf4  outputchanCtrlTask_Handle                       
000143d8  outputchanCtrl_task                             
0000fbbc  pbistFail                                       
0000fc40  pbistGetConfigValue                             
0000dd78  pbistIsTestCompleted                            
0000dda4  pbistIsTestPassed                               
0000ddd8  pbistPortTestStatus                             
0000dc7c  pbistRun                                        
0000da9c  pbistSelfCheck                                  
0000dd48  pbistStop                                       
00001358  pcTaskGetName                                   
00004188  pcTimerGetName                                  
00019c44  periphInit                                      
000251b0  phantomInterrupt                                
000104f8  pick_high8bit_of_uint16                         
00010538  pick_high8bit_of_uint32                         
00010524  pick_highest8bit_of_uint32                      
00010510  pick_low8bit_of_uint16                          
0001054c  pick_low8bit_of_uint32                          
00010560  pick_lowest8bit_of_uint32                       
0001dd18  pinmuxGetConfigValue                            
08003cf8  powerConversion_and_battCtrlTask_Handle         
0001460c  powerConversion_and_battCtrl_task               
000055fc  prvMpuDisable                                   
000055e4  prvMpuEnable                                    
000055cc  prvMpuSetRegion                                 
00005a04  pvPortMalloc                                    
00002050  pvTaskGetThreadLocalStoragePointer              
000048bc  pvTimerGetTimerID                               
000189b4  pwmDisableNotification                          
0001896c  pwmEnableNotification                           
0001888c  pwmGetSignal                                    
00023d40  pwmNotification                                 
0001858c  pwmSetDuty                                      
000186dc  pwmSetSignal                                    
00018524  pwmStart                                        
00018558  pwmStop                                         
080009fc  pxCurrentTCB                                    
00005624  pxPortInitialiseStack                           
08003cfc  receiveCMDTask_Handle                           
0001478c  receiveCMD_task                                 
00000000  resetEntry                                      
00024a34  resetRTC                                        
00024a24  resetRTC_debug                                  
0002481c  rtiCompare0Interrupt                            
00024864  rtiCompare1Interrupt                            
00014950  rtiNotification                                 
000241ed  scalbn                                          
000241ed  scalbnl                                         
0001ee04  sciDisableLoopback                              
0001ee90  sciDisableNotification                          
0001edd0  sciEnableLoopback                               
0001ee28  sciEnableNotification                           
0001eef8  sciEnterResetState                              
0001ef18  sciExitResetState                               
0001e93c  sciInit                                         
0001ec80  sciIsIdleDetected                               
0001ec64  sciIsRxReady                                    
0001eae4  sciIsTxReady                                    
0002354c  sciNotification                                 
0001ecf8  sciReceive                                      
0001eccc  sciReceiveByte                                  
0001ec9c  sciRxError                                      
0001eb30  sciSend                                         
0001eb00  sciSendByte                                     
0001ea48  sciSetBaudrate                                  
0001ea28  sciSetFunctional                                
0001ef38  scilinGetConfigValue                            
0000d7f0  selftestFailNotification                        
00019c04  setupFlash                                      
00019b30  setupPLL                                        
00024ee1  sprintf                                         
0001a47c  sramGetConfigValue                              
0000fd8c  stcGetConfigValue                               
0000d988  stcSelfCheck                                    
0000e5c8  stcSelfCheckFail                                
000250ff  strchr                                          
000250e7  strcmp                                          
00025115  strlen                                          
00019ebc  systemGetConfigValue                            
00019dc0  systemInit                                      
00019e8c  systemPowerDown                                 
0001a2d0  tcmflashGetConfigValue                          
00019b90  trimLPO                                         
00023454  uart_tx                                         
080036d4  ulCriticalNesting                               
000054f4  ulPortCountLeadingZeros                         
080036d8  ulTaskHasFPUContext                             
000023e8  ulTaskNotifyTake                                
000231c4  uxListRemove                                    
00003958  uxQueueMessagesWaiting                          
000039dc  uxQueueMessagesWaitingFromISR                   
00003990  uxQueueSpacesAvailable                          
0000134c  uxTaskGetNumberOfTasks                          
00002294  uxTaskGetStackHighWaterMark                     
0000098c  uxTaskPriorityGet                               
000009d0  uxTaskPriorityGetFromISR                        
000023ac  uxTaskResetEventItemValue                       
0001494c  vApplicationIdleHook                            
000050ec  vEventGroupClearBitsCallback                    
0000504c  vEventGroupDelete                               
000050d0  vEventGroupSetBitsCallback                      
00023018  vListInitialise                                 
00023070  vListInitialiseItem                             
00023100  vListInsert                                     
0002308c  vListInsertEnd                                  
000059d0  vPortEndScheduler                               
00005c58  vPortFree                                       
00005d68  vPortInitialiseBlocks                           
000054e8  vPortInitialiseFPSCR                            
000053e8  vPortPreemptiveTick                             
000054fc  vPortSWI                                        
00005178  vPortStartFirstTask                             
00005738  vPortStoreTaskMPUSettings                       
000052f4  vPortYeildWithinAPI                             
00005208  vPortYieldProcessor                             
00003a0c  vQueueDelete                                    
00003e1c  vQueueWaitForMessageRestricted                  
000020bc  vTaskAllocateMPURegions                         
00000804  vTaskDelay                                      
00000698  vTaskDelayUntil                                 
00000530  vTaskDelete                                     
00001088  vTaskEndScheduler                               
00001f60  vTaskMissedYield                                
000029a0  vTaskNotifyGiveFromISR                          
00001acc  vTaskPlaceOnEventList                           
00001b94  vTaskPlaceOnEventListRestricted                 
00001b10  vTaskPlaceOnUnorderedEventList                  
00000a18  vTaskPrioritySet                                
00000e14  vTaskResume                                     
00001ff8  vTaskSetThreadLocalStoragePointer               
00001de8  vTaskSetTimeOutState                            
00000fdc  vTaskStartScheduler                             
0000166c  vTaskStepTick                                   
00000c10  vTaskSuspend                                    
000010a4  vTaskSuspendAll                                 
000019ec  vTaskSwitchContext                              
000048fc  vTimerSetTimerID                                
0001a768  vimChannelMap                                   
0001a9d4  vimDisableInterrupt                             
0001a80c  vimEnableInterrupt                              
0001aa80  vimGetConfigValue                               
0001a694  vimInit                                         
0000e5d0  vimParityCheck                                  
00021c20  vimParityErrorHandler                           
0002512b  wcslen                                          
00004de8  xEventGroupClearBits                            
0000495c  xEventGroupCreate                               
00004e6c  xEventGroupGetBitsFromISR                       
00004e9c  xEventGroupSetBits                              
00004998  xEventGroupSync                                 
00004b98  xEventGroupWaitBits                             
00005d50  xPortGetFreeHeapSize                            
00005d5c  xPortGetMinimumEverFreeHeapSize                 
000059ac  xPortStartScheduler                             
00002d70  xQueueGenericCreate                             
00003448  xQueueGenericReceive                            
00002c48  xQueueGenericReset                              
00002e8c  xQueueGenericSend                               
0000314c  xQueueGenericSendFromISR                        
000032dc  xQueueGiveFromISR                               
00003d40  xQueueIsQueueEmptyFromISR                       
00003dcc  xQueueIsQueueFullFromISR                        
00003864  xQueuePeekFromISR                               
0000371c  xQueueReceiveFromISR                            
000016c8  xTaskAbortDelay                                 
00001e28  xTaskCheckForTimeOut                            
000000fc  xTaskCreate                                     
00000020  xTaskCreateRestricted                           
000025d0  xTaskGenericNotify                              
000027a0  xTaskGenericNotifyFromISR                       
0000152c  xTaskGetHandle                                  
00001634  xTaskGetIdleTaskHandle                          
0000235c  xTaskGetSchedulerState                          
0000130c  xTaskGetTickCount                               
00001328  xTaskGetTickCountFromISR                        
000017c4  xTaskIncrementTick                              
00023bcc  xTaskNotifyStateClear                           
000024bc  xTaskNotifyWait                                 
00001bf0  xTaskRemoveFromEventList                        
00001ce4  xTaskRemoveFromUnorderedEventList               
0000115c  xTaskResumeAll                                  
00000ef4  xTaskResumeFromISR                              
00003f10  xTimerCreate                                    
00003eac  xTimerCreateTimerTask                           
0000400c  xTimerGenericCommand                            
00004150  xTimerGetExpiryTime                             
00004120  xTimerGetPeriod                                 
000040e8  xTimerGetTimerDaemonTaskHandle                  
0000484c  xTimerIsTimerActive                             


GLOBAL SYMBOLS: SORTED BY Symbol Address 

address   name                                            
-------   ----                                            
00000000  __TI_static_base__                              
00000000  resetEntry                                      
00000020  xTaskCreateRestricted                           
000000fc  xTaskCreate                                     
00000530  vTaskDelete                                     
00000698  vTaskDelayUntil                                 
00000804  vTaskDelay                                      
00000888  eTaskGetState                                   
0000098c  uxTaskPriorityGet                               
000009d0  uxTaskPriorityGetFromISR                        
00000a18  vTaskPrioritySet                                
00000c10  vTaskSuspend                                    
00000e14  vTaskResume                                     
00000ef4  xTaskResumeFromISR                              
00000fdc  vTaskStartScheduler                             
00001088  vTaskEndScheduler                               
000010a4  vTaskSuspendAll                                 
0000115c  xTaskResumeAll                                  
0000130c  xTaskGetTickCount                               
00001328  xTaskGetTickCountFromISR                        
0000134c  uxTaskGetNumberOfTasks                          
00001358  pcTaskGetName                                   
0000152c  xTaskGetHandle                                  
00001634  xTaskGetIdleTaskHandle                          
0000166c  vTaskStepTick                                   
000016c8  xTaskAbortDelay                                 
000017c4  xTaskIncrementTick                              
000019ec  vTaskSwitchContext                              
00001acc  vTaskPlaceOnEventList                           
00001b10  vTaskPlaceOnUnorderedEventList                  
00001b94  vTaskPlaceOnEventListRestricted                 
00001bf0  xTaskRemoveFromEventList                        
00001ce4  xTaskRemoveFromUnorderedEventList               
00001de8  vTaskSetTimeOutState                            
00001e28  xTaskCheckForTimeOut                            
00001f60  vTaskMissedYield                                
00001f74  eTaskConfirmSleepModeStatus                     
00001ff8  vTaskSetThreadLocalStoragePointer               
00002050  pvTaskGetThreadLocalStoragePointer              
000020bc  vTaskAllocateMPURegions                         
00002294  uxTaskGetStackHighWaterMark                     
0000235c  xTaskGetSchedulerState                          
000023ac  uxTaskResetEventItemValue                       
000023e8  ulTaskNotifyTake                                
000024bc  xTaskNotifyWait                                 
000025d0  xTaskGenericNotify                              
000027a0  xTaskGenericNotifyFromISR                       
000029a0  vTaskNotifyGiveFromISR                          
00002c48  xQueueGenericReset                              
00002d70  xQueueGenericCreate                             
00002e8c  xQueueGenericSend                               
0000314c  xQueueGenericSendFromISR                        
000032dc  xQueueGiveFromISR                               
00003448  xQueueGenericReceive                            
0000371c  xQueueReceiveFromISR                            
00003864  xQueuePeekFromISR                               
00003958  uxQueueMessagesWaiting                          
00003990  uxQueueSpacesAvailable                          
000039dc  uxQueueMessagesWaitingFromISR                   
00003a0c  vQueueDelete                                    
00003d40  xQueueIsQueueEmptyFromISR                       
00003dcc  xQueueIsQueueFullFromISR                        
00003e1c  vQueueWaitForMessageRestricted                  
00003eac  xTimerCreateTimerTask                           
00003f10  xTimerCreate                                    
0000400c  xTimerGenericCommand                            
000040e8  xTimerGetTimerDaemonTaskHandle                  
00004120  xTimerGetPeriod                                 
00004150  xTimerGetExpiryTime                             
00004188  pcTimerGetName                                  
0000484c  xTimerIsTimerActive                             
000048bc  pvTimerGetTimerID                               
000048fc  vTimerSetTimerID                                
0000495c  xEventGroupCreate                               
00004998  xEventGroupSync                                 
00004b98  xEventGroupWaitBits                             
00004de8  xEventGroupClearBits                            
00004e6c  xEventGroupGetBitsFromISR                       
00004e9c  xEventGroupSetBits                              
0000504c  vEventGroupDelete                               
000050d0  vEventGroupSetBitsCallback                      
000050ec  vEventGroupClearBitsCallback                    
00005178  vPortStartFirstTask                             
00005208  vPortYieldProcessor                             
000052f4  vPortYeildWithinAPI                             
000053e8  vPortPreemptiveTick                             
000054e8  vPortInitialiseFPSCR                            
000054f4  ulPortCountLeadingZeros                         
000054fc  vPortSWI                                        
000055cc  prvMpuSetRegion                                 
000055e4  prvMpuEnable                                    
000055fc  prvMpuDisable                                   
00005624  pxPortInitialiseStack                           
00005738  vPortStoreTaskMPUSettings                       
000059ac  xPortStartScheduler                             
000059d0  vPortEndScheduler                               
00005a04  pvPortMalloc                                    
00005c58  vPortFree                                       
00005d50  xPortGetFreeHeapSize                            
00005d5c  xPortGetMinimumEverFreeHeapSize                 
00005d68  vPortInitialiseBlocks                           
00005e70  __TI_Handler_Table_Base                         
00005e7c  __TI_Handler_Table_Limit                        
00005ea0  __TI_CINIT_Base                                 
00005ec8  __TI_CINIT_Limit                                
00008020  TI_FeeInternal_GetVirtualSectorParameter        
000081b8  TI_FeeInternal_WriteVirtualSectorHeader         
00008664  TI_FeeInternal_WriteDataF021                    
00008af4  TI_FeeInternal_AlignAddressForECC               
00008b2c  TI_FeeInternal_WriteInitialize                  
00008e08  TI_FeeInternal_PollFlashStatus                  
00008e84  TI_FeeInternal_GetBlockSize                     
00008ec4  TI_FeeInternal_FindNextVirtualSector            
00009188  TI_FeeInternal_BlankCheck                       
00009a50  TI_FeeInternal_GetVirtualSectorIndex            
00009c2c  TI_FeeInternal_GetBlockNumber                   
00009c68  TI_FeeInternal_GetBlockIndex                    
00009ce8  TI_FeeInternal_GetDataSetIndex                  
00009d24  TI_FeeInternal_GetArrayIndex                    
00009e90  TI_FeeInternal_UpdateBlockOffsetArray           
0000aa54  TI_FeeInternal_CheckModuleState                 
0000aab4  TI_FeeInternal_CheckReadParameters              
0000abe4  TI_FeeInternal_GetCurrentBlockAddress           
0000ace8  TI_FeeInternal_GetNextFlashAddress              
0000ad38  TI_FeeInternal_SanityCheck                      
0000af28  TI_FeeInternal_SetClearCopyBlockState           
0000b044  TI_FeeInternal_FeeManager                       
0000c4bc  TI_FeeInternal_WriteBlockHeader                 
0000c81c  TI_FeeInternal_WritePreviousBlockHeader         
0000cb14  TI_FeeInternal_InvalidateErase                  
0000cdc4  TI_FeeInternal_StartProgramBlock                
0000cec8  TI_Fee_GetStatus                                
0000cf34  TI_FeeInternal_CheckForError                    
0000d0b4  TI_FeeInternal_Fletcher16                       
0000d1e0  TI_Fee_ErrorRecovery                            
0000d4bc  TI_Fee_SuspendResumeErase                       
0000d6cc  TI_FeeInternal_EnableRequiredFlashSector        
0000d7f0  selftestFailNotification                        
0000d800  ccmSelfCheck                                    
0000d944  memoryInit                                      
0000d988  stcSelfCheck                                    
0000da04  cpuSelfTest                                     
0000da9c  pbistSelfCheck                                  
0000dc7c  pbistRun                                        
0000dd48  pbistStop                                       
0000dd78  pbistIsTestCompleted                            
0000dda4  pbistIsTestPassed                               
0000ddd8  pbistPortTestStatus                             
0000de30  efcCheck                                        
0000deb8  efcStuckZeroTest                                
0000df64  efcSelfTest                                     
0000df8c  checkefcSelfTest                                
0000e02c  fmcBus2Check                                    
0000e068  fmcECCcheck                                     
0000e108  checkB0RAMECC                                   
0000e2f8  checkB1RAMECC                                   
0000e4e8  checkFlashECC                                   
0000e5c4  custom_dabort                                   
0000e5c8  stcSelfCheckFail                                
0000e5cc  cpuSelfTestFail                                 
0000e5d0  vimParityCheck                                  
0000e67c  dmaParityCheck                                  
0000e728  het1ParityCheck                                 
0000e7d4  htu1ParityCheck                                 
0000e890  het2ParityCheck                                 
0000e98c  htu2ParityCheck                                 
0000ea3c  adc1ParityCheck                                 
0000eb28  adc2ParityCheck                                 
0000ebe0  can1ParityCheck                                 
[...]
0001c25c  canDisableStatusChangeNotification              
0001c27c  canDisableErrorNotification                     
0001c29c  canEnableloopback                               
0001c2d4  canDisableloopback                              
0001c304  canIoSetDirection                               
0001c354  canIoSetPort                                    
0001c3a4  canIoTxGetBit                                   
0001c3c0  canIoRxGetBit                                   
0001c3dc  can1GetConfigValue                              
0001c584  mibspiInit                                      
0001c7d4  mibspiSetFunctional                             
0001c7f4  mibspiSetData                                   
0001c900  mibspiGetData                                   
0001ca4c  mibspiTransfer                                  
0001ca7c  mibspiIsTransferComplete                        
0001cae8  mibspiEnableLoopback                            
0001cb1c  mibspiDisableLoopback                           
0001cb38  mibspiPmodeSet                                  
0001cb88  mibspiEnableGroupNotification                   
0001cc10  mibspiDisableGroupNotification                  
0001cc44  mibspi3GetConfigValue                           
0001cfa4  i2cInit                                         
0001d090  i2cSetOwnAdd                                    
0001d0b0  i2cSetSlaveAdd                                  
0001d0d0  i2cSetBaudrate                                  
0001d1d0  i2cSetStart                                     
0001d1f0  i2cSetStop                                      
0001d210  i2cSetCount                                     
0001d230  i2cIsTxReady                                    
0001d24c  i2cSendByte                                     
0001d27c  i2cSend                                         
0001d348  i2cIsRxReady                                    
0001d364  i2cIsStopDetected                               
0001d380  i2cRxError                                      
0001d3b0  i2cClearSCD                                     
0001d3cc  i2cReceiveByte                                  
0001d3f4  i2cReceive                                      
0001d494  i2cEnableLoopback                               
0001d4b4  i2cDisableLoopback                              
0001d4ec  i2cEnableNotification                           
0001d528  i2cDisableNotification                          
0001d578  i2cSetMode                                      
0001d5b0  i2cGetConfigValue                               
0001d778  i2cSetDirection                                 
0001d7b0  i2cIsMasterReady                                
0001d7f0  i2cIsBusBusy                                    
0001d87c  muxInit                                         
0001dd18  pinmuxGetConfigValue                            
0001e138  channel_on                                      
0001e1e4  channel_off                                     
0001e290  channel_set_group_mask                          
0001e39c  channel_check_mode                              
0001e4a4  channel_read_rawdata_and_convert                
0001e548  channel_check_batteryV_then_update_switch       
0001e644  channel_check_batteryI_then_update_switch       
0001e72c  channel_check_chanV_then_update_switch          
0001e834  channel_resume                                  
0001e8c4  channel_check_overcurrent_then_config_and_resume
0001e93c  sciInit                                         
0001ea28  sciSetFunctional                                
0001ea48  sciSetBaudrate                                  
0001eae4  sciIsTxReady                                    
0001eb00  sciSendByte                                     
0001eb30  sciSend                                         
0001ec64  sciIsRxReady                                    
0001ec80  sciIsIdleDetected                               
0001ec9c  sciRxError                                      
0001eccc  sciReceiveByte                                  
0001ecf8  sciReceive                                      
0001edd0  sciEnableLoopback                               
0001ee04  sciDisableLoopback                              
0001ee28  sciEnableNotification                           
0001ee90  sciDisableNotification                          
0001eef8  sciEnterResetState                              
0001ef18  sciExitResetState                               
0001ef38  scilinGetConfigValue                            
0001f0f4  INA226_SendData                                 
0001f1d4  INA226_ReceiveData                              
0001f31c  INA226_CurrentToAlert_ShuntVoltage_Raw          
0001f344  INA226_VoltageToAlert_BusVoltage_Raw            
0001f36c  INA226_RshuntToCalReg                           
0001f38c  INA226_Init                                     
0001f4d0  INA226_SetMaskReg                               
0001f528  INA226_SetAlertReg                              
0001f59c  INA226_ReadMaskReg                              
0001f5e4  INA226_ReadShuntVoltage_Raw                     
0001f65c  INA226_ReadBusVoltage_Raw                       
0001f6d4  INA226_ReadCurrent_Raw                          
0001f74c  INA226_ReadPower_Raw                            
0001f7c4  INA226_ConvToCurrent_mA                         
0001f7dc  INA226_ConvToVoltage_mV                         
0001f808  INA226_ConvToPower_mW                           
0001f82c  get_hk_bc                                       
0001f9a8  get_hk_batt                                     
0001fcb8  get_hk_channel                                  
0001febc  _errata_SSWF021_45_both_plls                    
000200b0  _errata_SSWF021_45_pll1                         
00020228  _errata_SSWF021_45_pll2                         
00020520  INA3221_SendData                                
00020668  INA3221_ReceiveData                             
000207b0  INA3221_Init                                    
00020848  INA3221_ReadShuntVoltage_Raw                    
00020930  INA3221_ReadBusVoltage_Raw                      
00020a18  INA3221_ConvToCurrent_mA                        
00020a58  INA3221_ConvToVoltage_mV                        
00020a88  INA3221_ConvToPower_mW                          
00020ae4  esmInit                                         
00020bec  esmError                                        
00020c08  esmEnableError                                  
00020c30  esmDisableError                                 
00020c58  esmTriggerErrorPinReset                         
00020c68  esmActivateNormalOperation                      
00020c78  esmEnableInterrupt                              
00020ca0  esmDisableInterrupt                             
00020cc8  esmSetInterruptLevel                            
00020d3c  esmClearStatus                                  
00020d7c  esmClearStatusBuffer                            
00020d98  esmSetCounterPreloadValue                       
00020db8  esmGetStatus                                    
00020e3c  esmGetStatusBuffer                              
00020e74  esmEnterSelfTest                                
00020efc  esmSelfTestStatus                               
00020f4c  esmGetConfigValue                               
000210a0  gioInit                                         
00021170  gioSetDirection                                 
00021190  gioSetBit                                       
000211e0  gioSetPort                                      
00021200  gioGetBit                                       
00021228  gioGetPort                                      
00021240  gioToggleBit                                    
00021298  gioEnableNotification                           
00021300  gioDisableNotification                          
00021368  gioGetConfigValue                               
00021524  battery_chargingSW_on                           
00021574  battery_chargingSW_off                          
000215c4  battery_dischargingSW_on                        
00021614  battery_dischargingSW_off                       
00021664  battery_check_charging_status                   
000216a4  battery_read_rawdata_and_convert                
000216f0  battery_check_temp_then_SW                      
0002179c  battery_check_overcurrent_then_change_MPP       
000218d4  _coreInitRegisters_                             
000219e0  _coreInitStackPointer_                          
00021a2c  _getCPSRValue_                                  
00021a34  _gotoCPUIdle_                                   
00021a4c  _coreEnableVfp_                                 
00021a64  _coreEnableEventBusExport_                      
00021a74  _coreDisableEventBusExport_                     
00021a84  _coreEnableRamEcc_                              
00021a94  _coreDisableRamEcc_                             
00021aa4  _coreEnableFlashEcc_                            
00021ab8  _coreDisableFlashEcc_                           
00021ac8  _coreEnableIrqVicOffset_                        
00021ad8  _coreGetDataFault_                              
00021ae0  _coreClearDataFault_                            
00021aec  _coreGetInstructionFault_                       
00021af4  _coreClearInstructionFault_                     
00021b00  _coreGetDataFaultAddress_                       
00021b08  _coreClearDataFaultAddress_                     
00021b14  _coreGetInstructionFaultAddress_                
00021b1c  _coreClearInstructionFaultAddress_              
00021b28  _coreGetAuxiliaryDataFault_                     
00021b30  _coreClearAuxiliaryDataFault_                   
00021b3c  _coreGetAuxiliaryInstructionFault_              
00021b44  _coreClearAuxiliaryInstructionFault_            
00021b50  _disable_interrupt_                             
00021b58  _disable_FIQ_interrupt_                         
00021b60  _disable_IRQ_interrupt_                         
00021b68  _enable_interrupt_                              
00021b70  _esmCcmErrorsClear_                             
00021bf8  _errata_CORTEXR4_57_                            
00021c08  _errata_CORTEXR4_66_                            
00021c18  __TI_PINIT_Base                                 
00021c1c  __TI_PINIT_Limit                                
00021c20  vimParityErrorHandler                           
00021eec  __aeabi_uldivmod                                
000221a4  _c_int00                                        
000226a4  get_binary                                      
00022764  dac_write_fb                                    
00022915  Fapi_initializeFlashBanks                       
00022b74  heater_on                                       
00022bc0  heater_off                                      
00022c0c  heater_read_rawdata_and_convert                 
00022c34  heater_temp_SW                                  
00022ce0  heater_update_profile                           
00023018  vListInitialise                                 
00023070  vListInitialiseItem                             
0002308c  vListInsertEnd                                  
00023100  vListInsert                                     
000231c4  uxListRemove                                    
00023250  linHighLevelInterrupt                           
00023454  uart_tx                                         
0002354c  sciNotification                                 
00023971  Fapi_setActiveFlashBank                         
00023bcc  xTaskNotifyStateClear                           
00023c48  esmGroup1Notification                           
00023c58  esmGroup2Notification                           
00023c68  memoryPort0TestFailNotification                 
00023c84  memoryPort1TestFailNotification                 
00023ca0  canErrorNotification                            
00023cb4  canStatusChangeNotification                     
00023cc8  canMessageNotification                          
00023cdc  gioNotification                                 
00023cf0  i2cNotification                                 
00023d04  mibspiNotification                              
00023d18  mibspiGroupNotification                         
00023d40  pwmNotification                                 
00023d58  edgeNotification                                
00023d6c  hetNotification                                 
00023d80  dmaGroupANotification                           
00023d94  error_buffer_init                               
00023dbc  error_log_the_data                              
00023e88  error_log_the_timestamp                         
00023ed8  esmHighInterrupt                                
000241ed  ldexp                                           
000241ed  ldexpl                                          
000241ed  scalbn                                          
000241ed  scalbnl                                         
000242dc  _dabort                                         
000243c5  floor                                           
000243c5  floorl                                          
000244a4  _pmuInit_                                       
000244f0  _pmuEnableCountersGlobal_                       
00024500  _pmuDisableCountersGlobal_                      
00024510  _pmuResetCycleCounter_                          
00024520  _pmuResetEventCounters_                         
00024530  _pmuResetCounters_                              
00024540  _pmuStartCounters_                              
00024548  _pmuStopCounters_                               
00024550  _pmuSetCountEvent_                              
0002455c  _pmuGetCycleCount_                              
00024564  _pmuGetEventCount_                              
00024570  _pmuGetOverflow_                                
00024584  crc32_calculate                                 
000246eb  __aeabi_memcpy                                  
000246eb  __aeabi_memcpy4                                 
000246eb  __aeabi_memcpy8                                 
000246eb  memcpy                                          
00024789  Fapi_doBlankCheck                               
0002481c  rtiCompare0Interrupt                            
00024864  rtiCompare1Interrupt                            
000248b1  Fapi_enableEepromBankSectors                    
000249ab  __aeabi_memclr                                  
000249ab  __aeabi_memclr4                                 
000249ab  __aeabi_memclr8                                 
000249ad  __aeabi_memset                                  
000249ad  __aeabi_memset4                                 
000249ad  __aeabi_memset8                                 
000249b3  memset                                          
00024a24  resetRTC_debug                                  
00024a34  resetRTC                                        
00024a48  getcurrTime_sec                                 
00024a64  getcurrTime_ms                                  
00024a80  getrunTime_sec                                  
00024a9d  frexp                                           
00024a9d  frexpl                                          
00024b11  __TI_decompress_lzss                            
00024b7d  _Fapi_loopRegionForValue                        
00024bdb  __TI_ltoa                                       
00024c84  __aeabi_idiv                                    
00024c84  __aeabi_idivmod                                 
00024cd9  Fapi_isAddressEcc                               
00024d79  atoi                                            
00024dc8  __aeabi_uidiv                                   
00024dc8  __aeabi_uidivmod                                
00024e19  _Fapi_EnableSectors                             
00024e5d  __TI_auto_init_nobinit_nopinit                  
00024ee1  sprintf                                         
00024f21  _Fapi_issueFsmCommand                           
00024f5d  Fapi_calculateFletcherChecksum                  
00024f95  Fapi_issueAsyncCommandWithAddress               
00024fc5  Fapi_waitDelay                                  
00024ff5  _Fapi_readDword                                 
00025021  Fapi_issueAsyncCommand                          
0002504b  memccpy                                         
00025071  Fapi_flushPipeline                              
00025093  copysign                                        
00025093  copysignl                                       
000250e7  strcmp                                          
000250ff  strchr                                          
00025115  strlen                                          
0002512b  wcslen                                          
0002513d  Fapi_getNumberOfBankSectors                     
0002514d  _scaleEEFclk                                    
0002515d  _scaleMainFclk                                  
0002516d  __TI_decompress_none                            
0002517b  _Fapi_checkWdService                            
00025187  __TI_zero_init                                  
0002519c  Fapi_serviceWatchdogTimer                       
000251a5  __aeabi_errno_addr                              
000251ad  C$$EXIT                                         
000251ad  abort                                           
000251b0  phantomInterrupt                                
000251b4  handlePLLLockFail                               
00025b00  _ctypes_                                        
00025c64  TI_Fee_Read                                     
0002640c  Device_FlashDevice                              
00026490  Fee_VirtualSectorConfiguration                  
0002649c  Fee_BlockConfiguration                          
080009fc  pxCurrentTCB                                    
08001000  __start___llvm_prf_cnts                         
08001000  __stop___llvm_prf_cnts                          
080036d4  ulCriticalNesting                               
080036d8  ulTaskHasFPUContext                             
080036e4  errno                                           
08003ce4  checkActiveTask_Handle                          
08003ce8  getHKTask_Handle                                
08003cec  heaterCtrlTask_Handle                           
08003cf0  initTask_Handle                                 
08003cf4  outputchanCtrlTask_Handle                       
08003cf8  powerConversion_and_battCtrlTask_Handle         
08003cfc  receiveCMDTask_Handle                           
08003d04  TI_Fee_GlobalVariables                          
08003dd8  TI_Fee_u8DataSets                               
08003ddc  TI_Fee_u32FletcherChecksum                      
08003de0  TI_Fee_u32BlockEraseCount                       
08003de4  TI_Fee_u8DeviceIndex                            
08003de8  TI_Fee_u32ActCpyVS                              
08003dec  TI_Fee_u8ErrEraseVS                             
08003ded  TI_Fee_bEraseSuspended                          
08003dee  TI_Fee_bIsMainFunctionCalled                    
08003df0  TI_Fee_oStatusWord                              
08003df4  TI_FlashStatusWord                              
08003e04  TI_Fee_FapiInitCalled                           
ffffffff  __TI_pprof_out_hndl                             
ffffffff  __TI_prof_data_size                             
ffffffff  __TI_prof_data_start                            
ffffffff  __binit__                                       
ffffffff  __c_args__                                      
ffffffff  binit                                           
UNDEFED   SHT$$INIT_ARRAY$$Base                           
UNDEFED   SHT$$INIT_ARRAY$$Limit                          
UNDEFED   _system_post_cinit                              

[659 symbols]
