******************************************************************************
                  TI ARM Linker PC v20.2.5                     
******************************************************************************
>> Linked Wed Nov 17 18:38:20 2021

OUTPUT FILE NAME:   <FreeRTOS_test1.out>
ENTRY POINT SYMBOL: "_c_int00"  address: 0000f194


MEMORY CONFIGURATION

         name            origin    length      used     unused   attr    fill
----------------------  --------  ---------  --------  --------  ----  --------
  VECTORS               00000000   00000020  00000020  00000000     X
  KERNEL                00000020   00008000  00005e00  00002200  R  X
  FLASH0                00008020   00137fe0  000092b6  0012ed2a  R  X
  STACKS                08000000   00000800  00000000  00000800  RW  
  KRAM                  08000800   00000800  00000140  000006c0  RW  
  RAM                   08001000   0002f000  00002401  0002cbff  RW  


SEGMENT ALLOCATION MAP

run origin  load origin   length   init length attrs members
----------  ----------- ---------- ----------- ----- -------
00000000    00000000    00005568   00005568    r-x
  00000000    00000000    00000020   00000020    r-x .intvecs
  00000020    00000020    00005548   00005548    r-x .kernelTEXT
00005568    00005568    00000800   00000000    rw-
  00005568    00005568    00000800   00000000    rw- .sysmem
00005d68    00005d68    000000b8   000000b8    r--
  00005d68    00005d68    000000b8   000000b8    r-- .cinit
00008020    00008020    000092b6   000092b6    r-x
  00008020    00008020    000090b4   000090b4    r-x .text
  000110d4    000110d4    00000202   00000202    r-- .const
08000800    08000800    00000140   00000000    rw-
  08000800    08000800    00000140   00000000    rw- .kernelBSS
08001000    08001000    00002404   00000000    rw-
  08001000    08001000    00002000   00000000    rw- .kernelHEAP
  08003000    08003000    00000205   00000000    rw- .bss
  08003208    08003208    000001fc   00000000    rw- .data


SECTION ALLOCATION MAP

 output                                  attributes/
section   page    origin      length       input sections
--------  ----  ----------  ----------   ----------------
.intvecs   0    00000000    00000020     
                  00000000    00000020     sys_intvecs.obj (.intvecs)

.kernelTEXT 
*          0    00000020    00005548     
                  00000020    00002c28     os_tasks.obj (.kernelTEXT)
                  00002c48    00001264     os_queue.obj (.kernelTEXT)
                  00003eac    00000ab0     os_timer.obj (.kernelTEXT)
                  0000495c    000004b0     os_portasm.obj (.kernelTEXT)
                  00004e0c    000003e0     os_port.obj (.kernelTEXT)
                  000051ec    0000037c     os_heap.obj (.kernelTEXT)

.cinit     0    00005d68    000000b8     
                  00005d68    0000006b     (.cinit..data.load) [load image, compression = lzss]
                  00005dd3    00000001     --HOLE-- [fill = 0]
                  00005dd4    0000000c     (__TI_handler_table)
                  00005de0    00000009     (.cinit..kernelBSS.load) [load image, compression = lzss]
                  00005de9    00000007     --HOLE-- [fill = 0]
                  00005df0    00000008     (.cinit..bss.load) [load image, compression = zero_init]
                  00005df8    00000008     (.cinit..kernelHEAP.load) [load image, compression = zero_init]
                  00005e00    00000020     (__TI_cinit_table)

.text      0    00008020    000090b4     
                  00008020    00002cdc     sys_selftest.obj (.text)
                  0000acfc    00000b64     system.obj (.text)
                  0000b860    00000a58     sys_vim.obj (.text)
                  0000c2b8    000008d8     i2c.obj (.text)
                  0000cb90    000008ac     pinmux.obj (.text)
                  0000d43c    000007b8     sci.obj (.text)
                  0000dbf4    00000664     errata_SSWF021_45.obj (.text)
                  0000e258    000005bc     esm.obj (.text)
                  0000e814    00000368     sys_main.obj (.text)
                  0000eb7c    0000034c     sys_core.obj (.text)
                  0000eec8    000002cc     sys_vim.obj (.text:retain)
                  0000f194    00000288     sys_startup.obj (.text:retain)
                  0000f41c    00000278     os_heap.obj (.text)
                  0000f694    00000238     os_list.obj (.text)
                  0000f8cc    00000226     rtsv7R4_T_be_v3D16_eabi.lib : _printfi_min.c.obj (.text:__TI_printfi_minimal)
                  0000faf2    00000002                                 : _lock.c.obj (.text:_nop)
                  0000faf4    000001b0     os_port.obj (.text)
                  0000fca4    00000158     os_tasks.obj (.text)
                  0000fdfc    00000118     rtsv7R4_T_be_v3D16_eabi.lib : fputs.c.obj (.text:fputs)
                  0000ff14    00000114     esm.obj (.text:retain)
                  00010028    00000100     rtsv7R4_T_be_v3D16_eabi.lib : memory.c.obj (.text:aligned_alloc)
                  00010128    000000e8     dabort.obj (.text)
                  00010210    000000e4     rtsv7R4_T_be_v3D16_eabi.lib : memory.c.obj (.text:free)
                  000102f4    000000e0                                 : s_floor.c.obj (.text:floor)
                  000103d4    000000e0     sys_pmu.obj (.text)
                  000104b4    000000dc     rtsv7R4_T_be_v3D16_eabi.lib : setvbuf.c.obj (.text:setvbuf)
                  00010590    0000009c                                 : memcpy_t2.asm.obj (.text)
                  0001062c    00000094     notification.obj (.text)
                  000106c0    00000090     rtsv7R4_T_be_v3D16_eabi.lib : fputc.c.obj (.text:fputc)
                  00010750    0000007a                                 : memset_t2.asm.obj (.text)
                  000107ca    00000002     --HOLE-- [fill = 0]
                  000107cc    00000074                                 : fclose.c.obj (.text:__TI_closefile)
                  00010840    00000074                                 : memory.c.obj (.text:split)
                  000108b4    0000006c                                 : hostrename.c.obj (.text:HOSTrename)
                  00010920    0000006c                                 : copy_decompress_lzss.c.obj (.text:decompress:lzss:__TI_decompress_lzss)
                  0001098c    00000068                                 : hostlseek.c.obj (.text:HOSTlseek)
                  000109f4    00000068                                 : printf.c.obj (.text:printf)
                  00010a5c    00000064                                 : _io_perm.c.obj (.text:__TI_wrt_ok)
                  00010ac0    00000064                                 : fseek.c.obj (.text:fseek)
                  00010b24    0000005c                                 : hostopen.c.obj (.text:HOSTopen)
                  00010b80    0000005c                                 : hostread.c.obj (.text:HOSTread)
                  00010bdc    00000058                                 : hostwrite.c.obj (.text:HOSTwrite)
                  00010c34    00000058                                 : close.c.obj (.text:close)
                  00010c8c    0000004c                                 : fflush.c.obj (.text:__TI_doflush)
                  00010cd8    00000044                                 : hostclose.c.obj (.text:HOSTclose)
                  00010d1c    00000044                                 : hostunlink.c.obj (.text:HOSTunlink)
                  00010d60    00000044                                 : autoinit.c.obj (.text:__TI_auto_init_nobinit_nopinit:__TI_auto_init_nobinit_nopinit)
                  00010da4    00000044                                 : exit.c.obj (.text:exit)
                  00010de8    00000044                                 : getdevice.c.obj (.text:getdevice)
                  00010e2c    0000003c                                 : trgmsg.c.obj (.text:__TI_writemsg)
                  00010e68    00000036                                 : strncpy.c.obj (.text:strncpy)
                  00010e9e    00000002     --HOLE-- [fill = 0]
                  00010ea0    00000034                                 : fopen.c.obj (.text:__TI_cleanup)
                  00010ed4    00000034                                 : trgmsg.c.obj (.text:__TI_readmsg)
                  00010f08    00000034                                 : getdevice.c.obj (.text:finddevice)
                  00010f3c    0000002c                                 : unlink.c.obj (.text:unlink)
                  00010f68    00000028                                 : memory.c.obj (.text:free_list_insert)
                  00010f90    00000028                                 : lseek.c.obj (.text:lseek)
                  00010fb8    00000028                                 : write.c.obj (.text:write)
                  00010fe0    00000026                                 : memccpy.c.obj (.text:memccpy)
                  00011006    00000020                                 : memchr.c.obj (.text:memchr)
                  00011026    00000002     --HOLE-- [fill = 0]
                  00011028    0000001c                                 : memory.c.obj (.text:free_list_remove)
                  00011044    00000018                                 : strcmp.c.obj (.text:strcmp)
                  0001105c    00000016                                 : strchr.c.obj (.text:strchr)
                  00011072    00000016                                 : strlen.c.obj (.text:strlen)
                  00011088    00000014                                 : strcpy.c.obj (.text:strcpy)
                  0001109c    0000000e                                 : copy_decompress_none.c.obj (.text:decompress:none:__TI_decompress_none)
                  000110aa    0000000c                                 : copy_zero_init.c.obj (.text:decompress:ZI:__TI_zero_init)
                  000110b6    00000008                                 : memory.c.obj (.text:malloc)
                  000110be    00000004                                 : printf.c.obj (.text:_outc)
                  000110c2    00000004                                 : printf.c.obj (.text:_outs)
                  000110c6    00000004                                 : exit.c.obj (.text:abort:abort)
                  000110ca    00000002     --HOLE-- [fill = 0]
                  000110cc    00000004     sys_phantom.obj (.text:retain)
                  000110d0    00000004     sys_startup.obj (.text)

.const     0    000110d4    00000202     
                  000110d4    00000200     sys_vim.obj (.const:s_vim_init)
                  000112d4    00000002     sys_main.obj (.const:.string:$P$T0$1)

.kernelBSS 
*          0    08000800    00000140     UNINITIALIZED
                  08000800    000000d0     os_tasks.obj (.kernelBSS:uninit)
                  080008d0    00000034     os_tasks.obj (.kernelBSS:init)
                  08000904    00000030     os_timer.obj (.kernelBSS:uninit)
                  08000934    0000000c     os_timer.obj (.kernelBSS:init)

.kernelHEAP 
*          0    08001000    00002000     UNINITIALIZED
                  08001000    00002000     os_heap.obj (.kernelHEAP)

.bss       0    08003000    00000205     UNINITIALIZED
                  08003000    00000120     rtsv7R4_T_be_v3D16_eabi.lib : trgmsg.c.obj (.bss:_CIOBUF_)
                  08003120    000000a0     (.common:__TI_tmpnams)
                  080031c0    00000028     sci.obj (.bss:g_sciTransfer_t)
                  080031e8    0000000c     i2c.obj (.bss:g_i2cTransfer_t)
                  080031f4    00000008     os_heap.obj (.bss:xStart)
                  080031fc    00000008     (.common:parmbuf)
                  08003204    00000001     sys_main.obj (.bss)

.data      0    08003208    000001fc     UNINITIALIZED
                  08003208    000000f0     rtsv7R4_T_be_v3D16_eabi.lib : defs.c.obj (.data:_ftable)
                  080032f8    00000078                                 : host_device.c.obj (.data:_device)
                  08003370    00000050                                 : host_device.c.obj (.data:_stream)
                  080033c0    00000010     os_heap.obj (.data)
                  080033d0    00000010     rtsv7R4_T_be_v3D16_eabi.lib : defs.c.obj (.data)
                  080033e0    0000000c                                 : exit.c.obj (.data:$O1$$)
                  080033ec    00000008                                 : _lock.c.obj (.data:$O1$$)
                  080033f4    00000008                                 : memory.c.obj (.data:$O1$$)
                  080033fc    00000008     os_port.obj (.data)

__llvm_prf_cnts 
*          0    08001000    00000000     UNINITIALIZED

.sysmem    0    00005568    00000800     UNINITIALIZED
                  00005568    00000010     rtsv7R4_T_be_v3D16_eabi.lib : memory.c.obj (.sysmem)
                  00005578    000007f0     --HOLE--

MODULE SUMMARY

       Module                       code    ro data   rw data
       ------                       ----    -------   -------
    .\source\
       os_tasks.obj                 11648   0         260    
       sys_selftest.obj             11484   0         0      
       os_heap.obj                  1524    0         8216   
       os_queue.obj                 4708    0         0      
       sys_vim.obj                  3364    512       0      
       system.obj                   2916    0         0      
       os_timer.obj                 2736    0         60     
       i2c.obj                      2264    0         12     
       pinmux.obj                   2220    0         0      
       sci.obj                      1976    0         40     
       esm.obj                      1744    0         0      
       errata_SSWF021_45.obj        1636    0         0      
       os_port.obj                  1424    0         8      
       os_portasm.obj               1200    0         0      
       sys_main.obj                 872     2         1      
       sys_core.obj                 844     0         0      
       sys_startup.obj              652     0         0      
       os_list.obj                  568     0         0      
       dabort.obj                   232     0         0      
       sys_pmu.obj                  224     0         0      
       notification.obj             148     0         0      
       sys_intvecs.obj              32      0         0      
       sys_phantom.obj              4       0         0      
    +--+----------------------------+-------+---------+---------+
       Total:                       54420   514       8597   
                                                             
    C:/ti/ccsv8/tools/compiler/ti-cgt-arm_20.2.5.LTS/lib/rtsv7R4_T_be_v3D16_eabi.lib
       memory.c.obj                 676     0         8      
       _printfi_min.c.obj           550     0         0      
       defs.c.obj                   0       0         416    
       trgmsg.c.obj                 112     0         288    
       fputs.c.obj                  280     0         0      
       s_floor.c.obj                224     0         0      
       setvbuf.c.obj                220     0         0      
       host_device.c.obj            0       0         200    
       memcpy_t2.asm.obj            156     0         0      
       fputc.c.obj                  144     0         0      
       memset_t2.asm.obj            122     0         0      
       getdevice.c.obj              120     0         0      
       fclose.c.obj                 116     0         0      
       printf.c.obj                 112     0         0      
       copy_decompress_lzss.c.obj   108     0         0      
       hostrename.c.obj             108     0         0      
       hostlseek.c.obj              104     0         0      
       _io_perm.c.obj               100     0         0      
       fseek.c.obj                  100     0         0      
       hostopen.c.obj               92      0         8      
       hostread.c.obj               92      0         0      
       close.c.obj                  88      0         0      
       hostwrite.c.obj              88      0         0      
       exit.c.obj                   72      0         12     
       fflush.c.obj                 76      0         0      
       autoinit.c.obj               68      0         0      
       hostclose.c.obj              68      0         0      
       hostunlink.c.obj             68      0         0      
       strncpy.c.obj                54      0         0      
       fopen.c.obj                  52      0         0      
       unlink.c.obj                 44      0         0      
       lseek.c.obj                  40      0         0      
       write.c.obj                  40      0         0      
       memccpy.c.obj                38      0         0      
       memchr.c.obj                 32      0         0      
       strcmp.c.obj                 24      0         0      
       strchr.c.obj                 22      0         0      
       strlen.c.obj                 22      0         0      
       strcpy.c.obj                 20      0         0      
       copy_decompress_none.c.obj   14      0         0      
       copy_zero_init.c.obj         12      0         0      
       _lock.c.obj                  2       0         8      
    +--+----------------------------+-------+---------+---------+
       Total:                       4480    0         940    
                                                             
       Heap:                        0       0         2048   
       Linker Generated:            0       176       0      
    +--+----------------------------+-------+---------+---------+
       Grand Total:                 58900   690       11585  


LINKER GENERATED COPY TABLES

__TI_cinit_table @ 00005e00 records: 4, size/record: 8, table size: 32
	.data: load addr=00005d68, load size=0000006b bytes, run addr=08003208, run size=000001fc bytes, compression=lzss
	.kernelBSS: load addr=00005de0, load size=00000009 bytes, run addr=08000800, run size=00000140 bytes, compression=lzss
	.bss: load addr=00005df0, load size=00000008 bytes, run addr=08003000, run size=00000205 bytes, compression=zero_init
	.kernelHEAP: load addr=00005df8, load size=00000008 bytes, run addr=08001000, run size=00002000 bytes, compression=zero_init


LINKER GENERATED HANDLER TABLE

__TI_handler_table @ 00005dd4 records: 3, size/record: 4, table size: 12
	index: 0, handler: __TI_decompress_lzss
	index: 1, handler: __TI_decompress_none
	index: 2, handler: __TI_zero_init


GLOBAL SYMBOLS: SORTED ALPHABETICALLY BY Name 

address   name                                
-------   ----                                
000110c7  C$$EXIT                             
00010e5f  C$$IO$$                             
00010cd9  HOSTclose                           
0001098d  HOSTlseek                           
00010b25  HOSTopen                            
00010b81  HOSTread                            
000108b5  HOSTrename                          
00010d1d  HOSTunlink                          
00010bdd  HOSTwrite                           
0000e9f4  INA226_ReceiveData2                 
0000e904  INA226_SendData2                    
UNDEFED   SHT$$INIT_ARRAY$$Base               
UNDEFED   SHT$$INIT_ARRAY$$Limit              
08003000  __CIOBUF_                           
00000800  __SYSMEM_SIZE                       
00005e00  __TI_CINIT_Base                     
00005e20  __TI_CINIT_Limit                    
00005dd4  __TI_Handler_Table_Base             
00005de0  __TI_Handler_Table_Limit            
0000eec0  __TI_PINIT_Base                     
0000eec4  __TI_PINIT_Limit                    
00010d61  __TI_auto_init_nobinit_nopinit      
00010ea1  __TI_cleanup                        
080033e0  __TI_cleanup_ptr                    
000107cd  __TI_closefile                      
00010921  __TI_decompress_lzss                
0001109d  __TI_decompress_none                
00010c8d  __TI_doflush                        
080033e4  __TI_dtors_ptr                      
080033e8  __TI_enable_exit_profile_output     
080033d0  __TI_ft_end                         
ffffffff  __TI_pprof_out_hndl                 
0000f8cd  __TI_printfi_minimal                
ffffffff  __TI_prof_data_size                 
ffffffff  __TI_prof_data_start                
00010ed5  __TI_readmsg                        
00000000  __TI_static_base__                  
08003120  __TI_tmpnams                        
00010e2d  __TI_writemsg                       
00010a5d  __TI_wrt_ok                         
000110ab  __TI_zero_init                      
00010751  __aeabi_memclr                      
00010751  __aeabi_memclr4                     
00010751  __aeabi_memclr8                     
00010591  __aeabi_memcpy                      
00010591  __aeabi_memcpy4                     
00010591  __aeabi_memcpy8                     
00010753  __aeabi_memset                      
00010753  __aeabi_memset4                     
00010753  __aeabi_memset8                     
080033dc  __aeabi_stderr                      
080033d4  __aeabi_stdin                       
080033d8  __aeabi_stdout                      
ffffffff  __binit__                           
ffffffff  __c_args__                          
08001000  __start___llvm_prf_cnts             
08001000  __stop___llvm_prf_cnts              
0000f194  _c_int00                            
0000edd8  _coreClearAuxiliaryDataFault_       
0000edec  _coreClearAuxiliaryInstructionFault_
0000edb0  _coreClearDataFaultAddress_         
0000ed88  _coreClearDataFault_                
0000edc4  _coreClearInstructionFaultAddress_  
0000ed9c  _coreClearInstructionFault_         
0000ed1c  _coreDisableEventBusExport_         
0000ed60  _coreDisableFlashEcc_               
0000ed3c  _coreDisableRamEcc_                 
0000ed0c  _coreEnableEventBusExport_          
0000ed4c  _coreEnableFlashEcc_                
0000ed70  _coreEnableIrqVicOffset_            
0000ed2c  _coreEnableRamEcc_                  
0000ecf4  _coreEnableVfp_                     
0000edd0  _coreGetAuxiliaryDataFault_         
0000ede4  _coreGetAuxiliaryInstructionFault_  
0000eda8  _coreGetDataFaultAddress_           
0000ed80  _coreGetDataFault_                  
0000edbc  _coreGetInstructionFaultAddress_    
0000ed94  _coreGetInstructionFault_           
0000eb7c  _coreInitRegisters_                 
0000ec88  _coreInitStackPointer_              
00010128  _dabort                             
080032f8  _device                             
0000ee00  _disable_FIQ_interrupt_             
0000ee08  _disable_IRQ_interrupt_             
0000edf8  _disable_interrupt_                 
0000ee10  _enable_interrupt_                  
0000eea0  _errata_CORTEXR4_57_                
0000eeb0  _errata_CORTEXR4_66_                
0000dbf4  _errata_SSWF021_45_both_plls        
0000dde8  _errata_SSWF021_45_pll1             
0000df60  _errata_SSWF021_45_pll2             
0000ee18  _esmCcmErrorsClear_                 
08003208  _ftable                             
0000ecd4  _getCPSRValue_                      
0000ecdc  _gotoCPUIdle_                       
080033ec  _lock                               
0000faf3  _nop                                
00010430  _pmuDisableCountersGlobal_          
00010420  _pmuEnableCountersGlobal_           
0001048c  _pmuGetCycleCount_                  
00010494  _pmuGetEventCount_                  
000104a0  _pmuGetOverflow_                    
000103d4  _pmuInit_                           
00010460  _pmuResetCounters_                  
00010440  _pmuResetCycleCounter_              
00010450  _pmuResetEventCounters_             
00010480  _pmuSetCountEvent_                  
00010470  _pmuStartCounters_                  
00010478  _pmuStopCounters_                   
08003370  _stream                             
00005568  _sys_memory                         
UNDEFED   _system_post_cinit                  
080033f0  _unlock                             
000110c7  abort                               
0000926c  adc1ParityCheck                     
00009358  adc2ParityCheck                     
00010029  aligned_alloc                       
ffffffff  binit                               
00009410  can1ParityCheck                     
000094e8  can2ParityCheck                     
000095b0  can3ParityCheck                     
00008030  ccmSelfCheck                        
0000a6fc  ccmr4GetConfigValue                 
00008938  checkB0RAMECC                       
00008b28  checkB1RAMECC                       
00009c18  checkClockMonitor                   
00008d18  checkFlashECC                       
00009cf4  checkFlashEEPROMECC                 
00009e8c  checkPLL1Slip                       
00009f8c  checkPLL2Slip                       
0000a050  checkRAMAddrParity                  
000099d0  checkRAMECC                         
0000a15c  checkRAMUERRTest                    
000087bc  checkefcSelfTest                    
00010c35  close                               
00008234  cpuSelfTest                         
00008dfc  cpuSelfTestFail                     
0000b784  customTrimLPO                       
00008df4  custom_dabort                       
0000ab58  disableParity                       
000106ac  dmaGroupANotification               
00008eac  dmaParityCheck                      
00001f74  eTaskConfirmSleepModeStatus         
00000888  eTaskGetState                       
00008660  efcCheck                            
0000a660  efcGetConfigValue                   
00008794  efcSelfTest                         
000086e8  efcStuckZeroTest                    
0000aad0  enableParity                        
0000a76c  errata_PBIST_4                      
0000e3dc  esmActivateNormalOperation          
0000e4b0  esmClearStatus                      
0000e4f0  esmClearStatusBuffer                
0000e3a4  esmDisableError                     
0000e414  esmDisableInterrupt                 
0000e37c  esmEnableError                      
0000e3ec  esmEnableInterrupt                  
0000e5e8  esmEnterSelfTest                    
0000e360  esmError                            
0000e6c0  esmGetConfigValue                   
0000e52c  esmGetStatus                        
0000e5b0  esmGetStatusBuffer                  
0000e8e4  esmGroup1Notification               
0000e8f4  esmGroup2Notification               
0000ff14  esmHighInterrupt                    
0000e258  esmInit                             
0000e670  esmSelfTestStatus                   
0000e50c  esmSetCounterPreloadValue           
0000e43c  esmSetInterruptLevel                
0000e3cc  esmTriggerErrorPinReset             
00010da5  exit                                
00010f09  finddevice                          
000102f5  floor                               
000102f5  floorl                              
0000a2c4  fmcBus1ParityCheck                  
0000885c  fmcBus2Check                        
00008898  fmcECCcheck                         
000106c1  fputc                               
0000fdfd  fputs                               
00010211  free                                
00010ac1  fseek                               
00010de9  getdevice                           
000110d0  handlePLLLockFail                   
00008f58  het1ParityCheck                     
000090c0  het2ParityCheck                     
00009004  htu1ParityCheck                     
000091bc  htu2ParityCheck                     
0000c6c4  i2cClearSCD                         
0000c7c8  i2cDisableLoopback                  
0000c83c  i2cDisableNotification              
0000c7a8  i2cEnableLoopback                   
0000c800  i2cEnableNotification               
0000c8c4  i2cGetConfigValue                   
0000c2b8  i2cInit                             
0000cb04  i2cIsBusBusy                        
0000cac4  i2cIsMasterReady                    
0000c65c  i2cIsRxReady                        
0000c678  i2cIsStopDetected                   
0000c544  i2cIsTxReady                        
0000e8d0  i2cNotification                     
0000c708  i2cReceive                          
0000c6e0  i2cReceiveByte                      
0000c694  i2cRxError                          
0000c590  i2cSend                             
0000c560  i2cSendByte                         
0000c3e4  i2cSetBaudrate                      
0000c524  i2cSetCount                         
0000ca8c  i2cSetDirection                     
0000c88c  i2cSetMode                          
0000c3a4  i2cSetOwnAdd                        
0000c3c4  i2cSetSlaveAdd                      
0000c4e4  i2cSetStart                         
0000c504  i2cSetStop                          
00010f91  lseek                               
0000e814  main                                
000110b7  malloc                              
0000ae64  mapClocks                           
00010029  memalign                            
00010fe1  memccpy                             
00011007  memchr                              
00010591  memcpy                              
00008174  memoryInit                          
0001064c  memoryPort0TestFailNotification     
00010668  memoryPort1TestFailNotification     
00010759  memset                              
00009684  mibspi1ParityCheck                  
0000978c  mibspi3ParityCheck                  
000098b0  mibspi5ParityCheck                  
0000cb90  muxInit                             
080031fc  parmbuf                             
0000a3ec  pbistFail                           
0000a470  pbistGetConfigValue                 
000085a8  pbistIsTestCompleted                
000085d4  pbistIsTestPassed                   
00008608  pbistPortTestStatus                 
000084ac  pbistRun                            
000082cc  pbistSelfCheck                      
00008578  pbistStop                           
00001358  pcTaskGetName                       
00004188  pcTimerGetName                      
0000ae10  periphInit                          
000110cc  phantomInterrupt                    
0000d02c  pinmuxGetConfigValue                
000109f5  printf                              
00004de4  prvMpuDisable                       
00004dcc  prvMpuEnable                        
00004db4  prvMpuSetRegion                     
000106c1  putc                                
000051ec  pvPortMalloc                        
00002050  pvTaskGetThreadLocalStoragePointer  
000048bc  pvTimerGetTimerID                   
080008d0  pxCurrentTCB                        
00004e0c  pxPortInitialiseStack               
00010f3d  remove                              
00000000  resetEntry                          
0000d904  sciDisableLoopback                  
0000d990  sciDisableNotification              
0000d8d0  sciEnableLoopback                   
0000d928  sciEnableNotification               
0000d9f8  sciEnterResetState                  
0000da18  sciExitResetState                   
0000d43c  sciInit                             
0000d780  sciIsIdleDetected                   
0000d764  sciIsRxReady                        
0000d5e4  sciIsTxReady                        
0000e8a0  sciNotification                     
0000d7f8  sciReceive                          
0000d7cc  sciReceiveByte                      
0000d79c  sciRxError                          
0000d630  sciSend                             
0000d600  sciSendByte                         
0000d548  sciSetBaudrate                      
0000d528  sciSetFunctional                    
0000da38  scilinGetConfigValue                
00008020  selftestFailNotification            
0000add0  setupFlash                          
0000acfc  setupPLL                            
000104b5  setvbuf                             
0000b648  sramGetConfigValue                  
0000a5bc  stcGetConfigValue                   
000081b8  stcSelfCheck                        
00008df8  stcSelfCheckFail                    
0001105d  strchr                              
00011045  strcmp                              
00011089  strcpy                              
00011073  strlen                              
00010e69  strncpy                             
0000b088  systemGetConfigValue                
0000af8c  systemInit                          
0000b058  systemPowerDown                     
0000b49c  tcmflashGetConfigValue              
0000ad5c  trimLPO                             
080033fc  ulCriticalNesting                   
00004cdc  ulPortCountLeadingZeros             
08003400  ulTaskHasFPUContext                 
000023e8  ulTaskNotifyTake                    
00010f3d  unlink                              
0000f840  uxListRemove                        
00003958  uxQueueMessagesWaiting              
000039dc  uxQueueMessagesWaitingFromISR       
00003990  uxQueueSpacesAvailable              
0000134c  uxTaskGetNumberOfTasks              
00002294  uxTaskGetStackHighWaterMark         
0000098c  uxTaskPriorityGet                   
000009d0  uxTaskPriorityGetFromISR            
000023ac  uxTaskResetEventItemValue           
0000f694  vListInitialise                     
0000f6ec  vListInitialiseItem                 
0000f77c  vListInsert                         
0000f708  vListInsertEnd                      
000051b8  vPortEndScheduler                   
00005440  vPortFree                           
00005550  vPortInitialiseBlocks               
00004cd0  vPortInitialiseFPSCR                
00004bd0  vPortPreemptiveTick                 
00004ce4  vPortSWI                            
00004960  vPortStartFirstTask                 
00004f20  vPortStoreTaskMPUSettings           
00004adc  vPortYeildWithinAPI                 
000049f0  vPortYieldProcessor                 
00003a0c  vQueueDelete                        
00003e1c  vQueueWaitForMessageRestricted      
000020bc  vTaskAllocateMPURegions             
00000804  vTaskDelay                          
00000698  vTaskDelayUntil                     
00000530  vTaskDelete                         
00001088  vTaskEndScheduler                   
00001f60  vTaskMissedYield                    
000029a0  vTaskNotifyGiveFromISR              
00001acc  vTaskPlaceOnEventList               
00001b94  vTaskPlaceOnEventListRestricted     
00001b10  vTaskPlaceOnUnorderedEventList      
00000a18  vTaskPrioritySet                    
00000e14  vTaskResume                         
00001ff8  vTaskSetThreadLocalStoragePointer   
00001de8  vTaskSetTimeOutState                
00000fdc  vTaskStartScheduler                 
0000166c  vTaskStepTick                       
00000c10  vTaskSuspend                        
000010a4  vTaskSuspendAll                     
000019ec  vTaskSwitchContext                  
000048fc  vTimerSetTimerID                    
0000b934  vimChannelMap                       
0000bba0  vimDisableInterrupt                 
0000b9d8  vimEnableInterrupt                  
0000bc4c  vimGetConfigValue                   
0000b860  vimInit                             
00008e00  vimParityCheck                      
0000eec8  vimParityErrorHandler               
00010fb9  write                               
00005538  xPortGetFreeHeapSize                
00005544  xPortGetMinimumEverFreeHeapSize     
00005194  xPortStartScheduler                 
00002d70  xQueueGenericCreate                 
00003448  xQueueGenericReceive                
00002c48  xQueueGenericReset                  
00002e8c  xQueueGenericSend                   
0000314c  xQueueGenericSendFromISR            
000032dc  xQueueGiveFromISR                   
00003d40  xQueueIsQueueEmptyFromISR           
00003dcc  xQueueIsQueueFullFromISR            
00003864  xQueuePeekFromISR                   
0000371c  xQueueReceiveFromISR                
000016c8  xTaskAbortDelay                     
00001e28  xTaskCheckForTimeOut                
000000fc  xTaskCreate                         
00000020  xTaskCreateRestricted               
000025d0  xTaskGenericNotify                  
000027a0  xTaskGenericNotifyFromISR           
0000152c  xTaskGetHandle                      
00001634  xTaskGetIdleTaskHandle              
0000235c  xTaskGetSchedulerState              
0000130c  xTaskGetTickCount                   
00001328  xTaskGetTickCountFromISR            
000017c4  xTaskIncrementTick                  
0000fd80  xTaskNotifyStateClear               
000024bc  xTaskNotifyWait                     
00001bf0  xTaskRemoveFromEventList            
00001ce4  xTaskRemoveFromUnorderedEventList   
0000115c  xTaskResumeAll                      
00000ef4  xTaskResumeFromISR                  
00003f10  xTimerCreate                        
00003eac  xTimerCreateTimerTask               
0000400c  xTimerGenericCommand                
00004150  xTimerGetExpiryTime                 
00004120  xTimerGetPeriod                     
000040e8  xTimerGetTimerDaemonTaskHandle      
0000484c  xTimerIsTimerActive                 


GLOBAL SYMBOLS: SORTED BY Symbol Address 

address   name                                
-------   ----                                
00000000  __TI_static_base__                  
00000000  resetEntry                          
00000020  xTaskCreateRestricted               
000000fc  xTaskCreate                         
00000530  vTaskDelete                         
00000698  vTaskDelayUntil                     
00000800  __SYSMEM_SIZE                       
00000804  vTaskDelay                          
00000888  eTaskGetState                       
0000098c  uxTaskPriorityGet                   
000009d0  uxTaskPriorityGetFromISR            
00000a18  vTaskPrioritySet                    
00000c10  vTaskSuspend                        
00000e14  vTaskResume                         
00000ef4  xTaskResumeFromISR                  
00000fdc  vTaskStartScheduler                 
00001088  vTaskEndScheduler                   
000010a4  vTaskSuspendAll                     
0000115c  xTaskResumeAll                      
0000130c  xTaskGetTickCount                   
00001328  xTaskGetTickCountFromISR            
0000134c  uxTaskGetNumberOfTasks              
00001358  pcTaskGetName                       
0000152c  xTaskGetHandle                      
00001634  xTaskGetIdleTaskHandle              
0000166c  vTaskStepTick                       
000016c8  xTaskAbortDelay                     
000017c4  xTaskIncrementTick                  
000019ec  vTaskSwitchContext                  
00001acc  vTaskPlaceOnEventList               
00001b10  vTaskPlaceOnUnorderedEventList      
00001b94  vTaskPlaceOnEventListRestricted     
00001bf0  xTaskRemoveFromEventList            
00001ce4  xTaskRemoveFromUnorderedEventList   
00001de8  vTaskSetTimeOutState                
00001e28  xTaskCheckForTimeOut                
00001f60  vTaskMissedYield                    
00001f74  eTaskConfirmSleepModeStatus         
00001ff8  vTaskSetThreadLocalStoragePointer   
00002050  pvTaskGetThreadLocalStoragePointer  
000020bc  vTaskAllocateMPURegions             
00002294  uxTaskGetStackHighWaterMark         
0000235c  xTaskGetSchedulerState              
000023ac  uxTaskResetEventItemValue           
000023e8  ulTaskNotifyTake                    
000024bc  xTaskNotifyWait                     
000025d0  xTaskGenericNotify                  
000027a0  xTaskGenericNotifyFromISR           
000029a0  vTaskNotifyGiveFromISR              
00002c48  xQueueGenericReset                  
00002d70  xQueueGenericCreate                 
00002e8c  xQueueGenericSend                   
0000314c  xQueueGenericSendFromISR            
000032dc  xQueueGiveFromISR                   
00003448  xQueueGenericReceive                
0000371c  xQueueReceiveFromISR                
00003864  xQueuePeekFromISR                   
00003958  uxQueueMessagesWaiting              
00003990  uxQueueSpacesAvailable              
000039dc  uxQueueMessagesWaitingFromISR       
00003a0c  vQueueDelete                        
00003d40  xQueueIsQueueEmptyFromISR           
00003dcc  xQueueIsQueueFullFromISR            
00003e1c  vQueueWaitForMessageRestricted      
00003eac  xTimerCreateTimerTask               
00003f10  xTimerCreate                        
0000400c  xTimerGenericCommand                
000040e8  xTimerGetTimerDaemonTaskHandle      
00004120  xTimerGetPeriod                     
00004150  xTimerGetExpiryTime                 
00004188  pcTimerGetName                      
0000484c  xTimerIsTimerActive                 
000048bc  pvTimerGetTimerID                   
000048fc  vTimerSetTimerID                    
00004960  vPortStartFirstTask                 
000049f0  vPortYieldProcessor                 
00004adc  vPortYeildWithinAPI                 
00004bd0  vPortPreemptiveTick                 
00004cd0  vPortInitialiseFPSCR                
00004cdc  ulPortCountLeadingZeros             
00004ce4  vPortSWI                            
00004db4  prvMpuSetRegion                     
00004dcc  prvMpuEnable                        
00004de4  prvMpuDisable                       
00004e0c  pxPortInitialiseStack               
00004f20  vPortStoreTaskMPUSettings           
00005194  xPortStartScheduler                 
000051b8  vPortEndScheduler                   
000051ec  pvPortMalloc                        
00005440  vPortFree                           
00005538  xPortGetFreeHeapSize                
00005544  xPortGetMinimumEverFreeHeapSize     
00005550  vPortInitialiseBlocks               
00005568  _sys_memory                         
00005dd4  __TI_Handler_Table_Base             
00005de0  __TI_Handler_Table_Limit            
00005e00  __TI_CINIT_Base                     
00005e20  __TI_CINIT_Limit                    
00008020  selftestFailNotification            
00008030  ccmSelfCheck                        
00008174  memoryInit                          
000081b8  stcSelfCheck                        
00008234  cpuSelfTest                         
000082cc  pbistSelfCheck                      
000084ac  pbistRun                            
00008578  pbistStop                           
000085a8  pbistIsTestCompleted                
000085d4  pbistIsTestPassed                   
00008608  pbistPortTestStatus                 
00008660  efcCheck                            
000086e8  efcStuckZeroTest                    
00008794  efcSelfTest                         
000087bc  checkefcSelfTest                    
0000885c  fmcBus2Check                        
00008898  fmcECCcheck                         
00008938  checkB0RAMECC                       
00008b28  checkB1RAMECC                       
00008d18  checkFlashECC                       
00008df4  custom_dabort                       
00008df8  stcSelfCheckFail                    
00008dfc  cpuSelfTestFail                     
00008e00  vimParityCheck                      
00008eac  dmaParityCheck                      
00008f58  het1ParityCheck                     
00009004  htu1ParityCheck                     
000090c0  het2ParityCheck                     
000091bc  htu2ParityCheck                     
0000926c  adc1ParityCheck                     
00009358  adc2ParityCheck                     
00009410  can1ParityCheck                     
000094e8  can2ParityCheck                     
000095b0  can3ParityCheck                     
00009684  mibspi1ParityCheck                  
0000978c  mibspi3ParityCheck                  
000098b0  mibspi5ParityCheck                  
000099d0  checkRAMECC                         
00009c18  checkClockMonitor                   
00009cf4  checkFlashEEPROMECC                 
00009e8c  checkPLL1Slip                       
00009f8c  checkPLL2Slip                       
0000a050  checkRAMAddrParity                  
0000a15c  checkRAMUERRTest                    
0000a2c4  fmcBus1ParityCheck                  
0000a3ec  pbistFail                           
0000a470  pbistGetConfigValue                 
0000a5bc  stcGetConfigValue                   
0000a660  efcGetConfigValue                   
0000a6fc  ccmr4GetConfigValue                 
0000a76c  errata_PBIST_4                      
0000aad0  enableParity                        
0000ab58  disableParity                       
0000acfc  setupPLL                            
0000ad5c  trimLPO                             
0000add0  setupFlash                          
0000ae10  periphInit                          
0000ae64  mapClocks                           
0000af8c  systemInit                          
0000b058  systemPowerDown                     
0000b088  systemGetConfigValue                
0000b49c  tcmflashGetConfigValue              
0000b648  sramGetConfigValue                  
0000b784  customTrimLPO                       
0000b860  vimInit                             
0000b934  vimChannelMap                       
0000b9d8  vimEnableInterrupt                  
0000bba0  vimDisableInterrupt                 
0000bc4c  vimGetConfigValue                   
0000c2b8  i2cInit                             
0000c3a4  i2cSetOwnAdd                        
0000c3c4  i2cSetSlaveAdd                      
0000c3e4  i2cSetBaudrate                      
0000c4e4  i2cSetStart                         
0000c504  i2cSetStop                          
0000c524  i2cSetCount                         
0000c544  i2cIsTxReady                        
0000c560  i2cSendByte                         
0000c590  i2cSend                             
0000c65c  i2cIsRxReady                        
0000c678  i2cIsStopDetected                   
0000c694  i2cRxError                          
0000c6c4  i2cClearSCD                         
0000c6e0  i2cReceiveByte                      
0000c708  i2cReceive                          
0000c7a8  i2cEnableLoopback                   
0000c7c8  i2cDisableLoopback                  
0000c800  i2cEnableNotification               
0000c83c  i2cDisableNotification              
0000c88c  i2cSetMode                          
0000c8c4  i2cGetConfigValue                   
0000ca8c  i2cSetDirection                     
0000cac4  i2cIsMasterReady                    
0000cb04  i2cIsBusBusy                        
0000cb90  muxInit                             
0000d02c  pinmuxGetConfigValue                
0000d43c  sciInit                             
0000d528  sciSetFunctional                    
0000d548  sciSetBaudrate                      
0000d5e4  sciIsTxReady                        
0000d600  sciSendByte                         
0000d630  sciSend                             
0000d764  sciIsRxReady                        
0000d780  sciIsIdleDetected                   
0000d79c  sciRxError                          
0000d7cc  sciReceiveByte                      
0000d7f8  sciReceive                          
0000d8d0  sciEnableLoopback                   
0000d904  sciDisableLoopback                  
0000d928  sciEnableNotification               
0000d990  sciDisableNotification              
0000d9f8  sciEnterResetState                  
0000da18  sciExitResetState                   
0000da38  scilinGetConfigValue                
0000dbf4  _errata_SSWF021_45_both_plls        
0000dde8  _errata_SSWF021_45_pll1             
0000df60  _errata_SSWF021_45_pll2             
0000e258  esmInit                             
0000e360  esmError                            
0000e37c  esmEnableError                      
0000e3a4  esmDisableError                     
0000e3cc  esmTriggerErrorPinReset             
0000e3dc  esmActivateNormalOperation          
0000e3ec  esmEnableInterrupt                  
0000e414  esmDisableInterrupt                 
0000e43c  esmSetInterruptLevel                
0000e4b0  esmClearStatus                      
0000e4f0  esmClearStatusBuffer                
0000e50c  esmSetCounterPreloadValue           
0000e52c  esmGetStatus                        
0000e5b0  esmGetStatusBuffer                  
0000e5e8  esmEnterSelfTest                    
0000e670  esmSelfTestStatus                   
0000e6c0  esmGetConfigValue                   
0000e814  main                                
0000e8a0  sciNotification                     
0000e8d0  i2cNotification                     
0000e8e4  esmGroup1Notification               
0000e8f4  esmGroup2Notification               
0000e904  INA226_SendData2                    
0000e9f4  INA226_ReceiveData2                 
0000eb7c  _coreInitRegisters_                 
0000ec88  _coreInitStackPointer_              
0000ecd4  _getCPSRValue_                      
0000ecdc  _gotoCPUIdle_                       
0000ecf4  _coreEnableVfp_                     
0000ed0c  _coreEnableEventBusExport_          
0000ed1c  _coreDisableEventBusExport_         
0000ed2c  _coreEnableRamEcc_                  
0000ed3c  _coreDisableRamEcc_                 
0000ed4c  _coreEnableFlashEcc_                
0000ed60  _coreDisableFlashEcc_               
0000ed70  _coreEnableIrqVicOffset_            
0000ed80  _coreGetDataFault_                  
0000ed88  _coreClearDataFault_                
0000ed94  _coreGetInstructionFault_           
0000ed9c  _coreClearInstructionFault_         
0000eda8  _coreGetDataFaultAddress_           
0000edb0  _coreClearDataFaultAddress_         
0000edbc  _coreGetInstructionFaultAddress_    
0000edc4  _coreClearInstructionFaultAddress_  
0000edd0  _coreGetAuxiliaryDataFault_         
0000edd8  _coreClearAuxiliaryDataFault_       
0000ede4  _coreGetAuxiliaryInstructionFault_  
0000edec  _coreClearAuxiliaryInstructionFault_
0000edf8  _disable_interrupt_                 
0000ee00  _disable_FIQ_interrupt_             
0000ee08  _disable_IRQ_interrupt_             
0000ee10  _enable_interrupt_                  
0000ee18  _esmCcmErrorsClear_                 
0000eea0  _errata_CORTEXR4_57_                
0000eeb0  _errata_CORTEXR4_66_                
0000eec0  __TI_PINIT_Base                     
0000eec4  __TI_PINIT_Limit                    
0000eec8  vimParityErrorHandler               
0000f194  _c_int00                            
0000f694  vListInitialise                     
0000f6ec  vListInitialiseItem                 
0000f708  vListInsertEnd                      
0000f77c  vListInsert                         
0000f840  uxListRemove                        
0000f8cd  __TI_printfi_minimal                
0000faf3  _nop                                
0000fd80  xTaskNotifyStateClear               
0000fdfd  fputs                               
0000ff14  esmHighInterrupt                    
00010029  aligned_alloc                       
00010029  memalign                            
00010128  _dabort                             
00010211  free                                
000102f5  floor                               
000102f5  floorl                              
000103d4  _pmuInit_                           
00010420  _pmuEnableCountersGlobal_           
00010430  _pmuDisableCountersGlobal_          
00010440  _pmuResetCycleCounter_              
00010450  _pmuResetEventCounters_             
00010460  _pmuResetCounters_                  
00010470  _pmuStartCounters_                  
00010478  _pmuStopCounters_                   
00010480  _pmuSetCountEvent_                  
0001048c  _pmuGetCycleCount_                  
00010494  _pmuGetEventCount_                  
000104a0  _pmuGetOverflow_                    
000104b5  setvbuf                             
00010591  __aeabi_memcpy                      
00010591  __aeabi_memcpy4                     
00010591  __aeabi_memcpy8                     
00010591  memcpy                              
0001064c  memoryPort0TestFailNotification     
00010668  memoryPort1TestFailNotification     
000106ac  dmaGroupANotification               
000106c1  fputc                               
000106c1  putc                                
00010751  __aeabi_memclr                      
00010751  __aeabi_memclr4                     
00010751  __aeabi_memclr8                     
00010753  __aeabi_memset                      
00010753  __aeabi_memset4                     
00010753  __aeabi_memset8                     
00010759  memset                              
000107cd  __TI_closefile                      
000108b5  HOSTrename                          
00010921  __TI_decompress_lzss                
0001098d  HOSTlseek                           
000109f5  printf                              
00010a5d  __TI_wrt_ok                         
00010ac1  fseek                               
00010b25  HOSTopen                            
00010b81  HOSTread                            
00010bdd  HOSTwrite                           
00010c35  close                               
00010c8d  __TI_doflush                        
00010cd9  HOSTclose                           
00010d1d  HOSTunlink                          
00010d61  __TI_auto_init_nobinit_nopinit      
00010da5  exit                                
00010de9  getdevice                           
00010e2d  __TI_writemsg                       
00010e5f  C$$IO$$                             
00010e69  strncpy                             
00010ea1  __TI_cleanup                        
00010ed5  __TI_readmsg                        
00010f09  finddevice                          
00010f3d  remove                              
00010f3d  unlink                              
00010f91  lseek                               
00010fb9  write                               
00010fe1  memccpy                             
00011007  memchr                              
00011045  strcmp                              
0001105d  strchr                              
00011073  strlen                              
00011089  strcpy                              
0001109d  __TI_decompress_none                
000110ab  __TI_zero_init                      
000110b7  malloc                              
000110c7  C$$EXIT                             
000110c7  abort                               
000110cc  phantomInterrupt                    
000110d0  handlePLLLockFail                   
080008d0  pxCurrentTCB                        
08001000  __start___llvm_prf_cnts             
08001000  __stop___llvm_prf_cnts              
08003000  __CIOBUF_                           
08003120  __TI_tmpnams                        
080031fc  parmbuf                             
08003208  _ftable                             
080032f8  _device                             
08003370  _stream                             
080033d0  __TI_ft_end                         
080033d4  __aeabi_stdin                       
080033d8  __aeabi_stdout                      
080033dc  __aeabi_stderr                      
080033e0  __TI_cleanup_ptr                    
080033e4  __TI_dtors_ptr                      
080033e8  __TI_enable_exit_profile_output     
080033ec  _lock                               
080033f0  _unlock                             
080033fc  ulCriticalNesting                   
08003400  ulTaskHasFPUContext                 
ffffffff  __TI_pprof_out_hndl                 
ffffffff  __TI_prof_data_size                 
ffffffff  __TI_prof_data_start                
ffffffff  __binit__                           
ffffffff  __c_args__                          
ffffffff  binit                               
UNDEFED   SHT$$INIT_ARRAY$$Base               
UNDEFED   SHT$$INIT_ARRAY$$Limit              
UNDEFED   _system_post_cinit                  

[388 symbols]
