******************************************************************************
                  TI ARM Linker PC v20.2.5                     
******************************************************************************
>> Linked Tue Feb  8 15:43:41 2022

OUTPUT FILE NAME:   <FreeRTOS_tasktest1.out>
ENTRY POINT SYMBOL: "_c_int00"  address: 00012840


MEMORY CONFIGURATION

         name            origin    length      used     unused   attr    fill
----------------------  --------  ---------  --------  --------  ----  --------
  VECTORS               00000000   00000020  00000020  00000000     X
  KERNEL                00000020   00008000  00005e28  000021d8  R  X
  FLASH0                00008020   00137fe0  0000ccfc  0012b2e4  R  X
  STACKS                08000000   00000800  00000000  00000800  RW  
  KRAM                  08000800   00000800  00000140  000006c0  RW  
  RAM                   08001000   0002f000  00002e03  0002c1fd  RW  


SEGMENT ALLOCATION MAP

run origin  load origin   length   init length attrs members
----------  ----------- ---------- ----------- ----- -------
00000000    00000000    00005e48   00005e48    r-x
  00000000    00000000    00000020   00000020    r-x .intvecs
  00000020    00000020    00005d60   00005d60    r-x .kernelTEXT
  00005d80    00005d80    000000c8   000000c8    r-- .cinit
00008020    00008020    0000ccfc   0000ccfc    r-x
  00008020    00008020    0000cad8   0000cad8    r-x .text
  00014af8    00014af8    00000224   00000224    r-- .const
08000800    08000800    00000140   00000000    rw-
  08000800    08000800    00000140   00000000    rw- .kernelBSS
08001000    08001000    00002e06   00000000    rw-
  08001000    08001000    00002000   00000000    rw- .kernelHEAP
  08003000    08003000    00000800   00000000    rw- .sysmem
  08003800    08003800    000003dd   00000000    rw- .bss
  08003be0    08003be0    00000226   00000000    rw- .data


SECTION ALLOCATION MAP

 output                                  attributes/
section   page    origin      length       input sections
--------  ----  ----------  ----------   ----------------
.intvecs   0    00000000    00000020     
                  00000000    00000020     sys_intvecs.obj (.intvecs)

.kernelTEXT 
*          0    00000020    00005d60     
                  00000020    00002c28     os_tasks.obj (.kernelTEXT)
                  00002c48    00001264     os_queue.obj (.kernelTEXT)
                  00003eac    00000ab0     os_timer.obj (.kernelTEXT)
                  0000495c    00000818     os_event_groups.obj (.kernelTEXT)
                  00005174    000004b0     os_portasm.obj (.kernelTEXT)
                  00005624    000003e0     os_port.obj (.kernelTEXT)
                  00005a04    0000037c     os_heap.obj (.kernelTEXT)

.cinit     0    00005d80    000000c8     
                  00005d80    0000007c     (.cinit..data.load) [load image, compression = lzss]
                  00005dfc    0000000c     (__TI_handler_table)
                  00005e08    00000009     (.cinit..kernelBSS.load) [load image, compression = lzss]
                  00005e11    00000007     --HOLE-- [fill = 0]
                  00005e18    00000008     (.cinit..bss.load) [load image, compression = zero_init]
                  00005e20    00000008     (.cinit..kernelHEAP.load) [load image, compression = zero_init]
                  00005e28    00000020     (__TI_cinit_table)

.text      0    00008020    0000cad8     
                  00008020    00002cdc     sys_selftest.obj (.text)
                  0000acfc    00000bd4     spi.obj (.text)
                  0000b8d0    00000bbc     os_mpu_wrappers.obj (.text)
                  0000c48c    00000b94     skeleton_main.obj (.text)
                  0000d020    00000b64     system.obj (.text)
                  0000db84    00000a58     sys_vim.obj (.text)
                  0000e5dc    00000a48     can.obj (.text)
                  0000f024    000008d8     i2c.obj (.text)
                  0000f8fc    000008b0     pinmux.obj (.text)
                  000101ac    000007b8     sci.obj (.text)
                  00010964    00000664     errata_SSWF021_45.obj (.text)
                  00010fc8    000005bc     esm.obj (.text)
                  00011584    00000554     ina226.obj (.text)
                  00011ad8    00000484     gio.obj (.text)
                  00011f5c    0000034c     sys_core.obj (.text)
                  000122a8    000002cc     mppt.obj (.text)
                  00012574    000002cc     sys_vim.obj (.text:retain)
                  00012840    00000288     sys_startup.obj (.text:retain)
                  00012ac8    00000278     os_heap.obj (.text)
                  00012d40    00000238     os_list.obj (.text)
                  00012f78    00000226     rtsv7R4_T_be_v3D16_eabi.lib : _printfi_min.c.obj (.text:__TI_printfi_minimal)
                  0001319e    00000002                                 : _lock.c.obj (.text:_nop)
                  000131a0    00000204     sci.obj (.text:retain)
                  000133a4    000001b0     os_port.obj (.text)
                  00013554    00000158     os_tasks.obj (.text)
                  000136ac    00000118     rtsv7R4_T_be_v3D16_eabi.lib : fputs.c.obj (.text:fputs)
                  000137c4    00000114     esm.obj (.text:retain)
                  000138d8    00000108     notification.obj (.text)
                  000139e0    00000100     rtsv7R4_T_be_v3D16_eabi.lib : memory.c.obj (.text:aligned_alloc)
                  00013ae0    00000100     can.obj (.text:retain)
                  00013be0    000000e8     dabort.obj (.text)
                  00013cc8    000000e4     rtsv7R4_T_be_v3D16_eabi.lib : memory.c.obj (.text:free)
                  00013dac    000000e0                                 : s_floor.c.obj (.text:floor)
                  00013e8c    000000e0     sys_pmu.obj (.text)
                  00013f6c    000000dc     rtsv7R4_T_be_v3D16_eabi.lib : setvbuf.c.obj (.text:setvbuf)
                  00014048    0000009c                                 : memcpy_t2.asm.obj (.text)
                  000140e4    00000090                                 : fputc.c.obj (.text:fputc)
                  00014174    0000007a                                 : memset_t2.asm.obj (.text)
                  000141ee    00000002     --HOLE-- [fill = 0]
                  000141f0    00000074                                 : fclose.c.obj (.text:__TI_closefile)
                  00014264    00000074                                 : memory.c.obj (.text:split)
                  000142d8    0000006c                                 : hostrename.c.obj (.text:HOSTrename)
                  00014344    0000006c                                 : copy_decompress_lzss.c.obj (.text:decompress:lzss:__TI_decompress_lzss)
                  000143b0    00000068                                 : hostlseek.c.obj (.text:HOSTlseek)
                  00014418    00000068                                 : printf.c.obj (.text:printf)
                  00014480    00000064                                 : _io_perm.c.obj (.text:__TI_wrt_ok)
                  000144e4    00000064                                 : fseek.c.obj (.text:fseek)
                  00014548    0000005c                                 : hostopen.c.obj (.text:HOSTopen)
                  000145a4    0000005c                                 : hostread.c.obj (.text:HOSTread)
                  00014600    00000058                                 : hostwrite.c.obj (.text:HOSTwrite)
                  00014658    00000058                                 : close.c.obj (.text:close)
                  000146b0    0000004c                                 : fflush.c.obj (.text:__TI_doflush)
                  000146fc    00000044                                 : hostclose.c.obj (.text:HOSTclose)
                  00014740    00000044                                 : hostunlink.c.obj (.text:HOSTunlink)
                  00014784    00000044                                 : autoinit.c.obj (.text:__TI_auto_init_nobinit_nopinit:__TI_auto_init_nobinit_nopinit)
                  000147c8    00000044                                 : exit.c.obj (.text:exit)
                  0001480c    00000044                                 : getdevice.c.obj (.text:getdevice)
                  00014850    0000003c                                 : trgmsg.c.obj (.text:__TI_writemsg)
                  0001488c    00000036                                 : strncpy.c.obj (.text:strncpy)
                  000148c2    00000002     --HOLE-- [fill = 0]
                  000148c4    00000034                                 : fopen.c.obj (.text:__TI_cleanup)
                  000148f8    00000034                                 : trgmsg.c.obj (.text:__TI_readmsg)
                  0001492c    00000034                                 : getdevice.c.obj (.text:finddevice)
                  00014960    0000002c                                 : unlink.c.obj (.text:unlink)
                  0001498c    00000028                                 : memory.c.obj (.text:free_list_insert)
                  000149b4    00000028                                 : lseek.c.obj (.text:lseek)
                  000149dc    00000028                                 : write.c.obj (.text:write)
                  00014a04    00000026                                 : memccpy.c.obj (.text:memccpy)
                  00014a2a    00000020                                 : memchr.c.obj (.text:memchr)
                  00014a4a    00000002     --HOLE-- [fill = 0]
                  00014a4c    0000001c                                 : memory.c.obj (.text:free_list_remove)
                  00014a68    00000018                                 : strcmp.c.obj (.text:strcmp)
                  00014a80    00000016                                 : strchr.c.obj (.text:strchr)
                  00014a96    00000016                                 : strlen.c.obj (.text:strlen)
                  00014aac    00000014                                 : strcpy.c.obj (.text:strcpy)
                  00014ac0    0000000e                                 : copy_decompress_none.c.obj (.text:decompress:none:__TI_decompress_none)
                  00014ace    0000000c                                 : copy_zero_init.c.obj (.text:decompress:ZI:__TI_zero_init)
                  00014ada    00000008                                 : memory.c.obj (.text:malloc)
                  00014ae2    00000004                                 : printf.c.obj (.text:_outc)
                  00014ae6    00000004                                 : printf.c.obj (.text:_outs)
                  00014aea    00000004                                 : exit.c.obj (.text:abort:abort)
                  00014aee    00000002     --HOLE-- [fill = 0]
                  00014af0    00000004     sys_phantom.obj (.text:retain)
                  00014af4    00000004     sys_startup.obj (.text)

.const     0    00014af8    00000224     
                  00014af8    00000200     sys_vim.obj (.const:s_vim_init)
                  00014cf8    00000020     can.obj (.const:s_canByteOrder)
                  00014d18    00000002     skeleton_main.obj (.const:.string:$P$T0$1)
                  00014d1a    00000002     skeleton_main.obj (.const:.string:$P$T1$2)

.kernelBSS 
*          0    08000800    00000140     UNINITIALIZED
                  08000800    000000d0     os_tasks.obj (.kernelBSS:uninit)
                  080008d0    00000034     os_tasks.obj (.kernelBSS:init)
                  08000904    00000030     os_timer.obj (.kernelBSS:uninit)
                  08000934    0000000c     os_timer.obj (.kernelBSS:init)

.kernelHEAP 
*          0    08001000    00002000     UNINITIALIZED
                  08001000    00002000     os_heap.obj (.kernelHEAP)

.sysmem    0    08003000    00000800     UNINITIALIZED
                  08003000    00000010     rtsv7R4_T_be_v3D16_eabi.lib : memory.c.obj (.sysmem)
                  08003010    000007f0     --HOLE--

.bss       0    08003800    000003dd     UNINITIALIZED
                  08003800    00000120     rtsv7R4_T_be_v3D16_eabi.lib : trgmsg.c.obj (.bss:_CIOBUF_)
                  08003920    000000a8     (.common:ina226D)
                  080039c8    000000a0     (.common:__TI_tmpnams)
                  08003a68    000000a0     (.common:mpptD)
                  08003b08    00000078     spi.obj (.bss:g_spiPacket_t)
                  08003b80    00000028     sci.obj (.bss:g_sciTransfer_t)
                  08003ba8    0000000c     i2c.obj (.bss:g_i2cTransfer_t)
                  08003bb4    00000008     os_heap.obj (.bss:xStart)
                  08003bbc    00000008     (.common:parmbuf)
                  08003bc4    00000004     (.common:channelCtrlTask_Handler)
                  08003bc8    00000004     (.common:getHKTask_Handler)
                  08003bcc    00000004     (.common:initTask_Handler)
                  08003bd0    00000004     (.common:mpptTask_Handler)
                  08003bd4    00000004     (.common:receiveCMDTask_Handler)
                  08003bd8    00000004     (.common:selfCheckTask_Handler)
                  08003bdc    00000001     skeleton_main.obj (.bss)

.data      0    08003be0    00000226     UNINITIALIZED
                  08003be0    000000f0     rtsv7R4_T_be_v3D16_eabi.lib : defs.c.obj (.data:_ftable)
                  08003cd0    00000078                                 : host_device.c.obj (.data:_device)
                  08003d48    00000050                                 : host_device.c.obj (.data:_stream)
                  08003d98    0000001b     skeleton_main.obj (.data)
                  08003db3    00000001     --HOLE--
                  08003db4    00000010     os_heap.obj (.data)
                  08003dc4    00000010     rtsv7R4_T_be_v3D16_eabi.lib : defs.c.obj (.data)
                  08003dd4    0000000c                                 : exit.c.obj (.data:$O1$$)
                  08003de0    00000008                                 : _lock.c.obj (.data:$O1$$)
                  08003de8    00000008                                 : memory.c.obj (.data:$O1$$)
                  08003df0    00000008     skeleton_main.obj (.data:channelSW)
                  08003df8    00000008     os_port.obj (.data)
                  08003e00    00000006     skeleton_main.obj (.data:checkFlag)

__llvm_prf_cnts 
*          0    08001000    00000000     UNINITIALIZED

MODULE SUMMARY

       Module                       code    ro data   rw data
       ------                       ----    -------   -------
    .\source\
       os_tasks.obj                 11648   0         260    
       sys_selftest.obj             11484   0         0      
       os_heap.obj                  1524    0         8216   
       os_queue.obj                 4708    0         0      
       sys_vim.obj                  3364    512       0      
       spi.obj                      3028    0         120    
       os_mpu_wrappers.obj          3004    0         0      
       can.obj                      2888    32        0      
       system.obj                   2916    0         0      
       os_timer.obj                 2736    0         60     
       sci.obj                      2492    0         40     
       i2c.obj                      2264    0         12     
       pinmux.obj                   2224    0         0      
       os_event_groups.obj          2072    0         0      
       esm.obj                      1744    0         0      
       errata_SSWF021_45.obj        1636    0         0      
       os_port.obj                  1424    0         8      
       os_portasm.obj               1200    0         0      
       gio.obj                      1156    0         0      
       sys_core.obj                 844     0         0      
       sys_startup.obj              652     0         0      
       os_list.obj                  568     0         0      
       notification.obj             264     0         0      
       dabort.obj                   232     0         0      
       sys_pmu.obj                  224     0         0      
       sys_intvecs.obj              32      0         0      
       sys_phantom.obj              4       0         0      
    +--+----------------------------+-------+---------+---------+
       Total:                       66332   544       8716   
                                                             
    .\source_custom\
       skeleton_main.obj            2964    4         394    
       ina226.obj                   1364    0         0      
       mppt.obj                     716     0         0      
    +--+----------------------------+-------+---------+---------+
       Total:                       5044    4         394    
                                                             
    C:/ti/ccsv8/tools/compiler/ti-cgt-arm_20.2.5.LTS/lib/rtsv7R4_T_be_v3D16_eabi.lib
       memory.c.obj                 676     0         8      
       _printfi_min.c.obj           550     0         0      
       defs.c.obj                   0       0         416    
       trgmsg.c.obj                 112     0         288    
       fputs.c.obj                  280     0         0      
       s_floor.c.obj                224     0         0      
       setvbuf.c.obj                220     0         0      
       host_device.c.obj            0       0         200    
       memcpy_t2.asm.obj            156     0         0      
       fputc.c.obj                  144     0         0      
       memset_t2.asm.obj            122     0         0      
       getdevice.c.obj              120     0         0      
       fclose.c.obj                 116     0         0      
       printf.c.obj                 112     0         0      
       copy_decompress_lzss.c.obj   108     0         0      
       hostrename.c.obj             108     0         0      
       hostlseek.c.obj              104     0         0      
       _io_perm.c.obj               100     0         0      
       fseek.c.obj                  100     0         0      
       hostopen.c.obj               92      0         8      
       hostread.c.obj               92      0         0      
       close.c.obj                  88      0         0      
       hostwrite.c.obj              88      0         0      
       exit.c.obj                   72      0         12     
       fflush.c.obj                 76      0         0      
       autoinit.c.obj               68      0         0      
       hostclose.c.obj              68      0         0      
       hostunlink.c.obj             68      0         0      
       strncpy.c.obj                54      0         0      
       fopen.c.obj                  52      0         0      
       unlink.c.obj                 44      0         0      
       lseek.c.obj                  40      0         0      
       write.c.obj                  40      0         0      
       memccpy.c.obj                38      0         0      
       memchr.c.obj                 32      0         0      
       strcmp.c.obj                 24      0         0      
       strchr.c.obj                 22      0         0      
       strlen.c.obj                 22      0         0      
       strcpy.c.obj                 20      0         0      
       copy_decompress_none.c.obj   14      0         0      
       copy_zero_init.c.obj         12      0         0      
       _lock.c.obj                  2       0         8      
    +--+----------------------------+-------+---------+---------+
       Total:                       4480    0         940    
                                                             
       Heap:                        0       0         2048   
       Linker Generated:            0       193       0      
    +--+----------------------------+-------+---------+---------+
       Grand Total:                 75856   741       12098  


LINKER GENERATED COPY TABLES

__TI_cinit_table @ 00005e28 records: 4, size/record: 8, table size: 32
	.data: load addr=00005d80, load size=0000007c bytes, run addr=08003be0, run size=00000226 bytes, compression=lzss
	.kernelBSS: load addr=00005e08, load size=00000009 bytes, run addr=08000800, run size=00000140 bytes, compression=lzss
	.bss: load addr=00005e18, load size=00000008 bytes, run addr=08003800, run size=000003dd bytes, compression=zero_init
	.kernelHEAP: load addr=00005e20, load size=00000008 bytes, run addr=08001000, run size=00002000 bytes, compression=zero_init


LINKER GENERATED HANDLER TABLE

__TI_handler_table @ 00005dfc records: 3, size/record: 4, table size: 12
	index: 0, handler: __TI_decompress_lzss
	index: 1, handler: __TI_decompress_none
	index: 2, handler: __TI_zero_init


GLOBAL SYMBOLS: SORTED ALPHABETICALLY BY Name 

address   name                                  
-------   ----                                  
00014aeb  C$$EXIT                               
00014883  C$$IO$$                               
000146fd  HOSTclose                             
000143b1  HOSTlseek                             
00014549  HOSTopen                              
000145a5  HOSTread                              
000142d9  HOSTrename                            
00014741  HOSTunlink                            
00014601  HOSTwrite                             
00011a30  INA226_GetCalReg                      
00011924  INA226_GetCurrent                     
000119f4  INA226_GetID                          
000119a4  INA226_GetPower                       
00011834  INA226_GetShuntVoltage                
000118ac  INA226_GetVoltage                     
00011a6c  INA226_Init                           
000116e4  INA226_ReceiveData                    
0001160c  INA226_SendData                       
000118fc  INA226_SetCalReg                      
00011584  INA226_SetRegPointer                  
0000baa0  MPU_eTaskGetState                     
0000bc08  MPU_pcTaskGetName                     
0000c204  MPU_pcTimerGetName                    
0000bce8  MPU_pvTaskGetThreadLocalStoragePointer
0000c13c  MPU_pvTimerGetTimerID                 
0000be00  MPU_ulTaskNotifyTake                  
0000bfbc  MPU_uxQueueMessagesWaiting            
0000bff0  MPU_uxQueueSpacesAvailable            
0000bbdc  MPU_uxTaskGetNumberOfTasks            
0000bc70  MPU_uxTaskGetStackHighWaterMark       
0000ba6c  MPU_uxTaskPriorityGet                 
0000c460  MPU_vEventGroupDelete                 
0000c024  MPU_vQueueDelete                      
0000b978  MPU_vTaskAllocateMPURegions           
0000b9d8  MPU_vTaskDelay                        
0000ba04  MPU_vTaskDelayUntil                   
0000b9ac  MPU_vTaskDelete                       
0000bad4  MPU_vTaskPrioritySet                  
0000bb34  MPU_vTaskResume                       
0000bca4  MPU_vTaskSetThreadLocalStoragePointer 
0000be78  MPU_vTaskSetTimeOutState              
0000bb08  MPU_vTaskSuspend                      
0000bb60  MPU_vTaskSuspendAll                   
0000c170  MPU_vTimerSetTimerID                  
0000c384  MPU_xEventGroupClearBits              
0000c2fc  MPU_xEventGroupCreate                 
0000c3c8  MPU_xEventGroupSetBits                
0000c40c  MPU_xEventGroupSync                   
0000c328  MPU_xEventGroupWaitBits               
0000c050  MPU_xQueueGenericCreate               
0000bf68  MPU_xQueueGenericReceive              
0000c09c  MPU_xQueueGenericReset                
0000bf14  MPU_xQueueGenericSend                 
0000ba38  MPU_xTaskAbortDelay                   
0000bea4  MPU_xTaskCheckForTimeOut              
0000b8d0  MPU_xTaskCreate                       
0000b934  MPU_xTaskCreateRestricted             
0000bd58  MPU_xTaskGenericNotify                
0000bc3c  MPU_xTaskGetHandle                    
0000bd2c  MPU_xTaskGetIdleTaskHandle            
0000bee8  MPU_xTaskGetSchedulerState            
0000bbb0  MPU_xTaskGetTickCount                 
0000be44  MPU_xTaskNotifyStateClear             
0000bdac  MPU_xTaskNotifyWait                   
0000bb84  MPU_xTaskResumeAll                    
0000c0e0  MPU_xTimerCreate                      
0000c2a0  MPU_xTimerGenericCommand              
0000c26c  MPU_xTimerGetExpiryTime               
0000c238  MPU_xTimerGetPeriod                   
0000c1d8  MPU_xTimerGetTimerDaemonTaskHandle    
0000c1a4  MPU_xTimerIsTimerActive               
08003da0  RxTaskCntr                            
UNDEFED   SHT$$INIT_ARRAY$$Base                 
UNDEFED   SHT$$INIT_ARRAY$$Limit                
0000b58c  SpiRxStatus                           
0000b500  SpiTxStatus                           
08003800  __CIOBUF_                             
00000800  __SYSMEM_SIZE                         
00005e28  __TI_CINIT_Base                       
00005e48  __TI_CINIT_Limit                      
00005dfc  __TI_Handler_Table_Base               
00005e08  __TI_Handler_Table_Limit              
000122a0  __TI_PINIT_Base                       
000122a4  __TI_PINIT_Limit                      
00014785  __TI_auto_init_nobinit_nopinit        
000148c5  __TI_cleanup                          
08003dd4  __TI_cleanup_ptr                      
000141f1  __TI_closefile                        
00014345  __TI_decompress_lzss                  
00014ac1  __TI_decompress_none                  
000146b1  __TI_doflush                          
08003dd8  __TI_dtors_ptr                        
08003ddc  __TI_enable_exit_profile_output       
08003dc4  __TI_ft_end                           
ffffffff  __TI_pprof_out_hndl                   
00012f79  __TI_printfi_minimal                  
ffffffff  __TI_prof_data_size                   
ffffffff  __TI_prof_data_start                  
000148f9  __TI_readmsg                          
00000000  __TI_static_base__                    
080039c8  __TI_tmpnams                          
00014851  __TI_writemsg                         
00014481  __TI_wrt_ok                           
00014acf  __TI_zero_init                        
00014175  __aeabi_memclr                        
00014175  __aeabi_memclr4                       
00014175  __aeabi_memclr8                       
00014049  __aeabi_memcpy                        
00014049  __aeabi_memcpy4                       
00014049  __aeabi_memcpy8                       
00014177  __aeabi_memset                        
00014177  __aeabi_memset4                       
00014177  __aeabi_memset8                       
08003dd0  __aeabi_stderr                        
08003dc8  __aeabi_stdin                         
08003dcc  __aeabi_stdout                        
ffffffff  __binit__                             
ffffffff  __c_args__                            
08001000  __start___llvm_prf_cnts               
08001000  __stop___llvm_prf_cnts                
00012840  _c_int00                              
000121b8  _coreClearAuxiliaryDataFault_         
000121cc  _coreClearAuxiliaryInstructionFault_  
00012190  _coreClearDataFaultAddress_           
00012168  _coreClearDataFault_                  
000121a4  _coreClearInstructionFaultAddress_    
0001217c  _coreClearInstructionFault_           
000120fc  _coreDisableEventBusExport_           
00012140  _coreDisableFlashEcc_                 
0001211c  _coreDisableRamEcc_                   
000120ec  _coreEnableEventBusExport_            
0001212c  _coreEnableFlashEcc_                  
00012150  _coreEnableIrqVicOffset_              
0001210c  _coreEnableRamEcc_                    
000120d4  _coreEnableVfp_                       
000121b0  _coreGetAuxiliaryDataFault_           
000121c4  _coreGetAuxiliaryInstructionFault_    
00012188  _coreGetDataFaultAddress_             
00012160  _coreGetDataFault_                    
0001219c  _coreGetInstructionFaultAddress_      
00012174  _coreGetInstructionFault_             
00011f5c  _coreInitRegisters_                   
00012068  _coreInitStackPointer_                
00013be0  _dabort                               
08003cd0  _device                               
000121e0  _disable_FIQ_interrupt_               
000121e8  _disable_IRQ_interrupt_               
000121d8  _disable_interrupt_                   
000121f0  _enable_interrupt_                    
00012280  _errata_CORTEXR4_57_                  
00012290  _errata_CORTEXR4_66_                  
00010964  _errata_SSWF021_45_both_plls          
00010b58  _errata_SSWF021_45_pll1               
00010cd0  _errata_SSWF021_45_pll2               
000121f8  _esmCcmErrorsClear_                   
08003be0  _ftable                               
000120b4  _getCPSRValue_                        
000120bc  _gotoCPUIdle_                         
08003de0  _lock                                 
0001319f  _nop                                  
00013ee8  _pmuDisableCountersGlobal_            
00013ed8  _pmuEnableCountersGlobal_             
00013f44  _pmuGetCycleCount_                    
00013f4c  _pmuGetEventCount_                    
00013f58  _pmuGetOverflow_                      
00013e8c  _pmuInit_                             
00013f18  _pmuResetCounters_                    
00013ef8  _pmuResetCycleCounter_                
00013f08  _pmuResetEventCounters_               
00013f38  _pmuSetCountEvent_                    
00013f28  _pmuStartCounters_                    
00013f30  _pmuStopCounters_                     
08003d48  _stream                               
08003000  _sys_memory                           
UNDEFED   _system_post_cinit                    
08003de4  _unlock                               
00014aeb  abort                                 
0000926c  adc1ParityCheck                       
00009358  adc2ParityCheck                       
000139e1  aligned_alloc                         
ffffffff  binit                                 
0000ee7c  can1GetConfigValue                    
00013ae0  can1HighLevelInterrupt                
00009410  can1ParityCheck                       
000094e8  can2ParityCheck                       
000095b0  can3ParityCheck                       
0000ed1c  canDisableErrorNotification           
0000ecfc  canDisableStatusChangeNotification    
0000ed74  canDisableloopback                    
0000ecbc  canEnableErrorNotification            
0000ecdc  canEnableStatusChangeNotification     
0000ed3c  canEnableloopback                     
00013930  canErrorNotification                  
0000ea64  canFillMessageObjectData              
0000e78c  canGetData                            
0000ec98  canGetErrorLevel                      
0000e8e4  canGetID                              
0000ec74  canGetLastError                       
0000e5dc  canInit                               
0000ee60  canIoRxGetBit                         
0000eda4  canIoSetDirection                     
0000edf4  canIoSetPort                          
0000ee44  canIoTxGetBit                         
0000ec18  canIsMessageBoxValid                  
0000ebbc  canIsRxMessageArrived                 
0000eb60  canIsTxMessagePending                 
00013958  canMessageNotification                
0000e9c4  canSendRemoteFrame                    
00013944  canStatusChangeNotification           
0000e690  canTransmit                           
0000e94c  canUpdateID                           
00008030  ccmSelfCheck                          
0000a6fc  ccmr4GetConfigValue                   
08003bc4  channelCtrlTask_Handler               
0000cc04  channelCtrl_task                      
08003df0  channelSW                             
00008938  checkB0RAMECC                         
00008b28  checkB1RAMECC                         
00009c18  checkClockMonitor                     
00008d18  checkFlashECC                         
00009cf4  checkFlashEEPROMECC                   
00009e8c  checkPLL1Slip                         
00009f8c  checkPLL2Slip                         
0000a050  checkRAMAddrParity                    
000099d0  checkRAMECC                           
0000a15c  checkRAMUERRTest                      
000087bc  checkefcSelfTest                      
00014659  close                                 
00008234  cpuSelfTest                           
00008dfc  cpuSelfTestFail                       
0000daa8  customTrimLPO                         
00008df4  custom_dabort                         
0000c48c  delay                                 
0000ab58  disableParity                         
000139cc  dmaGroupANotification                 
00008eac  dmaParityCheck                        
00001f74  eTaskConfirmSleepModeStatus           
00000888  eTaskGetState                         
00008660  efcCheck                              
0000a660  efcGetConfigValue                     
00008794  efcSelfTest                           
000086e8  efcStuckZeroTest                      
0000aad0  enableParity                          
0000a76c  errata_PBIST_4                        
0001114c  esmActivateNormalOperation            
00011220  esmClearStatus                        
00011260  esmClearStatusBuffer                  
00011114  esmDisableError                       
00011184  esmDisableInterrupt                   
000110ec  esmEnableError                        
0001115c  esmEnableInterrupt                    
00011358  esmEnterSelfTest                      
000110d0  esmError                              
00011430  esmGetConfigValue                     
0001129c  esmGetStatus                          
00011320  esmGetStatusBuffer                    
0000cdd8  esmGroup1Notification                 
0000cde8  esmGroup2Notification                 
000137c4  esmHighInterrupt                      
00010fc8  esmInit                               
000113e0  esmSelfTestStatus                     
0001127c  esmSetCounterPreloadValue             
000111ac  esmSetInterruptLevel                  
0001113c  esmTriggerErrorPinReset               
000147c9  exit                                  
0001492d  finddevice                            
00013dad  floor                                 
00013dad  floorl                                
0000a2c4  fmcBus1ParityCheck                    
0000885c  fmcBus2Check                          
00008898  fmcECCcheck                           
000140e5  fputc                                 
000136ad  fputs                                 
00013cc9  free                                  
000144e5  fseek                                 
08003bc8  getHKTask_Handler                     
0000c8dc  getHK_task                            
0001480d  getdevice                             
00011d38  gioDisableNotification                
00011cd0  gioEnableNotification                 
00011c38  gioGetBit                             
00011da0  gioGetConfigValue                     
00011c60  gioGetPort                            
00011ad8  gioInit                               
0001396c  gioNotification                       
00011bc8  gioSetBit                             
00011ba8  gioSetDirection                       
00011c18  gioSetPort                            
00011c78  gioToggleBit                          
00014af4  handlePLLLockFail                     
00008f58  het1ParityCheck                       
000090c0  het2ParityCheck                       
00009004  htu1ParityCheck                       
000091bc  htu2ParityCheck                       
0000f430  i2cClearSCD                           
0000f534  i2cDisableLoopback                    
0000f5a8  i2cDisableNotification                
0000f514  i2cEnableLoopback                     
0000f56c  i2cEnableNotification                 
0000f630  i2cGetConfigValue                     
0000f024  i2cInit                               
0000f870  i2cIsBusBusy                          
0000f830  i2cIsMasterReady                      
0000f3c8  i2cIsRxReady                          
0000f3e4  i2cIsStopDetected                     
0000f2b0  i2cIsTxReady                          
00013980  i2cNotification                       
0000f474  i2cReceive                            
0000f44c  i2cReceiveByte                        
0000f400  i2cRxError                            
0000f2fc  i2cSend                               
0000f2cc  i2cSendByte                           
0000f150  i2cSetBaudrate                        
0000f290  i2cSetCount                           
0000f7f8  i2cSetDirection                       
0000f5f8  i2cSetMode                            
0000f110  i2cSetOwnAdd                          
0000f130  i2cSetSlaveAdd                        
0000f250  i2cSetStart                           
0000f270  i2cSetStop                            
08003920  ina226D                               
08003bcc  initTask_Handler                      
0000c5c8  init_task                             
000131a0  linHighLevelInterrupt                 
000149b5  lseek                                 
0000c4b8  main                                  
00014adb  malloc                                
0000d188  mapClocks                             
000139e1  memalign                              
00014a05  memccpy                               
00014a2b  memchr                                
00014049  memcpy                                
00008174  memoryInit                            
000138f8  memoryPort0TestFailNotification       
00013914  memoryPort1TestFailNotification       
0001417d  memset                                
00009684  mibspi1ParityCheck                    
0000978c  mibspi3ParityCheck                    
000098b0  mibspi5ParityCheck                    
08003a68  mpptD                                 
08003bd0  mpptTask_Handler                      
000122a8  mppt_hunts                            
0001233c  mppt_pno                              
0000cc6c  mppt_task                             
0000f8fc  muxInit                               
08003da4  oResult                               
08003bbc  parmbuf                               
0000a3ec  pbistFail                             
0000a470  pbistGetConfigValue                   
000085a8  pbistIsTestCompleted                  
000085d4  pbistIsTestPassed                     
00008608  pbistPortTestStatus                   
000084ac  pbistRun                              
000082cc  pbistSelfCheck                        
00008578  pbistStop                             
00001358  pcTaskGetName                         
00004188  pcTimerGetName                        
0000d134  periphInit                            
00014af0  phantomInterrupt                      
08003da8  pina226D                              
0000fd98  pinmuxGetConfigValue                  
08003dac  pmpptD                                
00014419  printf                                
000055fc  prvMpuDisable                         
000055e4  prvMpuEnable                          
000055cc  prvMpuSetRegion                       
000140e5  putc                                  
00005a04  pvPortMalloc                          
00002050  pvTaskGetThreadLocalStoragePointer    
000048bc  pvTimerGetTimerID                     
080008d0  pxCurrentTCB                          
00005624  pxPortInitialiseStack                 
08003bd4  receiveCMDTask_Handler                
0000cb7c  receiveCMD_task                       
00014961  remove                                
00000000  resetEntry                            
00010674  sciDisableLoopback                    
00010700  sciDisableNotification                
00010640  sciEnableLoopback                     
00010698  sciEnableNotification                 
00010768  sciEnterResetState                    
00010788  sciExitResetState                     
000101ac  sciInit                               
000104f0  sciIsIdleDetected                     
000104d4  sciIsRxReady                          
00010354  sciIsTxReady                          
0000cda8  sciNotification                       
00010568  sciReceive                            
0001053c  sciReceiveByte                        
0001050c  sciRxError                            
000103a0  sciSend                               
00010370  sciSendByte                           
000102b8  sciSetBaudrate                        
00010298  sciSetFunctional                      
000107a8  scilinGetConfigValue                  
08003bd8  selfCheckTask_Handler                 
0000ca90  selfCheck_task                        
00008020  selftestFailNotification              
0000d0f4  setupFlash                            
0000d020  setupPLL                              
00013f6d  setvbuf                               
0000b6c4  spi3GetConfigValue                    
0000b64c  spiDisableLoopback                    
0000b698  spiDisableNotification                
0000b618  spiEnableLoopback                     
0000b668  spiEnableNotification                 
000139bc  spiEndNotification                    
0000af68  spiGetData                            
0000acfc  spiInit                               
000139a8  spiNotification                       
0000ae4c  spiReceiveData                        
0000b3c0  spiSendAndGetData                     
0000b18c  spiSendData                           
0000ae2c  spiSetFunctional                      
0000b284  spiTransmitAndReceiveData             
0000b060  spiTransmitData                       
0000d96c  sramGetConfigValue                    
0000a5bc  stcGetConfigValue                     
000081b8  stcSelfCheck                          
00008df8  stcSelfCheckFail                      
00014a81  strchr                                
00014a69  strcmp                                
00014aad  strcpy                                
00014a97  strlen                                
0001488d  strncpy                               
0000d3ac  systemGetConfigValue                  
0000d2b0  systemInit                            
0000d37c  systemPowerDown                       
0000d7c0  tcmflashGetConfigValue                
0000d080  trimLPO                               
08003df8  ulCriticalNesting                     
000054f4  ulPortCountLeadingZeros               
08003dfc  ulTaskHasFPUContext                   
000023e8  ulTaskNotifyTake                      
00014961  unlink                                
00012eec  uxListRemove                          
00003958  uxQueueMessagesWaiting                
000039dc  uxQueueMessagesWaitingFromISR         
00003990  uxQueueSpacesAvailable                
0000134c  uxTaskGetNumberOfTasks                
00002294  uxTaskGetStackHighWaterMark           
0000098c  uxTaskPriorityGet                     
000009d0  uxTaskPriorityGetFromISR              
000023ac  uxTaskResetEventItemValue             
000050ec  vEventGroupClearBitsCallback          
0000504c  vEventGroupDelete                     
000050d0  vEventGroupSetBitsCallback            
00012d40  vListInitialise                       
00012d98  vListInitialiseItem                   
00012e28  vListInsert                           
00012db4  vListInsertEnd                        
000059d0  vPortEndScheduler                     
00005c58  vPortFree                             
00005d68  vPortInitialiseBlocks                 
000054e8  vPortInitialiseFPSCR                  
000053e8  vPortPreemptiveTick                   
000054fc  vPortSWI                              
00005178  vPortStartFirstTask                   
00005738  vPortStoreTaskMPUSettings             
000052f4  vPortYeildWithinAPI                   
00005208  vPortYieldProcessor                   
00003a0c  vQueueDelete                          
00003e1c  vQueueWaitForMessageRestricted        
000020bc  vTaskAllocateMPURegions               
00000804  vTaskDelay                            
00000698  vTaskDelayUntil                       
00000530  vTaskDelete                           
00001088  vTaskEndScheduler                     
00001f60  vTaskMissedYield                      
000029a0  vTaskNotifyGiveFromISR                
00001acc  vTaskPlaceOnEventList                 
00001b94  vTaskPlaceOnEventListRestricted       
00001b10  vTaskPlaceOnUnorderedEventList        
00000a18  vTaskPrioritySet                      
00000e14  vTaskResume                           
00001ff8  vTaskSetThreadLocalStoragePointer     
00001de8  vTaskSetTimeOutState                  
00000fdc  vTaskStartScheduler                   
0000166c  vTaskStepTick                         
00000c10  vTaskSuspend                          
000010a4  vTaskSuspendAll                       
000019ec  vTaskSwitchContext                    
000048fc  vTimerSetTimerID                      
0000dc58  vimChannelMap                         
0000dec4  vimDisableInterrupt                   
0000dcfc  vimEnableInterrupt                    
0000df70  vimGetConfigValue                     
0000db84  vimInit                               
00008e00  vimParityCheck                        
00012574  vimParityErrorHandler                 
000149dd  write                                 
00004de8  xEventGroupClearBits                  
0000495c  xEventGroupCreate                     
00004e6c  xEventGroupGetBitsFromISR             
00004e9c  xEventGroupSetBits                    
00004998  xEventGroupSync                       
00004b98  xEventGroupWaitBits                   
00005d50  xPortGetFreeHeapSize                  
00005d5c  xPortGetMinimumEverFreeHeapSize       
000059ac  xPortStartScheduler                   
00002d70  xQueueGenericCreate                   
00003448  xQueueGenericReceive                  
00002c48  xQueueGenericReset                    
00002e8c  xQueueGenericSend                     
0000314c  xQueueGenericSendFromISR              
000032dc  xQueueGiveFromISR                     
00003d40  xQueueIsQueueEmptyFromISR             
00003dcc  xQueueIsQueueFullFromISR              
00003864  xQueuePeekFromISR                     
0000371c  xQueueReceiveFromISR                  
000016c8  xTaskAbortDelay                       
00001e28  xTaskCheckForTimeOut                  
000000fc  xTaskCreate                           
00000020  xTaskCreateRestricted                 
000025d0  xTaskGenericNotify                    
000027a0  xTaskGenericNotifyFromISR             
0000152c  xTaskGetHandle                        
00001634  xTaskGetIdleTaskHandle                
0000235c  xTaskGetSchedulerState                
0000130c  xTaskGetTickCount                     
00001328  xTaskGetTickCountFromISR              
000017c4  xTaskIncrementTick                    
00013630  xTaskNotifyStateClear                 
000024bc  xTaskNotifyWait                       
00001bf0  xTaskRemoveFromEventList              
00001ce4  xTaskRemoveFromUnorderedEventList     
0000115c  xTaskResumeAll                        
00000ef4  xTaskResumeFromISR                    
00003f10  xTimerCreate                          
00003eac  xTimerCreateTimerTask                 
0000400c  xTimerGenericCommand                  
00004150  xTimerGetExpiryTime                   
00004120  xTimerGetPeriod                       
000040e8  xTimerGetTimerDaemonTaskHandle        
0000484c  xTimerIsTimerActive                   


GLOBAL SYMBOLS: SORTED BY Symbol Address 

address   name                                  
-------   ----                                  
00000000  __TI_static_base__                    
00000000  resetEntry                            
00000020  xTaskCreateRestricted                 
000000fc  xTaskCreate                           
00000530  vTaskDelete                           
00000698  vTaskDelayUntil                       
00000800  __SYSMEM_SIZE                         
00000804  vTaskDelay                            
00000888  eTaskGetState                         
0000098c  uxTaskPriorityGet                     
000009d0  uxTaskPriorityGetFromISR              
00000a18  vTaskPrioritySet                      
00000c10  vTaskSuspend                          
00000e14  vTaskResume                           
00000ef4  xTaskResumeFromISR                    
00000fdc  vTaskStartScheduler                   
00001088  vTaskEndScheduler                     
000010a4  vTaskSuspendAll                       
0000115c  xTaskResumeAll                        
0000130c  xTaskGetTickCount                     
00001328  xTaskGetTickCountFromISR              
0000134c  uxTaskGetNumberOfTasks                
00001358  pcTaskGetName                         
0000152c  xTaskGetHandle                        
00001634  xTaskGetIdleTaskHandle                
0000166c  vTaskStepTick                         
000016c8  xTaskAbortDelay                       
000017c4  xTaskIncrementTick                    
000019ec  vTaskSwitchContext                    
00001acc  vTaskPlaceOnEventList                 
00001b10  vTaskPlaceOnUnorderedEventList        
00001b94  vTaskPlaceOnEventListRestricted       
00001bf0  xTaskRemoveFromEventList              
00001ce4  xTaskRemoveFromUnorderedEventList     
00001de8  vTaskSetTimeOutState                  
00001e28  xTaskCheckForTimeOut                  
00001f60  vTaskMissedYield                      
00001f74  eTaskConfirmSleepModeStatus           
00001ff8  vTaskSetThreadLocalStoragePointer     
00002050  pvTaskGetThreadLocalStoragePointer    
000020bc  vTaskAllocateMPURegions               
00002294  uxTaskGetStackHighWaterMark           
0000235c  xTaskGetSchedulerState                
000023ac  uxTaskResetEventItemValue             
000023e8  ulTaskNotifyTake                      
000024bc  xTaskNotifyWait                       
000025d0  xTaskGenericNotify                    
000027a0  xTaskGenericNotifyFromISR             
000029a0  vTaskNotifyGiveFromISR                
00002c48  xQueueGenericReset                    
00002d70  xQueueGenericCreate                   
00002e8c  xQueueGenericSend                     
0000314c  xQueueGenericSendFromISR              
000032dc  xQueueGiveFromISR                     
00003448  xQueueGenericReceive                  
0000371c  xQueueReceiveFromISR                  
00003864  xQueuePeekFromISR                     
00003958  uxQueueMessagesWaiting                
00003990  uxQueueSpacesAvailable                
000039dc  uxQueueMessagesWaitingFromISR         
00003a0c  vQueueDelete                          
00003d40  xQueueIsQueueEmptyFromISR             
00003dcc  xQueueIsQueueFullFromISR              
00003e1c  vQueueWaitForMessageRestricted        
00003eac  xTimerCreateTimerTask                 
00003f10  xTimerCreate                          
0000400c  xTimerGenericCommand                  
000040e8  xTimerGetTimerDaemonTaskHandle        
00004120  xTimerGetPeriod                       
00004150  xTimerGetExpiryTime                   
00004188  pcTimerGetName                        
0000484c  xTimerIsTimerActive                   
000048bc  pvTimerGetTimerID                     
000048fc  vTimerSetTimerID                      
0000495c  xEventGroupCreate                     
00004998  xEventGroupSync                       
00004b98  xEventGroupWaitBits                   
00004de8  xEventGroupClearBits                  
00004e6c  xEventGroupGetBitsFromISR             
00004e9c  xEventGroupSetBits                    
0000504c  vEventGroupDelete                     
000050d0  vEventGroupSetBitsCallback            
000050ec  vEventGroupClearBitsCallback          
00005178  vPortStartFirstTask                   
00005208  vPortYieldProcessor                   
000052f4  vPortYeildWithinAPI                   
000053e8  vPortPreemptiveTick                   
000054e8  vPortInitialiseFPSCR                  
000054f4  ulPortCountLeadingZeros               
000054fc  vPortSWI                              
000055cc  prvMpuSetRegion                       
000055e4  prvMpuEnable                          
000055fc  prvMpuDisable                         
00005624  pxPortInitialiseStack                 
00005738  vPortStoreTaskMPUSettings             
000059ac  xPortStartScheduler                   
000059d0  vPortEndScheduler                     
00005a04  pvPortMalloc                          
00005c58  vPortFree                             
00005d50  xPortGetFreeHeapSize                  
00005d5c  xPortGetMinimumEverFreeHeapSize       
00005d68  vPortInitialiseBlocks                 
00005dfc  __TI_Handler_Table_Base               
00005e08  __TI_Handler_Table_Limit              
00005e28  __TI_CINIT_Base                       
00005e48  __TI_CINIT_Limit                      
00008020  selftestFailNotification              
00008030  ccmSelfCheck                          
00008174  memoryInit                            
000081b8  stcSelfCheck                          
00008234  cpuSelfTest                           
000082cc  pbistSelfCheck                        
000084ac  pbistRun                              
00008578  pbistStop                             
000085a8  pbistIsTestCompleted                  
000085d4  pbistIsTestPassed                     
00008608  pbistPortTestStatus                   
00008660  efcCheck                              
000086e8  efcStuckZeroTest                      
00008794  efcSelfTest                           
000087bc  checkefcSelfTest                      
0000885c  fmcBus2Check                          
00008898  fmcECCcheck                           
00008938  checkB0RAMECC                         
00008b28  checkB1RAMECC                         
00008d18  checkFlashECC                         
00008df4  custom_dabort                         
00008df8  stcSelfCheckFail                      
00008dfc  cpuSelfTestFail                       
00008e00  vimParityCheck                        
00008eac  dmaParityCheck                        
00008f58  het1ParityCheck                       
00009004  htu1ParityCheck                       
000090c0  het2ParityCheck                       
000091bc  htu2ParityCheck                       
0000926c  adc1ParityCheck                       
00009358  adc2ParityCheck                       
00009410  can1ParityCheck                       
000094e8  can2ParityCheck                       
000095b0  can3ParityCheck                       
00009684  mibspi1ParityCheck                    
0000978c  mibspi3ParityCheck                    
000098b0  mibspi5ParityCheck                    
000099d0  checkRAMECC                           
00009c18  checkClockMonitor                     
00009cf4  checkFlashEEPROMECC                   
00009e8c  checkPLL1Slip                         
00009f8c  checkPLL2Slip                         
0000a050  checkRAMAddrParity                    
0000a15c  checkRAMUERRTest                      
0000a2c4  fmcBus1ParityCheck                    
0000a3ec  pbistFail                             
0000a470  pbistGetConfigValue                   
0000a5bc  stcGetConfigValue                     
0000a660  efcGetConfigValue                     
0000a6fc  ccmr4GetConfigValue                   
0000a76c  errata_PBIST_4                        
0000aad0  enableParity                          
0000ab58  disableParity                         
0000acfc  spiInit                               
0000ae2c  spiSetFunctional                      
0000ae4c  spiReceiveData                        
0000af68  spiGetData                            
0000b060  spiTransmitData                       
0000b18c  spiSendData                           
0000b284  spiTransmitAndReceiveData             
0000b3c0  spiSendAndGetData                     
0000b500  SpiTxStatus                           
0000b58c  SpiRxStatus                           
0000b618  spiEnableLoopback                     
0000b64c  spiDisableLoopback                    
0000b668  spiEnableNotification                 
0000b698  spiDisableNotification                
0000b6c4  spi3GetConfigValue                    
0000b8d0  MPU_xTaskCreate                       
0000b934  MPU_xTaskCreateRestricted             
0000b978  MPU_vTaskAllocateMPURegions           
0000b9ac  MPU_vTaskDelete                       
0000b9d8  MPU_vTaskDelay                        
0000ba04  MPU_vTaskDelayUntil                   
0000ba38  MPU_xTaskAbortDelay                   
0000ba6c  MPU_uxTaskPriorityGet                 
0000baa0  MPU_eTaskGetState                     
0000bad4  MPU_vTaskPrioritySet                  
0000bb08  MPU_vTaskSuspend                      
0000bb34  MPU_vTaskResume                       
0000bb60  MPU_vTaskSuspendAll                   
0000bb84  MPU_xTaskResumeAll                    
0000bbb0  MPU_xTaskGetTickCount                 
0000bbdc  MPU_uxTaskGetNumberOfTasks            
0000bc08  MPU_pcTaskGetName                     
0000bc3c  MPU_xTaskGetHandle                    
0000bc70  MPU_uxTaskGetStackHighWaterMark       
0000bca4  MPU_vTaskSetThreadLocalStoragePointer 
0000bce8  MPU_pvTaskGetThreadLocalStoragePointer
0000bd2c  MPU_xTaskGetIdleTaskHandle            
0000bd58  MPU_xTaskGenericNotify                
0000bdac  MPU_xTaskNotifyWait                   
0000be00  MPU_ulTaskNotifyTake                  
0000be44  MPU_xTaskNotifyStateClear             
0000be78  MPU_vTaskSetTimeOutState              
0000bea4  MPU_xTaskCheckForTimeOut              
0000bee8  MPU_xTaskGetSchedulerState            
0000bf14  MPU_xQueueGenericSend                 
0000bf68  MPU_xQueueGenericReceive              
0000bfbc  MPU_uxQueueMessagesWaiting            
0000bff0  MPU_uxQueueSpacesAvailable            
0000c024  MPU_vQueueDelete                      
0000c050  MPU_xQueueGenericCreate               
0000c09c  MPU_xQueueGenericReset                
0000c0e0  MPU_xTimerCreate                      
0000c13c  MPU_pvTimerGetTimerID                 
0000c170  MPU_vTimerSetTimerID                  
0000c1a4  MPU_xTimerIsTimerActive               
0000c1d8  MPU_xTimerGetTimerDaemonTaskHandle    
0000c204  MPU_pcTimerGetName                    
0000c238  MPU_xTimerGetPeriod                   
0000c26c  MPU_xTimerGetExpiryTime               
0000c2a0  MPU_xTimerGenericCommand              
0000c2fc  MPU_xEventGroupCreate                 
0000c328  MPU_xEventGroupWaitBits               
0000c384  MPU_xEventGroupClearBits              
0000c3c8  MPU_xEventGroupSetBits                
0000c40c  MPU_xEventGroupSync                   
0000c460  MPU_vEventGroupDelete                 
0000c48c  delay                                 
0000c4b8  main                                  
0000c5c8  init_task                             
0000c8dc  getHK_task                            
0000ca90  selfCheck_task                        
0000cb7c  receiveCMD_task                       
0000cc04  channelCtrl_task                      
0000cc6c  mppt_task                             
0000cda8  sciNotification                       
0000cdd8  esmGroup1Notification                 
0000cde8  esmGroup2Notification                 
0000d020  setupPLL                              
0000d080  trimLPO                               
0000d0f4  setupFlash                            
0000d134  periphInit                            
0000d188  mapClocks                             
0000d2b0  systemInit                            
0000d37c  systemPowerDown                       
0000d3ac  systemGetConfigValue                  
0000d7c0  tcmflashGetConfigValue                
0000d96c  sramGetConfigValue                    
0000daa8  customTrimLPO                         
0000db84  vimInit                               
0000dc58  vimChannelMap                         
0000dcfc  vimEnableInterrupt                    
0000dec4  vimDisableInterrupt                   
0000df70  vimGetConfigValue                     
0000e5dc  canInit                               
0000e690  canTransmit                           
0000e78c  canGetData                            
0000e8e4  canGetID                              
0000e94c  canUpdateID                           
0000e9c4  canSendRemoteFrame                    
0000ea64  canFillMessageObjectData              
0000eb60  canIsTxMessagePending                 
0000ebbc  canIsRxMessageArrived                 
0000ec18  canIsMessageBoxValid                  
0000ec74  canGetLastError                       
0000ec98  canGetErrorLevel                      
0000ecbc  canEnableErrorNotification            
0000ecdc  canEnableStatusChangeNotification     
0000ecfc  canDisableStatusChangeNotification    
0000ed1c  canDisableErrorNotification           
0000ed3c  canEnableloopback                     
0000ed74  canDisableloopback                    
0000eda4  canIoSetDirection                     
0000edf4  canIoSetPort                          
0000ee44  canIoTxGetBit                         
0000ee60  canIoRxGetBit                         
0000ee7c  can1GetConfigValue                    
0000f024  i2cInit                               
0000f110  i2cSetOwnAdd                          
0000f130  i2cSetSlaveAdd                        
0000f150  i2cSetBaudrate                        
0000f250  i2cSetStart                           
0000f270  i2cSetStop                            
0000f290  i2cSetCount                           
0000f2b0  i2cIsTxReady                          
0000f2cc  i2cSendByte                           
0000f2fc  i2cSend                               
0000f3c8  i2cIsRxReady                          
0000f3e4  i2cIsStopDetected                     
0000f400  i2cRxError                            
0000f430  i2cClearSCD                           
0000f44c  i2cReceiveByte                        
0000f474  i2cReceive                            
0000f514  i2cEnableLoopback                     
0000f534  i2cDisableLoopback                    
0000f56c  i2cEnableNotification                 
0000f5a8  i2cDisableNotification                
0000f5f8  i2cSetMode                            
0000f630  i2cGetConfigValue                     
0000f7f8  i2cSetDirection                       
0000f830  i2cIsMasterReady                      
0000f870  i2cIsBusBusy                          
0000f8fc  muxInit                               
0000fd98  pinmuxGetConfigValue                  
000101ac  sciInit                               
00010298  sciSetFunctional                      
000102b8  sciSetBaudrate                        
00010354  sciIsTxReady                          
00010370  sciSendByte                           
000103a0  sciSend                               
000104d4  sciIsRxReady                          
000104f0  sciIsIdleDetected                     
0001050c  sciRxError                            
0001053c  sciReceiveByte                        
00010568  sciReceive                            
00010640  sciEnableLoopback                     
00010674  sciDisableLoopback                    
00010698  sciEnableNotification                 
00010700  sciDisableNotification                
00010768  sciEnterResetState                    
00010788  sciExitResetState                     
000107a8  scilinGetConfigValue                  
00010964  _errata_SSWF021_45_both_plls          
00010b58  _errata_SSWF021_45_pll1               
00010cd0  _errata_SSWF021_45_pll2               
00010fc8  esmInit                               
000110d0  esmError                              
000110ec  esmEnableError                        
00011114  esmDisableError                       
0001113c  esmTriggerErrorPinReset               
0001114c  esmActivateNormalOperation            
0001115c  esmEnableInterrupt                    
00011184  esmDisableInterrupt                   
000111ac  esmSetInterruptLevel                  
00011220  esmClearStatus                        
00011260  esmClearStatusBuffer                  
0001127c  esmSetCounterPreloadValue             
0001129c  esmGetStatus                          
00011320  esmGetStatusBuffer                    
00011358  esmEnterSelfTest                      
000113e0  esmSelfTestStatus                     
00011430  esmGetConfigValue                     
00011584  INA226_SetRegPointer                  
0001160c  INA226_SendData                       
000116e4  INA226_ReceiveData                    
00011834  INA226_GetShuntVoltage                
000118ac  INA226_GetVoltage                     
000118fc  INA226_SetCalReg                      
00011924  INA226_GetCurrent                     
000119a4  INA226_GetPower                       
000119f4  INA226_GetID                          
00011a30  INA226_GetCalReg                      
00011a6c  INA226_Init                           
00011ad8  gioInit                               
00011ba8  gioSetDirection                       
00011bc8  gioSetBit                             
00011c18  gioSetPort                            
00011c38  gioGetBit                             
00011c60  gioGetPort                            
00011c78  gioToggleBit                          
00011cd0  gioEnableNotification                 
00011d38  gioDisableNotification                
00011da0  gioGetConfigValue                     
00011f5c  _coreInitRegisters_                   
00012068  _coreInitStackPointer_                
000120b4  _getCPSRValue_                        
000120bc  _gotoCPUIdle_                         
000120d4  _coreEnableVfp_                       
000120ec  _coreEnableEventBusExport_            
000120fc  _coreDisableEventBusExport_           
0001210c  _coreEnableRamEcc_                    
0001211c  _coreDisableRamEcc_                   
0001212c  _coreEnableFlashEcc_                  
00012140  _coreDisableFlashEcc_                 
00012150  _coreEnableIrqVicOffset_              
00012160  _coreGetDataFault_                    
00012168  _coreClearDataFault_                  
00012174  _coreGetInstructionFault_             
0001217c  _coreClearInstructionFault_           
00012188  _coreGetDataFaultAddress_             
00012190  _coreClearDataFaultAddress_           
0001219c  _coreGetInstructionFaultAddress_      
000121a4  _coreClearInstructionFaultAddress_    
000121b0  _coreGetAuxiliaryDataFault_           
000121b8  _coreClearAuxiliaryDataFault_         
000121c4  _coreGetAuxiliaryInstructionFault_    
000121cc  _coreClearAuxiliaryInstructionFault_  
000121d8  _disable_interrupt_                   
000121e0  _disable_FIQ_interrupt_               
000121e8  _disable_IRQ_interrupt_               
000121f0  _enable_interrupt_                    
000121f8  _esmCcmErrorsClear_                   
00012280  _errata_CORTEXR4_57_                  
00012290  _errata_CORTEXR4_66_                  
000122a0  __TI_PINIT_Base                       
000122a4  __TI_PINIT_Limit                      
000122a8  mppt_hunts                            
0001233c  mppt_pno                              
00012574  vimParityErrorHandler                 
00012840  _c_int00                              
00012d40  vListInitialise                       
00012d98  vListInitialiseItem                   
00012db4  vListInsertEnd                        
00012e28  vListInsert                           
00012eec  uxListRemove                          
00012f79  __TI_printfi_minimal                  
0001319f  _nop                                  
000131a0  linHighLevelInterrupt                 
00013630  xTaskNotifyStateClear                 
000136ad  fputs                                 
000137c4  esmHighInterrupt                      
000138f8  memoryPort0TestFailNotification       
00013914  memoryPort1TestFailNotification       
00013930  canErrorNotification                  
00013944  canStatusChangeNotification           
00013958  canMessageNotification                
0001396c  gioNotification                       
00013980  i2cNotification                       
000139a8  spiNotification                       
000139bc  spiEndNotification                    
000139cc  dmaGroupANotification                 
000139e1  aligned_alloc                         
000139e1  memalign                              
00013ae0  can1HighLevelInterrupt                
00013be0  _dabort                               
00013cc9  free                                  
00013dad  floor                                 
00013dad  floorl                                
00013e8c  _pmuInit_                             
00013ed8  _pmuEnableCountersGlobal_             
00013ee8  _pmuDisableCountersGlobal_            
00013ef8  _pmuResetCycleCounter_                
00013f08  _pmuResetEventCounters_               
00013f18  _pmuResetCounters_                    
00013f28  _pmuStartCounters_                    
00013f30  _pmuStopCounters_                     
00013f38  _pmuSetCountEvent_                    
00013f44  _pmuGetCycleCount_                    
00013f4c  _pmuGetEventCount_                    
00013f58  _pmuGetOverflow_                      
00013f6d  setvbuf                               
00014049  __aeabi_memcpy                        
00014049  __aeabi_memcpy4                       
00014049  __aeabi_memcpy8                       
00014049  memcpy                                
000140e5  fputc                                 
000140e5  putc                                  
00014175  __aeabi_memclr                        
00014175  __aeabi_memclr4                       
00014175  __aeabi_memclr8                       
00014177  __aeabi_memset                        
00014177  __aeabi_memset4                       
00014177  __aeabi_memset8                       
0001417d  memset                                
000141f1  __TI_closefile                        
000142d9  HOSTrename                            
00014345  __TI_decompress_lzss                  
000143b1  HOSTlseek                             
00014419  printf                                
00014481  __TI_wrt_ok                           
000144e5  fseek                                 
00014549  HOSTopen                              
000145a5  HOSTread                              
00014601  HOSTwrite                             
00014659  close                                 
000146b1  __TI_doflush                          
000146fd  HOSTclose                             
00014741  HOSTunlink                            
00014785  __TI_auto_init_nobinit_nopinit        
000147c9  exit                                  
0001480d  getdevice                             
00014851  __TI_writemsg                         
00014883  C$$IO$$                               
0001488d  strncpy                               
000148c5  __TI_cleanup                          
000148f9  __TI_readmsg                          
0001492d  finddevice                            
00014961  remove                                
00014961  unlink                                
000149b5  lseek                                 
000149dd  write                                 
00014a05  memccpy                               
00014a2b  memchr                                
00014a69  strcmp                                
00014a81  strchr                                
00014a97  strlen                                
00014aad  strcpy                                
00014ac1  __TI_decompress_none                  
00014acf  __TI_zero_init                        
00014adb  malloc                                
00014aeb  C$$EXIT                               
00014aeb  abort                                 
00014af0  phantomInterrupt                      
00014af4  handlePLLLockFail                     
080008d0  pxCurrentTCB                          
08001000  __start___llvm_prf_cnts               
08001000  __stop___llvm_prf_cnts                
08003000  _sys_memory                           
08003800  __CIOBUF_                             
08003920  ina226D                               
080039c8  __TI_tmpnams                          
08003a68  mpptD                                 
08003bbc  parmbuf                               
08003bc4  channelCtrlTask_Handler               
08003bc8  getHKTask_Handler                     
08003bcc  initTask_Handler                      
08003bd0  mpptTask_Handler                      
08003bd4  receiveCMDTask_Handler                
08003bd8  selfCheckTask_Handler                 
08003be0  _ftable                               
08003cd0  _device                               
08003d48  _stream                               
08003da0  RxTaskCntr                            
08003da4  oResult                               
08003da8  pina226D                              
08003dac  pmpptD                                
08003dc4  __TI_ft_end                           
08003dc8  __aeabi_stdin                         
08003dcc  __aeabi_stdout                        
08003dd0  __aeabi_stderr                        
08003dd4  __TI_cleanup_ptr                      
08003dd8  __TI_dtors_ptr                        
08003ddc  __TI_enable_exit_profile_output       
08003de0  _lock                                 
08003de4  _unlock                               
08003df0  channelSW                             
08003df8  ulCriticalNesting                     
08003dfc  ulTaskHasFPUContext                   
ffffffff  __TI_pprof_out_hndl                   
ffffffff  __TI_prof_data_size                   
ffffffff  __TI_prof_data_start                  
ffffffff  __binit__                             
ffffffff  __c_args__                            
ffffffff  binit                                 
UNDEFED   SHT$$INIT_ARRAY$$Base                 
UNDEFED   SHT$$INIT_ARRAY$$Limit                
UNDEFED   _system_post_cinit                    

[535 symbols]
