******************************************************************************
                  TI ARM Linker PC v20.2.5                     
******************************************************************************
>> Linked Wed Mar  2 11:24:28 2022

OUTPUT FILE NAME:   <FreeRTOS_tasktest1.out>
ENTRY POINT SYMBOL: "_c_int00"  address: 00012568


MEMORY CONFIGURATION

         name            origin    length      used     unused   attr    fill
----------------------  --------  ---------  --------  --------  ----  --------
  VECTORS               00000000   00000020  00000020  00000000     X
  KERNEL                00000020   00008000  00005e28  000021d8  R  X
  FLASH0                00008020   00137fe0  0000ccd8  0012b308  R  X
  STACKS                08000000   00000800  00000000  00000800  RW  
  KRAM                  08000800   00000800  00000140  000006c0  RW  
  RAM                   08001000   0002f000  00002d63  0002c29d  RW  


SEGMENT ALLOCATION MAP

run origin  load origin   length   init length attrs members
----------  ----------- ---------- ----------- ----- -------
00000000    00000000    00005e48   00005e48    r-x
  00000000    00000000    00000020   00000020    r-x .intvecs
  00000020    00000020    00005d60   00005d60    r-x .kernelTEXT
  00005d80    00005d80    000000c8   000000c8    r-- .cinit
00008020    00008020    0000ccd8   0000ccd8    r-x
  00008020    00008020    0000cab4   0000cab4    r-x .text
  00014ad4    00014ad4    00000224   00000224    r-- .const
08000800    08000800    00000140   00000000    rw-
  08000800    08000800    00000140   00000000    rw- .kernelBSS
08001000    08001000    00002d66   00000000    rw-
  08001000    08001000    00002000   00000000    rw- .kernelHEAP
  08003000    08003000    00000800   00000000    rw- .sysmem
  08003800    08003800    0000033d   00000000    rw- .bss
  08003b40    08003b40    00000226   00000000    rw- .data


SECTION ALLOCATION MAP

 output                                  attributes/
section   page    origin      length       input sections
--------  ----  ----------  ----------   ----------------
.intvecs   0    00000000    00000020     
                  00000000    00000020     sys_intvecs.obj (.intvecs)

.kernelTEXT 
*          0    00000020    00005d60     
                  00000020    00002c28     os_tasks.obj (.kernelTEXT)
                  00002c48    00001264     os_queue.obj (.kernelTEXT)
                  00003eac    00000ab0     os_timer.obj (.kernelTEXT)
                  0000495c    00000818     os_event_groups.obj (.kernelTEXT)
                  00005174    000004b0     os_portasm.obj (.kernelTEXT)
                  00005624    000003e0     os_port.obj (.kernelTEXT)
                  00005a04    0000037c     os_heap.obj (.kernelTEXT)

.cinit     0    00005d80    000000c8     
                  00005d80    0000007f     (.cinit..data.load) [load image, compression = lzss]
                  00005dff    00000001     --HOLE-- [fill = 0]
                  00005e00    0000000c     (__TI_handler_table)
                  00005e0c    00000009     (.cinit..kernelBSS.load) [load image, compression = lzss]
                  00005e15    00000003     --HOLE-- [fill = 0]
                  00005e18    00000008     (.cinit..bss.load) [load image, compression = zero_init]
                  00005e20    00000008     (.cinit..kernelHEAP.load) [load image, compression = zero_init]
                  00005e28    00000020     (__TI_cinit_table)

.text      0    00008020    0000cab4     
                  00008020    00002cdc     sys_selftest.obj (.text)
                  0000acfc    00000bf8     skeleton_main.obj (.text)
                  0000b8f4    00000bd4     spi.obj (.text)
                  0000c4c8    00000bbc     os_mpu_wrappers.obj (.text)
                  0000d084    00000b64     system.obj (.text)
                  0000dbe8    00000a58     sys_vim.obj (.text)
                  0000e640    00000a48     can.obj (.text)
                  0000f088    000008d8     i2c.obj (.text)
                  0000f960    000008b0     pinmux.obj (.text)
                  00010210    000007b8     sci.obj (.text)
                  000109c8    00000664     errata_SSWF021_45.obj (.text)
                  0001102c    000005bc     esm.obj (.text)
                  000115e8    000004e4     ina226.obj (.text)
                  00011acc    00000484     gio.obj (.text)
                  00011f50    0000034c     sys_core.obj (.text)
                  0001229c    000002cc     sys_vim.obj (.text:retain)
                  00012568    00000288     sys_startup.obj (.text:retain)
                  000127f0    00000278     os_heap.obj (.text)
                  00012a68    00000260     mppt.obj (.text)
                  00012cc8    00000238     os_list.obj (.text)
                  00012f00    00000226     rtsv7R4_T_be_v3D16_eabi.lib : _printfi_min.c.obj (.text:__TI_printfi_minimal)
                  00013126    00000002                                 : _lock.c.obj (.text:_nop)
                  00013128    00000204     sci.obj (.text:retain)
                  0001332c    000001b0     os_port.obj (.text)
                  000134dc    00000158     os_tasks.obj (.text)
                  00013634    00000118     rtsv7R4_T_be_v3D16_eabi.lib : fputs.c.obj (.text:fputs)
                  0001374c    00000114     esm.obj (.text:retain)
                  00013860    00000108     notification.obj (.text)
                  00013968    00000100     rtsv7R4_T_be_v3D16_eabi.lib : memory.c.obj (.text:aligned_alloc)
                  00013a68    00000100     can.obj (.text:retain)
                  00013b68    000000e8     dabort.obj (.text)
                  00013c50    000000e4     rtsv7R4_T_be_v3D16_eabi.lib : memory.c.obj (.text:free)
                  00013d34    000000e0                                 : s_floor.c.obj (.text:floor)
                  00013e14    000000e0     sys_pmu.obj (.text)
                  00013ef4    000000dc     rtsv7R4_T_be_v3D16_eabi.lib : setvbuf.c.obj (.text:setvbuf)
                  00013fd0    0000009c                                 : memcpy_t2.asm.obj (.text)
                  0001406c    00000090                                 : fputc.c.obj (.text:fputc)
                  000140fc    0000007a                                 : memset_t2.asm.obj (.text)
                  00014176    00000002                                 : div0.asm.obj (.text)
                  00014178    00000074                                 : fclose.c.obj (.text:__TI_closefile)
                  000141ec    00000074                                 : memory.c.obj (.text:split)
                  00014260    0000006c                                 : hostrename.c.obj (.text:HOSTrename)
                  000142cc    0000006c                                 : copy_decompress_lzss.c.obj (.text:decompress:lzss:__TI_decompress_lzss)
                  00014338    00000068                                 : hostlseek.c.obj (.text:HOSTlseek)
                  000143a0    00000068                                 : printf.c.obj (.text:printf)
                  00014408    00000064                                 : _io_perm.c.obj (.text:__TI_wrt_ok)
                  0001446c    00000064                                 : fseek.c.obj (.text:fseek)
                  000144d0    0000005c                                 : hostopen.c.obj (.text:HOSTopen)
                  0001452c    0000005c                                 : hostread.c.obj (.text:HOSTread)
                  00014588    00000058                                 : hostwrite.c.obj (.text:HOSTwrite)
                  000145e0    00000058                                 : close.c.obj (.text:close)
                  00014638    00000054                                 : i_div32.asm.obj (.text)
                  0001468c    0000004c                                 : fflush.c.obj (.text:__TI_doflush)
                  000146d8    00000044                                 : hostclose.c.obj (.text:HOSTclose)
                  0001471c    00000044                                 : hostunlink.c.obj (.text:HOSTunlink)
                  00014760    00000044                                 : autoinit.c.obj (.text:__TI_auto_init_nobinit_nopinit:__TI_auto_init_nobinit_nopinit)
                  000147a4    00000044                                 : exit.c.obj (.text:exit)
                  000147e8    00000044                                 : getdevice.c.obj (.text:getdevice)
                  0001482c    0000003c                                 : trgmsg.c.obj (.text:__TI_writemsg)
                  00014868    00000036                                 : strncpy.c.obj (.text:strncpy)
                  0001489e    00000002     --HOLE-- [fill = 0]
                  000148a0    00000034                                 : fopen.c.obj (.text:__TI_cleanup)
                  000148d4    00000034                                 : trgmsg.c.obj (.text:__TI_readmsg)
                  00014908    00000034                                 : getdevice.c.obj (.text:finddevice)
                  0001493c    0000002c                                 : unlink.c.obj (.text:unlink)
                  00014968    00000028                                 : memory.c.obj (.text:free_list_insert)
                  00014990    00000028                                 : lseek.c.obj (.text:lseek)
                  000149b8    00000028                                 : write.c.obj (.text:write)
                  000149e0    00000026                                 : memccpy.c.obj (.text:memccpy)
                  00014a06    00000020                                 : memchr.c.obj (.text:memchr)
                  00014a26    00000002     --HOLE-- [fill = 0]
                  00014a28    0000001c                                 : memory.c.obj (.text:free_list_remove)
                  00014a44    00000018                                 : strcmp.c.obj (.text:strcmp)
                  00014a5c    00000016                                 : strchr.c.obj (.text:strchr)
                  00014a72    00000016                                 : strlen.c.obj (.text:strlen)
                  00014a88    00000014                                 : strcpy.c.obj (.text:strcpy)
                  00014a9c    0000000e                                 : copy_decompress_none.c.obj (.text:decompress:none:__TI_decompress_none)
                  00014aaa    0000000c                                 : copy_zero_init.c.obj (.text:decompress:ZI:__TI_zero_init)
                  00014ab6    00000008                                 : memory.c.obj (.text:malloc)
                  00014abe    00000004                                 : printf.c.obj (.text:_outc)
                  00014ac2    00000004                                 : printf.c.obj (.text:_outs)
                  00014ac6    00000004                                 : exit.c.obj (.text:abort:abort)
                  00014aca    00000002     --HOLE-- [fill = 0]
                  00014acc    00000004     sys_phantom.obj (.text:retain)
                  00014ad0    00000004     sys_startup.obj (.text)

.const     0    00014ad4    00000224     
                  00014ad4    00000200     sys_vim.obj (.const:s_vim_init)
                  00014cd4    00000020     can.obj (.const:s_canByteOrder)
                  00014cf4    00000002     skeleton_main.obj (.const:.string:$P$T0$1)
                  00014cf6    00000002     skeleton_main.obj (.const:.string:$P$T1$2)

.kernelBSS 
*          0    08000800    00000140     UNINITIALIZED
                  08000800    000000d0     os_tasks.obj (.kernelBSS:uninit)
                  080008d0    00000034     os_tasks.obj (.kernelBSS:init)
                  08000904    00000030     os_timer.obj (.kernelBSS:uninit)
                  08000934    0000000c     os_timer.obj (.kernelBSS:init)

.kernelHEAP 
*          0    08001000    00002000     UNINITIALIZED
                  08001000    00002000     os_heap.obj (.kernelHEAP)

.sysmem    0    08003000    00000800     UNINITIALIZED
                  08003000    00000010     rtsv7R4_T_be_v3D16_eabi.lib : memory.c.obj (.sysmem)
                  08003010    000007f0     --HOLE--

.bss       0    08003800    0000033d     UNINITIALIZED
                  08003800    00000120     rtsv7R4_T_be_v3D16_eabi.lib : trgmsg.c.obj (.bss:_CIOBUF_)
                  08003920    000000a0     (.common:__TI_tmpnams)
                  080039c0    00000078     spi.obj (.bss:g_spiPacket_t)
                  08003a38    00000054     (.common:ina226D)
                  08003a8c    00000050     (.common:mpptD)
                  08003adc    00000028     sci.obj (.bss:g_sciTransfer_t)
                  08003b04    0000000c     i2c.obj (.bss:g_i2cTransfer_t)
                  08003b10    00000008     os_heap.obj (.bss:xStart)
                  08003b18    00000008     (.common:parmbuf)
                  08003b20    00000004     (.common:bcCtrlTask_Handler)
                  08003b24    00000004     (.common:channelCtrlTask_Handler)
                  08003b28    00000004     (.common:getHKTask_Handler)
                  08003b2c    00000004     (.common:initTask_Handler)
                  08003b30    00000004     (.common:mpptTask_Handler)
                  08003b34    00000004     (.common:receiveCMDTask_Handler)
                  08003b38    00000004     (.common:selfCheckTask_Handler)
                  08003b3c    00000001     skeleton_main.obj (.bss)

.data      0    08003b40    00000226     UNINITIALIZED
                  08003b40    000000f0     rtsv7R4_T_be_v3D16_eabi.lib : defs.c.obj (.data:_ftable)
                  08003c30    00000078                                 : host_device.c.obj (.data:_device)
                  08003ca8    00000050                                 : host_device.c.obj (.data:_stream)
                  08003cf8    0000001c     skeleton_main.obj (.data)
                  08003d14    00000010     os_heap.obj (.data)
                  08003d24    00000010     rtsv7R4_T_be_v3D16_eabi.lib : defs.c.obj (.data)
                  08003d34    0000000c                                 : exit.c.obj (.data:$O1$$)
                  08003d40    00000008                                 : _lock.c.obj (.data:$O1$$)
                  08003d48    00000008                                 : memory.c.obj (.data:$O1$$)
                  08003d50    00000008     skeleton_main.obj (.data:channelSW)
                  08003d58    00000008     os_port.obj (.data)
                  08003d60    00000006     skeleton_main.obj (.data:checkFlag)

__llvm_prf_cnts 
*          0    08001000    00000000     UNINITIALIZED

MODULE SUMMARY

       Module                       code    ro data   rw data
       ------                       ----    -------   -------
    .\source\
       os_tasks.obj                 11648   0         260    
       sys_selftest.obj             11484   0         0      
       os_heap.obj                  1524    0         8216   
       os_queue.obj                 4708    0         0      
       sys_vim.obj                  3364    512       0      
       spi.obj                      3028    0         120    
       os_mpu_wrappers.obj          3004    0         0      
       can.obj                      2888    32        0      
       system.obj                   2916    0         0      
       os_timer.obj                 2736    0         60     
       sci.obj                      2492    0         40     
       i2c.obj                      2264    0         12     
       pinmux.obj                   2224    0         0      
       os_event_groups.obj          2072    0         0      
       esm.obj                      1744    0         0      
       errata_SSWF021_45.obj        1636    0         0      
       os_port.obj                  1424    0         8      
       os_portasm.obj               1200    0         0      
       gio.obj                      1156    0         0      
       sys_core.obj                 844     0         0      
       sys_startup.obj              652     0         0      
       os_list.obj                  568     0         0      
       notification.obj             264     0         0      
       dabort.obj                   232     0         0      
       sys_pmu.obj                  224     0         0      
       sys_intvecs.obj              32      0         0      
       sys_phantom.obj              4       0         0      
    +--+----------------------------+-------+---------+---------+
       Total:                       66332   544       8716   
                                                             
    .\source_custom\
       skeleton_main.obj            3064    4         235    
       ina226.obj                   1252    0         0      
       mppt.obj                     608     0         0      
    +--+----------------------------+-------+---------+---------+
       Total:                       4924    4         235    
                                                             
    C:/ti/ccsv8/tools/compiler/ti-cgt-arm_20.2.5.LTS/lib/rtsv7R4_T_be_v3D16_eabi.lib
       memory.c.obj                 676     0         8      
       _printfi_min.c.obj           550     0         0      
       defs.c.obj                   0       0         416    
       trgmsg.c.obj                 112     0         288    
       fputs.c.obj                  280     0         0      
       s_floor.c.obj                224     0         0      
       setvbuf.c.obj                220     0         0      
       host_device.c.obj            0       0         200    
       memcpy_t2.asm.obj            156     0         0      
       fputc.c.obj                  144     0         0      
       memset_t2.asm.obj            122     0         0      
       getdevice.c.obj              120     0         0      
       fclose.c.obj                 116     0         0      
       printf.c.obj                 112     0         0      
       copy_decompress_lzss.c.obj   108     0         0      
       hostrename.c.obj             108     0         0      
       hostlseek.c.obj              104     0         0      
       _io_perm.c.obj               100     0         0      
       fseek.c.obj                  100     0         0      
       hostopen.c.obj               92      0         8      
       hostread.c.obj               92      0         0      
       close.c.obj                  88      0         0      
       hostwrite.c.obj              88      0         0      
       exit.c.obj                   72      0         12     
       i_div32.asm.obj              84      0         0      
       fflush.c.obj                 76      0         0      
       autoinit.c.obj               68      0         0      
       hostclose.c.obj              68      0         0      
       hostunlink.c.obj             68      0         0      
       strncpy.c.obj                54      0         0      
       fopen.c.obj                  52      0         0      
       unlink.c.obj                 44      0         0      
       lseek.c.obj                  40      0         0      
       write.c.obj                  40      0         0      
       memccpy.c.obj                38      0         0      
       memchr.c.obj                 32      0         0      
       strcmp.c.obj                 24      0         0      
       strchr.c.obj                 22      0         0      
       strlen.c.obj                 22      0         0      
       strcpy.c.obj                 20      0         0      
       copy_decompress_none.c.obj   14      0         0      
       copy_zero_init.c.obj         12      0         0      
       _lock.c.obj                  2       0         8      
       div0.asm.obj                 2       0         0      
    +--+----------------------------+-------+---------+---------+
       Total:                       4566    0         940    
                                                             
       Heap:                        0       0         2048   
       Linker Generated:            0       196       0      
    +--+----------------------------+-------+---------+---------+
       Grand Total:                 75822   744       11939  


LINKER GENERATED COPY TABLES

__TI_cinit_table @ 00005e28 records: 4, size/record: 8, table size: 32
	.data: load addr=00005d80, load size=0000007f bytes, run addr=08003b40, run size=00000226 bytes, compression=lzss
	.kernelBSS: load addr=00005e0c, load size=00000009 bytes, run addr=08000800, run size=00000140 bytes, compression=lzss
	.bss: load addr=00005e18, load size=00000008 bytes, run addr=08003800, run size=0000033d bytes, compression=zero_init
	.kernelHEAP: load addr=00005e20, load size=00000008 bytes, run addr=08001000, run size=00002000 bytes, compression=zero_init


LINKER GENERATED HANDLER TABLE

__TI_handler_table @ 00005e00 records: 3, size/record: 4, table size: 12
	index: 0, handler: __TI_decompress_lzss
	index: 1, handler: __TI_decompress_none
	index: 2, handler: __TI_zero_init


GLOBAL SYMBOLS: SORTED ALPHABETICALLY BY Name 

address   name                                  
-------   ----                                  
00014ac7  C$$EXIT                               
0001485f  C$$IO$$                               
000146d9  HOSTclose                             
00014339  HOSTlseek                             
000144d1  HOSTopen                              
0001452d  HOSTread                              
00014261  HOSTrename                            
0001471d  HOSTunlink                            
00014589  HOSTwrite                             
00011a4c  INA226_GetCalReg                      
00011974  INA226_GetCurrent                     
00011a10  INA226_GetID                          
000119cc  INA226_GetPower                       
00011898  INA226_GetShuntVoltage                
00011900  INA226_GetVoltage                     
00011a88  INA226_Init                           
00011748  INA226_ReceiveData                    
00011670  INA226_SendData                       
0001194c  INA226_SetCalReg                      
000115e8  INA226_SetRegPointer                  
0000c698  MPU_eTaskGetState                     
0000c800  MPU_pcTaskGetName                     
0000cdfc  MPU_pcTimerGetName                    
0000c8e0  MPU_pvTaskGetThreadLocalStoragePointer
0000cd34  MPU_pvTimerGetTimerID                 
0000c9f8  MPU_ulTaskNotifyTake                  
0000cbb4  MPU_uxQueueMessagesWaiting            
0000cbe8  MPU_uxQueueSpacesAvailable            
0000c7d4  MPU_uxTaskGetNumberOfTasks            
0000c868  MPU_uxTaskGetStackHighWaterMark       
0000c664  MPU_uxTaskPriorityGet                 
0000d058  MPU_vEventGroupDelete                 
0000cc1c  MPU_vQueueDelete                      
0000c570  MPU_vTaskAllocateMPURegions           
0000c5d0  MPU_vTaskDelay                        
0000c5fc  MPU_vTaskDelayUntil                   
0000c5a4  MPU_vTaskDelete                       
0000c6cc  MPU_vTaskPrioritySet                  
0000c72c  MPU_vTaskResume                       
0000c89c  MPU_vTaskSetThreadLocalStoragePointer 
0000ca70  MPU_vTaskSetTimeOutState              
0000c700  MPU_vTaskSuspend                      
0000c758  MPU_vTaskSuspendAll                   
0000cd68  MPU_vTimerSetTimerID                  
0000cf7c  MPU_xEventGroupClearBits              
0000cef4  MPU_xEventGroupCreate                 
0000cfc0  MPU_xEventGroupSetBits                
0000d004  MPU_xEventGroupSync                   
0000cf20  MPU_xEventGroupWaitBits               
0000cc48  MPU_xQueueGenericCreate               
0000cb60  MPU_xQueueGenericReceive              
0000cc94  MPU_xQueueGenericReset                
0000cb0c  MPU_xQueueGenericSend                 
0000c630  MPU_xTaskAbortDelay                   
0000ca9c  MPU_xTaskCheckForTimeOut              
0000c4c8  MPU_xTaskCreate                       
0000c52c  MPU_xTaskCreateRestricted             
0000c950  MPU_xTaskGenericNotify                
0000c834  MPU_xTaskGetHandle                    
0000c924  MPU_xTaskGetIdleTaskHandle            
0000cae0  MPU_xTaskGetSchedulerState            
0000c7a8  MPU_xTaskGetTickCount                 
0000ca3c  MPU_xTaskNotifyStateClear             
0000c9a4  MPU_xTaskNotifyWait                   
0000c77c  MPU_xTaskResumeAll                    
0000ccd8  MPU_xTimerCreate                      
0000ce98  MPU_xTimerGenericCommand              
0000ce64  MPU_xTimerGetExpiryTime               
0000ce30  MPU_xTimerGetPeriod                   
0000cdd0  MPU_xTimerGetTimerDaemonTaskHandle    
0000cd9c  MPU_xTimerIsTimerActive               
08003d00  RxTaskCntr                            
UNDEFED   SHT$$INIT_ARRAY$$Base                 
UNDEFED   SHT$$INIT_ARRAY$$Limit                
0000c184  SpiRxStatus                           
0000c0f8  SpiTxStatus                           
08003800  __CIOBUF_                             
00000800  __SYSMEM_SIZE                         
00005e28  __TI_CINIT_Base                       
00005e48  __TI_CINIT_Limit                      
00005e00  __TI_Handler_Table_Base               
00005e0c  __TI_Handler_Table_Limit              
00012294  __TI_PINIT_Base                       
00012298  __TI_PINIT_Limit                      
00014761  __TI_auto_init_nobinit_nopinit        
000148a1  __TI_cleanup                          
08003d34  __TI_cleanup_ptr                      
00014179  __TI_closefile                        
000142cd  __TI_decompress_lzss                  
00014a9d  __TI_decompress_none                  
0001468d  __TI_doflush                          
08003d38  __TI_dtors_ptr                        
08003d3c  __TI_enable_exit_profile_output       
08003d24  __TI_ft_end                           
ffffffff  __TI_pprof_out_hndl                   
00012f01  __TI_printfi_minimal                  
ffffffff  __TI_prof_data_size                   
ffffffff  __TI_prof_data_start                  
000148d5  __TI_readmsg                          
00000000  __TI_static_base__                    
08003920  __TI_tmpnams                          
0001482d  __TI_writemsg                         
00014409  __TI_wrt_ok                           
00014aab  __TI_zero_init                        
00014638  __aeabi_idiv                          
00014177  __aeabi_idiv0                         
00014638  __aeabi_idivmod                       
00014177  __aeabi_ldiv0                         
000140fd  __aeabi_memclr                        
000140fd  __aeabi_memclr4                       
000140fd  __aeabi_memclr8                       
00013fd1  __aeabi_memcpy                        
00013fd1  __aeabi_memcpy4                       
00013fd1  __aeabi_memcpy8                       
000140ff  __aeabi_memset                        
000140ff  __aeabi_memset4                       
000140ff  __aeabi_memset8                       
08003d30  __aeabi_stderr                        
08003d28  __aeabi_stdin                         
08003d2c  __aeabi_stdout                        
ffffffff  __binit__                             
ffffffff  __c_args__                            
08001000  __start___llvm_prf_cnts               
08001000  __stop___llvm_prf_cnts                
00012568  _c_int00                              
000121ac  _coreClearAuxiliaryDataFault_         
000121c0  _coreClearAuxiliaryInstructionFault_  
00012184  _coreClearDataFaultAddress_           
0001215c  _coreClearDataFault_                  
00012198  _coreClearInstructionFaultAddress_    
00012170  _coreClearInstructionFault_           
000120f0  _coreDisableEventBusExport_           
00012134  _coreDisableFlashEcc_                 
00012110  _coreDisableRamEcc_                   
000120e0  _coreEnableEventBusExport_            
00012120  _coreEnableFlashEcc_                  
00012144  _coreEnableIrqVicOffset_              
00012100  _coreEnableRamEcc_                    
000120c8  _coreEnableVfp_                       
000121a4  _coreGetAuxiliaryDataFault_           
000121b8  _coreGetAuxiliaryInstructionFault_    
0001217c  _coreGetDataFaultAddress_             
00012154  _coreGetDataFault_                    
00012190  _coreGetInstructionFaultAddress_      
00012168  _coreGetInstructionFault_             
00011f50  _coreInitRegisters_                   
0001205c  _coreInitStackPointer_                
00013b68  _dabort                               
08003c30  _device                               
000121d4  _disable_FIQ_interrupt_               
000121dc  _disable_IRQ_interrupt_               
000121cc  _disable_interrupt_                   
000121e4  _enable_interrupt_                    
00012274  _errata_CORTEXR4_57_                  
00012284  _errata_CORTEXR4_66_                  
000109c8  _errata_SSWF021_45_both_plls          
00010bbc  _errata_SSWF021_45_pll1               
00010d34  _errata_SSWF021_45_pll2               
000121ec  _esmCcmErrorsClear_                   
08003b40  _ftable                               
000120a8  _getCPSRValue_                        
000120b0  _gotoCPUIdle_                         
08003d40  _lock                                 
00013127  _nop                                  
00013e70  _pmuDisableCountersGlobal_            
00013e60  _pmuEnableCountersGlobal_             
00013ecc  _pmuGetCycleCount_                    
00013ed4  _pmuGetEventCount_                    
00013ee0  _pmuGetOverflow_                      
00013e14  _pmuInit_                             
00013ea0  _pmuResetCounters_                    
00013e80  _pmuResetCycleCounter_                
00013e90  _pmuResetEventCounters_               
00013ec0  _pmuSetCountEvent_                    
00013eb0  _pmuStartCounters_                    
00013eb8  _pmuStopCounters_                     
08003ca8  _stream                               
08003000  _sys_memory                           
UNDEFED   _system_post_cinit                    
08003d44  _unlock                               
00014ac7  abort                                 
0000926c  adc1ParityCheck                       
00009358  adc2ParityCheck                       
00013969  aligned_alloc                         
08003b20  bcCtrlTask_Handler                    
0000b5b8  bcCtrl_task                           
ffffffff  binit                                 
0000eee0  can1GetConfigValue                    
00013a68  can1HighLevelInterrupt                
00009410  can1ParityCheck                       
000094e8  can2ParityCheck                       
000095b0  can3ParityCheck                       
0000ed80  canDisableErrorNotification           
0000ed60  canDisableStatusChangeNotification    
0000edd8  canDisableloopback                    
0000ed20  canEnableErrorNotification            
0000ed40  canEnableStatusChangeNotification     
0000eda0  canEnableloopback                     
000138b8  canErrorNotification                  
0000eac8  canFillMessageObjectData              
0000e7f0  canGetData                            
0000ecfc  canGetErrorLevel                      
0000e948  canGetID                              
0000ecd8  canGetLastError                       
0000e640  canInit                               
0000eec4  canIoRxGetBit                         
0000ee08  canIoSetDirection                     
0000ee58  canIoSetPort                          
0000eea8  canIoTxGetBit                         
0000ec7c  canIsMessageBoxValid                  
0000ec20  canIsRxMessageArrived                 
0000ebc4  canIsTxMessagePending                 
000138e0  canMessageNotification                
0000ea28  canSendRemoteFrame                    
000138cc  canStatusChangeNotification           
0000e6f4  canTransmit                           
0000e9b0  canUpdateID                           
00008030  ccmSelfCheck                          
0000a6fc  ccmr4GetConfigValue                   
08003b24  channelCtrlTask_Handler               
0000b484  channelCtrl_task                      
08003d50  channelSW                             
00008938  checkB0RAMECC                         
00008b28  checkB1RAMECC                         
00009c18  checkClockMonitor                     
00008d18  checkFlashECC                         
00009cf4  checkFlashEEPROMECC                   
00009e8c  checkPLL1Slip                         
00009f8c  checkPLL2Slip                         
0000a050  checkRAMAddrParity                    
000099d0  checkRAMECC                           
0000a15c  checkRAMUERRTest                      
000087bc  checkefcSelfTest                      
000145e1  close                                 
00008234  cpuSelfTest                           
00008dfc  cpuSelfTestFail                       
0000db0c  customTrimLPO                         
00008df4  custom_dabort                         
0000acfc  delay                                 
0000ab58  disableParity                         
00013954  dmaGroupANotification                 
00008eac  dmaParityCheck                        
00001f74  eTaskConfirmSleepModeStatus           
00000888  eTaskGetState                         
00008660  efcCheck                              
0000a660  efcGetConfigValue                     
00008794  efcSelfTest                           
000086e8  efcStuckZeroTest                      
0000aad0  enableParity                          
0000a76c  errata_PBIST_4                        
000111b0  esmActivateNormalOperation            
00011284  esmClearStatus                        
000112c4  esmClearStatusBuffer                  
00011178  esmDisableError                       
000111e8  esmDisableInterrupt                   
00011150  esmEnableError                        
000111c0  esmEnableInterrupt                    
000113bc  esmEnterSelfTest                      
00011134  esmError                              
00011494  esmGetConfigValue                     
00011300  esmGetStatus                          
00011384  esmGetStatusBuffer                    
0000b6cc  esmGroup1Notification                 
0000b6dc  esmGroup2Notification                 
0001374c  esmHighInterrupt                      
0001102c  esmInit                               
00011444  esmSelfTestStatus                     
000112e0  esmSetCounterPreloadValue             
00011210  esmSetInterruptLevel                  
000111a0  esmTriggerErrorPinReset               
000147a5  exit                                  
00014909  finddevice                            
00013d35  floor                                 
00013d35  floorl                                
0000a2c4  fmcBus1ParityCheck                    
0000885c  fmcBus2Check                          
00008898  fmcECCcheck                           
0001406d  fputc                                 
00013635  fputs                                 
00013c51  free                                  
0001446d  fseek                                 
08003b28  getHKTask_Handler                     
0000b174  getHK_task                            
000147e9  getdevice                             
00011d2c  gioDisableNotification                
00011cc4  gioEnableNotification                 
00011c2c  gioGetBit                             
00011d94  gioGetConfigValue                     
00011c54  gioGetPort                            
00011acc  gioInit                               
000138f4  gioNotification                       
00011bbc  gioSetBit                             
00011b9c  gioSetDirection                       
00011c0c  gioSetPort                            
00011c6c  gioToggleBit                          
00014ad0  handlePLLLockFail                     
00008f58  het1ParityCheck                       
000090c0  het2ParityCheck                       
00009004  htu1ParityCheck                       
000091bc  htu2ParityCheck                       
0000f494  i2cClearSCD                           
0000f598  i2cDisableLoopback                    
0000f60c  i2cDisableNotification                
0000f578  i2cEnableLoopback                     
0000f5d0  i2cEnableNotification                 
0000f694  i2cGetConfigValue                     
0000f088  i2cInit                               
0000f8d4  i2cIsBusBusy                          
0000f894  i2cIsMasterReady                      
0000f42c  i2cIsRxReady                          
0000f448  i2cIsStopDetected                     
0000f314  i2cIsTxReady                          
00013908  i2cNotification                       
0000f4d8  i2cReceive                            
0000f4b0  i2cReceiveByte                        
0000f464  i2cRxError                            
0000f360  i2cSend                               
0000f330  i2cSendByte                           
0000f1b4  i2cSetBaudrate                        
0000f2f4  i2cSetCount                           
0000f85c  i2cSetDirection                       
0000f65c  i2cSetMode                            
0000f174  i2cSetOwnAdd                          
0000f194  i2cSetSlaveAdd                        
0000f2b4  i2cSetStart                           
0000f2d4  i2cSetStop                            
08003a38  ina226D                               
08003b2c  initTask_Handler                      
0000ae38  init_task                             
00013128  linHighLevelInterrupt                 
00014991  lseek                                 
0000ad28  main                                  
00014ab7  malloc                                
0000d1ec  mapClocks                             
00013969  memalign                              
000149e1  memccpy                               
00014a07  memchr                                
00013fd1  memcpy                                
00008174  memoryInit                            
00013880  memoryPort0TestFailNotification       
0001389c  memoryPort1TestFailNotification       
00014105  memset                                
00009684  mibspi1ParityCheck                    
0000978c  mibspi3ParityCheck                    
000098b0  mibspi5ParityCheck                    
08003a8c  mpptD                                 
08003b30  mpptTask_Handler                      
00012a68  mppt_hunts                            
00012abc  mppt_pno                              
0000b4ec  mppt_task                             
0000f960  muxInit                               
08003d04  oResult                               
08003b18  parmbuf                               
0000a3ec  pbistFail                             
0000a470  pbistGetConfigValue                   
000085a8  pbistIsTestCompleted                  
000085d4  pbistIsTestPassed                     
00008608  pbistPortTestStatus                   
000084ac  pbistRun                              
000082cc  pbistSelfCheck                        
00008578  pbistStop                             
00001358  pcTaskGetName                         
00004188  pcTimerGetName                        
0000d198  periphInit                            
00014acc  phantomInterrupt                      
08003d08  pina226D                              
0000fdfc  pinmuxGetConfigValue                  
08003d10  pmpptD                                
000143a1  printf                                
000055fc  prvMpuDisable                         
000055e4  prvMpuEnable                          
000055cc  prvMpuSetRegion                       
0001406d  putc                                  
00005a04  pvPortMalloc                          
00002050  pvTaskGetThreadLocalStoragePointer    
000048bc  pvTimerGetTimerID                     
080008d0  pxCurrentTCB                          
00005624  pxPortInitialiseStack                 
08003b34  receiveCMDTask_Handler                
0000b3fc  receiveCMD_task                       
0001493d  remove                                
00000000  resetEntry                            
000106d8  sciDisableLoopback                    
00010764  sciDisableNotification                
000106a4  sciEnableLoopback                     
000106fc  sciEnableNotification                 
000107cc  sciEnterResetState                    
000107ec  sciExitResetState                     
00010210  sciInit                               
00010554  sciIsIdleDetected                     
00010538  sciIsRxReady                          
000103b8  sciIsTxReady                          
0000b670  sciNotification                       
000105cc  sciReceive                            
000105a0  sciReceiveByte                        
00010570  sciRxError                            
00010404  sciSend                               
000103d4  sciSendByte                           
0001031c  sciSetBaudrate                        
000102fc  sciSetFunctional                      
0001080c  scilinGetConfigValue                  
08003b38  selfCheckTask_Handler                 
0000b310  selfCheck_task                        
00008020  selftestFailNotification              
0000d158  setupFlash                            
0000d084  setupPLL                              
00013ef5  setvbuf                               
0000c2bc  spi3GetConfigValue                    
0000c244  spiDisableLoopback                    
0000c290  spiDisableNotification                
0000c210  spiEnableLoopback                     
0000c260  spiEnableNotification                 
00013944  spiEndNotification                    
0000bb60  spiGetData                            
0000b8f4  spiInit                               
00013930  spiNotification                       
0000ba44  spiReceiveData                        
0000bfb8  spiSendAndGetData                     
0000bd84  spiSendData                           
0000ba24  spiSetFunctional                      
0000be7c  spiTransmitAndReceiveData             
0000bc58  spiTransmitData                       
0000d9d0  sramGetConfigValue                    
0000a5bc  stcGetConfigValue                     
000081b8  stcSelfCheck                          
00008df8  stcSelfCheckFail                      
00014a5d  strchr                                
00014a45  strcmp                                
00014a89  strcpy                                
00014a73  strlen                                
00014869  strncpy                               
0000d410  systemGetConfigValue                  
0000d314  systemInit                            
0000d3e0  systemPowerDown                       
0000d824  tcmflashGetConfigValue                
0000d0e4  trimLPO                               
08003d58  ulCriticalNesting                     
000054f4  ulPortCountLeadingZeros               
08003d5c  ulTaskHasFPUContext                   
000023e8  ulTaskNotifyTake                      
0001493d  unlink                                
00012e74  uxListRemove                          
00003958  uxQueueMessagesWaiting                
000039dc  uxQueueMessagesWaitingFromISR         
00003990  uxQueueSpacesAvailable                
0000134c  uxTaskGetNumberOfTasks                
00002294  uxTaskGetStackHighWaterMark           
0000098c  uxTaskPriorityGet                     
000009d0  uxTaskPriorityGetFromISR              
000023ac  uxTaskResetEventItemValue             
000050ec  vEventGroupClearBitsCallback          
0000504c  vEventGroupDelete                     
000050d0  vEventGroupSetBitsCallback            
00012cc8  vListInitialise                       
00012d20  vListInitialiseItem                   
00012db0  vListInsert                           
00012d3c  vListInsertEnd                        
000059d0  vPortEndScheduler                     
00005c58  vPortFree                             
00005d68  vPortInitialiseBlocks                 
000054e8  vPortInitialiseFPSCR                  
000053e8  vPortPreemptiveTick                   
000054fc  vPortSWI                              
00005178  vPortStartFirstTask                   
00005738  vPortStoreTaskMPUSettings             
000052f4  vPortYeildWithinAPI                   
00005208  vPortYieldProcessor                   
00003a0c  vQueueDelete                          
00003e1c  vQueueWaitForMessageRestricted        
000020bc  vTaskAllocateMPURegions               
00000804  vTaskDelay                            
00000698  vTaskDelayUntil                       
00000530  vTaskDelete                           
00001088  vTaskEndScheduler                     
00001f60  vTaskMissedYield                      
000029a0  vTaskNotifyGiveFromISR                
00001acc  vTaskPlaceOnEventList                 
00001b94  vTaskPlaceOnEventListRestricted       
00001b10  vTaskPlaceOnUnorderedEventList        
00000a18  vTaskPrioritySet                      
00000e14  vTaskResume                           
00001ff8  vTaskSetThreadLocalStoragePointer     
00001de8  vTaskSetTimeOutState                  
00000fdc  vTaskStartScheduler                   
0000166c  vTaskStepTick                         
00000c10  vTaskSuspend                          
000010a4  vTaskSuspendAll                       
000019ec  vTaskSwitchContext                    
000048fc  vTimerSetTimerID                      
0000dcbc  vimChannelMap                         
0000df28  vimDisableInterrupt                   
0000dd60  vimEnableInterrupt                    
0000dfd4  vimGetConfigValue                     
0000dbe8  vimInit                               
00008e00  vimParityCheck                        
0001229c  vimParityErrorHandler                 
000149b9  write                                 
00004de8  xEventGroupClearBits                  
0000495c  xEventGroupCreate                     
00004e6c  xEventGroupGetBitsFromISR             
00004e9c  xEventGroupSetBits                    
00004998  xEventGroupSync                       
00004b98  xEventGroupWaitBits                   
00005d50  xPortGetFreeHeapSize                  
00005d5c  xPortGetMinimumEverFreeHeapSize       
000059ac  xPortStartScheduler                   
00002d70  xQueueGenericCreate                   
00003448  xQueueGenericReceive                  
00002c48  xQueueGenericReset                    
00002e8c  xQueueGenericSend                     
0000314c  xQueueGenericSendFromISR              
000032dc  xQueueGiveFromISR                     
00003d40  xQueueIsQueueEmptyFromISR             
00003dcc  xQueueIsQueueFullFromISR              
00003864  xQueuePeekFromISR                     
0000371c  xQueueReceiveFromISR                  
000016c8  xTaskAbortDelay                       
00001e28  xTaskCheckForTimeOut                  
000000fc  xTaskCreate                           
00000020  xTaskCreateRestricted                 
000025d0  xTaskGenericNotify                    
000027a0  xTaskGenericNotifyFromISR             
0000152c  xTaskGetHandle                        
00001634  xTaskGetIdleTaskHandle                
0000235c  xTaskGetSchedulerState                
0000130c  xTaskGetTickCount                     
00001328  xTaskGetTickCountFromISR              
000017c4  xTaskIncrementTick                    
000135b8  xTaskNotifyStateClear                 
000024bc  xTaskNotifyWait                       
00001bf0  xTaskRemoveFromEventList              
00001ce4  xTaskRemoveFromUnorderedEventList     
0000115c  xTaskResumeAll                        
00000ef4  xTaskResumeFromISR                    
00003f10  xTimerCreate                          
00003eac  xTimerCreateTimerTask                 
0000400c  xTimerGenericCommand                  
00004150  xTimerGetExpiryTime                   
00004120  xTimerGetPeriod                       
000040e8  xTimerGetTimerDaemonTaskHandle        
0000484c  xTimerIsTimerActive                   


GLOBAL SYMBOLS: SORTED BY Symbol Address 

address   name                                  
-------   ----                                  
00000000  __TI_static_base__                    
00000000  resetEntry                            
00000020  xTaskCreateRestricted                 
000000fc  xTaskCreate                           
00000530  vTaskDelete                           
00000698  vTaskDelayUntil                       
00000800  __SYSMEM_SIZE                         
00000804  vTaskDelay                            
00000888  eTaskGetState                         
0000098c  uxTaskPriorityGet                     
000009d0  uxTaskPriorityGetFromISR              
00000a18  vTaskPrioritySet                      
00000c10  vTaskSuspend                          
00000e14  vTaskResume                           
00000ef4  xTaskResumeFromISR                    
00000fdc  vTaskStartScheduler                   
00001088  vTaskEndScheduler                     
000010a4  vTaskSuspendAll                       
0000115c  xTaskResumeAll                        
0000130c  xTaskGetTickCount                     
00001328  xTaskGetTickCountFromISR              
0000134c  uxTaskGetNumberOfTasks                
00001358  pcTaskGetName                         
0000152c  xTaskGetHandle                        
00001634  xTaskGetIdleTaskHandle                
0000166c  vTaskStepTick                         
000016c8  xTaskAbortDelay                       
000017c4  xTaskIncrementTick                    
000019ec  vTaskSwitchContext                    
00001acc  vTaskPlaceOnEventList                 
00001b10  vTaskPlaceOnUnorderedEventList        
00001b94  vTaskPlaceOnEventListRestricted       
00001bf0  xTaskRemoveFromEventList              
00001ce4  xTaskRemoveFromUnorderedEventList     
00001de8  vTaskSetTimeOutState                  
00001e28  xTaskCheckForTimeOut                  
00001f60  vTaskMissedYield                      
00001f74  eTaskConfirmSleepModeStatus           
00001ff8  vTaskSetThreadLocalStoragePointer     
00002050  pvTaskGetThreadLocalStoragePointer    
000020bc  vTaskAllocateMPURegions               
00002294  uxTaskGetStackHighWaterMark           
0000235c  xTaskGetSchedulerState                
000023ac  uxTaskResetEventItemValue             
000023e8  ulTaskNotifyTake                      
000024bc  xTaskNotifyWait                       
000025d0  xTaskGenericNotify                    
000027a0  xTaskGenericNotifyFromISR             
000029a0  vTaskNotifyGiveFromISR                
00002c48  xQueueGenericReset                    
00002d70  xQueueGenericCreate                   
00002e8c  xQueueGenericSend                     
0000314c  xQueueGenericSendFromISR              
000032dc  xQueueGiveFromISR                     
00003448  xQueueGenericReceive                  
0000371c  xQueueReceiveFromISR                  
00003864  xQueuePeekFromISR                     
00003958  uxQueueMessagesWaiting                
00003990  uxQueueSpacesAvailable                
000039dc  uxQueueMessagesWaitingFromISR         
00003a0c  vQueueDelete                          
00003d40  xQueueIsQueueEmptyFromISR             
00003dcc  xQueueIsQueueFullFromISR              
00003e1c  vQueueWaitForMessageRestricted        
00003eac  xTimerCreateTimerTask                 
00003f10  xTimerCreate                          
0000400c  xTimerGenericCommand                  
000040e8  xTimerGetTimerDaemonTaskHandle        
00004120  xTimerGetPeriod                       
00004150  xTimerGetExpiryTime                   
00004188  pcTimerGetName                        
0000484c  xTimerIsTimerActive                   
000048bc  pvTimerGetTimerID                     
000048fc  vTimerSetTimerID                      
0000495c  xEventGroupCreate                     
00004998  xEventGroupSync                       
00004b98  xEventGroupWaitBits                   
00004de8  xEventGroupClearBits                  
00004e6c  xEventGroupGetBitsFromISR             
00004e9c  xEventGroupSetBits                    
0000504c  vEventGroupDelete                     
000050d0  vEventGroupSetBitsCallback            
000050ec  vEventGroupClearBitsCallback          
00005178  vPortStartFirstTask                   
00005208  vPortYieldProcessor                   
000052f4  vPortYeildWithinAPI                   
000053e8  vPortPreemptiveTick                   
000054e8  vPortInitialiseFPSCR                  
000054f4  ulPortCountLeadingZeros               
000054fc  vPortSWI                              
000055cc  prvMpuSetRegion                       
000055e4  prvMpuEnable                          
000055fc  prvMpuDisable                         
00005624  pxPortInitialiseStack                 
00005738  vPortStoreTaskMPUSettings             
000059ac  xPortStartScheduler                   
000059d0  vPortEndScheduler                     
00005a04  pvPortMalloc                          
00005c58  vPortFree                             
00005d50  xPortGetFreeHeapSize                  
00005d5c  xPortGetMinimumEverFreeHeapSize       
00005d68  vPortInitialiseBlocks                 
00005e00  __TI_Handler_Table_Base               
00005e0c  __TI_Handler_Table_Limit              
00005e28  __TI_CINIT_Base                       
00005e48  __TI_CINIT_Limit                      
00008020  selftestFailNotification              
00008030  ccmSelfCheck                          
00008174  memoryInit                            
000081b8  stcSelfCheck                          
00008234  cpuSelfTest                           
000082cc  pbistSelfCheck                        
000084ac  pbistRun                              
00008578  pbistStop                             
000085a8  pbistIsTestCompleted                  
000085d4  pbistIsTestPassed                     
00008608  pbistPortTestStatus                   
00008660  efcCheck                              
000086e8  efcStuckZeroTest                      
00008794  efcSelfTest                           
000087bc  checkefcSelfTest                      
0000885c  fmcBus2Check                          
00008898  fmcECCcheck                           
00008938  checkB0RAMECC                         
00008b28  checkB1RAMECC                         
00008d18  checkFlashECC                         
00008df4  custom_dabort                         
00008df8  stcSelfCheckFail                      
00008dfc  cpuSelfTestFail                       
00008e00  vimParityCheck                        
00008eac  dmaParityCheck                        
00008f58  het1ParityCheck                       
00009004  htu1ParityCheck                       
000090c0  het2ParityCheck                       
000091bc  htu2ParityCheck                       
0000926c  adc1ParityCheck                       
00009358  adc2ParityCheck                       
00009410  can1ParityCheck                       
000094e8  can2ParityCheck                       
000095b0  can3ParityCheck                       
00009684  mibspi1ParityCheck                    
0000978c  mibspi3ParityCheck                    
000098b0  mibspi5ParityCheck                    
000099d0  checkRAMECC                           
00009c18  checkClockMonitor                     
00009cf4  checkFlashEEPROMECC                   
00009e8c  checkPLL1Slip                         
00009f8c  checkPLL2Slip                         
0000a050  checkRAMAddrParity                    
0000a15c  checkRAMUERRTest                      
0000a2c4  fmcBus1ParityCheck                    
0000a3ec  pbistFail                             
0000a470  pbistGetConfigValue                   
0000a5bc  stcGetConfigValue                     
0000a660  efcGetConfigValue                     
0000a6fc  ccmr4GetConfigValue                   
0000a76c  errata_PBIST_4                        
0000aad0  enableParity                          
0000ab58  disableParity                         
0000acfc  delay                                 
0000ad28  main                                  
0000ae38  init_task                             
0000b174  getHK_task                            
0000b310  selfCheck_task                        
0000b3fc  receiveCMD_task                       
0000b484  channelCtrl_task                      
0000b4ec  mppt_task                             
0000b5b8  bcCtrl_task                           
0000b670  sciNotification                       
0000b6cc  esmGroup1Notification                 
0000b6dc  esmGroup2Notification                 
0000b8f4  spiInit                               
0000ba24  spiSetFunctional                      
0000ba44  spiReceiveData                        
0000bb60  spiGetData                            
0000bc58  spiTransmitData                       
0000bd84  spiSendData                           
0000be7c  spiTransmitAndReceiveData             
0000bfb8  spiSendAndGetData                     
0000c0f8  SpiTxStatus                           
0000c184  SpiRxStatus                           
0000c210  spiEnableLoopback                     
0000c244  spiDisableLoopback                    
0000c260  spiEnableNotification                 
0000c290  spiDisableNotification                
0000c2bc  spi3GetConfigValue                    
0000c4c8  MPU_xTaskCreate                       
0000c52c  MPU_xTaskCreateRestricted             
0000c570  MPU_vTaskAllocateMPURegions           
0000c5a4  MPU_vTaskDelete                       
0000c5d0  MPU_vTaskDelay                        
0000c5fc  MPU_vTaskDelayUntil                   
0000c630  MPU_xTaskAbortDelay                   
0000c664  MPU_uxTaskPriorityGet                 
0000c698  MPU_eTaskGetState                     
0000c6cc  MPU_vTaskPrioritySet                  
0000c700  MPU_vTaskSuspend                      
0000c72c  MPU_vTaskResume                       
0000c758  MPU_vTaskSuspendAll                   
0000c77c  MPU_xTaskResumeAll                    
0000c7a8  MPU_xTaskGetTickCount                 
0000c7d4  MPU_uxTaskGetNumberOfTasks            
0000c800  MPU_pcTaskGetName                     
0000c834  MPU_xTaskGetHandle                    
0000c868  MPU_uxTaskGetStackHighWaterMark       
0000c89c  MPU_vTaskSetThreadLocalStoragePointer 
0000c8e0  MPU_pvTaskGetThreadLocalStoragePointer
0000c924  MPU_xTaskGetIdleTaskHandle            
0000c950  MPU_xTaskGenericNotify                
0000c9a4  MPU_xTaskNotifyWait                   
0000c9f8  MPU_ulTaskNotifyTake                  
0000ca3c  MPU_xTaskNotifyStateClear             
0000ca70  MPU_vTaskSetTimeOutState              
0000ca9c  MPU_xTaskCheckForTimeOut              
0000cae0  MPU_xTaskGetSchedulerState            
0000cb0c  MPU_xQueueGenericSend                 
0000cb60  MPU_xQueueGenericReceive              
0000cbb4  MPU_uxQueueMessagesWaiting            
0000cbe8  MPU_uxQueueSpacesAvailable            
0000cc1c  MPU_vQueueDelete                      
0000cc48  MPU_xQueueGenericCreate               
0000cc94  MPU_xQueueGenericReset                
0000ccd8  MPU_xTimerCreate                      
0000cd34  MPU_pvTimerGetTimerID                 
0000cd68  MPU_vTimerSetTimerID                  
0000cd9c  MPU_xTimerIsTimerActive               
0000cdd0  MPU_xTimerGetTimerDaemonTaskHandle    
0000cdfc  MPU_pcTimerGetName                    
0000ce30  MPU_xTimerGetPeriod                   
0000ce64  MPU_xTimerGetExpiryTime               
0000ce98  MPU_xTimerGenericCommand              
0000cef4  MPU_xEventGroupCreate                 
0000cf20  MPU_xEventGroupWaitBits               
0000cf7c  MPU_xEventGroupClearBits              
0000cfc0  MPU_xEventGroupSetBits                
0000d004  MPU_xEventGroupSync                   
0000d058  MPU_vEventGroupDelete                 
0000d084  setupPLL                              
0000d0e4  trimLPO                               
0000d158  setupFlash                            
0000d198  periphInit                            
0000d1ec  mapClocks                             
0000d314  systemInit                            
0000d3e0  systemPowerDown                       
0000d410  systemGetConfigValue                  
0000d824  tcmflashGetConfigValue                
0000d9d0  sramGetConfigValue                    
0000db0c  customTrimLPO                         
0000dbe8  vimInit                               
0000dcbc  vimChannelMap                         
0000dd60  vimEnableInterrupt                    
0000df28  vimDisableInterrupt                   
0000dfd4  vimGetConfigValue                     
0000e640  canInit                               
0000e6f4  canTransmit                           
0000e7f0  canGetData                            
0000e948  canGetID                              
0000e9b0  canUpdateID                           
0000ea28  canSendRemoteFrame                    
0000eac8  canFillMessageObjectData              
0000ebc4  canIsTxMessagePending                 
0000ec20  canIsRxMessageArrived                 
0000ec7c  canIsMessageBoxValid                  
0000ecd8  canGetLastError                       
0000ecfc  canGetErrorLevel                      
0000ed20  canEnableErrorNotification            
0000ed40  canEnableStatusChangeNotification     
0000ed60  canDisableStatusChangeNotification    
0000ed80  canDisableErrorNotification           
0000eda0  canEnableloopback                     
0000edd8  canDisableloopback                    
0000ee08  canIoSetDirection                     
0000ee58  canIoSetPort                          
0000eea8  canIoTxGetBit                         
0000eec4  canIoRxGetBit                         
0000eee0  can1GetConfigValue                    
0000f088  i2cInit                               
0000f174  i2cSetOwnAdd                          
0000f194  i2cSetSlaveAdd                        
0000f1b4  i2cSetBaudrate                        
0000f2b4  i2cSetStart                           
0000f2d4  i2cSetStop                            
0000f2f4  i2cSetCount                           
0000f314  i2cIsTxReady                          
0000f330  i2cSendByte                           
0000f360  i2cSend                               
0000f42c  i2cIsRxReady                          
0000f448  i2cIsStopDetected                     
0000f464  i2cRxError                            
0000f494  i2cClearSCD                           
0000f4b0  i2cReceiveByte                        
0000f4d8  i2cReceive                            
0000f578  i2cEnableLoopback                     
0000f598  i2cDisableLoopback                    
0000f5d0  i2cEnableNotification                 
0000f60c  i2cDisableNotification                
0000f65c  i2cSetMode                            
0000f694  i2cGetConfigValue                     
0000f85c  i2cSetDirection                       
0000f894  i2cIsMasterReady                      
0000f8d4  i2cIsBusBusy                          
0000f960  muxInit                               
0000fdfc  pinmuxGetConfigValue                  
00010210  sciInit                               
000102fc  sciSetFunctional                      
0001031c  sciSetBaudrate                        
000103b8  sciIsTxReady                          
000103d4  sciSendByte                           
00010404  sciSend                               
00010538  sciIsRxReady                          
00010554  sciIsIdleDetected                     
00010570  sciRxError                            
000105a0  sciReceiveByte                        
000105cc  sciReceive                            
000106a4  sciEnableLoopback                     
000106d8  sciDisableLoopback                    
000106fc  sciEnableNotification                 
00010764  sciDisableNotification                
000107cc  sciEnterResetState                    
000107ec  sciExitResetState                     
0001080c  scilinGetConfigValue                  
000109c8  _errata_SSWF021_45_both_plls          
00010bbc  _errata_SSWF021_45_pll1               
00010d34  _errata_SSWF021_45_pll2               
0001102c  esmInit                               
00011134  esmError                              
00011150  esmEnableError                        
00011178  esmDisableError                       
000111a0  esmTriggerErrorPinReset               
000111b0  esmActivateNormalOperation            
000111c0  esmEnableInterrupt                    
000111e8  esmDisableInterrupt                   
00011210  esmSetInterruptLevel                  
00011284  esmClearStatus                        
000112c4  esmClearStatusBuffer                  
000112e0  esmSetCounterPreloadValue             
00011300  esmGetStatus                          
00011384  esmGetStatusBuffer                    
000113bc  esmEnterSelfTest                      
00011444  esmSelfTestStatus                     
00011494  esmGetConfigValue                     
000115e8  INA226_SetRegPointer                  
00011670  INA226_SendData                       
00011748  INA226_ReceiveData                    
00011898  INA226_GetShuntVoltage                
00011900  INA226_GetVoltage                     
0001194c  INA226_SetCalReg                      
00011974  INA226_GetCurrent                     
000119cc  INA226_GetPower                       
00011a10  INA226_GetID                          
00011a4c  INA226_GetCalReg                      
00011a88  INA226_Init                           
00011acc  gioInit                               
00011b9c  gioSetDirection                       
00011bbc  gioSetBit                             
00011c0c  gioSetPort                            
00011c2c  gioGetBit                             
00011c54  gioGetPort                            
00011c6c  gioToggleBit                          
00011cc4  gioEnableNotification                 
00011d2c  gioDisableNotification                
00011d94  gioGetConfigValue                     
00011f50  _coreInitRegisters_                   
0001205c  _coreInitStackPointer_                
000120a8  _getCPSRValue_                        
000120b0  _gotoCPUIdle_                         
000120c8  _coreEnableVfp_                       
000120e0  _coreEnableEventBusExport_            
000120f0  _coreDisableEventBusExport_           
00012100  _coreEnableRamEcc_                    
00012110  _coreDisableRamEcc_                   
00012120  _coreEnableFlashEcc_                  
00012134  _coreDisableFlashEcc_                 
00012144  _coreEnableIrqVicOffset_              
00012154  _coreGetDataFault_                    
0001215c  _coreClearDataFault_                  
00012168  _coreGetInstructionFault_             
00012170  _coreClearInstructionFault_           
0001217c  _coreGetDataFaultAddress_             
00012184  _coreClearDataFaultAddress_           
00012190  _coreGetInstructionFaultAddress_      
00012198  _coreClearInstructionFaultAddress_    
000121a4  _coreGetAuxiliaryDataFault_           
000121ac  _coreClearAuxiliaryDataFault_         
000121b8  _coreGetAuxiliaryInstructionFault_    
000121c0  _coreClearAuxiliaryInstructionFault_  
000121cc  _disable_interrupt_                   
000121d4  _disable_FIQ_interrupt_               
000121dc  _disable_IRQ_interrupt_               
000121e4  _enable_interrupt_                    
000121ec  _esmCcmErrorsClear_                   
00012274  _errata_CORTEXR4_57_                  
00012284  _errata_CORTEXR4_66_                  
00012294  __TI_PINIT_Base                       
00012298  __TI_PINIT_Limit                      
0001229c  vimParityErrorHandler                 
00012568  _c_int00                              
00012a68  mppt_hunts                            
00012abc  mppt_pno                              
00012cc8  vListInitialise                       
00012d20  vListInitialiseItem                   
00012d3c  vListInsertEnd                        
00012db0  vListInsert                           
00012e74  uxListRemove                          
00012f01  __TI_printfi_minimal                  
00013127  _nop                                  
00013128  linHighLevelInterrupt                 
000135b8  xTaskNotifyStateClear                 
00013635  fputs                                 
0001374c  esmHighInterrupt                      
00013880  memoryPort0TestFailNotification       
0001389c  memoryPort1TestFailNotification       
000138b8  canErrorNotification                  
000138cc  canStatusChangeNotification           
000138e0  canMessageNotification                
000138f4  gioNotification                       
00013908  i2cNotification                       
00013930  spiNotification                       
00013944  spiEndNotification                    
00013954  dmaGroupANotification                 
00013969  aligned_alloc                         
00013969  memalign                              
00013a68  can1HighLevelInterrupt                
00013b68  _dabort                               
00013c51  free                                  
00013d35  floor                                 
00013d35  floorl                                
00013e14  _pmuInit_                             
00013e60  _pmuEnableCountersGlobal_             
00013e70  _pmuDisableCountersGlobal_            
00013e80  _pmuResetCycleCounter_                
00013e90  _pmuResetEventCounters_               
00013ea0  _pmuResetCounters_                    
00013eb0  _pmuStartCounters_                    
00013eb8  _pmuStopCounters_                     
00013ec0  _pmuSetCountEvent_                    
00013ecc  _pmuGetCycleCount_                    
00013ed4  _pmuGetEventCount_                    
00013ee0  _pmuGetOverflow_                      
00013ef5  setvbuf                               
00013fd1  __aeabi_memcpy                        
00013fd1  __aeabi_memcpy4                       
00013fd1  __aeabi_memcpy8                       
00013fd1  memcpy                                
0001406d  fputc                                 
0001406d  putc                                  
000140fd  __aeabi_memclr                        
000140fd  __aeabi_memclr4                       
000140fd  __aeabi_memclr8                       
000140ff  __aeabi_memset                        
000140ff  __aeabi_memset4                       
000140ff  __aeabi_memset8                       
00014105  memset                                
00014177  __aeabi_idiv0                         
00014177  __aeabi_ldiv0                         
00014179  __TI_closefile                        
00014261  HOSTrename                            
000142cd  __TI_decompress_lzss                  
00014339  HOSTlseek                             
000143a1  printf                                
00014409  __TI_wrt_ok                           
0001446d  fseek                                 
000144d1  HOSTopen                              
0001452d  HOSTread                              
00014589  HOSTwrite                             
000145e1  close                                 
00014638  __aeabi_idiv                          
00014638  __aeabi_idivmod                       
0001468d  __TI_doflush                          
000146d9  HOSTclose                             
0001471d  HOSTunlink                            
00014761  __TI_auto_init_nobinit_nopinit        
000147a5  exit                                  
000147e9  getdevice                             
0001482d  __TI_writemsg                         
0001485f  C$$IO$$                               
00014869  strncpy                               
000148a1  __TI_cleanup                          
000148d5  __TI_readmsg                          
00014909  finddevice                            
0001493d  remove                                
0001493d  unlink                                
00014991  lseek                                 
000149b9  write                                 
000149e1  memccpy                               
00014a07  memchr                                
00014a45  strcmp                                
00014a5d  strchr                                
00014a73  strlen                                
00014a89  strcpy                                
00014a9d  __TI_decompress_none                  
00014aab  __TI_zero_init                        
00014ab7  malloc                                
00014ac7  C$$EXIT                               
00014ac7  abort                                 
00014acc  phantomInterrupt                      
00014ad0  handlePLLLockFail                     
080008d0  pxCurrentTCB                          
08001000  __start___llvm_prf_cnts               
08001000  __stop___llvm_prf_cnts                
08003000  _sys_memory                           
08003800  __CIOBUF_                             
08003920  __TI_tmpnams                          
08003a38  ina226D                               
08003a8c  mpptD                                 
08003b18  parmbuf                               
08003b20  bcCtrlTask_Handler                    
08003b24  channelCtrlTask_Handler               
08003b28  getHKTask_Handler                     
08003b2c  initTask_Handler                      
08003b30  mpptTask_Handler                      
08003b34  receiveCMDTask_Handler                
08003b38  selfCheckTask_Handler                 
08003b40  _ftable                               
08003c30  _device                               
08003ca8  _stream                               
08003d00  RxTaskCntr                            
08003d04  oResult                               
08003d08  pina226D                              
08003d10  pmpptD                                
08003d24  __TI_ft_end                           
08003d28  __aeabi_stdin                         
08003d2c  __aeabi_stdout                        
08003d30  __aeabi_stderr                        
08003d34  __TI_cleanup_ptr                      
08003d38  __TI_dtors_ptr                        
08003d3c  __TI_enable_exit_profile_output       
08003d40  _lock                                 
08003d44  _unlock                               
08003d50  channelSW                             
08003d58  ulCriticalNesting                     
08003d5c  ulTaskHasFPUContext                   
ffffffff  __TI_pprof_out_hndl                   
ffffffff  __TI_prof_data_size                   
ffffffff  __TI_prof_data_start                  
ffffffff  __binit__                             
ffffffff  __c_args__                            
ffffffff  binit                                 
UNDEFED   SHT$$INIT_ARRAY$$Base                 
UNDEFED   SHT$$INIT_ARRAY$$Limit                
UNDEFED   _system_post_cinit                    

[541 symbols]
